(a) Prop. 4.1: cost of a never-used template tau added to K templates, Dirichlet(1/2) weights
    exact = beta|tau| + log2[ Gamma(K/2) Gamma(n+(K+1)/2) / (Gamma((K+1)/2) Gamma(n+K/2)) ]
    n=   10  exact  15.936   asymptotic formula  15.706   c4 output  15.9
    n=   30  exact  16.583   asymptotic formula  16.498   c4 output  16.6
    n=  100  exact  17.393   asymptotic formula  17.367   c4 output  17.4
    n=  300  exact  18.168   asymptotic formula  18.159   c4 output  18.2
    n= 1000  exact  19.031   asymptotic formula  19.028   c4 output  19.0
    n= 3000  exact  19.821   asymptotic formula  19.820   c4 output  19.8

(b) SDPC margin L(H_root)-L(H_true) from c2_mdl.out, and its slope per doubling of n
    G1: {1000: 770, 4000: 768, 16000: 766, 64000: 764, 256000: 762}   slope -1.00 bits per doubling; extrapolated zero crossing at log2 n = 780
    G2: {1000: 415, 4000: 413, 16000: 411, 64000: 409, 256000: 407}   slope -1.00 bits per doubling; extrapolated zero crossing at log2 n = 425

(c) roots used by the induction data, and the prior of the split templates that H_root lists but never uses
    template sizes |T_f| (symbols): = 27, not 18, and 27, or 27, imp 27, all 22, ex 22;  |T_Ind| = 14
    G1 n=  1000  roots used ['=', 'all', 'and', 'ex', 'imp', 'not', 'or'] unused []                         prior not charged:    0 bits
    G1 n=  4000  roots used ['=', 'all', 'and', 'ex', 'imp', 'not', 'or'] unused []                         prior not charged:    0 bits
    G1 n= 16000  roots used ['=', 'all', 'and', 'ex', 'imp', 'not', 'or'] unused []                         prior not charged:    0 bits
    G1 n= 64000  roots used ['=', 'all', 'and', 'ex', 'imp', 'not', 'or'] unused []                         prior not charged:    0 bits
    G1 n=256000  roots used ['=', 'all', 'and', 'ex', 'imp', 'not', 'or'] unused []                         prior not charged:    0 bits
    G2 n=  1000  roots used ['=', 'and', 'imp', 'not']             unused ['or', 'all', 'ex']        prior not charged:  355 bits;  corrected margins: SDPC +415 -> +770, DPC +1428 -> +1783
    G2 n=  4000  roots used ['=', 'and', 'imp', 'not']             unused ['or', 'all', 'ex']        prior not charged:  355 bits;  corrected margins: SDPC +413 -> +768, DPC +2116 -> +2471
    G2 n= 16000  roots used ['=', 'and', 'imp', 'not']             unused ['or', 'all', 'ex']        prior not charged:  355 bits;  corrected margins: SDPC +411 -> +766, DPC +2822 -> +3177
    G2 n= 64000  roots used ['=', 'and', 'imp', 'not']             unused ['or', 'all', 'ex']        prior not charged:  355 bits;  corrected margins: SDPC +409 -> +764, DPC +3564 -> +3919
    G2 n=256000  roots used ['=', 'and', 'imp', 'not']             unused ['or', 'all', 'ex']        prior not charged:  355 bits;  corrected margins: SDPC +407 -> +762, DPC +4313 -> +4668
    G3 n=  1000  roots used ['=', 'all', 'imp']                    unused ['not', 'and', 'or', 'ex'] prior not charged:  470 bits;  corrected margins: SDPC +300 -> +770, RDPC +946 -> +1416
    G3 n=  4000  roots used ['=', 'all', 'imp']                    unused ['not', 'and', 'or', 'ex'] prior not charged:  470 bits;  corrected margins: SDPC +298 -> +768, RDPC +1326 -> +1796
    G3 n= 16000  roots used ['=', 'all', 'imp']                    unused ['not', 'and', 'or', 'ex'] prior not charged:  470 bits;  corrected margins: SDPC +296 -> +766, RDPC +1760 -> +2230
    G3 n= 64000  roots used ['=', 'all', 'imp']                    unused ['not', 'and', 'or', 'ex'] prior not charged:  470 bits;  corrected margins: SDPC +294 -> +764, RDPC +2189 -> +2659
    G3 n=256000  roots used ['=', 'all', 'imp']                    unused ['not', 'and', 'or', 'ex'] prior not charged:  470 bits;  corrected margins: SDPC +292 -> +762, RDPC +2596 -> +3066
