rho=0.50 s=0.50 b=50 eps=0.00:   n  maxlvl  MAP  P(next unprov)  regret  P(level > max seen)
        10      2     2     1.25e-01      98.1     4.46e-16
       100      7     7     3.91e-03     349.4     7.30e-16
      1000      9     9     9.77e-04     448.6     5.45e-16
     10000     13    13     6.10e-05     649.1     6.55e-16
    100000     16    16     7.63e-06     798.9     6.06e-16
rho=0.50 s=0.50 b=50 eps=0.01:   n  maxlvl  MAP  P(next unprov)  regret  P(level > max seen)
        10      2     0     5.00e-01      20.6     2.14e-39
       100      7     2     1.25e-01     156.1     4.59e-74
      1000      9     6     7.99e-03     335.4     4.42e-50
     10000     13     8     1.90e-03     478.3     2.55e-67
    100000     16    11     2.03e-04     674.0     1.52e-53
rho=0.80 s=0.80 b=50 eps=0.00:   n  maxlvl  MAP  P(next unprov)  regret  P(level > max seen)
        10      8     8     1.34e-01     397.9     6.54e-16
       100     21    21     7.38e-03    1048.9     7.66e-16
      1000     28    28     1.55e-03    1397.8     6.51e-16
     10000     43    43     5.44e-05    2149.2     7.97e-16
    100000     52    52     7.31e-06    2598.9     7.67e-16
rho=0.50 s=0.30 b=50 eps=0.00:   n  maxlvl  MAP  P(next unprov)  regret  P(level > max seen)
        10      2     2     1.25e-01      99.9     7.33e-16
       100      7     7     3.91e-03     377.4     8.84e-16
      1000      9     9     9.77e-04     747.2     8.85e-16
     10000     13    13     6.10e-05    3169.8     8.88e-16
    100000     16    16     7.63e-06   26373.2     8.88e-16
