candidate  n     notes.md   c4_bdtrc.out   difference
root        10      776.4        776.4          0.0
root        30      773.6        773.6          0.0
root       100      772.7        772.7          0.0
root      1000      769.9        769.9          0.0
root      3000      768.3        768.3          0.0
spare       10       15.9         15.9          0.0
spare       30       16.6         16.6          0.0
spare      100       17.4         17.4          0.0
spare     1000       19.0         19.0          0.0
spare     3000       19.8         19.8          0.0
mem         10     1792.0       1792.3          0.3
mem         30     5393.0       5392.7         -0.3
mem        100    15901.0      15901.1          0.1
mem       1000   133905.0     133845.4        -59.6   <-- MISMATCH
mem       3000   399840.0     399693.6       -146.4   <-- MISMATCH
over        10      550.0        549.5         -0.5
over        30     1501.0       1500.6         -0.4
over       100     3833.0       3832.5         -0.5
over      1000    27257.0      27876.8        619.8   <-- MISMATCH
over      3000    82196.0      82717.0        521.0   <-- MISMATCH
lumpQ       10     -174.7       -174.7          0.0
lumpQ       30      -42.0        -42.0          0.0
lumpQ      100      319.0        319.3          0.3
lumpQ     1000     6440.0       3205.5      -3234.5   <-- MISMATCH
lumpQ     3000    19412.0       8929.8     -10482.2   <-- MISMATCH
bare        10      584.0        584.0          0.0
bare        30     2149.0       2148.6         -0.4
bare       100     6068.0       6067.9         -0.1
bare      1000    46311.0      46251.0        -60.0   <-- MISMATCH
bare      3000   137534.0     137387.5       -146.5   <-- MISMATCH
8 of 30 table entries do not match the saved output
