r3_enum_parse_derive  (seed 2718)
Part A: completion time / cumulative output length for the axiom of sentence s = 2^j
         s  generic dovetail  specialised
         1              1.76        1.216
        16              2.18        1.188
       256             44.15        1.153
      4096           4584.44        1.128
     32768         180859.10        1.114
    262144        7676042.35        1.102
  generic ratio grows (7676042.3 at s = 2^18); specialised ratio stays <= 1.216: confirmed
  => the same set A^C_f has an enumerator meeting the cumulative form; only the generic wrapper fails.
Part B: #axioms of A^C_f with length <= L, against C L^p (strict form needs count <= C L^p)
  C = 1e+03, p = 3: count exceeds C L^p at L = 2504 (count 3.518e+13 > 1.570e+13): True
  C = 1e+06, p = 4: count exceeds C L^p at L = 5912 (count 4.722e+21 > 1.222e+21): True
  C = 1e+09, p = 6: count exceeds C L^p at L = 13947 (count 1.038e+34 > 7.360e+33): True
  => no enumerator of A^C_f meets the strict form for these (C, p): True
Part C: unique parsing of psi & theta_c in primitive Polish syntax on 4000 random cases: True; |theta_c| <= 10|c| + 11 (max (|theta_c| - 11)/|c| = 10.0)
Part D: K-derivation of (P & Q) > P built and checked: 287 lines, total size 14406 with atomic P, Q
  instantiated with 60 random (B, C) (C up to |theta_c| for |c| <= 120): every instance checks: True
  derivation size = 3725|B| + 1559|C| + const exactly (occurrences of P and Q in the scheme); observed max size/(|B|+|C|) = 4257.9
verdict: all checks pass
