PA-mix 0 min_calls 98 min_truncated 0 final clusters truncated 0
PA-mix 1 min_calls 97 min_truncated 0 final clusters truncated 0
PA-mix 2 min_calls 95 min_truncated 0 final clusters truncated 0
PA-mix 3 min_calls 94 min_truncated 0 final clusters truncated 0
PA-mix 4 min_calls 93 min_truncated 0 final clusters truncated 0
ZF-mix 0 min_calls 64 min_truncated 0 final clusters truncated 0
ZF-mix 1 min_calls 64 min_truncated 0 final clusters truncated 0
ZF-mix 2 min_calls 62 min_truncated 0 final clusters truncated 0
PA-mist 0 min_calls 248 min_truncated 0 final clusters truncated 0
PA-mist 1 min_calls 266 min_truncated 0 final clusters truncated 0
PA-mist 2 min_calls 251 min_truncated 0 final clusters truncated 0
PA-mist 3 min_calls 225 min_truncated 0 final clusters truncated 0
PA-mist 4 min_calls 223 min_truncated 0 final clusters truncated 0
ZF-mist 0 min_calls 92 min_truncated 0 final clusters truncated 0
ZF-mist 1 min_calls 99 min_truncated 0 final clusters truncated 0
ZF-mist 2 min_calls 86 min_truncated 0 final clusters truncated 0
PA-near 0 min_calls 91 min_truncated 0 final clusters truncated 0
PA-near 1 min_calls 83 min_truncated 0 final clusters truncated 0
PA-near 2 min_calls 74 min_truncated 0 final clusters truncated 0
PA-near 3 min_calls 76 min_truncated 0 final clusters truncated 0
PA-near 4 min_calls 80 min_truncated 0 final clusters truncated 0
ZF-near 0 min_calls 49 min_truncated 0 final clusters truncated 0
ZF-near 1 min_calls 46 min_truncated 0 final clusters truncated 0
ZF-near 2 min_calls 47 min_truncated 0 final clusters truncated 0
