== PA-mix targets merges->min templates: 2190 distinct: 12
    1240  ?P0
     720  Ax.?P0(x)
     120  Ax.Ay.?P0(y,x)
      77  ?f0=?f1
      18  ?f0+?f1=?f2
       5  ?f0+?f1=S?f2
       3  ?f0=0
       2  ?f0+?f1=SSSS?f2
       2  ?f0+?f1=SS?f2
       1  ?f0+?f1=SSSS0
       1  ?f0+?f1=SSSSS?f2
       1  ?f0+?f1=w0
== ZF-mix targets merges->min templates: 540 distinct: 5
     240  Ax.?P0(x)
     225  ?P0
      45  Ax.Ey.Az.z in y <-> ?P0(z,x)
      15  Ax.Ay.?P0(y,x)
      15  Ax.?P0(x) -> (Ey.?P1(y,x))
== PA near-miss targets merges->min templates: 1052 distinct: 42
     600  ?P0
     129  ?f0=?f1
     123  ?f0+?f1=?f2
      75  ?P0 -> ?P1
      31  (?P0 & ?P1) -> (Ax.?P2(x))
      15  ?f0+?f1=S?f2
      12  ?f0=S?f1
       6  ?f0=SSS?f1
       6  ?f0+S?f1=SS?f2
       5  ?f0=SS?f1
       5  (?P0 & ?P1) -> ?P2
       4  S?f0+?f1=S?f2
== ZF near-miss targets merges->min templates: 223 distinct: 5
     120  ?P0
      60  Ax.?P0(x)
      15  Ax.?P0(x) -> (Ey.?P1(y,x))
      15  ?P0 -> ?P1
      13  Ax.Ey.Az.z in y <-> (?P0(z,x) & ?P1(z,x))
