x=x    | ~x=0    mincov=1  bruteforce DT covering (size<=20)=26  not above a mincov template: 0  (2.5s)
      min: ((F0(0) ∧ ∀x.(F0(x) → F0(Sx))) → ∀x.F0(x))  size 14
x=x    | x+0=x   mincov=1  bruteforce DT covering (size<=20)=437  not above a mincov template: 0  (8.4s)
      min: ((t0(0)=0 ∧ ∀x.(t0(x)=x → t0(Sx)=Sx)) → ∀x.t0(x)=x)  size 23
x=x    | 0=x     mincov=4  bruteforce DT covering (size<=20)=860  not above a mincov template: 0  (9.3s)
      min: ((0=0 ∧ ∀x.(t0(x)=x → t0(Sx)=Sx)) → ∀x.t0(x)=x)  size 22
      min: ((t0(0)=0 ∧ ∀x.(t0(x)=x → t0(Sx)=Sx)) → ∀x.t0(x)=x)  size 23
      min: ((t0(0)=t0(0) ∧ ∀x.(t0(x)=x → t0(Sx)=Sx)) → ∀x.t0(x)=x)  size 24
      min: ((0=t0(0) ∧ ∀x.(t0(x)=x → t0(Sx)=Sx)) → ∀x.t0(x)=x)  size 23
x=0    | Sx=0    mincov=2  bruteforce DT covering (size<=20)=2101  not above a mincov template: 0  (13.6s)
      min: ((t0(0)=0 ∧ ∀x.(t0(x)=0 → St0(x)=0)) → ∀x.t0(x)=0)  size 22
      min: ((t0(0)=0 ∧ ∀x.(t0(x)=0 → t0(Sx)=0)) → ∀x.t0(x)=0)  size 22
0+x=x  | x+0=x   mincov=27  bruteforce DT covering (size<=20)=1777  not above a mincov template: 0  (25.3s)
      min: (((0+0)=0 ∧ ∀x.((t0(x)+t1(x))=x → (t0(Sx)+t1(Sx))=Sx)) → ∀x.(t0(x)+t1(x))=x)  size 34
      min: (((t0(0)+0)=0 ∧ ∀x.((t0(x)+t1(x))=x → (t0(Sx)+t1(Sx))=Sx)) → ∀x.(t0(x)+t1(x))=x)  size 35
      min: (((t0(0)+0)=0 ∧ ∀x.((t1(x)+t0(x))=x → (t1(Sx)+t0(Sx))=Sx)) → ∀x.(t1(x)+t0(x))=x)  size 35
      min: (((t0(0)+t0(0))=0 ∧ ∀x.((t0(x)+t1(x))=x → (t0(Sx)+t1(Sx))=Sx)) → ∀x.(t0(x)+t1(x))=x)  size 36
      min: (((t0(0)+t1(0))=0 ∧ ∀x.((t0(x)+t1(x))=x → (t0(Sx)+t1(Sx))=Sx)) → ∀x.(t0(x)+t1(x))=x)  size 36
      min: (((t0(0)+t1(0))=0 ∧ ∀x.((t1(x)+t0(x))=x → (t1(Sx)+t0(Sx))=Sx)) → ∀x.(t1(x)+t0(x))=x)  size 36
      min: (((t0(0)+t0(0))=0 ∧ ∀x.((t1(x)+t0(x))=x → (t1(Sx)+t0(Sx))=Sx)) → ∀x.(t1(x)+t0(x))=x)  size 36
      min: (((t0(0)+t0(0))=t0(0) ∧ ∀x.((t0(x)+t1(x))=x → (t0(Sx)+t1(Sx))=Sx)) → ∀x.(t0(x)+t1(x))=x)  size 37
      min: (((t0(0)+t0(0))=t1(0) ∧ ∀x.((t0(x)+t1(x))=x → (t0(Sx)+t1(Sx))=Sx)) → ∀x.(t0(x)+t1(x))=x)  size 37
      min: (((t0(0)+t1(0))=t0(0) ∧ ∀x.((t0(x)+t1(x))=x → (t0(Sx)+t1(Sx))=Sx)) → ∀x.(t0(x)+t1(x))=x)  size 37
      min: (((t0(0)+t1(0))=t1(0) ∧ ∀x.((t0(x)+t1(x))=x → (t0(Sx)+t1(Sx))=Sx)) → ∀x.(t0(x)+t1(x))=x)  size 37
      min: (((t0(0)+t1(0))=t1(0) ∧ ∀x.((t1(x)+t0(x))=x → (t1(Sx)+t0(Sx))=Sx)) → ∀x.(t1(x)+t0(x))=x)  size 37
      min: (((t0(0)+t1(0))=t0(0) ∧ ∀x.((t1(x)+t0(x))=x → (t1(Sx)+t0(Sx))=Sx)) → ∀x.(t1(x)+t0(x))=x)  size 37
      min: (((t0(0)+t0(0))=t1(0) ∧ ∀x.((t1(x)+t0(x))=x → (t1(Sx)+t0(Sx))=Sx)) → ∀x.(t1(x)+t0(x))=x)  size 37
      min: (((t0(0)+t0(0))=t0(0) ∧ ∀x.((t1(x)+t0(x))=x → (t1(Sx)+t0(Sx))=Sx)) → ∀x.(t1(x)+t0(x))=x)  size 37
      min: (((t0(0)+0)=t0(0) ∧ ∀x.((t0(x)+t1(x))=x → (t0(Sx)+t1(Sx))=Sx)) → ∀x.(t0(x)+t1(x))=x)  size 36
      min: (((t0(0)+0)=t1(0) ∧ ∀x.((t0(x)+t1(x))=x → (t0(Sx)+t1(Sx))=Sx)) → ∀x.(t0(x)+t1(x))=x)  size 36
      min: (((t0(0)+0)=t1(0) ∧ ∀x.((t1(x)+t0(x))=x → (t1(Sx)+t0(Sx))=Sx)) → ∀x.(t1(x)+t0(x))=x)  size 36
      min: (((t0(0)+0)=t0(0) ∧ ∀x.((t1(x)+t0(x))=x → (t1(Sx)+t0(Sx))=Sx)) → ∀x.(t1(x)+t0(x))=x)  size 36
      min: (((0+t0(0))=0 ∧ ∀x.((t0(x)+t1(x))=x → (t0(Sx)+t1(Sx))=Sx)) → ∀x.(t0(x)+t1(x))=x)  size 35
      min: (((0+t0(0))=0 ∧ ∀x.((t1(x)+t0(x))=x → (t1(Sx)+t0(Sx))=Sx)) → ∀x.(t1(x)+t0(x))=x)  size 35
      min: (((0+t0(0))=t0(0) ∧ ∀x.((t0(x)+t1(x))=x → (t0(Sx)+t1(Sx))=Sx)) → ∀x.(t0(x)+t1(x))=x)  size 36
      min: (((0+t0(0))=t1(0) ∧ ∀x.((t0(x)+t1(x))=x → (t0(Sx)+t1(Sx))=Sx)) → ∀x.(t0(x)+t1(x))=x)  size 36
      min: (((0+t0(0))=t1(0) ∧ ∀x.((t1(x)+t0(x))=x → (t1(Sx)+t0(Sx))=Sx)) → ∀x.(t1(x)+t0(x))=x)  size 36
      min: (((0+t0(0))=t0(0) ∧ ∀x.((t1(x)+t0(x))=x → (t1(Sx)+t0(Sx))=Sx)) → ∀x.(t1(x)+t0(x))=x)  size 36
      min: (((0+0)=t0(0) ∧ ∀x.((t0(x)+t1(x))=x → (t0(Sx)+t1(Sx))=Sx)) → ∀x.(t0(x)+t1(x))=x)  size 35
      min: (((0+0)=t0(0) ∧ ∀x.((t1(x)+t0(x))=x → (t1(Sx)+t0(Sx))=Sx)) → ∀x.(t1(x)+t0(x))=x)  size 35
x=x    | Sx=S0   mincov=16  bruteforce DT covering (size<=20)=316  not above a mincov template: 0  (7.1s)
      min: ((t0(0)=t0(0) ∧ ∀x.(t0(x)=t1(x) → St0(x)=St2(x))) → ∀x.t0(x)=t1(x))  size 27
      min: ((t0(0)=t1(0) ∧ ∀x.(t0(x)=t1(x) → St0(x)=St2(x))) → ∀x.t0(x)=t1(x))  size 27
      min: ((t0(0)=t1(0) ∧ ∀x.(t1(x)=t0(x) → St1(x)=St2(x))) → ∀x.t1(x)=t0(x))  size 27
      min: ((t0(0)=t0(0) ∧ ∀x.(t1(x)=t0(x) → St1(x)=St2(x))) → ∀x.t1(x)=t0(x))  size 27
      min: ((t0(0)=t0(0) ∧ ∀x.(t0(x)=t1(x) → t0(Sx)=St2(x))) → ∀x.t0(x)=t1(x))  size 27
      min: ((t0(0)=t1(0) ∧ ∀x.(t0(x)=t1(x) → t0(Sx)=St2(x))) → ∀x.t0(x)=t1(x))  size 27
      min: ((t0(0)=t1(0) ∧ ∀x.(t1(x)=t0(x) → t1(Sx)=St2(x))) → ∀x.t1(x)=t0(x))  size 27
      min: ((t0(0)=t0(0) ∧ ∀x.(t1(x)=t0(x) → t1(Sx)=St2(x))) → ∀x.t1(x)=t0(x))  size 27
      min: ((t0(0)=t0(0) ∧ ∀x.(t0(x)=t1(x) → t0(Sx)=t1(Sx))) → ∀x.t0(x)=t1(x))  size 27
      min: ((t0(0)=t1(0) ∧ ∀x.(t0(x)=t1(x) → t0(Sx)=t1(Sx))) → ∀x.t0(x)=t1(x))  size 27
      min: ((t0(0)=t1(0) ∧ ∀x.(t1(x)=t0(x) → t1(Sx)=t0(Sx))) → ∀x.t1(x)=t0(x))  size 27
      min: ((t0(0)=t0(0) ∧ ∀x.(t1(x)=t0(x) → t1(Sx)=t0(Sx))) → ∀x.t1(x)=t0(x))  size 27
      min: ((t0(0)=t0(0) ∧ ∀x.(t0(x)=t1(x) → St0(x)=t1(Sx))) → ∀x.t0(x)=t1(x))  size 27
      min: ((t0(0)=t1(0) ∧ ∀x.(t0(x)=t1(x) → St0(x)=t1(Sx))) → ∀x.t0(x)=t1(x))  size 27
      min: ((t0(0)=t1(0) ∧ ∀x.(t1(x)=t0(x) → St1(x)=t0(Sx))) → ∀x.t1(x)=t0(x))  size 27
      min: ((t0(0)=t0(0) ∧ ∀x.(t1(x)=t0(x) → St1(x)=t0(Sx))) → ∀x.t1(x)=t0(x))  size 27
~x=0   | ~Sx=0   mincov=2  bruteforce DT covering (size<=20)=1308  not above a mincov template: 0  (28.3s)
      min: ((¬t0(0)=0 ∧ ∀x.(¬t0(x)=0 → ¬St0(x)=0)) → ∀x.¬t0(x)=0)  size 26
      min: ((¬t0(0)=0 ∧ ∀x.(¬t0(x)=0 → ¬t0(Sx)=0)) → ∀x.¬t0(x)=0)  size 26
0=0    | ~0=S0   mincov=1  bruteforce DT covering (size<=20)=428  not above a mincov template: 0  (28.6s)
      min: ((F0 ∧ ∀x.(F0 → F0)) → ∀x.F0)  size 9
TOTAL counterexamples to completeness: 0
