# E5: examples to exactness (DTRC vs tagged)

Command: `python3 experiments/e5_curves.py`; seeds [0, 1, 2, 3, 4]; grid N = [5, 10, 20, 30, 50, 80, 120].

## PA (mean number of exact targets out of 11)

| learner | N=5 | N=10 | N=20 | N=30 | N=50 | N=80 | N=120 |
|---|---|---|---|---|---|---|---|
| dtrc | 2.0 | 3.4 | 5.2 | 6.2 | 8.4 | 10.0 | 10.8 |
| tagged_ref | 2.0 | 3.2 | 5.2 | 6.2 | 8.6 | 10.0 | 11.0 |
| tagged | 2.0 | 3.2 | 5.2 | 6.2 | 8.6 | 10.0 | 11.0 |
| time DTRC (s) | 0.1 | 0.1 | 0.2 | 0.2 | 0.5 | 0.9 | 1.3 |
| oracle calls DTRC | 40 | 61 | 176 | 218 | 348 | 566 | 611 |

First grid N from which the target stays exact (per seed):

| target | DTRC | tagged + refutation | tagged |
|---|---|---|---|
| Q1 | 50,50,80,30,5 | 50,50,80,30,5 | 50,50,80,30,5 |
| Q2 | 50,50,80,50,30 | 50,50,80,50,30 | 50,50,80,50,30 |
| Q3 | 80,50,30,5,50 | 80,50,30,5,50 | 80,50,30,5,50 |
| Q4 | 20,120,20,20,120 | 20,120,20,20,120 | 20,120,20,20,120 |
| Q5 | 80,20,20,120,50 | 80,20,20,120,50 | 80,20,20,120,50 |
| Q6 | 120,10,50,120,20 | 120,10,50,120,20 | 120,10,50,120,20 |
| Q7 | 5,20,80,5,10 | 5,20,80,5,10 | 5,20,80,5,10 |
| Ind | 10,10,5,10,5 | 10,10,5,10,5 | 10,10,5,10,5 |
| U_add0 | 20,80,30,30,50 | 5,30,20,30,20 | 5,30,20,30,20 |
| U_mul0 | 5,5,50,5,50 | 5,5,50,5,50 | 5,5,50,5,50 |
| U_0add | 10,>120,80,20,80 | 50,80,80,20,10 | 50,80,80,20,10 |

## ZF (mean number of exact targets out of 9)

| learner | N=5 | N=10 | N=20 | N=30 | N=50 | N=80 | N=120 |
|---|---|---|---|---|---|---|---|
| dtrc | 1.8 | 3.6 | 5.2 | 6.8 | 7.8 | 9.0 | 9.0 |
| tagged_ref | 1.8 | 3.6 | 5.2 | 6.8 | 7.8 | 9.0 | 9.0 |
| tagged | 1.8 | 3.6 | 5.2 | 6.8 | 7.8 | 9.0 | 9.0 |
| time DTRC (s) | 1.0 | 1.3 | 2.7 | 3.7 | 10.5 | 17.3 | 14.9 |
| oracle calls DTRC | 80 | 86 | 216 | 302 | 674 | 1112 | 1071 |

First grid N from which the target stays exact (per seed):

| target | DTRC | tagged + refutation | tagged |
|---|---|---|---|
| Ext | 10,20,30,50,80 | 10,20,30,50,80 | 10,20,30,50,80 |
| Pair | 20,10,80,10,80 | 20,10,80,10,80 | 20,10,80,10,80 |
| Union | 30,30,50,50,10 | 30,30,50,50,10 | 30,30,50,50,10 |
| Power | 30,10,20,5,30 | 30,10,20,5,30 | 30,10,20,5,30 |
| Inf | 50,30,30,50,10 | 50,30,30,50,10 | 50,30,30,50,10 |
| Found | 30,80,80,20,80 | 30,80,80,20,80 | 30,80,80,20,80 |
| Sep | 5,5,10,20,5 | 5,5,10,20,5 | 5,5,10,20,5 |
| Rep | 10,20,10,5,5 | 10,20,10,5,5 | 10,20,10,5,5 |
| EInd | 5,5,5,20,20 | 5,5,5,20,20 | 5,5,5,20,20 |

Wall time: 275.2s

