AC = ((∀x.(x∈a1 → ∃y.y∈x) ∧ ∀x.∀y.(((x∈a1 ∧ y∈a1) ∧ ¬x=y) → ¬∃z.(z∈x ∧ z∈y))) → ∃x.∀y.(y∈a1 → ∃z.((z∈y ∧ z∈x) ∧ ∀u.((u∈y ∧ u∈x) → u=z))))
AC refuted by the oracle (must not be, AC is true in V): None

== (a) cross merges AC - ZF targets ==
AC-Ext0   #min=1  (F0 → F1)                                        REFUTED: (q1=q1 → ¬q1=q1) [HF-counterexample]
AC-Pair0  #min=1  F0                                               REFUTED: (q1=q1 → ¬q1=q1) [cached:HF-counterexample]
AC-Union0 #min=1  F0                                               REFUTED: (q1=q1 → ¬q1=q1) [cached:HF-counterexample]
AC-Power0 #min=1  F0                                               REFUTED: (q1=q1 → ¬q1=q1) [cached:HF-counterexample]
AC-Inf0   #min=1  F0                                               REFUTED: (q1=q1 → ¬q1=q1) [cached:HF-counterexample]
AC-Found0 #min=1  (F0 → ∃x.F1(x))                                  REFUTED: (q1=q1 → ∃x.¬q1=q1) [logic]
AC-Sep0   #min=1  F0                                               REFUTED: (q1=q1 → ¬q1=q1) [cached:HF-counterexample]
AC-Sep1   #min=1  F0                                               REFUTED: (q1=q1 → ¬q1=q1) [cached:HF-counterexample]
AC-Rep0   #min=1  (F0 → ∃x.∀y.F1(y,x))                             REFUTED: (q1=q1 → ∃x.∀y.¬q1=q1) [logic]
AC-Rep1   #min=1  (F0 → ∃x.∀y.F1(y,x))                             REFUTED: (q1=q1 → ∃x.∀y.¬q1=q1) [logic]
AC-EInd0  #min=1  (F0 → F1)                                        REFUTED: (q1=q1 → ¬q1=q1) [HF-counterexample]
AC-EInd1  #min=1  (F0 → F1)                                        REFUTED: (q1=q1 → ¬q1=q1) [HF-counterexample]
all AC cross templates refuted: True

== (b) DTRC on unlabelled ZFC data ==
seed 1: n=50 distinct=40 clusters=10 pure=True passes=1 |N|=9 tests=182 time=3s
   clusters: ['AC', 'EInd', 'Ext', 'Found', 'Inf', 'Pair', 'Power', 'Rep', 'Sep', 'Union']
   schema clusters (name, size, exact): [('Rep', 11, True), ('Sep', 10, True), ('EInd', 12, True)]
   RS on D: 614 cross pairs, 614 minimal templates, unrefuted 0; re-audit inconsistent: 0
   accepts AC: True
seed 2: n=50 distinct=27 clusters=10 pure=True passes=1 |N|=12 tests=179 time=4s
   clusters: ['AC', 'EInd', 'Ext', 'Found', 'Inf', 'Pair', 'Power', 'Rep', 'Sep', 'Union']
   schema clusters (name, size, exact): [('Sep', 7, True), ('Rep', 7, True), ('EInd', 6, True)]
   RS on D: 294 cross pairs, 297 minimal templates, unrefuted 0; re-audit inconsistent: 0
   accepts AC: True
seed 3: n=50 distinct=33 clusters=10 pure=True passes=1 |N|=11 tests=161 time=3s
   clusters: ['AC', 'EInd', 'Ext', 'Found', 'Inf', 'Pair', 'Power', 'Rep', 'Sep', 'Union']
   schema clusters (name, size, exact): [('EInd', 8, True), ('Rep', 9, True), ('Sep', 9, True)]
   RS on D: 428 cross pairs, 431 minimal templates, unrefuted 0; re-audit inconsistent: 0
   accepts AC: True
held-out Sep instances accepted (last learner): 60/60
held-out Rep instances accepted (last learner): 60/60
held-out EInd instances accepted (last learner): 60/60
