== (a) Q1..Q7 + Ind: minimal covering templates of cross pairs and refutations ==
Q1  Q2    F0                                                       REFUTED by 0=S0  [D0+forallE {}]
Q1  Q3    F0                                                       REFUTED by 0=S0  [D0+forallE {}]
Q1  Q4    F0                                                       REFUTED by 0=S0  [D0+forallE {}]
Q1  Q5    F0                                                       REFUTED by 0=S0  [D0+forallE {}]
Q1  Q6    F0                                                       REFUTED by 0=S0  [D0+forallE {}]
Q1  Q7    F0                                                       REFUTED by 0=S0  [D0+forallE {}]
Q1  Ind   F0                                                       REFUTED by 0=S0  [D0+forallE {}]
Q2  Q3    F0                                                       REFUTED by 0=S0  [D0+forallE {}]
Q2  Q4    F0                                                       REFUTED by 0=S0  [D0+forallE {}]
Q2  Q5    F0                                                       REFUTED by 0=S0  [D0+forallE {}]
Q2  Q6    F0                                                       REFUTED by 0=S0  [D0+forallE {}]
Q2  Q7    (F0 → F1)                                                REFUTED by (0=0 → 0=S0)  [D0+forallE {}]
Q2  Ind   (F0 → F1)                                                REFUTED by (0=0 → 0=S0)  [D0+forallE {}]
Q3  Q4    (a1+t0)=t1                                               REFUTED by (a1+0)=0  [D0+forallE {'a1': 1}]
Q3  Q5    t0=t1                                                    REFUTED by 0=S0  [cached:D0+forallE {}]
Q3  Q6    t0=t1                                                    REFUTED by 0=S0  [cached:D0+forallE {}]
Q3  Q7    F0                                                       REFUTED by 0=S0  [D0+forallE {}]
Q3  Ind   F0                                                       REFUTED by 0=S0  [D0+forallE {}]
Q4  Q5    t0=t1                                                    REFUTED by 0=S0  [cached:D0+forallE {}]
Q4  Q6    t0=t1                                                    REFUTED by 0=S0  [cached:D0+forallE {}]
Q4  Q7    F0                                                       REFUTED by 0=S0  [D0+forallE {}]
Q4  Ind   F0                                                       REFUTED by 0=S0  [D0+forallE {}]
Q5  Q6    (a1*t0)=t1                                               REFUTED by (a1*0)=S0  [D0+forallE {'a1': 0}]
Q5  Q7    F0                                                       REFUTED by 0=S0  [D0+forallE {}]
Q5  Ind   F0                                                       REFUTED by 0=S0  [D0+forallE {}]
Q6  Q7    F0                                                       REFUTED by 0=S0  [D0+forallE {}]
Q6  Ind   F0                                                       REFUTED by 0=S0  [D0+forallE {}]
Q7  Ind   (F0 → F1)                                                REFUTED by (0=0 → 0=S0)  [D0+forallE {}]
every minimal covering template of every tested cross pair refuted: True

== (a2) absorption: does every min covering template of {Qi, Ind(phi)} contain T_ind? ==
Q1 True
Q2 True
Q3 True
Q4 True
Q5 True
Q6 True
Q7 True

== (b) instance schemas Q1s..Q7s (closed-term instances): cross pairs ==
Q1s  Q2s   pairs tested=4 templates refuted=4/4
Q1s  Q3s   pairs tested=4 templates refuted=4/4
Q1s  Q4s   pairs tested=4 templates refuted=4/4
Q1s  Q5s   pairs tested=4 templates refuted=4/4
Q1s  Q6s   pairs tested=4 templates refuted=4/4
Q1s  Q7s   pairs tested=4 templates refuted=4/4
Q2s  Q3s   pairs tested=4 templates refuted=4/4
Q2s  Q4s   pairs tested=4 templates refuted=4/4
Q2s  Q5s   pairs tested=4 templates refuted=4/4
Q2s  Q6s   pairs tested=4 templates refuted=4/4
Q2s  Q7s   pairs tested=4 templates refuted=4/4
Q3s  Q4s   pairs tested=4 templates refuted=4/4
Q3s  Q5s   pairs tested=4 templates refuted=4/4
Q3s  Q6s   pairs tested=4 templates refuted=4/4
Q3s  Q7s   pairs tested=4 templates refuted=4/4
Q4s  Q5s   pairs tested=4 templates refuted=4/4
Q4s  Q6s   pairs tested=4 templates refuted=4/4
Q4s  Q7s   pairs tested=4 templates refuted=4/4
Q5s  Q6s   pairs tested=4 templates refuted=4/4
Q5s  Q7s   pairs tested=4 templates refuted=4/4
Q6s  Q7s   pairs tested=4 templates refuted=4/4
all refuted: True

== (b2) within-target merges of instance-schema data: minimal templates and whether they are below the schema ==
Q1s ['¬St0=0']  some <= target: True  all >= target: True  refuted: [False]
Q2s ['(SSt0=St1 → St0=t1)']  some <= target: True  all >= target: False  refuted: [False]
Q3s ['(t0+0)=t0']  some <= target: True  all >= target: True  refuted: [False]
Q4s ['(t0+St1)=S((t0+t1))']  some <= target: True  all >= target: True  refuted: [False]
Q5s ['(t0*0)=0']  some <= target: True  all >= target: True  refuted: [False]
Q6s ['(t0*St1)=((t0*t1)+t0)']  some <= target: True  all >= target: True  refuted: [False]
Q7s ['(¬t0=0 → ∃x.t0=Sx)']  some <= target: True  all >= target: True  refuted: [False]
