seed 1: n=40 distinct=28 clusters=7  pure=True  coherence tests=63  refutation searches=11  time=0.1s
   v2: passes to audit fixpoint=1  |N_final|=4  |Min(X)| per test: max=1 mean=1.00 (=1 in 63/63 tests)
   v2: RS on D for the implemented oracle: 147 cross pairs, 147 minimal templates, unrefuted: 0; re-audit after the check: 0 inconsistent decisions; |N| now 4
   cluster Ind  size= 22  unrefuted minimal templates=1  exact(all >= T_ind)=True  some <= T_ind=True
         ((F0(0) ∧ ∀x.(F0(x) → F0(Sx))) → ∀x.F0(x))
   cluster Q4   size=  1  templates=['(a1+Sa2)=S((a1+a2))']
   cluster Q6   size=  1  templates=['(a1*Sa2)=((a1*a2)+a1)']
   cluster Q1   size=  1  templates=['¬Sa1=0']
   cluster Q2   size=  1  templates=['(Sa1=Sa2 → a1=a2)']
   cluster Q5   size=  1  templates=['(a1*0)=0']
   cluster Q3   size=  1  templates=['(a1+0)=a1']
seed 2: n=40 distinct=37 clusters=7  pure=True  coherence tests=102  refutation searches=10  time=0.1s
   v2: passes to audit fixpoint=1  |N_final|=3  |Min(X)| per test: max=1 mean=1.00 (=1 in 102/102 tests)
   v2: RS on D for the implemented oracle: 201 cross pairs, 201 minimal templates, unrefuted: 0; re-audit after the check: 0 inconsistent decisions; |N| now 3
   cluster Q2   size=  1  templates=['(Sa1=Sa2 → a1=a2)']
   cluster Ind  size= 31  unrefuted minimal templates=1  exact(all >= T_ind)=True  some <= T_ind=True
         ((F0(0) ∧ ∀x.(F0(x) → F0(Sx))) → ∀x.F0(x))
   cluster Q6   size=  1  templates=['(a1*Sa2)=((a1*a2)+a1)']
   cluster Q4   size=  1  templates=['(a1+Sa2)=S((a1+a2))']
   cluster Q1   size=  1  templates=['¬Sa1=0']
   cluster Q7   size=  1  templates=['(¬a1=0 → ∃x.a1=Sx)']
   cluster Q5   size=  1  templates=['(a1*0)=0']
seed 3: n=40 distinct=29 clusters=8  pure=True  coherence tests=98  refutation searches=12  time=0.1s
   v2: passes to audit fixpoint=1  |N_final|=4  |Min(X)| per test: max=1 mean=1.00 (=1 in 98/98 tests)
   v2: RS on D for the implemented oracle: 175 cross pairs, 175 minimal templates, unrefuted: 0; re-audit after the check: 0 inconsistent decisions; |N| now 4
   cluster Q6   size=  1  templates=['(a1*Sa2)=((a1*a2)+a1)']
   cluster Ind  size= 22  unrefuted minimal templates=1  exact(all >= T_ind)=True  some <= T_ind=True
         ((F0(0) ∧ ∀x.(F0(x) → F0(Sx))) → ∀x.F0(x))
   cluster Q7   size=  1  templates=['(¬a1=0 → ∃x.a1=Sx)']
   cluster Q2   size=  1  templates=['(Sa1=Sa2 → a1=a2)']
   cluster Q1   size=  1  templates=['¬Sa1=0']
   cluster Q3   size=  1  templates=['(a1+0)=a1']
   cluster Q5   size=  1  templates=['(a1*0)=0']
   cluster Q4   size=  1  templates=['(a1+Sa2)=S((a1+a2))']
held-out genuine induction instances accepted: 200/200
near-miss non-instances accepted: 13/104
near misses that are genuine induction instances (vacuous motives): 13
accepted near misses that are NOT genuine: 0
