Ext   Pair  #min=1  F0                                                  REFUTED: ¬q1=q1 [HF-counterexample]
Ext   Union #min=1  F0                                                  REFUTED: ¬q1=q1 [HF-counterexample]
Ext   Power #min=1  F0                                                  REFUTED: ¬q1=q1 [HF-counterexample]
Ext   Inf   #min=1  F0                                                  REFUTED: ¬q1=q1 [HF-counterexample]
Ext   Found #min=1  (F0 → F1)                                           REFUTED: (q1=q1 → ¬q1=q1) [HF-counterexample]
Ext   Sep   #min=1  F0                                                  REFUTED: ¬q1=q1 [HF-counterexample]
Ext   Rep   #min=1  (∀x.F0(x) → F1)                                     REFUTED: (∀x.q1=q1 → ¬q1=q1) [logic]
Ext   EInd  #min=1  (∀x.F0(x) → F1)                                     REFUTED: (∀x.q1=q1 → ¬q1=q1) [logic]
Pair  Union #min=1  ∃x.F0(x)                                            REFUTED: ∃x.¬q1=q1 [logic]
Pair  Power #min=1  ∃x.F0(x)                                            REFUTED: ∃x.¬q1=q1 [logic]
Pair  Inf   #min=1  ∃x.(F0(x) ∧ F1(x))                                  REFUTED: ∃x.(q1=q1 ∧ ¬q1=q1) [logic]
Pair  Found #min=1  F0                                                  REFUTED: ¬q1=q1 [HF-counterexample]
Pair  Sep   #min=1  ∃x.F0(x)                                            REFUTED: ∃x.¬q1=q1 [logic]
Pair  Rep   #min=1  F0                                                  REFUTED: ¬q1=q1 [HF-counterexample]
Pair  EInd  #min=1  F0                                                  REFUTED: ¬q1=q1 [HF-counterexample]
Union Power #min=1  ∃x.∀y.(y∈x ↔ F0(y))                                 REFUTED: ∃x.∀y.(y∈x ↔ ¬y∈y) [logic]
Union Inf   #min=1  ∃x.F0(x)                                            REFUTED: ∃x.¬q1=q1 [logic]
Union Found #min=1  F0                                                  REFUTED: ¬q1=q1 [HF-counterexample]
Union Sep   #min=1  ∃x.∀y.(y∈x ↔ F0(y))                                 REFUTED: ∃x.∀y.(y∈x ↔ ¬y∈y) [logic]
Union Rep   #min=1  F0                                                  REFUTED: ¬q1=q1 [HF-counterexample]
Union EInd  #min=1  F0                                                  REFUTED: ¬q1=q1 [HF-counterexample]
Power Inf   #min=1  ∃x.F0(x)                                            REFUTED: ∃x.¬q1=q1 [logic]
Power Found #min=1  F0                                                  REFUTED: ¬q1=q1 [HF-counterexample]
Power Sep   #min=1  ∃x.∀y.(y∈x ↔ F0(y))                                 REFUTED: ∃x.∀y.(y∈x ↔ ¬y∈y) [logic]
Power Rep   #min=1  F0                                                  REFUTED: ¬q1=q1 [HF-counterexample]
Power EInd  #min=1  F0                                                  REFUTED: ¬q1=q1 [HF-counterexample]
Inf   Found #min=1  F0                                                  REFUTED: ¬q1=q1 [HF-counterexample]
Inf   Sep   #min=1  ∃x.F0(x)                                            REFUTED: ∃x.¬q1=q1 [logic]
Inf   Rep   #min=1  F0                                                  REFUTED: ¬q1=q1 [HF-counterexample]
Inf   EInd  #min=1  F0                                                  REFUTED: ¬q1=q1 [HF-counterexample]
Found Sep   #min=1  F0                                                  REFUTED: ¬q1=q1 [HF-counterexample]
Found Rep   #min=1  (F0 → ∃x.F1(x))                                     REFUTED: (q1=q1 → ∃x.¬q1=q1) [logic]
Found EInd  #min=1  (F0 → F1)                                           REFUTED: (q1=q1 → ¬q1=q1) [HF-counterexample]
Sep   Rep   #min=1  F0                                                  REFUTED: ¬q1=q1 [HF-counterexample]
Sep   EInd  #min=1  F0                                                  REFUTED: ¬q1=q1 [HF-counterexample]
Rep   EInd  #min=1  (∀x.(F0(x) → F1(x)) → F2)                           REFUTED: (∀x.(q1=q1 → q1=q1) → ¬q1=q1) [logic]

pairs with an unrefuted minimal template: []

== within-target pairs of schema instances: minimal templates below the schema, refuted? ==
Sep #min=1  some <= schema: True  all >= schema (anchor): True  unrefuted <=schema: [True]
Rep #min=1  some <= schema: True  all >= schema (anchor): True  unrefuted <=schema: [True]
EInd #min=1  some <= schema: True  all >= schema (anchor): True  unrefuted <=schema: [True]

== comprehension-shaped axioms: Union and Power (iff forms) -> naive comprehension ==
   ∃x.∀y.(y∈x ↔ F0(y))   -> (('ex', ('all', ('iff', ('in', ('v', 0), ('v', 1)), ('not', ('in', ('v', 0), ('v', 0)))))), 'logic')
== weak (bounding) forms: UnionW, PowerW ==
   ∃x.∀y.(F0(y) → y∈x)
     logic + HF only: None
     + designated Separation instance (Russell set of a): (('ex', ('all', ('imp', ('=', ('p', 'q1'), ('p', 'q1')), ('in', ('v', 0), ('v', 1))))), 'coherence(designated)')
     + designated Pi_1 truth  forall x not x in x: (('ex', ('all', ('imp', ('=', ('p', 'q1'), ('p', 'q1')), ('in', ('v', 0), ('v', 1))))), 'coherence(designated)')
