== Part A: standard ZF forms ==
seed 1: n=45 clusters=9 coherence tests=164 refutation searches=17 time=9.2s
   v2: passes to audit fixpoint=1  |N_final|=6  |Min(X)| per test: max=1 mean=1.00 (=1 in 164/164 tests)
   v2: RS on D for the implemented oracle: 467 cross pairs, 467 minimal templates, unrefuted: 0; re-audit: 0 inconsistent decisions; |N| now 9  (0s)
   cluster EInd           size=  8  #unrefuted min templates=1  exact(all >= target)=True  sound(some <= target)=True
   cluster Ext            size=  1  #unrefuted min templates=1
         (∀x.(x∈a1 ↔ x∈a2) → a1=a2)
   cluster Pair           size=  1  #unrefuted min templates=1
         ∃x.(a1∈x ∧ a2∈x)
   cluster Rep            size= 11  #unrefuted min templates=1  exact(all >= target)=True  sound(some <= target)=True
   cluster Sep            size= 10  #unrefuted min templates=1  exact(all >= target)=True  sound(some <= target)=True
   cluster Union          size=  1  #unrefuted min templates=1
         ∃x.∀y.(y∈x ↔ ∃z.(z∈a1 ∧ y∈z))
   cluster Inf            size=  1  #unrefuted min templates=1
         ∃x.(∃y.(y∈x ∧ ∀z.¬z∈y) ∧ ∀y.(y∈x → ∃z.(z∈x ∧ ∀u.(u∈z ↔ (u∈y ∨ u=y)))))
   cluster Found          size=  1  #unrefuted min templates=1
         (∃x.x∈a1 → ∃x.(x∈a1 ∧ ∀y.(y∈x → ¬y∈a1)))
   cluster Power          size=  1  #unrefuted min templates=1
         ∃x.∀y.(y∈x ↔ ∀z.(z∈y → z∈a1))
   all clusters pure: True
seed 2: n=45 clusters=9 coherence tests=131 refutation searches=16 time=3.5s
   v2: passes to audit fixpoint=1  |N_final|=6  |Min(X)| per test: max=1 mean=1.00 (=1 in 131/131 tests)
   v2: RS on D for the implemented oracle: 371 cross pairs, 371 minimal templates, unrefuted: 0; re-audit: 0 inconsistent decisions; |N| now 8  (0s)
   cluster Sep            size=  7  #unrefuted min templates=1  exact(all >= target)=True  sound(some <= target)=True
   cluster Rep            size= 10  #unrefuted min templates=1  exact(all >= target)=True  sound(some <= target)=True
   cluster Union          size=  1  #unrefuted min templates=1
         ∃x.∀y.(y∈x ↔ ∃z.(z∈a1 ∧ y∈z))
   cluster Inf            size=  1  #unrefuted min templates=1
         ∃x.(∃y.(y∈x ∧ ∀z.¬z∈y) ∧ ∀y.(y∈x → ∃z.(z∈x ∧ ∀u.(u∈z ↔ (u∈y ∨ u=y)))))
   cluster EInd           size=  8  #unrefuted min templates=1  exact(all >= target)=True  sound(some <= target)=True
   cluster Ext            size=  1  #unrefuted min templates=1
         (∀x.(x∈a1 ↔ x∈a2) → a1=a2)
   cluster Pair           size=  1  #unrefuted min templates=1
         ∃x.(a1∈x ∧ a2∈x)
   cluster Found          size=  1  #unrefuted min templates=1
         (∃x.x∈a1 → ∃x.(x∈a1 ∧ ∀y.(y∈x → ¬y∈a1)))
   cluster Power          size=  1  #unrefuted min templates=1
         ∃x.∀y.(y∈x ↔ ∀z.(z∈y → z∈a1))
   all clusters pure: True
seed 3: n=45 clusters=9 coherence tests=147 refutation searches=15 time=2.5s
   v2: passes to audit fixpoint=1  |N_final|=6  |Min(X)| per test: max=1 mean=1.00 (=1 in 147/147 tests)
   v2: RS on D for the implemented oracle: 348 cross pairs, 348 minimal templates, unrefuted: 0; re-audit: 0 inconsistent decisions; |N| now 7  (0s)
   cluster Sep            size=  9  #unrefuted min templates=1  exact(all >= target)=True  sound(some <= target)=True
   cluster Found          size=  1  #unrefuted min templates=1
         (∃x.x∈a1 → ∃x.(x∈a1 ∧ ∀y.(y∈x → ¬y∈a1)))
   cluster Power          size=  1  #unrefuted min templates=1
         ∃x.∀y.(y∈x ↔ ∀z.(z∈y → z∈a1))
   cluster EInd           size=  9  #unrefuted min templates=1  exact(all >= target)=True  sound(some <= target)=True
   cluster Union          size=  1  #unrefuted min templates=1
         ∃x.∀y.(y∈x ↔ ∃z.(z∈a1 ∧ y∈z))
   cluster Pair           size=  1  #unrefuted min templates=1
         ∃x.(a1∈x ∧ a2∈x)
   cluster Rep            size=  6  #unrefuted min templates=1  exact(all >= target)=True  sound(some <= target)=True
   cluster Inf            size=  1  #unrefuted min templates=1
         ∃x.(∃y.(y∈x ∧ ∀z.¬z∈y) ∧ ∀y.(y∈x → ∃z.(z∈x ∧ ∀u.(u∈z ↔ (u∈y ∨ u=y)))))
   cluster Ext            size=  1  #unrefuted min templates=1
         (∀x.(x∈a1 ↔ x∈a2) → a1=a2)
   all clusters pure: True
held-out Sep instances accepted: 60/60
held-out Rep instances accepted: 60/60
held-out EInd instances accepted: 60/60
naive-comprehension instances accepted: 0/30

== Part B: weak forms of Union and Power ==
logic + HF only: clusters=8
   cluster PowerW,UnionW  size=  2  #unrefuted min templates=1
         ∃x.∀y.(F0(y) → y∈x)
   cluster Rep            size=  8  #unrefuted min templates=1  exact(all >= target)=True  sound(some <= target)=True
   cluster EInd           size=  4  #unrefuted min templates=1  exact(all >= target)=True  sound(some <= target)=True
   cluster Sep            size=  8  #unrefuted min templates=1  exact(all >= target)=True  sound(some <= target)=True
   cluster Ext            size=  1  #unrefuted min templates=1
         (∀x.(x∈a1 ↔ x∈a2) → a1=a2)
   cluster Pair           size=  1  #unrefuted min templates=1
         ∃x.(a1∈x ∧ a2∈x)
   cluster Inf            size=  1  #unrefuted min templates=1
         ∃x.(∃y.(y∈x ∧ ∀z.¬z∈y) ∧ ∀y.(y∈x → ∃z.(z∈x ∧ ∀u.(u∈z ↔ (u∈y ∨ u=y)))))
   cluster Found          size=  1  #unrefuted min templates=1
         (∃x.x∈a1 → ∃x.(x∈a1 ∧ ∀y.(y∈x → ¬y∈a1)))
accepts the universal-set sentence  ∃x∀y(a1=a1 → y∈x): True
Russell instance of Separation accepted by the learned clusters: True
with the designated (learned) Russell instance of Separation: clusters=9
   cluster UnionW         size=  1  #unrefuted min templates=1
         ∃x.∀y.(∃z.(z∈a1 ∧ y∈z) → y∈x)
   cluster Rep            size=  8  #unrefuted min templates=1  exact(all >= target)=True  sound(some <= target)=True
   cluster EInd           size=  4  #unrefuted min templates=1  exact(all >= target)=True  sound(some <= target)=True
   cluster Sep            size=  8  #unrefuted min templates=1  exact(all >= target)=True  sound(some <= target)=True
   cluster Ext            size=  1  #unrefuted min templates=1
         (∀x.(x∈a1 ↔ x∈a2) → a1=a2)
   cluster Pair           size=  1  #unrefuted min templates=1
         ∃x.(a1∈x ∧ a2∈x)
   cluster PowerW         size=  1  #unrefuted min templates=1
         ∃x.∀y.(∀z.(z∈y → z∈a1) → y∈x)
   cluster Inf            size=  1  #unrefuted min templates=1
         ∃x.(∃y.(y∈x ∧ ∀z.¬z∈y) ∧ ∀y.(y∈x → ∃z.(z∈x ∧ ∀u.(u∈z ↔ (u∈y ∨ u=y)))))
   cluster Found          size=  1  #unrefuted min templates=1
         (∃x.x∈a1 → ∃x.(x∈a1 ∧ ∀y.(y∈x → ¬y∈a1)))
accepts the universal-set sentence: False
