== Example A (referee): sigma1 = t+0=t, sigma2 = 0+t=t
  DTRC order ['(0+0)=0', '(S0+0)=S0', '(0+S0)=S0', '(0+SS0)=SS0', '(0+(0+0))=(0+0)']
     cluster ['(0+0)=0', '(S0+0)=S0'] -> ['(t0+0)=t0']
     cluster ['(0+(0+0))=(0+0)', '(0+S0)=S0', '(0+SS0)=SS0'] -> ['(0+t0)=t0']
     accepts a1+0=a1 (target sigma1 universal): True   accepts 0+a1=a1 (true, sigma2 / non-target): True
  DTRC order ['(0+S0)=S0', '(0+0)=0', '(S0+0)=S0', '(0+SS0)=SS0', '(0+(0+0))=(0+0)']
     cluster ['(0+(0+0))=(0+0)', '(0+0)=0', '(0+S0)=S0', '(0+SS0)=SS0'] -> ['(0+t0)=t0']
     cluster ['(S0+0)=S0'] -> ['(S0+0)=S0']
     accepts a1+0=a1 (target sigma1 universal): False   accepts 0+a1=a1 (true, sigma2 / non-target): True
  DTRC order ['(0+S0)=S0', '(0+SS0)=SS0', '(0+(0+0))=(0+0)', '(0+0)=0', '(S0+0)=S0']
     cluster ['(0+(0+0))=(0+0)', '(0+0)=0', '(0+S0)=S0', '(0+SS0)=SS0'] -> ['(0+t0)=t0']
     cluster ['(S0+0)=S0'] -> ['(S0+0)=S0']
     accepts a1+0=a1 (target sigma1 universal): False   accepts 0+a1=a1 (true, sigma2 / non-target): True
  cautious 2-union learner with self-generated negatives (order-independent):
     accepts a1+0=a1: False   accepts 0+a1=a1: True   accepts SS0+0=SS0: False
== Example B (disjoint instance sets): sigma1 = t+0=t, ground target g = 0+S0=S0
  DTRC order ['(0+0)=0', '(S0+0)=S0', '(0+S0)=S0']
     cluster ['(0+0)=0', '(S0+0)=S0'] -> ['(t0+0)=t0']
     cluster ['(0+S0)=S0'] -> ['(0+S0)=S0']
     accepts a1+0=a1 (target sigma1 universal): True   accepts 0+a1=a1 (true, sigma2 / non-target): False
  DTRC order ['(0+S0)=S0', '(0+0)=0', '(S0+0)=S0']
     cluster ['(0+0)=0', '(0+S0)=S0'] -> ['(0+t0)=t0']
     cluster ['(S0+0)=S0'] -> ['(S0+0)=S0']
     accepts a1+0=a1 (target sigma1 universal): False   accepts 0+a1=a1 (true, sigma2 / non-target): True
  DTRC order ['(S0+0)=S0', '(0+S0)=S0', '(0+0)=0']
     cluster ['(0+0)=0', '(S0+0)=S0'] -> ['(t0+0)=t0']
     cluster ['(0+S0)=S0'] -> ['(0+S0)=S0']
     accepts a1+0=a1 (target sigma1 universal): True   accepts 0+a1=a1 (true, sigma2 / non-target): False
  cautious 2-union learner with self-generated negatives (order-independent):
     accepts a1+0=a1: False   accepts 0+a1=a1: False   accepts SS0+0=SS0: False
negatives found by the world: ['(0+0)=S0']
