grammar: alpha = {'ax': 0.35, 'rf': 0.15, 'sy': 0.1, 'tr': 0.15, 'cS': 0.1, 'cp': 0.15}, mean premises m = 0.65; Q root law {'0': 0.55, 'S': 0.2, '+': 0.25}
sanity (N = 7, T_Q): fixpoint converged in 20 iterations; Z = 0.54909 vs Monte Carlo valid fraction 0.54965 (s.e. 0.00091); |z| of 8 conclusion frequencies: 1.09, 0.29, 0.57, 1.31, 0.60, 1.09, 0.27, 0.38
grammar 1: alpha = {'ax': 0.35, 'rf': 0.15, 'sy': 0.1, 'tr': 0.15, 'cS': 0.1, 'cp': 0.15}, m = 0.65; Q root law {'0': 0.55, 'S': 0.2, '+': 0.25}
  N = 7: |U_N| = 89 terms; 9 closed {0,+}-terms t (data 't = 0')
    size 1 (1 terms): mean ln P_T(t = 0): T_Q -1.77, T_Q0 -1.81, T_esc -0.74, T_mix -1.26
    size 3 (1 terms): mean ln P_T(t = 0): T_Q -1.71, T_Q0 -1.47, T_esc -3.18, T_mix -2.05
    size 5 (2 terms): mean ln P_T(t = 0): T_Q -8.34, T_Q0 -7.57, T_esc -5.17, T_mix -6.08
    size 7 (5 terms): mean ln P_T(t = 0): T_Q -15.41, T_Q0 -14.35, T_esc -7.15, T_mix -8.13
    human law h = 0.3 (mean size 1.78): CE = T_Q 2.664, T_Q0 2.567, T_esc 1.634, T_mix 1.933  -> minimiser: T_esc = {z=0} (unsound)
    human law h = 0.3, t != 0 (mean size 4.05): CE = T_Q 5.252, T_Q0 4.760, T_esc 4.221, T_mix 3.898  -> minimiser: T_mix = T_Q + {z=0} (unsound)
    human law h = 0.45 (mean size 2.00): CE = T_Q 3.034, T_Q0 2.898, T_esc 1.871, T_mix 2.161  -> minimiser: T_esc = {z=0} (unsound)
    human law h = 0.45, t != 0 (mean size 4.23): CE = T_Q 5.864, T_Q0 5.333, T_esc 4.400, T_mix 4.190  -> minimiser: T_mix = T_Q + {z=0} (unsound)
  N = 9: |U_N| = 539 terms; 23 closed {0,+}-terms t (data 't = 0')
    size 1 (1 terms): mean ln P_T(t = 0): T_Q -1.88, T_Q0 -1.91, T_esc -0.80, T_mix -1.35
    size 3 (1 terms): mean ln P_T(t = 0): T_Q -1.82, T_Q0 -1.57, T_esc -3.23, T_mix -2.14
    size 5 (2 terms): mean ln P_T(t = 0): T_Q -8.45, T_Q0 -7.67, T_esc -5.22, T_mix -6.17
    size 7 (5 terms): mean ln P_T(t = 0): T_Q -15.52, T_Q0 -14.44, T_esc -7.20, T_mix -8.22
    size 9 (14 terms): mean ln P_T(t = 0): T_Q -22.89, T_Q0 -21.48, T_esc -9.19, T_mix -10.20
    human law h = 0.3 (mean size 1.92): CE = T_Q 3.174, T_Q0 3.039, T_esc 1.835, T_mix 2.184  -> minimiser: T_esc = {z=0} (unsound)
    human law h = 0.3, t != 0 (mean size 4.41): CE = T_Q 6.646, T_Q0 6.076, T_esc 4.633, T_mix 4.442  -> minimiser: T_mix = T_Q + {z=0} (unsound)
    human law h = 0.45 (mean size 2.24): CE = T_Q 3.837, T_Q0 3.644, T_esc 2.178, T_mix 2.529  -> minimiser: T_esc = {z=0} (unsound)
    human law h = 0.45, t != 0 (mean size 4.73): CE = T_Q 7.758, T_Q0 7.124, T_esc 4.951, T_mix 4.904  -> minimiser: T_mix = T_Q + {z=0} (unsound)
grammar 2: alpha = {'ax': 0.5, 'rf': 0.1, 'sy': 0.05, 'tr': 0.2, 'cS': 0.05, 'cp': 0.1}, m = 0.60; Q root law {'0': 0.55, 'S': 0.2, '+': 0.25}
  N = 7: |U_N| = 89 terms; 9 closed {0,+}-terms t (data 't = 0')
    size 1 (1 terms): mean ln P_T(t = 0): T_Q -2.22, T_Q0 -2.27, T_esc -0.62, T_mix -1.31
    size 3 (1 terms): mean ln P_T(t = 0): T_Q -1.36, T_Q0 -1.12, T_esc -2.84, T_mix -1.70
    size 5 (2 terms): mean ln P_T(t = 0): T_Q -7.62, T_Q0 -6.74, T_esc -4.82, T_mix -5.69
    size 7 (5 terms): mean ln P_T(t = 0): T_Q -14.40, T_Q0 -13.22, T_esc -6.81, T_mix -7.77
    human law h = 0.3 (mean size 1.78): CE = T_Q 2.863, T_Q0 2.760, T_esc 1.458, T_mix 1.877  -> minimiser: T_esc = {z=0} (unsound)
    human law h = 0.3, t != 0 (mean size 4.05): CE = T_Q 4.715, T_Q0 4.184, T_esc 3.880, T_mix 3.534  -> minimiser: T_mix = T_Q + {z=0} (unsound)
    human law h = 0.45 (mean size 2.00): CE = T_Q 3.172, T_Q0 3.025, T_esc 1.683, T_mix 2.083  -> minimiser: T_esc = {z=0} (unsound)
    human law h = 0.45, t != 0 (mean size 4.23): CE = T_Q 5.297, T_Q0 4.721, T_esc 4.059, T_mix 3.826  -> minimiser: T_mix = T_Q + {z=0} (unsound)
  N = 9: |U_N| = 539 terms; 23 closed {0,+}-terms t (data 't = 0')
    size 1 (1 terms): mean ln P_T(t = 0): T_Q -2.33, T_Q0 -2.36, T_esc -0.67, T_mix -1.39
    size 3 (1 terms): mean ln P_T(t = 0): T_Q -1.47, T_Q0 -1.21, T_esc -2.88, T_mix -1.78
    size 5 (2 terms): mean ln P_T(t = 0): T_Q -7.73, T_Q0 -6.83, T_esc -4.87, T_mix -5.77
    size 7 (5 terms): mean ln P_T(t = 0): T_Q -14.51, T_Q0 -13.32, T_esc -6.85, T_mix -7.86
    size 9 (14 terms): mean ln P_T(t = 0): T_Q -21.66, T_Q0 -20.10, T_esc -8.84, T_mix -9.84
    human law h = 0.3 (mean size 1.92): CE = T_Q 3.342, T_Q0 3.195, T_esc 1.646, T_mix 2.117  -> minimiser: T_esc = {z=0} (unsound)
    human law h = 0.3, t != 0 (mean size 4.41): CE = T_Q 6.056, T_Q0 5.437, T_esc 4.282, T_mix 4.073  -> minimiser: T_mix = T_Q + {z=0} (unsound)
    human law h = 0.45 (mean size 2.24): CE = T_Q 3.924, T_Q0 3.714, T_esc 1.975, T_mix 2.436  -> minimiser: T_esc = {z=0} (unsound)
    human law h = 0.45, t != 0 (mean size 4.73): CE = T_Q 7.118, T_Q0 6.426, T_esc 4.600, T_mix 4.535  -> minimiser: T_mix = T_Q + {z=0} (unsound)
grammar 3: alpha = {'ax': 0.35, 'rf': 0.15, 'sy': 0.1, 'tr': 0.15, 'cS': 0.1, 'cp': 0.15}, m = 0.65; Q root law {'0': 0.8995, 'S': 0.1, '+': 0.0005}
  N = 7: |U_N| = 89 terms; 9 closed {0,+}-terms t (data 't = 0')
    size 1 (1 terms): mean ln P_T(t = 0): T_Q -1.60, T_Q0 -1.61, T_esc -0.43, T_mix -1.03
    size 3 (1 terms): mean ln P_T(t = 0): T_Q -1.54, T_Q0 -1.26, T_esc -8.58, T_mix -1.95
    size 5 (2 terms): mean ln P_T(t = 0): T_Q -7.88, T_Q0 -7.32, T_esc -16.30, T_mix -8.65
    size 7 (5 terms): mean ln P_T(t = 0): T_Q -15.39, T_Q0 -14.53, T_esc -24.00, T_mix -16.51
    human law h = 0.3 (mean size 1.78): CE = T_Q 2.478, T_Q0 2.372, T_esc 3.554, T_mix 2.207  -> minimiser: T_mix = T_Q + {z=0} (unsound)
    human law h = 0.3, t != 0 (mean size 4.05): CE = T_Q 5.027, T_Q0 4.596, T_esc 12.629, T_mix 5.622  -> minimiser: T_Q0 (+0+z=z; sound)
    human law h = 0.45 (mean size 2.00): CE = T_Q 2.845, T_Q0 2.709, T_esc 4.404, T_mix 2.645  -> minimiser: T_mix = T_Q + {z=0} (unsound)
    human law h = 0.45, t != 0 (mean size 4.23): CE = T_Q 5.639, T_Q0 5.183, T_esc 13.324, T_mix 6.267  -> minimiser: T_Q0 (+0+z=z; sound)
  N = 9: |U_N| = 539 terms; 23 closed {0,+}-terms t (data 't = 0')
    size 1 (1 terms): mean ln P_T(t = 0): T_Q -1.62, T_Q0 -1.63, T_esc -0.43, T_mix -1.05
    size 3 (1 terms): mean ln P_T(t = 0): T_Q -1.57, T_Q0 -1.28, T_esc -8.58, T_mix -1.97
    size 5 (2 terms): mean ln P_T(t = 0): T_Q -7.91, T_Q0 -7.34, T_esc -16.30, T_mix -8.67
    size 7 (5 terms): mean ln P_T(t = 0): T_Q -15.41, T_Q0 -14.55, T_esc -24.01, T_mix -16.53
    size 9 (14 terms): mean ln P_T(t = 0): T_Q -23.33, T_Q0 -22.19, T_esc -31.72, T_mix -24.80
    human law h = 0.3 (mean size 1.92): CE = T_Q 2.914, T_Q0 2.785, T_esc 4.117, T_mix 2.672  -> minimiser: T_mix = T_Q + {z=0} (unsound)
    human law h = 0.3, t != 0 (mean size 4.41): CE = T_Q 6.389, T_Q0 5.903, T_esc 14.031, T_mix 7.043  -> minimiser: T_Q0 (+0+z=z; sound)
    human law h = 0.45 (mean size 2.24): CE = T_Q 3.585, T_Q0 3.411, T_esc 5.366, T_mix 3.438  -> minimiser: T_Q0 (+0+z=z; sound)
    human law h = 0.45, t != 0 (mean size 4.73): CE = T_Q 7.525, T_Q0 6.993, T_esc 15.266, T_mix 8.236  -> minimiser: T_Q0 (+0+z=z; sound)
