lam=1.0 seed=11 n=    10 distinct=    2: score(E)-score(M) =        2.9 bits, score(H)-score(M) >=      -12.9 bits
lam=1.0 seed=11 n=   100 distinct=   12: score(E)-score(M) =      180.7 bits, score(H)-score(M) >=      196.8 bits
lam=1.0 seed=11 n=  1000 distinct=   54: score(E)-score(M) =      383.3 bits, score(H)-score(M) >=     1142.8 bits
lam=1.0 seed=11 n= 10000 distinct=  282: score(E)-score(M) =    -4233.6 bits, score(H)-score(M) >=     7370.4 bits
lam=1.0 seed=12 n=    10 distinct=    2: score(E)-score(M) =        7.4 bits, score(H)-score(M) >=       -1.3 bits
lam=1.0 seed=12 n=   100 distinct=   10: score(E)-score(M) =      116.1 bits, score(H)-score(M) >=      108.5 bits
lam=1.0 seed=12 n=  1000 distinct=   62: score(E)-score(M) =      627.7 bits, score(H)-score(M) >=     1207.4 bits
lam=1.0 seed=12 n= 10000 distinct=  325: score(E)-score(M) =    -2648.8 bits, score(H)-score(M) >=     8612.7 bits
lam=1.0 seed=13 n=    10 distinct=    2: score(E)-score(M) =        5.6 bits, score(H)-score(M) >=      -12.9 bits
lam=1.0 seed=13 n=   100 distinct=   11: score(E)-score(M) =      176.9 bits, score(H)-score(M) >=      159.4 bits
lam=1.0 seed=13 n=  1000 distinct=   59: score(E)-score(M) =      423.8 bits, score(H)-score(M) >=     1065.1 bits
lam=1.0 seed=13 n= 10000 distinct=  330: score(E)-score(M) =    -2719.0 bits, score(H)-score(M) >=     8625.2 bits
lam=2.0 seed=11 n=    10 distinct=    2: score(E)-score(M) =       17.9 bits, score(H)-score(M) >=      -23.9 bits
lam=2.0 seed=11 n=   100 distinct=   12: score(E)-score(M) =      619.7 bits, score(H)-score(M) >=      586.8 bits
lam=2.0 seed=11 n=  1000 distinct=   54: score(E)-score(M) =     2980.3 bits, score(H)-score(M) >=     3343.8 bits
lam=2.0 seed=11 n= 10000 distinct=  282: score(E)-score(M) =    12871.4 bits, score(H)-score(M) >=    21703.4 bits
lam=2.0 seed=12 n=    10 distinct=    2: score(E)-score(M) =       22.4 bits, score(H)-score(M) >=        2.7 bits
lam=2.0 seed=12 n=   100 distinct=   10: score(E)-score(M) =      387.1 bits, score(H)-score(M) >=      309.5 bits
lam=2.0 seed=12 n=  1000 distinct=   62: score(E)-score(M) =     3488.7 bits, score(H)-score(M) >=     3505.4 bits
lam=2.0 seed=12 n= 10000 distinct=  325: score(E)-score(M) =    16289.2 bits, score(H)-score(M) >=    24718.7 bits
lam=2.0 seed=13 n=    10 distinct=    2: score(E)-score(M) =       20.6 bits, score(H)-score(M) >=      -23.9 bits
lam=2.0 seed=13 n=   100 distinct=   11: score(E)-score(M) =      588.9 bits, score(H)-score(M) >=      501.4 bits
lam=2.0 seed=13 n=  1000 distinct=   59: score(E)-score(M) =     3017.8 bits, score(H)-score(M) >=     3063.1 bits
lam=2.0 seed=13 n= 10000 distinct=  330: score(E)-score(M) =    16120.0 bits, score(H)-score(M) >=    24596.2 bits
