Prop D.4   T* = (Ax.Ay.(Sf(x,y)=0)&Ax.Ay.(f(x,Sy)=0))
     datum (Ax.Ay.(Sx=0)&Ax.Ay.(x=0))
     datum (Ax.Ay.(Sy=0)&Ax.Ay.(Sy=0))
     datum (Ax.Ay.(SSx=0)&Ax.Ay.(Sx=0))
   events {'R*': True, 'R': True, 'N': True, 'D': True, 'U': False, 'Upat': True}  U-witnesses [((2, 1, 1, 1), (1, 1, 1, 1))]
   feature-anchor: False  violating instance: (Ax.Ay.(S0=0)&Ax.Ay.(0=0))
   brute force (kmax=5 amax=2): 543 covering templates, minimal: ['(Ax.Ay.(f0(y,Sx)=0)&Ax.Ay.(f0(y,x)=0))', '(Ax.Ay.(Sf0(y,x)=0)&Ax.Ay.(f0(Sy,x)=0))'] 0.0s
   minimal templates missing the violating instance: ['(Ax.Ay.(f0(y,Sx)=0)&Ax.Ay.(f0(y,x)=0))']
Prop D.5   T* = Ax.(0=f(x))
     datum Ax.(0=0)
     datum Ax.(0=x)
   events {'R*': True, 'R': True, 'N': True, 'D': True, 'U': False, 'Upat': False}  U-witnesses [((1, 2), (1, 1))]
   feature-anchor: False  violating instance: Ax.(0=a)
   brute force (kmax=5 amax=2): 6 covering templates, minimal: ['Ax.(f0(0)=f0(x))', 'Ax.(0=f0(x))'] 0.0s
   minimal templates missing the violating instance: ['Ax.(f0(0)=f0(x))']
Ex D.6   T* = (Ax.Ay.(f(x,y)=0)&Ax.(x=0))
     datum (Ax.Ay.(x=0)&Ax.(x=0))
     datum (Ax.Ay.(y=0)&Ax.(x=0))
   events {'R*': True, 'R': True, 'N': True, 'D': True, 'U': False, 'Upat': False}  U-witnesses [((1, 1, 1, 1), (1, 1, 1, 2)), ((1, 1, 1, 1), (2, 1, 1)), ((1, 1, 1, 1), (2, 1, 2))]
   feature-anchor: False  violating instance: (Ax.Ay.(0=0)&Ax.(x=0))
   brute force (kmax=5 amax=2): 247 covering templates, minimal: ['(Ax.Ay.(f0(y,x)=f0(0,0))&Ax.(f0(x,x)=f0(0,0)))', '(Ax.Ay.(f0(y,x)=f0(0,0))&Ax.(f0(x,x)=0))', '(Ax.Ay.(f0(y,x)=f0(0,0))&Ax.(x=f0(0,0)))', '(Ax.Ay.(f0(y,x)=f0(0,0))&Ax.(x=0))', '(Ax.Ay.(f0(y,x)=0)&Ax.(f0(x,x)=f0(0,0)))', '(Ax.Ay.(f0(y,x)=0)&Ax.(f0(x,x)=0))', '(Ax.Ay.(f0(y,x)=0)&Ax.(x=f0(0,0)))', '(Ax.Ay.(f0(y,x)=0)&Ax.(x=0))'] 0.0s
   minimal templates missing the violating instance: ['(Ax.Ay.(f0(y,x)=f0(0,0))&Ax.(f0(x,x)=f0(0,0)))', '(Ax.Ay.(f0(y,x)=f0(0,0))&Ax.(f0(x,x)=0))', '(Ax.Ay.(f0(y,x)=0)&Ax.(f0(x,x)=f0(0,0)))', '(Ax.Ay.(f0(y,x)=0)&Ax.(f0(x,x)=0))']
Prop G.2 n=1: |D| total size 16, 43 covering templates, |Min| = 4 (claim 4^n = 4), 0.0s
    feature verifier accepts: ['(Ax.(x=x)&(0=0))', '(Ax.(0=0)&(0=0))']
    brute-force intersection accepts: ['(Ax.(x=x)&(0=0))', '(Ax.(0=0)&(0=0))']
Prop G.2 n=2: |D| total size 24, 783 covering templates, |Min| = 16 (claim 4^n = 16), 0.1s
    feature verifier accepts: ['(Ax.(x=x)&((0=0)&(0=0)))', '(Ax.(0=0)&((0=0)&(0=0)))']
    brute-force intersection accepts: ['(Ax.(x=x)&((0=0)&(0=0)))', '(Ax.(0=0)&((0=0)&(0=0)))']
F.3: t=0  s in inst: True ; witness (Ax.(x=x)&(0=0)) in inst(T_t) only: [True, False, False, False]
F.3: t=S0  s in inst: True ; witness (Ax.(x=x)&(S0=S0)) in inst(T_t) only: [False, True, False, False]
F.3: t=a  s in inst: True ; witness (Ax.(x=x)&(a=a)) in inst(T_t) only: [False, False, True, False]
F.3: t=(0+0)  s in inst: True ; witness (Ax.(x=x)&((0+0)=(0+0))) in inst(T_t) only: [False, False, False, True]
