Ind N cases 40 3s
   RN=False full=False feat=False     15
   RN=True full=True feat=True        20
   dup                                5
   enum=False RN=False                5
   enum=True RN=True                  20
Sep N cases 40 0s
   RN=False full=False feat=False     24
   RN=True full=True feat=True        16
   enum=False RN=False                16
   enum=True RN=True                  16
Rep N cases 40 141s
   RN=False full=False feat=False     32
   RN=True full=True feat=True        7
   dup                                1
   enum=False RN=False                19
   enum=True RN=True                  7
   enum_timeout                       1
EpsInd N cases 40 2s
   RN=False full=False feat=False     12
   RN=True full=True feat=True        27
   dup                                1
   enum=False RN=False                6
   enum=True RN=True                  27
