motive universe size: 324  (formulas of size <= 5 over eq/lt, not/and/imp, all; vars x,y)
x fixed, all 52326 pairs: lgg == sigma_x  <=>  (roots differ & some motive has x free): mismatches = 0; anchors = 30512
x fixed, 20000 random 3-sets: mismatches = 0
x fixed, 20000 random 4-sets: mismatches = 0
x metavariable, 60000 random pairs: lgg == sigma  <=>  (roots differ & some non-vacuous & induction variables differ): mismatches = 0
x metavariable, 20000 random triples: mismatches = 0

anchor {ind(x+0=x), ind(~Sx=0)}: lgg == sigma_x: True
one instance is never an anchor (lgg is ground): True
x meta: {ind(x+0=x on x), ind(~Sy=0 on y)} -> lgg == sigma: True
x meta, both on x: lgg == sigma_x (x stays a constant): True
anchor with a vacuous partner {ind(x+0=x), ind(~0=S0)}: True

-- failure modes --
(i) same root (eq) only: lgg = st(Sub(eq(v0,v1),x,0,eq(v2,v3)),Sub(eq(v0,v1),x,S(x),eq(v4,v5)),imp(and(eq(v2,v3),all(x,imp(eq(v0,v1),eq(v4,v5)))),all(x,eq(v0,v1))))
    sound (below sigma): True ; == sigma: False
(ii) vacuous only: lgg = st(Sub(v0,x,0,v0),Sub(v0,x,S(x),v0),imp(and(v0,all(x,imp(v0,v0))),all(x,v0))) ; == sigma: False
(iv) premise order varies: lgg = st(Sub(v0,x,v1,v2),Sub(v0,x,v3,v4),imp(and(v5,all(x,imp(v0,v6))),all(x,v0)))
     below sigma (sound): False
     instance with W-true Sub premises and false conclusion: st(Sub(eq(S(S(y)),0),x,x,eq(S(S(y)),0)),Sub(eq(S(S(y)),0),x,S(0),eq(S(S(y)),0)),imp(and(eq(0,add(y,y)),all(x,imp(eq(S(S(y)),0),eq(S(S(y)),0)))),all(x,eq(S(S(y)),0))))
(v) conjunct order varies: lgg = st(Sub(v0,x,0,v1),Sub(v0,x,S(x),v2),imp(and(v3,v4),all(x,v0)))
     instance with W-true Sub premises and false conclusion: st(Sub(lt(add(y,y),x),x,0,lt(add(y,y),0)),Sub(lt(add(y,y),x),x,S(x),lt(add(y,y),S(x))),imp(and(lt(add(y,y),x),eq(add(0,0),y)),all(x,lt(add(y,y),x))))
(vi) after canonicalization: lgg == sigma_x: True
