=== x fixed (v=3: P,A,B), non-vacuity rate q=1.0 ===
 c = 2v + C(v,2) = 9;  rho_P = rho_A = rho_B = 0.40 (split {eq} | rest);  r_PA = r_PB = r_AB = q = 1.0;  rho = 0.4
 Thm imitation:coupon (k=1, pi=1): N >= ln(c/delta)/rho = 17.006  ->  N = 18
 refined union bound 2(1-rho_P)^N + (1-q)^N <= delta: N = 11
 exact failure prob (independent root/vacuity, other = one symbol): smallest N with P(fail) <= 0.01: 10  (P(fail) at N-1: 0.01008, at N: 0.00605)
 exact failure prob (independent root/vacuity, other = 5 symbols): smallest N with P(fail) <= 0.01: 10  (P(fail) at N-1: 0.01008, at N: 0.00605)
 necessity (Thm coupon, lower bound): P(fail) >= 0.6^N, so N >= ln(1/delta)/ln(1/0.6) = 9.015
=== x fixed (v=3: P,A,B), non-vacuity rate q=0.95 ===
 c = 2v + C(v,2) = 9;  rho_P = rho_A = rho_B = 0.40 (split {eq} | rest);  r_PA = r_PB = r_AB = q = 0.95;  rho = 0.4
 Thm imitation:coupon (k=1, pi=1): N >= ln(c/delta)/rho = 17.006  ->  N = 18
 refined union bound 2(1-rho_P)^N + (1-q)^N <= delta: N = 11
 exact failure prob (independent root/vacuity, other = one symbol): smallest N with P(fail) <= 0.01: 10  (P(fail) at N-1: 0.01008, at N: 0.00605)
 exact failure prob (independent root/vacuity, other = 5 symbols): smallest N with P(fail) <= 0.01: 10  (P(fail) at N-1: 0.01008, at N: 0.00605)
 necessity (Thm coupon, lower bound): P(fail) >= 0.6^N, so N >= ln(1/delta)/ln(1/0.6) = 9.015

=== simulation, x fixed, other = 5 symbols (T1 lgg on Sub-encoded instances) ===
 q=1.0 N= 4: empirical P(fail) = 0.1260   exact formula = 0.1313
 q=1.0 N= 6: empirical P(fail) = 0.0477   exact formula = 0.0467
 q=1.0 N= 8: empirical P(fail) = 0.0173   exact formula = 0.0168
 q=1.0 N= 9: empirical P(fail) = 0.0113   exact formula = 0.0101
 q=1.0 N=10: empirical P(fail) = 0.0067   exact formula = 0.0060
 q=1.0 N=12: empirical P(fail) = 0.0017   exact formula = 0.0022
 q=0.95 N= 4: empirical P(fail) = 0.1293   exact formula = 0.1313
 q=0.95 N= 6: empirical P(fail) = 0.0483   exact formula = 0.0467
 q=0.95 N= 8: empirical P(fail) = 0.0143   exact formula = 0.0168
 q=0.95 N= 9: empirical P(fail) = 0.0087   exact formula = 0.0101
 q=0.95 N=10: empirical P(fail) = 0.0073   exact formula = 0.0060
 q=0.95 N=12: empirical P(fail) = 0.0020   exact formula = 0.0022

=== x a metavariable (v=4: P,X,A,B), induction variable n 70%, x 20%, k 10%; q = 1 ===
 c = 14; rho_X = 0.30; rho = 0.30; r_XP etc = 1 (a variable never equals a formula)
 Thm coupon: N >= ln(c/delta)/rho = 24.147 -> N = 25
 exact (independent root/variable): N = 14 (P(fail) at N-1 = 0.01098, at N = 0.00756)
 N= 8: empirical P(fail) = 0.0760   exact formula = 0.0735
 N=12: empirical P(fail) = 0.0165   exact formula = 0.0160
 N=14: empirical P(fail) = 0.0090   exact formula = 0.0076
 N=16: empirical P(fail) = 0.0045   exact formula = 0.0036
 if induction is 5% of all tagged steps (x fixed, Thm coupon, k=1 term only): N_total >= 340
 if induction is 1% of all tagged steps (x fixed, Thm coupon, k=1 term only): N_total >= 1701
