genuine data lgg == sigma_x: True

(1) genuine + one step-by-2 instance under the induction tag: lgg = st(Sub(v0,x,0,v1),Sub(v0,x,S(v2),v3),imp(and(v1,all(x,imp(v0,v3))),all(x,v0)))
    false instance with W-true Sub premises: st(Sub(not(eq(x,S(y))),x,0,not(eq(0,S(y)))),Sub(not(eq(x,S(y))),x,S(S(0)),not(eq(S(S(0)),S(y)))),imp(and(not(eq(0,S(y))),all(x,imp(not(eq(x,S(y))),not(eq(S(S(0)),S(y)))))),all(x,not(eq(x,S(y))))))
    genuine + one record whose conclusion A differs from the Sub premise A: lgg = st(Sub(v0,x,0,v1),Sub(v0,x,S(x),v2),imp(and(v3,all(x,imp(v0,v2))),all(x,v0)))
    false instance with W-true Sub premises: st(Sub(all(x,eq(0,y)),x,0,all(x,eq(0,y))),Sub(all(x,eq(0,y)),x,S(x),all(x,eq(0,y))),imp(and(eq(add(x,0),x),all(x,imp(all(x,eq(0,y)),all(x,eq(0,y))))),all(x,all(x,eq(0,y)))))
    genuine + one improper instance of sigma (W-false Sub premise): lgg == sigma_x: True ; W filters it: True

(2) trimmed, e=1, data = 5 genuine + 1 step-by-2: accepted set == inst(sigma_x): True
    trimmed, e=1, data = 5 genuine + 2 errors: False ; e=2: True
    e=1, genuine roots (eq,eq,not) + step-by-2 with motive root not: exact? True (robust genericity fails, but it is only sufficient)
    e=1, genuine roots (eq,eq,not) + step-by-2 with motive root eq : exact? False (removing the single non-eq witness leaves an all-eq set: the trimmed lgg does not generalize sigma)

(3) two step-by-2 instances (different roots, non-vacuous): lgg == sigma2: True
    instance with P := ~(x = S0): st(Sub(not(eq(x,S(0))),x,0,not(eq(0,S(0)))),Sub(not(eq(x,S(0))),x,S(S(x)),not(eq(S(S(x)),S(0)))),imp(and(not(eq(0,S(0))),all(x,imp(not(eq(x,S(0))),not(eq(S(S(x)),S(0)))))),all(x,not(eq(x,S(0))))))
    Sub premises W-true: True ; antecedent true: True ; conclusion (forall x P) true: False

(4) Q axioms learned : descent -> blocked ['Q1', 'Q2', 'step-by-2']
    values: [1, 1, None, None, None, None, 0, 0]

(4) Q axioms asserted: descent -> blame step-by-2
    values: [1, 1, 0, 1, 1, 1, 0, 0]

(4) Q axioms trusted : descent -> blame step-by-2
    values: [1, 1, 0, 1, 1, 1, 0, 0]
    (WS) for the position <Q1,Q2 |- >: Q1, Q2 true in N (bounded): True True

(5) with the extra premise P(S0) the instance is sound (antecedent false here): True
