== natural pair  {Ind(x+0=x), Ind(0+x=x)}
   phi = x+0=x
   phi = 0+x=x
   lgg  = ((0+0=0 & Ax.(v0+v1=x -> v2+v3=Sx)) -> Ax.v0+v1=x)   (#metavars=4)
   FALSE instance: ((0+0=0 & Ax.(0+0=x -> 0+S0=Sx)) -> Ax.0+0=x)
   the paper's false instance (0+0=0)&Ax(0+0=x -> 0+S0=Sx) -> Ax(0+0=x) is an instance: True ; true in N: False
   lgg of the paper's 4 instances = ((v0+v1=v2 & Ax.(v3+v4=v5 -> v6+v7=Sv5)) -> Ax.v3+v4=v5)
   lgg(4) is a specialization-or-equal of lgg(2)? (lgg(2) >= lgg(4)): False ; lgg(4) >= lgg(2): True
== pair {Ind(0+x=x), Ind(0+(0+x)=x)}
   phi = 0+x=x
   phi = (0+(0+x))=x
   lgg  = ((0+v0=0 & Ax.(0+v1=x -> 0+v2=Sx)) -> Ax.0+v1=x)   (#metavars=3)
   FALSE instance: ((0+0=0 & Ax.(0+0=x -> 0+S0=Sx)) -> Ax.0+0=x)
   paper false instance is an instance: True
== small pair
   phi = x=x
   phi = 0=x
   lgg  = ((0=0 & Ax.(v0=x -> v1=Sx)) -> Ax.v0=x)   (#metavars=2)
   FALSE instance: ((0=0 & Ax.(0=x -> S0=Sx)) -> Ax.0=x)
== small pair
   phi = x=x
   phi = x=0
   lgg  = ((0=0 & Ax.(x=v0 -> Sx=v1)) -> Ax.x=v0)   (#metavars=2)
   FALSE instance: ((0=0 & Ax.(x=0 -> Sx=S0)) -> Ax.x=0)
== small pair
   phi = 0=x
   phi = x=0
   lgg  = ((0=0 & Ax.(v0=v1 -> v2=v3)) -> Ax.v0=v1)   (#metavars=4)
   FALSE instance: ((0=0 & Ax.(0=S0 -> 0=0)) -> Ax.0=S0)
== small pair
   phi = x=x
   phi = 0+x=x
   lgg  = ((v0=0 & Ax.(v1=x -> v2=Sx)) -> Ax.v1=x)   (#metavars=3)
   FALSE instance: ((0=0 & Ax.(0=x -> S0=Sx)) -> Ax.0=x)
== root-diverse pair {Ind(x=x), Ind(~(x=Sx))}
   phi = x=x
   phi = ~x=Sx
   lgg  = ((v0 & Ax.(v1 -> v2)) -> Ax.v1)   (#metavars=3)
   FALSE instance: ((0=0 & Ax.(0=S0 -> 0=0)) -> Ax.0=S0)
   lgg == L_inf up to renaming: True
   L_inf instance ((0=0 & Ax.(0=S0 -> 0=S0)) -> Ax.0=S0)  true? False
== coupled pair {Ind(x=x), Ind(Sx=Sx)}
   phi = x=x
   phi = Sx=Sx
   lgg  = ((v0=v0 & Ax.(v1=v1 -> Sv1=Sv1)) -> Ax.v1=v1)   (#metavars=2)
   no false sentence instance found in the search pool
   (every well-sorted instance has the form  t=t & Ax(u=u -> Su=Su) -> Ax(u=u): conclusion true)

== single instance: lgg({Ind(0+x=x)}) has 0 metavariables; it is the true sentence itself: True
