formulas of size <= 5: 72 (with x free: 58)
time 1.4s
   ('both x-free', 'no false instance found') 91
   ('x free in both', 'no false instance found') 64
   ('x free in both', 'unsound') 1589
   ('x free in one', 'no false instance found') 44
   ('x free in one', 'unsound') 768
smallest unsound pairs (total |phi1|+|phi2|), by class and "both motives true for all x":
   ('x free in both', False) (6, '0=x', 'x=0', '((0=0 & Ax.(0=S0 -> 0=0)) -> Ax.0=S0)')
   ('x free in both', True) (8, 'x=x', '0=0*x', '((0=0 & Ax.(S0=SS0 -> S0=S0)) -> Ax.S0=SS0)')
   ('x free in one', False) (6, '0=0', '0=x', '((0=0 & Ax.(0=S0 -> 0=0)) -> Ax.0=S0)')
   ('x free in one', True) (8, '0=0', '0=0*x', '((0=0 & Ax.(0=S0 -> 0=0)) -> Ax.0=S0)')
examples with x free in both and no false instance found:
   ('0=x', 'S0=x', '((v0=0 & Ax.(v0=x -> v0=Sx)) -> Ax.v0=x)')
   ('0=x', 'SS0=x', '((v0=0 & Ax.(v0=x -> v0=Sx)) -> Ax.v0=x)')
   ('0=x', '0+0=x', '((v0=0 & Ax.(v0=x -> v0=Sx)) -> Ax.v0=x)')
   ('0=x', '0*0=x', '((v0=0 & Ax.(v0=x -> v0=Sx)) -> Ax.v0=x)')
   ('x=0', 'x=S0', '((0=v0 & Ax.(x=v0 -> Sx=v0)) -> Ax.x=v0)')
   ('x=0', 'x=SS0', '((0=v0 & Ax.(x=v0 -> Sx=v0)) -> Ax.x=v0)')
   ('x=0', 'x=0+0', '((0=v0 & Ax.(x=v0 -> Sx=v0)) -> Ax.x=v0)')
   ('x=0', 'x=0*0', '((0=v0 & Ax.(x=v0 -> Sx=v0)) -> Ax.x=v0)')
   ('x=x', 'Sx=Sx', '((v0=v0 & Ax.(v1=v1 -> Sv1=Sv1)) -> Ax.v1=v1)')
   ('0=Sx', 'x=S0', '((0=S0 & Ax.(v0=Sv1 -> v2=Sv3)) -> Ax.v0=Sv1)')
   ('0=Sx', 'x=Sx', '((0=S0 & Ax.(v0=Sx -> v1=SSx)) -> Ax.v0=Sx)')
   ('0=Sx', '0=SSx', '((0=Sv0 & Ax.(0=Sv1 -> 0=SSv1)) -> Ax.0=Sv1)')
