F': for all 0<=n<m<=10, lgg(Ind phi_n, Ind phi_m) == L_n and I*_n is a false instance: True
   L_2 = (((0+(0+v0))=0 & Ax.((0+(0+v1))=x -> (0+(0+v2))=Sx)) -> Ax.(0+(0+v1))=x)
   I*_2 = (((0+(0+0))=0 & Ax.((0+(0+0))=x -> (0+(0+S0))=Sx)) -> Ax.(0+(0+0))=x)   true: False
F': I*_M is an instance of L_a for all a<=M<=10: True
F': lgg of each of the 247 subsets of {0..7} with >=2 members equals L_min: True
F : for all 0<=n<m<=10, lgg(Ind psi_n, Ind psi_m) == K_n and J*_n is a false instance: True
   K_0 = ((v0+0=v0 & Ax.(v0+x=v1 -> v0+Sx=Sv1)) -> Ax.v0+x=v1)
   J*_0 = ((0+0=0 & Ax.(0+x=0 -> 0+Sx=S0)) -> Ax.0+x=0)
H_k: D = {Ind phi_0..Ind phi_N}; is I*_N in every minimal member of VS_{H_k}(D) (i.e. in cap VS)?
   N+1=2 k=1 partitions=1  I*_N in cap VS: True
   N+1=3 k=1 partitions=1  I*_N in cap VS: True
   N+1=3 k=2 partitions=4  I*_N in cap VS: True
   N+1=4 k=1 partitions=1  I*_N in cap VS: True
   N+1=4 k=2 partitions=8  I*_N in cap VS: True
   N+1=4 k=3 partitions=14  I*_N in cap VS: True
   N+1=5 k=1 partitions=1  I*_N in cap VS: True
   N+1=5 k=2 partitions=16  I*_N in cap VS: True
   N+1=5 k=3 partitions=41  I*_N in cap VS: True
   N+1=5 k=4 partitions=51  I*_N in cap VS: True
   N+1=6 k=1 partitions=1  I*_N in cap VS: True
   N+1=6 k=2 partitions=32  I*_N in cap VS: True
   N+1=6 k=3 partitions=122  I*_N in cap VS: True
   N+1=6 k=4 partitions=187  I*_N in cap VS: True
   N+1=6 k=5 partitions=202  I*_N in cap VS: True
   N+1=7 k=1 partitions=1  I*_N in cap VS: True
   N+1=7 k=2 partitions=64  I*_N in cap VS: True
   N+1=7 k=3 partitions=365  I*_N in cap VS: True
   N+1=7 k=4 partitions=715  I*_N in cap VS: True
   N+1=7 k=5 partitions=855  I*_N in cap VS: True
   N+1=7 k=6 partitions=876  I*_N in cap VS: True
   control: k=N+1=4, the all-singletons partition is a member of VS; I*_N in it: False
