F': for all 0<=n<m<=10, lgg(Ind phi_n, Ind phi_m) == L_n and I*_n is a false instance: True
   L_2 = (((0+(0+v0))=0 & Ax.((0+(0+v1))=x -> (0+(0+v2))=Sx)) -> Ax.(0+(0+v1))=x)
   I*_2 = (((0+(0+0))=0 & Ax.((0+(0+0))=x -> (0+(0+S0))=Sx)) -> Ax.(0+(0+0))=x)   true: False
F': I*_M is an instance of L_a for all a<=M<=10: True
F': lgg of each of the 247 subsets of {0..7} with >=2 members equals L_min: True
F : for all 0<=n<m<=10, lgg(Ind psi_n, Ind psi_m) == K_n and J*_n is a false instance: True
   K_0 = ((v0+0=v0 & Ax.(v0+x=v1 -> v0+Sx=Sv1)) -> Ax.v0+x=v1)
   J*_0 = ((0+0=0 & Ax.(0+x=0 -> 0+Sx=S0)) -> Ax.0+x=0)
H_k: D = {Ind phi_0..Ind phi_N}; is I*_N in every minimal member of VS_{H_k}(D) (i.e. in cap VS)?
   N+1=2 k=1 partitions=1  I*_N in cap VS: True
   N+1=3 k=1 partitions=1  I*_N in cap VS: True
   N+1=3 k=2 partitions=4  I*_N in cap VS: True
   N+1=4 k=1 partitions=1  I*_N in cap VS: True
   N+1=4 k=2 partitions=8  I*_N in cap VS: True
   N+1=4 k=3 partitions=14  I*_N in cap VS: True
   N+1=5 k=1 partitions=1  I*_N in cap VS: True
   N+1=5 k=2 partitions=16  I*_N in cap VS: True
   N+1=5 k=3 partitions=41  I*_N in cap VS: True
   N+1=5 k=4 partitions=51  I*_N in cap VS: True
   N+1=6 k=1 partitions=1  I*_N in cap VS: True
   N+1=6 k=2 partitions=32  I*_N in cap VS: True
   N+1=6 k=3 partitions=122  I*_N in cap VS: True
   N+1=6 k=4 partitions=187  I*_N in cap VS: True
   N+1=6 k=5 partitions=202  I*_N in cap VS: True
   N+1=7 k=1 partitions=1  I*_N in cap VS: True
   N+1=7 k=2 partitions=64  I*_N in cap VS: True
   N+1=7 k=3 partitions=365  I*_N in cap VS: True
   N+1=7 k=4 partitions=715  I*_N in cap VS: True
   N+1=7 k=5 partitions=855  I*_N in cap VS: True
   N+1=7 k=6 partitions=876  I*_N in cap VS: True
   control: k=N+1=4, the all-singletons partition is a member of VS; I*_N in it: False
== refutation of L_0 via its instance I*_0 (n=0)
   1   |- ((0=0 & Ax.(0=x -> S0=Sx)) -> Ax.0=x)            [schema:L]  value=0
   2   |- 0=0                                              [leaf]  value=1
   4   0=x |- 0=x                                              [assume]  value=1
   5   0=x |- S0=Sx                                            [congS 4]  value=1
   7   |- (0=x -> S0=Sx)                                   [impI 5]  value=1
   8   |- Ax.(0=x -> S0=Sx)                                [allI 7]  value=1
   9   |- (0=0 & Ax.(0=x -> S0=Sx))                        [andI 2,8]  value=1
   10  |- Ax.0=x                                           [impE 1,9]  value=0
   11  |- 0=S0                                             [allE 10]  value=0
   descent path: 11 -> 10 -> 1 | outputs step 1 (schema)
   size (symbols of distinct judgments, contexts included) = 82
== refutation of L_1 via its instance I*_1 (n=1)
   1   |- ((0+0=0 & Ax.(0+0=x -> 0+S0=Sx)) -> Ax.0+0=x)    [schema:L]  value=0
   2   |- 0+0=0                                            [leaf]  value=1
   3   |- 0+S0=S((0+0))                                    [leaf]  value=1
   4   0+0=x |- 0+0=x                                            [assume]  value=1
   5   0+0=x |- S((0+0))=Sx                                      [congS 4]  value=1
   6   0+0=x |- 0+S0=Sx                                          [trans 3,5]  value=1
   7   |- (0+0=x -> 0+S0=Sx)                               [impI 6]  value=1
   8   |- Ax.(0+0=x -> 0+S0=Sx)                            [allI 7]  value=1
   9   |- (0+0=0 & Ax.(0+0=x -> 0+S0=Sx))                  [andI 2,8]  value=1
   10  |- Ax.0+0=x                                         [impE 1,9]  value=0
   11  |- 0+0=S0                                           [allE 10]  value=0
   descent path: 11 -> 10 -> 1 | outputs step 1 (schema)
   size (symbols of distinct judgments, contexts included) = 139
== I*_2
   1   |- (((0+(0+0))=0 & Ax.((0+(0+0))=x -> (0+(0+S0))=Sx)) -> Ax.(0+(0+0))=x) [schema:L]  value=0
   2   |- (0+(0+0))=0                                      [leaf]  value=1
   3   |- (0+(0+S0))=S((0+(0+0)))                          [leaf]  value=1
   4   (0+(0+0))=x |- (0+(0+0))=x                                      [assume]  value=1
   5   (0+(0+0))=x |- S((0+(0+0)))=Sx                                  [congS 4]  value=1
   6   (0+(0+0))=x |- (0+(0+S0))=Sx                                    [trans 3,5]  value=1
   7   |- ((0+(0+0))=x -> (0+(0+S0))=Sx)                   [impI 6]  value=1
   8   |- Ax.((0+(0+0))=x -> (0+(0+S0))=Sx)                [allI 7]  value=1
   9   |- ((0+(0+0))=0 & Ax.((0+(0+0))=x -> (0+(0+S0))=Sx)) [andI 2,8]  value=1
   10  |- Ax.(0+(0+0))=x                                   [impE 1,9]  value=0
   11  |- (0+(0+0))=S0                                     [allE 10]  value=0
   descent path: 11 -> 10 -> 1 | outputs step 1 (schema)
   size (symbols of distinct judgments, contexts included) = 183
== I*_3
   1   |- (((0+(0+(0+0)))=0 & Ax.((0+(0+(0+0)))=x -> (0+(0+(0+S0)))=Sx)) -> Ax.(0+(0+(0+0)))=x) [schema:L]  value=0
   2   |- (0+(0+(0+0)))=0                                  [leaf]  value=1
   3   |- (0+(0+(0+S0)))=S((0+(0+(0+0))))                  [leaf]  value=1
   4   (0+(0+(0+0)))=x |- (0+(0+(0+0)))=x                                  [assume]  value=1
   5   (0+(0+(0+0)))=x |- S((0+(0+(0+0))))=Sx                              [congS 4]  value=1
   6   (0+(0+(0+0)))=x |- (0+(0+(0+S0)))=Sx                                [trans 3,5]  value=1
   7   |- ((0+(0+(0+0)))=x -> (0+(0+(0+S0)))=Sx)           [impI 6]  value=1
   8   |- Ax.((0+(0+(0+0)))=x -> (0+(0+(0+S0)))=Sx)        [allI 7]  value=1
   9   |- ((0+(0+(0+0)))=0 & Ax.((0+(0+(0+0)))=x -> (0+(0+(0+S0)))=Sx)) [andI 2,8]  value=1
   10  |- Ax.(0+(0+(0+0)))=x                               [impE 1,9]  value=0
   11  |- (0+(0+(0+0)))=S0                                 [allE 10]  value=0
   descent path: 11 -> 10 -> 1 | outputs step 1 (schema)
   size (symbols of distinct judgments, contexts included) = 227
== I*_4
   1   |- (((0+(0+(0+(0+0))))=0 & Ax.((0+(0+(0+(0+0))))=x -> (0+(0+(0+(0+S0))))=Sx)) -> Ax.(0+(0+(0+(0+0))))=x) [schema:L]  value=0
   2   |- (0+(0+(0+(0+0))))=0                              [leaf]  value=1
   3   |- (0+(0+(0+(0+S0))))=S((0+(0+(0+(0+0)))))          [leaf]  value=1
   4   (0+(0+(0+(0+0))))=x |- (0+(0+(0+(0+0))))=x                              [assume]  value=1
   5   (0+(0+(0+(0+0))))=x |- S((0+(0+(0+(0+0)))))=Sx                          [congS 4]  value=1
   6   (0+(0+(0+(0+0))))=x |- (0+(0+(0+(0+S0))))=Sx                            [trans 3,5]  value=1
   7   |- ((0+(0+(0+(0+0))))=x -> (0+(0+(0+(0+S0))))=Sx)   [impI 6]  value=1
   8   |- Ax.((0+(0+(0+(0+0))))=x -> (0+(0+(0+(0+S0))))=Sx) [allI 7]  value=1
   9   |- ((0+(0+(0+(0+0))))=0 & Ax.((0+(0+(0+(0+0))))=x -> (0+(0+(0+(0+S0))))=Sx)) [andI 2,8]  value=1
   10  |- Ax.(0+(0+(0+(0+0))))=x                           [impE 1,9]  value=0
   11  |- (0+(0+(0+(0+0))))=S0                             [allE 10]  value=0
   descent path: 11 -> 10 -> 1 | outputs step 1 (schema)
   size (symbols of distinct judgments, contexts included) = 271
== I*_5
   1   |- (((0+(0+(0+(0+(0+0)))))=0 & Ax.((0+(0+(0+(0+(0+0)))))=x -> (0+(0+(0+(0+(0+S0)))))=Sx)) -> Ax.(0+(0+(0+(0+(0+0)))))=x) [schema:L]  value=0
   2   |- (0+(0+(0+(0+(0+0)))))=0                          [leaf]  value=1
   3   |- (0+(0+(0+(0+(0+S0)))))=S((0+(0+(0+(0+(0+0))))))  [leaf]  value=1
   4   (0+(0+(0+(0+(0+0)))))=x |- (0+(0+(0+(0+(0+0)))))=x                          [assume]  value=1
   5   (0+(0+(0+(0+(0+0)))))=x |- S((0+(0+(0+(0+(0+0))))))=Sx                      [congS 4]  value=1
   6   (0+(0+(0+(0+(0+0)))))=x |- (0+(0+(0+(0+(0+S0)))))=Sx                        [trans 3,5]  value=1
   7   |- ((0+(0+(0+(0+(0+0)))))=x -> (0+(0+(0+(0+(0+S0)))))=Sx) [impI 6]  value=1
   8   |- Ax.((0+(0+(0+(0+(0+0)))))=x -> (0+(0+(0+(0+(0+S0)))))=Sx) [allI 7]  value=1
   9   |- ((0+(0+(0+(0+(0+0)))))=0 & Ax.((0+(0+(0+(0+(0+0)))))=x -> (0+(0+(0+(0+(0+S0)))))=Sx)) [andI 2,8]  value=1
   10  |- Ax.(0+(0+(0+(0+(0+0)))))=x                       [impE 1,9]  value=0
   11  |- (0+(0+(0+(0+(0+0)))))=S0                         [allE 10]  value=0
   descent path: 11 -> 10 -> 1 | outputs step 1 (schema)
   size (symbols of distinct judgments, contexts included) = 315
sizes of the I*_n refutations, n=0..5: {0: 82, 1: 139, 2: 183, 3: 227, 4: 271, 5: 315}  increments: [57, 44, 44, 44, 44]
== L_inf via (0=0 & Ax(0=S0 -> 0=S0)) -> Ax(0=S0)
   1   |- ((0=0 & Ax.(0=S0 -> 0=S0)) -> Ax.0=S0)           [schema:Linf]  value=0
   2   |- 0=0                                              [refl]  value=1
   3   0=S0 |- 0=S0                                             [assume]  value=1
   4   |- (0=S0 -> 0=S0)                                   [impI 3]  value=1
   5   |- Ax.(0=S0 -> 0=S0)                                [allI 4]  value=1
   6   |- (0=0 & Ax.(0=S0 -> 0=S0))                        [andI 2,5]  value=1
   7   |- Ax.0=S0                                          [impE 1,6]  value=0
   8   |- 0=S0                                             [allE 7]  value=0
   descent path: 8 -> 7 -> 1 | outputs step 1 (schema)
   size (symbols of distinct judgments, contexts included) = 78
== family F, K_0 via J*_0, empty position (Q3 a practice axiom)
   1   |- ((0+0=0 & Ax.(0+x=0 -> 0+Sx=S0)) -> Ax.0+x=0)    [schema:K]  value=-
   2   |- 0+0=0                                            [leaf]  value=1
   3   |- Ax.Ay.x+Sy=S((x+y))                              [schema:Q3]  value=-
   4   |- Ay.0+Sy=S((0+y))                                 [allE 3]  value=-
   5   |- 0+Sx=S((0+x))                                    [allE 4]  value=-
   6   0+x=0 |- 0+x=0                                            [assume]  value=1
   7   0+x=0 |- S((0+x))=S0                                      [congS 6]  value=1
   8   0+x=0 |- 0+Sx=S0                                          [trans 5,7]  value=-
   9   |- (0+x=0 -> 0+Sx=S0)                               [impI 8]  value=-
   10  |- Ax.(0+x=0 -> 0+Sx=S0)                            [allI 9]  value=-
   11  |- (0+0=0 & Ax.(0+x=0 -> 0+Sx=S0))                  [andI 2,10]  value=-
   12  |- Ax.0+x=0                                         [impE 1,11]  value=0
   13  |- 0+S0=0                                           [allE 12]  value=0
   descent path: 13 -> 12 | blocked
   blocked: only the bag of untrusted steps is condemned: ['K', 'Q3']
   size (symbols of distinct judgments, contexts included) = 163
== family F, K_0 via J*_0, position asserting Q3 designated
   1   |- ((0+0=0 & Ax.(0+x=0 -> 0+Sx=S0)) -> Ax.0+x=0)    [schema:K]  value=0
   2   |- 0+0=0                                            [leaf]  value=1
   3   |- Ax.Ay.x+Sy=S((x+y))                              [schema:Q3]  value=1
   4   |- Ay.0+Sy=S((0+y))                                 [allE 3]  value=1
   5   |- 0+Sx=S((0+x))                                    [allE 4]  value=1
   6   0+x=0 |- 0+x=0                                            [assume]  value=1
   7   0+x=0 |- S((0+x))=S0                                      [congS 6]  value=1
   8   0+x=0 |- 0+Sx=S0                                          [trans 5,7]  value=1
   9   |- (0+x=0 -> 0+Sx=S0)                               [impI 8]  value=1
   10  |- Ax.(0+x=0 -> 0+Sx=S0)                            [allI 9]  value=1
   11  |- (0+0=0 & Ax.(0+x=0 -> 0+Sx=S0))                  [andI 2,10]  value=1
   12  |- Ax.0+x=0                                         [impE 1,11]  value=0
   13  |- 0+S0=0                                           [allE 12]  value=0
   descent path: 13 -> 12 -> 1 | outputs step 1 (schema)
   size (symbols of distinct judgments, contexts included) = 163
compressed refutation sizes (|pi|, |I*_n|) for n=0..5: [(64, 21), (92, 29), (120, 37), (148, 45), (176, 53), (204, 61)]
