== (a) T_ind against every pool instance: unique solution, recovered motive ==
T_ind = ((P(0) & Ax.(P(x) -> P(Sx))) -> Ax.P(x)) | determinate: True | size 14
all 27 pool instances matched with exactly one solution, P = motive: True

== (b) non-instances ==
s*                         ((0=0 & Ax.(x=x -> Sx=Sx)) -> Ax.x=0)                        in inst(T_ind): False   true in N: False
I*_1 (Track B)             ((0+0=0 & Ax.(0+0=x -> 0+S0=Sx)) -> Ax.0+0=x)                in inst(T_ind): False   true in N: False
L_inf instance (Track B)   ((0=0 & Ax.(0=S0 -> 0=S0)) -> Ax.0=S0)                       in inst(T_ind): False   true in N: False

== (c) non-pattern occurrences: number of matchers ==
P(0) vs a sentence with  2 occurrences of 0:     4 matchers (2^2 = 4)
P(0) vs a sentence with  4 occurrences of 0:    16 matchers (2^4 = 16)
P(0) vs a sentence with  6 occurrences of 0:    64 matchers (2^6 = 64)
P(0) vs a sentence with  8 occurrences of 0:   256 matchers (2^8 = 256)
P(0) vs a sentence with 10 occurrences of 0:  1024 matchers (2^10 = 1024)
P(0) vs a sentence with 12 occurrences of 0:  4096 matchers (2^12 = 4096)
T_S = ((P(S0) & Ax.(P(Sx) -> P(SSx))) -> Ax.P(Sx)) | determinate: False
  T_S vs Ind(Sx=S0): covered, matchers {'P': 1}, P = y=S0
  T_S vs Ind(~Sx=0): covered, matchers {'P': 1}, P = ~y=0
  T_S vs Ind(x=x): not covered
  T_S vs Ind(Sx=x): not covered
(P(0) & B) -> C  vs Ind(0+x=x): matchers per metavariable {'P': 8, 'B': 1, 'C': 1}

== (d) timing: determinate matching is linear-time in practice ==
motive size     23, instance size    108: covers=True, 0.0001 s
motive size    203, instance size    918: covers=True, 0.0005 s
motive size   2003, instance size   9018: covers=True, 0.0047 s
motive size  20003, instance size  90018: covers=True, 0.0568 s
motive size 200003, instance size 900018: covers=True, 0.5053 s
