(a) SO° templates of size <= 14 covering {Ind(x=x), Ind(~x=0)}: 7803 (determinate 26, non-determinate 7777)
predicted frame generalizations (Theorem C3): 26 | equal to the enumerated determinate set: True
every determinate covering template is >= T_ind (subsumption check): True
    1  P0
    3  (P0 -> P1)
    5  ((P0 & P1) -> P2)
    5  (P0 -> Ax.P1(x))
    7  ((P0 & Ax.P1(x)) -> P2)
    7  ((P0 & P1) -> Ax.P2(x))
    8  ((P0(0) & P1) -> Ax.P0(x))
    9  ((P0 & Ax.P1(x)) -> Ax.P2(x))
   10  ((P0 & Ax.(P1(x) -> P2(x))) -> P3)
   10  ((P0(0) & Ax.P1(x)) -> Ax.P0(x))
   11  ((P0 & Ax.(P1(x) -> P1(Sx))) -> P2)
   11  ((P0(0) & Ax.(P0(x) -> P1(x))) -> P2)
   12  ((P0 & Ax.(P1(x) -> P2(x))) -> Ax.P1(x))
   12  ((P0 & Ax.(P1(x) -> P2(x))) -> Ax.P3(x))
   12  ((P0(0) & Ax.(P0(x) -> P0(Sx))) -> P1)
   13  ((P0 & Ax.(P1(x) -> P1(Sx))) -> Ax.P1(x))
   13  ((P0 & Ax.(P1(x) -> P1(Sx))) -> Ax.P2(x))
   13  ((P0 & Ax.(P1(x) -> P2(Sx))) -> Ax.P2(x))
   13  ((P0(0) & Ax.(P0(x) -> P1(x))) -> Ax.P0(x))
   13  ((P0(0) & Ax.(P0(x) -> P1(x))) -> Ax.P2(x))
   13  ((P0(0) & Ax.(P1(x) -> P2(x))) -> Ax.P0(x))
   14  ((P0(0) & Ax.(P0(x) -> P0(Sx))) -> Ax.P0(x))
   14  ((P0(0) & Ax.(P0(x) -> P0(Sx))) -> Ax.P1(x))
   14  ((P0(0) & Ax.(P0(x) -> P1(Sx))) -> Ax.P1(x))
   14  ((P0(0) & Ax.(P1(x) -> P0(Sx))) -> Ax.P0(x))
   14  ((P0(0) & Ax.(P1(x) -> P1(Sx))) -> Ax.P0(x))
non-determinate covering templates: 7777; >= T_ind: 7777; missing some held-out instance: 0

(b) intersection of the DT_s templates containing Ind
candidate non-induction frame sentences: 2406
  s= 1: |DT_s templates containing Ind| =  1; surviving candidates 2406 (false:  427); s* survives: True
  s= 2: |DT_s templates containing Ind| =  1; surviving candidates 2406 (false:  427); s* survives: True
  s= 3: |DT_s templates containing Ind| =  2; surviving candidates 2406 (false:  427); s* survives: True
  s= 4: |DT_s templates containing Ind| =  2; surviving candidates 2406 (false:  427); s* survives: True
  s= 5: |DT_s templates containing Ind| =  4; surviving candidates 2406 (false:  427); s* survives: True
  s= 6: |DT_s templates containing Ind| =  4; surviving candidates 2406 (false:  427); s* survives: True
  s= 7: |DT_s templates containing Ind| =  6; surviving candidates 2406 (false:  427); s* survives: True
  s= 8: |DT_s templates containing Ind| =  7; surviving candidates  924 (false:  137); s* survives: True
  s= 9: |DT_s templates containing Ind| =  8; surviving candidates  924 (false:  137); s* survives: True
  s=10: |DT_s templates containing Ind| = 10; surviving candidates  924 (false:  137); s* survives: True
  s=11: |DT_s templates containing Ind| = 12; surviving candidates   36 (false:   10); s* survives: True
        smallest false survivors at s=11: ['((0=0 & Ax.(0=0 -> 0=0)) -> Ax.0=x)', '((0=0 & Ax.(0=0 -> 0=0)) -> Ax.x=0)', '((0=0 & Ax.(x=x -> Sx=Sx)) -> Ax.0=x)']
  s=12: |DT_s templates containing Ind| = 15; surviving candidates    0 (false:    0); s* survives: False
  s=13: |DT_s templates containing Ind| = 21; surviving candidates    0 (false:    0); s* survives: False
  s=14: |DT_s templates containing Ind| = 26; surviving candidates    0 (false:    0); s* survives: False

   s* = ((0=0 & Ax.(x=x -> Sx=Sx)) -> Ax.x=0)  true in N: False
    8 ((P(0) & B) -> Ax.P(x))                                 covers s*: True
   11 ((A & Ax.(P(x) -> P(Sx))) -> C)                         covers s*: True
   12 ((A & Ax.(P(x) -> Q(x))) -> Ax.P(x))                    covers s*: False
non-determinate SO° templates of size <= 11 covering all held-out instances: 1329; all contain s*: True
time 28.8 s
