SMAX = 14; 27 singletons, 351 pairs; 226 s
undetermined templates (neither >= T_ind nor missing a held-out instance): 0

== singletons: anchors in DT: 0 / 27, in SO°: 0 / 27
   x=x              smallest determinate bad template: 6 (P0 -> Ax.x=x)  (misses ((0=0 & Ax.(x=0 -> Sx=0)) -> Ax.x=0))
   x=0              smallest determinate bad template: 6 (P0 -> Ax.x=0)  (misses ((0=0 & Ax.(x=x -> Sx=Sx)) -> Ax.x=x))
   0=x              smallest determinate bad template: 6 (P0 -> Ax.0=x)  (misses ((0=0 & Ax.(x=x -> Sx=Sx)) -> Ax.x=x))
   0=0              smallest determinate bad template: 4 (P0 -> Ax.P1)  (misses ((0=0 & Ax.(x=x -> Sx=Sx)) -> Ax.x=x))
   Sx=x             smallest determinate bad template: 7 ((f0=0 & P0) -> P1)  (misses ((S0=S0 & Ax.(Sx=S0 -> SSx=S0)) -> Ax.Sx=S0))
   x+0=x            smallest determinate bad template: 7 ((f0=0 & P0) -> P1)  (misses ((S0=S0 & Ax.(Sx=S0 -> SSx=S0)) -> Ax.Sx=S0))
   0+x=x            smallest determinate bad template: 7 ((f0=0 & P0) -> P1)  (misses ((S0=S0 & Ax.(Sx=S0 -> SSx=S0)) -> Ax.Sx=S0))
   x+x=x            smallest determinate bad template: 7 ((f0=0 & P0) -> P1)  (misses ((S0=S0 & Ax.(Sx=S0 -> SSx=S0)) -> Ax.Sx=S0))
   Sx=S0            smallest determinate bad template: 7 ((f0=f0 & P0) -> P1)  (misses ((S0=0 & Ax.(Sx=x -> SSx=Sx)) -> Ax.Sx=x))
   Sx=0             smallest determinate bad template: 7 ((f0=0 & P0) -> P1)  (misses ((S0=S0 & Ax.(Sx=S0 -> SSx=S0)) -> Ax.Sx=S0))
   x+0=0            smallest determinate bad template: 7 ((f0=0 & P0) -> P1)  (misses ((S0=S0 & Ax.(Sx=S0 -> SSx=S0)) -> Ax.Sx=S0))
   S0=0             smallest determinate bad template: 4 (P0 -> Ax.P1)  (misses ((0=0 & Ax.(x=x -> Sx=Sx)) -> Ax.x=x))
   ~x=0             smallest determinate bad template: 6 ((~P0 & P1) -> P2)  (misses ((0=0 & Ax.(x=x -> Sx=Sx)) -> Ax.x=x))
   ~Sx=0            smallest determinate bad template: 6 ((~P0 & P1) -> P2)  (misses ((0=0 & Ax.(x=x -> Sx=Sx)) -> Ax.x=x))
   ~x=Sx            smallest determinate bad template: 6 ((~P0 & P1) -> P2)  (misses ((0=0 & Ax.(x=x -> Sx=Sx)) -> Ax.x=x))
   ~0=S0            smallest determinate bad template: 4 (P0 -> Ax.P1)  (misses ((0=0 & Ax.(x=x -> Sx=Sx)) -> Ax.x=x))
   ~x+0=S0          smallest determinate bad template: 6 ((~P0 & P1) -> P2)  (misses ((0=0 & Ax.(x=x -> Sx=Sx)) -> Ax.x=x))
   x=0&x=x          smallest determinate bad template: 7 (((P0 & P0) & P1) -> P2)  (misses ((0=0 & Ax.(x=x -> Sx=Sx)) -> Ax.x=x))
   x=x->x=0         smallest determinate bad template: 7 (((P0 -> P0) & P1) -> P2)  (misses ((0=0 & Ax.(x=x -> Sx=Sx)) -> Ax.x=x))
   0=0&x=x          smallest determinate bad template: 7 (((P0 & P0) & P1) -> P2)  (misses ((0=0 & Ax.(x=x -> Sx=Sx)) -> Ax.x=x))
   Sx=0->0=S0       smallest determinate bad template: 7 (((P0 -> P1) & P2) -> P3)  (misses ((0=0 & Ax.(x=x -> Sx=Sx)) -> Ax.x=x))
   0=0->0=0         smallest determinate bad template: 4 (P0 -> Ax.P1)  (misses ((0=0 & Ax.(x=x -> Sx=Sx)) -> Ax.x=x))
   Ay.y+x=x+y       smallest determinate bad template: 7 ((Ax.P0(x) & P1) -> P2)  (misses ((0=0 & Ax.(x=x -> Sx=Sx)) -> Ax.x=x))
   Ay.(x=y->y=x)    smallest determinate bad template: 7 ((Ax.P0(x) & P1) -> P2)  (misses ((0=0 & Ax.(x=x -> Sx=Sx)) -> Ax.x=x))
   Ay.~Sy=x         smallest determinate bad template: 7 ((Ax.P0(x) & P1) -> P2)  (misses ((0=0 & Ax.(x=x -> Sx=Sx)) -> Ax.x=x))
   Ay.y=y           smallest determinate bad template: 4 (P0 -> Ax.P1)  (misses ((0=0 & Ax.(x=x -> Sx=Sx)) -> Ax.x=x))
   Ay.y+Sx=S(y+x)   smallest determinate bad template: 7 ((Ax.P0(x) & P1) -> P2)  (misses ((0=0 & Ax.(x=x -> Sx=Sx)) -> Ax.x=x))

== pairs ==
DT-anchor  == (R)&(N): 351 / 351 pairs
SO°-anchor == (R)&(B): 351 / 351 pairs
(R,N,B, DT-anchor, SO-anchor): count
    (False, False, False, False, False) 1
    (False, True, False, False, False) 13
    (False, True, True, False, False) 76
    (True, False, False, False, False) 9
    (True, True, False, True, False) 32
    (True, True, True, True, True) 220

examples of smallest bad templates per failure type:
  pair ('0=0', 'S0=0')  R=False N=False B=False
     determinate bad    : 4 (P0 -> Ax.P1)  (misses ((0=0 & Ax.(x=x -> Sx=Sx)) -> Ax.x=x))
     non-determinate bad: 5 (P0 -> Ax.P1(0))  (misses ((0=0 & Ax.(x=x -> Sx=Sx)) -> Ax.x=x))
  pair ('0=0', 'Sx=S0')  R=False N=True B=False
     determinate bad    : 7 ((f0=f0 & P0) -> P1)  (misses ((S0=0 & Ax.(Sx=x -> SSx=Sx)) -> Ax.Sx=x))
     non-determinate bad: 6 (P0 -> Ax.P1(Sx))  (misses ((0=0 & Ax.(x=x -> Sx=Sx)) -> Ax.x=x))
  pair ('x=x', 'x=0')  R=False N=True B=True
     determinate bad    : 7 ((0=0 & P0) -> P1)  (misses ((S0=0 & Ax.(Sx=x -> SSx=Sx)) -> Ax.Sx=x))
     non-determinate bad: 8 ((0=0 & P0(0)) -> P1)  (misses ((S0=0 & Ax.(Sx=x -> SSx=Sx)) -> Ax.Sx=x))
  pair ('0=0', '~0=S0')  R=True N=False B=False
     determinate bad    : 4 (P0 -> Ax.P1)  (misses ((0=0 & Ax.(x=x -> Sx=Sx)) -> Ax.x=x))
     non-determinate bad: 5 (P0 -> Ax.P1(0))  (misses ((0=0 & Ax.(x=x -> Sx=Sx)) -> Ax.x=x))
  pair ('0=0', '~Sx=0')  R=True N=True B=False
     non-determinate bad: 6 (P0 -> Ax.P1(Sx))  (misses ((0=0 & Ax.(x=x -> Sx=Sx)) -> Ax.x=x))
  pair ('x=x', '~x=0')  R=True N=True B=True

(R)&(N) pairs that are not SO°-anchors (all fail (B)):
   ('0=0', '~Sx=0')             B=False  #bad=2588  smallest: 6 (P0 -> Ax.P1(Sx)) (misses ((0=0 & Ax.(x=x -> Sx=Sx)) -> Ax.x=x))
   ('0=0', '~x+0=S0')           B=False  #bad= 807  smallest: 7 (P0 -> Ax.P1((x+0))) (misses ((0=0 & Ax.(x=x -> Sx=Sx)) -> Ax.x=x))
   ('0=0', 'Sx=0->0=S0')        B=False  #bad=2588  smallest: 6 (P0 -> Ax.P1(Sx)) (misses ((0=0 & Ax.(x=x -> Sx=Sx)) -> Ax.x=x))
   ('Sx=S0', '~Sx=0')           B=False  #bad=2588  smallest: 6 (P0 -> Ax.P1(Sx)) (misses ((0=0 & Ax.(x=x -> Sx=Sx)) -> Ax.x=x))
   ('Sx=S0', '~0=S0')           B=False  #bad=2588  smallest: 6 (P0 -> Ax.P1(Sx)) (misses ((0=0 & Ax.(x=x -> Sx=Sx)) -> Ax.x=x))
   ('Sx=S0', '~x+0=S0')         B=False  #bad= 138  smallest: 9 (P0 -> Ax.P1((x+0),Sx)) (misses ((0=0 & Ax.(x=x -> Sx=Sx)) -> Ax.x=x))
   ('Sx=S0', 'Sx=0->0=S0')      B=False  #bad=2588  smallest: 6 (P0 -> Ax.P1(Sx)) (misses ((0=0 & Ax.(x=x -> Sx=Sx)) -> Ax.x=x))
   ('Sx=S0', '0=0->0=0')        B=False  #bad=2588  smallest: 6 (P0 -> Ax.P1(Sx)) (misses ((0=0 & Ax.(x=x -> Sx=Sx)) -> Ax.x=x))
   ('Sx=S0', 'Ay.y=y')          B=False  #bad=2588  smallest: 6 (P0 -> Ax.P1(Sx)) (misses ((0=0 & Ax.(x=x -> Sx=Sx)) -> Ax.x=x))
   ('Sx=0', '~Sx=0')            B=False  #bad=2588  smallest: 6 (P0 -> Ax.P1(Sx)) (misses ((0=0 & Ax.(x=x -> Sx=Sx)) -> Ax.x=x))
   ('Sx=0', '~0=S0')            B=False  #bad=2588  smallest: 6 (P0 -> Ax.P1(Sx)) (misses ((0=0 & Ax.(x=x -> Sx=Sx)) -> Ax.x=x))
   ('Sx=0', '~x+0=S0')          B=False  #bad= 138  smallest: 9 (P0 -> Ax.P1((x+0),Sx)) (misses ((0=0 & Ax.(x=x -> Sx=Sx)) -> Ax.x=x))
   ('Sx=0', 'Sx=0->0=S0')       B=False  #bad=2588  smallest: 6 (P0 -> Ax.P1(Sx)) (misses ((0=0 & Ax.(x=x -> Sx=Sx)) -> Ax.x=x))
   ('Sx=0', '0=0->0=0')         B=False  #bad=2588  smallest: 6 (P0 -> Ax.P1(Sx)) (misses ((0=0 & Ax.(x=x -> Sx=Sx)) -> Ax.x=x))
   ('Sx=0', 'Ay.y=y')           B=False  #bad=2588  smallest: 6 (P0 -> Ax.P1(Sx)) (misses ((0=0 & Ax.(x=x -> Sx=Sx)) -> Ax.x=x))
   ('x+0=0', '~Sx=0')           B=False  #bad= 138  smallest: 9 (P0 -> Ax.P1((x+0),Sx)) (misses ((0=0 & Ax.(x=x -> Sx=Sx)) -> Ax.x=x))
   ('x+0=0', '~0=S0')           B=False  #bad= 807  smallest: 7 (P0 -> Ax.P1((x+0))) (misses ((0=0 & Ax.(x=x -> Sx=Sx)) -> Ax.x=x))
   ('x+0=0', '~x+0=S0')         B=False  #bad= 807  smallest: 7 (P0 -> Ax.P1((x+0))) (misses ((0=0 & Ax.(x=x -> Sx=Sx)) -> Ax.x=x))
   ('x+0=0', 'Sx=0->0=S0')      B=False  #bad= 138  smallest: 9 (P0 -> Ax.P1((x+0),Sx)) (misses ((0=0 & Ax.(x=x -> Sx=Sx)) -> Ax.x=x))
   ('x+0=0', '0=0->0=0')        B=False  #bad= 807  smallest: 7 (P0 -> Ax.P1((x+0))) (misses ((0=0 & Ax.(x=x -> Sx=Sx)) -> Ax.x=x))
   ('x+0=0', 'Ay.y=y')          B=False  #bad= 807  smallest: 7 (P0 -> Ax.P1((x+0))) (misses ((0=0 & Ax.(x=x -> Sx=Sx)) -> Ax.x=x))
   ('S0=0', '~Sx=0')            B=False  #bad=2588  smallest: 6 (P0 -> Ax.P1(Sx)) (misses ((0=0 & Ax.(x=x -> Sx=Sx)) -> Ax.x=x))
   ('S0=0', '~x+0=S0')          B=False  #bad= 807  smallest: 7 (P0 -> Ax.P1((x+0))) (misses ((0=0 & Ax.(x=x -> Sx=Sx)) -> Ax.x=x))
   ('S0=0', 'Sx=0->0=S0')       B=False  #bad=2588  smallest: 6 (P0 -> Ax.P1(Sx)) (misses ((0=0 & Ax.(x=x -> Sx=Sx)) -> Ax.x=x))
   ('~Sx=0', 'Sx=0->0=S0')      B=False  #bad=2588  smallest: 6 (P0 -> Ax.P1(Sx)) (misses ((0=0 & Ax.(x=x -> Sx=Sx)) -> Ax.x=x))
   ('~Sx=0', '0=0->0=0')        B=False  #bad=2588  smallest: 6 (P0 -> Ax.P1(Sx)) (misses ((0=0 & Ax.(x=x -> Sx=Sx)) -> Ax.x=x))
   ('~Sx=0', 'Ay.y=y')          B=False  #bad=2588  smallest: 6 (P0 -> Ax.P1(Sx)) (misses ((0=0 & Ax.(x=x -> Sx=Sx)) -> Ax.x=x))
   ('~0=S0', 'Sx=0->0=S0')      B=False  #bad=2588  smallest: 6 (P0 -> Ax.P1(Sx)) (misses ((0=0 & Ax.(x=x -> Sx=Sx)) -> Ax.x=x))
   ('~x+0=S0', 'Sx=0->0=S0')    B=False  #bad= 138  smallest: 9 (P0 -> Ax.P1((x+0),Sx)) (misses ((0=0 & Ax.(x=x -> Sx=Sx)) -> Ax.x=x))
   ('~x+0=S0', '0=0->0=0')      B=False  #bad= 807  smallest: 7 (P0 -> Ax.P1((x+0))) (misses ((0=0 & Ax.(x=x -> Sx=Sx)) -> Ax.x=x))
   ('~x+0=S0', 'Ay.y=y')        B=False  #bad= 807  smallest: 7 (P0 -> Ax.P1((x+0))) (misses ((0=0 & Ax.(x=x -> Sx=Sx)) -> Ax.x=x))
   ('Sx=0->0=S0', 'Ay.y=y')     B=False  #bad=2588  smallest: 6 (P0 -> Ax.P1(Sx)) (misses ((0=0 & Ax.(x=x -> Sx=Sx)) -> Ax.x=x))
total covering templates enumerated: 4645193
