EXIT 0
D = ['x=x', 'x+0=x'], size bound 23: 924 determinate covering templates; minimal up to equivalence: 1  (13 s)
    23 ((f0(0)=0 & Ax.(f0(x)=x -> f0(Sx)=Sx)) -> Ax.f0(x)=x)   >= ... is an instance of T_ind (T_ind >= T): True
D = ['x=x', '0=x'], size bound 23: 2010 determinate covering templates; minimal up to equivalence: 8  (22 s)
    19 ((f0(0)=f0(0) & Ax.(P0(x) -> P0(Sx))) -> Ax.f0(x)=x)   >= ... is an instance of T_ind (T_ind >= T): False
    23 ((0=f0(0) & Ax.(f0(x)=x -> f0(Sx)=Sx)) -> Ax.f0(x)=x)   >= ... is an instance of T_ind (T_ind >= T): False
    23 ((f0(0)=0 & Ax.(f0(x)=x -> f0(Sx)=Sx)) -> Ax.f0(x)=x)   >= ... is an instance of T_ind (T_ind >= T): True
    19 ((f0(0)=f0(0) & Ax.(f0(x)=x -> P0(Sx))) -> Ax.P0(x))   >= ... is an instance of T_ind (T_ind >= T): False
    23 ((f0(0)=f0(0) & Ax.(f0(x)=x -> f1(x)=Sx)) -> Ax.f0(x)=x)   >= ... is an instance of T_ind (T_ind >= T): False
    22 ((0=0 & Ax.(f0(x)=x -> f0(Sx)=Sx)) -> Ax.f0(x)=x)   >= ... is an instance of T_ind (T_ind >= T): False
    22 ((f0(0)=f0(0) & Ax.(P0(x) -> f0(Sx)=Sx)) -> Ax.f0(x)=x)   >= ... is an instance of T_ind (T_ind >= T): False
    22 ((f0(0)=f0(0) & Ax.(f0(x)=x -> f0(Sx)=Sx)) -> Ax.P0(x))   >= ... is an instance of T_ind (T_ind >= T): False
D = ['x=0', 'Sx=0'], size bound 23: 7946 determinate covering templates; minimal up to equivalence: 2  (87 s)
    22 ((f0(0)=0 & Ax.(f0(x)=0 -> f0(Sx)=0)) -> Ax.f0(x)=0)   >= ... is an instance of T_ind (T_ind >= T): True
    22 ((f0(0)=0 & Ax.(f0(x)=0 -> Sf0(x)=0)) -> Ax.f0(x)=0)   >= ... is an instance of T_ind (T_ind >= T): False
D = ['0=0', '~0=S0'], size bound 16: 428 determinate covering templates; minimal up to equivalence: 1  (6 s)
     9 ((P0 & Ax.(P0 -> P0)) -> Ax.P0)   >= ... is an instance of T_ind (T_ind >= T): True
D = ['Ay.y+x=x+y', 'Ay.(x=y->y=x)'], size bound 22: 279 determinate covering templates; minimal up to equivalence: 1  (16 s)
    22 ((Ax.P0(0,x) & Ax.(Ay.P0(x,y) -> Ay.P0(Sx,y))) -> Ax.Ay.P0(x,y))   >= ... is an instance of T_ind (T_ind >= T): True
D = ['x=x'], size bound 19: 2881 determinate covering templates; minimal up to equivalence: 1  (12 s)
    19 ((0=0 & Ax.(x=x -> Sx=Sx)) -> Ax.x=x)   >= ... is an instance of T_ind (T_ind >= T): True

