pairs of q.f. motives of size <= 5 with x free in at least one: 2465
     108  no false instance found (sound or pool too small)
     134  unsound; NEITHER named instance and no closed-collapse instance
     388  unsound; NEITHER named instance, but a closed-collapse unblocked refutation exists
    1835  unsound; has I*_a or the L_inf instance
examples: unsound; has I*_a or the L_inf instance
    ('0=0', '0=x', '((0=0 & Ax.(0=v0 -> 0=v1)) -> Ax.0=v0)', '((0=0 & Ax.(0=S0 -> 0=0)) -> Ax.0=S0)')
    ('0=0', '0=Sx', '((0=v0 & Ax.(0=v1 -> 0=v2)) -> Ax.0=v1)', '((0=0 & Ax.(0=S0 -> 0=0)) -> Ax.0=S0)')
    ('0=0', 'S0=x', '((v0=0 & Ax.(v0=v1 -> v0=v2)) -> Ax.v0=v1)', '((0=0 & Ax.(0=S0 -> 0=0)) -> Ax.0=S0)')
    ('0=0', '~0=x', '((v0 & Ax.(v1 -> v2)) -> Ax.v1)', '((0=0 & Ax.(0=S0 -> 0=0)) -> Ax.0=S0)')
    ('0=0', '~x=0', '((v0 & Ax.(v1 -> v2)) -> Ax.v1)', '((0=0 & Ax.(0=S0 -> 0=0)) -> Ax.0=S0)')
    ('0=0', '~x=x', '((v0 & Ax.(v1 -> v2)) -> Ax.v1)', '((0=0 & Ax.(0=S0 -> 0=0)) -> Ax.0=S0)')
examples: unsound; NEITHER named instance, but a closed-collapse unblocked refutation exists
    ('0=0', 'x=0', '((0=0 & Ax.(v0=0 -> v1=0)) -> Ax.v0=0)', '((0=0 & Ax.(S0=0 -> 0=0)) -> Ax.S0=0)')
    ('0=0', 'x=S0', '((0=v0 & Ax.(v1=v0 -> v2=v0)) -> Ax.v1=v0)', '((0=0 & Ax.(S0=0 -> 0=0)) -> Ax.S0=0)')
    ('0=0', 'x=Sx', '((0=v0 & Ax.(v1=v2 -> v2=v3)) -> Ax.v1=v2)', '((0=0 & Ax.(0=S0 -> S0=0)) -> Ax.0=S0)')
    ('0=0', 'Sx=0', '((v0=0 & Ax.(v1=0 -> v2=0)) -> Ax.v1=0)', '((0=0 & Ax.(S0=0 -> 0=0)) -> Ax.S0=0)')
    ('0=0', 'Sx=x', '((v0=0 & Ax.(v1=v2 -> v3=v1)) -> Ax.v1=v2)', '((0=0 & Ax.(0=S0 -> 0=0)) -> Ax.0=S0)')
    ('0=0', 'x=SS0', '((0=v0 & Ax.(v1=v0 -> v2=v0)) -> Ax.v1=v0)', '((0=0 & Ax.(S0=0 -> 0=0)) -> Ax.S0=0)')
examples: no false instance found (sound or pool too small)
    ('0=0', 'x=x', '((0=0 & Ax.(v0=v0 -> v1=v1)) -> Ax.v0=v0)', None)
    ('0=0', 'Sx=Sx', '((v0=v0 & Ax.(v1=v1 -> v2=v2)) -> Ax.v1=v1)', None)
    ('0=x', 'S0=x', '((v0=0 & Ax.(v0=x -> v0=Sx)) -> Ax.v0=x)', None)
    ('0=x', 'SS0=x', '((v0=0 & Ax.(v0=x -> v0=Sx)) -> Ax.v0=x)', None)
    ('0=x', '(0+0)=x', '((v0=0 & Ax.(v0=x -> v0=Sx)) -> Ax.v0=x)', None)
    ('0=x', '(0*0)=x', '((v0=0 & Ax.(v0=x -> v0=Sx)) -> Ax.v0=x)', None)
examples: unsound; NEITHER named instance and no closed-collapse instance
    ('x=0', 'x=x', '((0=0 & Ax.(x=v0 -> Sx=v1)) -> Ax.x=v0)', '((0=0 & Ax.(x=0 -> Sx=S0)) -> Ax.x=0)')
    ('x=0', 'x=Sx', '((0=v0 & Ax.(x=v1 -> Sx=v2)) -> Ax.x=v1)', '((0=0 & Ax.(x=0 -> Sx=S0)) -> Ax.x=0)')
    ('x=0', 'x=SSx', '((0=v0 & Ax.(x=v1 -> Sx=v2)) -> Ax.x=v1)', '((0=0 & Ax.(x=0 -> Sx=S0)) -> Ax.x=0)')
    ('x=0', 'x=(0+x)', '((0=v0 & Ax.(x=v1 -> Sx=v2)) -> Ax.x=v1)', '((0=0 & Ax.(x=0 -> Sx=S0)) -> Ax.x=0)')
    ('x=0', 'x=(0*x)', '((0=v0 & Ax.(x=v1 -> Sx=v2)) -> Ax.x=v1)', '((0=0 & Ax.(x=0 -> Sx=S0)) -> Ax.x=0)')
    ('x=0', 'x=(x+0)', '((0=v0 & Ax.(x=v1 -> Sx=v2)) -> Ax.x=v1)', '((0=0 & Ax.(x=0 -> Sx=S0)) -> Ax.x=0)')

mul pair lgg: (((0*0)=0 & Ax.((v0*v1)=0 -> (v2*v3)=0)) -> Ax.(v0*v1)=0)
  has I*_a (a<=12) or L_inf instance: False
  closed-collapse false instance: (((0*0)=0 & Ax.((S0*S0)=0 -> (0*0)=0)) -> Ax.(S0*S0)=0)  true: False
F pair lgg (K_0): (((v0+0)=v0 & Ax.((v0+x)=v1 -> (v0+Sx)=Sv1)) -> Ax.(v0+x)=v1)
  has I*_a (a<=12) or L_inf instance: False ; closed collapse: None
