unsound pairs with neither named instance nor closed collapse: 134
    88  certified unblocked refutation (CC)
    46  no certified refutation found
    ('0=(0+x)', '0=(x+x)', '((0=(0+0) & Ax.(0=(v0+x) -> 0=(v1+Sx))) -> Ax.0=(v0+x))', '((0=(0+0) & Ax.(0=(S0+x) -> 0=(0+Sx))) -> Ax.0=(S0+x))')
    ('0=(0+x)', 'x=(0+x)', '((0=(0+0) & Ax.(v0=(0+x) -> v1=(0+Sx))) -> Ax.v0=(0+x))', '((0=(0+0) & Ax.(0=(0+x) -> S0=(0+Sx))) -> Ax.0=(0+x))')
    ('0=(0*x)', '0=(x*x)', '((0=(0*0) & Ax.(0=(v0*x) -> 0=(v1*Sx))) -> Ax.0=(v0*x))', '((0=(0*0) & Ax.(0=(S0*x) -> 0=(0*Sx))) -> Ax.0=(S0*x))')
    ('0=(0*x)', 'x=(0*x)', '((0=(0*0) & Ax.(v0=(0*x) -> v1=(0*Sx))) -> Ax.v0=(0*x))', '((0=(0*0) & Ax.(S0=(0*x) -> 0=(0*Sx))) -> Ax.S0=(0*x))')
    ('0=(0*x)', 'x=(x*x)', '((0=(0*0) & Ax.(v0=(v0*x) -> v1=(v1*Sx))) -> Ax.v0=(v0*x))', '((0=(0*0) & Ax.(S0=(S0*x) -> 0=(0*Sx))) -> Ax.S0=(S0*x))')
    ('0=(x+0)', '0=(x+x)', '((0=(0+0) & Ax.(0=(x+v0) -> 0=(Sx+v1))) -> Ax.0=(x+v0))', '((0=(0+0) & Ax.(0=(x+S0) -> 0=(Sx+0))) -> Ax.0=(x+S0))')
    ('0=(x+0)', 'x=(x+0)', '((0=(0+0) & Ax.(v0=(x+0) -> v1=(Sx+0))) -> Ax.v0=(x+0))', '((0=(0+0) & Ax.(0=(x+0) -> S0=(Sx+0))) -> Ax.0=(x+0))')
    ('0=(x*0)', '0=(x*x)', '((0=(0*0) & Ax.(0=(x*v0) -> 0=(Sx*v1))) -> Ax.0=(x*v0))', '((0=(0*0) & Ax.(0=(x*S0) -> 0=(Sx*0))) -> Ax.0=(x*S0))')
    ('0=(x*0)', 'x=(x*0)', '((0=(0*0) & Ax.(v0=(x*0) -> v1=(Sx*0))) -> Ax.v0=(x*0))', '((0=(0*0) & Ax.(S0=(x*0) -> 0=(Sx*0))) -> Ax.S0=(x*0))')
    ('0=(x*0)', 'x=(x*x)', '((0=(0*0) & Ax.(v0=(x*v0) -> v1=(Sx*v1))) -> Ax.v0=(x*v0))', '((0=(0*0) & Ax.(S0=(x*S0) -> 0=(Sx*0))) -> Ax.S0=(x*S0))')
    ('0=(x+x)', 'x=(0+x)', '((0=(0+0) & Ax.(v0=(v1+x) -> v2=(v3+Sx))) -> Ax.v0=(v1+x))', '((0=(0+0) & Ax.(0=(0+x) -> S0=(0+Sx))) -> Ax.0=(0+x))')
    ('0=(x+x)', 'x=(x+0)', '((0=(0+0) & Ax.(v0=(x+v1) -> v2=(Sx+v3))) -> Ax.v0=(x+v1))', '((0=(0+0) & Ax.(0=(x+0) -> S0=(Sx+0))) -> Ax.0=(x+0))')
    ('0=(x+x)', 'x=(x+x)', '((0=(0+0) & Ax.(v0=(x+x) -> v1=(Sx+Sx))) -> Ax.v0=(x+x))', '((0=(0+0) & Ax.(0=(x+x) -> SS0=(Sx+Sx))) -> Ax.0=(x+x))')
    ('0=(x*x)', 'x=(0*x)', '((0=(0*0) & Ax.(v0=(v1*x) -> v2=(v3*Sx))) -> Ax.v0=(v1*x))', '((0=(0*0) & Ax.(0=(S0*x) -> 0=(0*Sx))) -> Ax.0=(S0*x))')
    ('0=(x*x)', 'x=(x*0)', '((0=(0*0) & Ax.(v0=(x*v1) -> v2=(Sx*v3))) -> Ax.v0=(x*v1))', '((0=(0*0) & Ax.(0=(x*S0) -> 0=(Sx*0))) -> Ax.0=(x*S0))')
    ('0=(x*x)', 'x=(x*x)', '((0=(0*0) & Ax.(v0=(x*x) -> v1=(Sx*Sx))) -> Ax.v0=(x*x))', '((0=(0*0) & Ax.(0=(x*x) -> S0=(Sx*Sx))) -> Ax.0=(x*x))')
    ('x=(0+0)', 'x=(x+x)', '((0=(0+0) & Ax.(x=(v0+v0) -> Sx=(v1+v1))) -> Ax.x=(v0+v0))', '((0=(0+0) & Ax.(x=(Sx+Sx) -> Sx=(0+0))) -> Ax.x=(Sx+Sx))')
    ('x=(0+x)', 'x=(x+x)', '((0=(0+0) & Ax.(x=(v0+x) -> Sx=(v1+Sx))) -> Ax.x=(v0+x))', '((0=(0+0) & Ax.(x=(S0+x) -> Sx=(0+Sx))) -> Ax.x=(S0+x))')
    ('x=(0*x)', 'x=(x*x)', '((0=(0*0) & Ax.(x=(v0*x) -> Sx=(v1*Sx))) -> Ax.x=(v0*x))', '((0=(0*0) & Ax.(x=(0*x) -> Sx=(S0*Sx))) -> Ax.x=(0*x))')
    ('x=(x+0)', 'x=(x+x)', '((0=(0+0) & Ax.(x=(x+v0) -> Sx=(Sx+v1))) -> Ax.x=(x+v0))', '((0=(0+0) & Ax.(x=(x+S0) -> Sx=(Sx+0))) -> Ax.x=(x+S0))')
    ('x=(x*0)', 'x=(x*x)', '((0=(0*0) & Ax.(x=(x*v0) -> Sx=(Sx*v1))) -> Ax.x=(x*v0))', '((0=(0*0) & Ax.(x=(x*0) -> Sx=(Sx*S0))) -> Ax.x=(x*0))')
    ('(0+0)=x', '(x+x)=x', '(((0+0)=0 & Ax.((v0+v0)=x -> (v1+v1)=Sx)) -> Ax.(v0+v0)=x)', '(((0+0)=0 & Ax.((Sx+Sx)=x -> (0+0)=Sx)) -> Ax.(Sx+Sx)=x)')
    ('(0+x)=0', '(0+x)=x', '(((0+0)=0 & Ax.((0+x)=v0 -> (0+Sx)=v1)) -> Ax.(0+x)=v0)', '(((0+0)=0 & Ax.((0+x)=0 -> (0+Sx)=S0)) -> Ax.(0+x)=0)')
    ('(0+x)=0', '(x+x)=0', '(((0+0)=0 & Ax.((v0+x)=0 -> (v1+Sx)=0)) -> Ax.(v0+x)=0)', '(((0+0)=0 & Ax.((S0+x)=0 -> (0+Sx)=0)) -> Ax.(S0+x)=0)')
    ('(0+x)=x', '(x+x)=0', '(((0+0)=0 & Ax.((v0+x)=v1 -> (v2+Sx)=v3)) -> Ax.(v0+x)=v1)', '(((0+0)=0 & Ax.((0+x)=0 -> (0+Sx)=S0)) -> Ax.(0+x)=0)')
    ('(0+x)=x', '(x+x)=x', '(((0+0)=0 & Ax.((v0+x)=x -> (v1+Sx)=Sx)) -> Ax.(v0+x)=x)', '(((0+0)=0 & Ax.((S0+x)=x -> (0+Sx)=Sx)) -> Ax.(S0+x)=x)')
    ('(0*x)=0', '(0*x)=x', '(((0*0)=0 & Ax.((0*x)=v0 -> (0*Sx)=v1)) -> Ax.(0*x)=v0)', '(((0*0)=0 & Ax.((0*x)=S0 -> (0*Sx)=0)) -> Ax.(0*x)=S0)')
    ('(0*x)=0', '(x*x)=0', '(((0*0)=0 & Ax.((v0*x)=0 -> (v1*Sx)=0)) -> Ax.(v0*x)=0)', '(((0*0)=0 & Ax.((S0*x)=0 -> (0*Sx)=0)) -> Ax.(S0*x)=0)')
    ('(0*x)=0', '(x*x)=x', '(((0*0)=0 & Ax.((v0*x)=v0 -> (v1*Sx)=v1)) -> Ax.(v0*x)=v0)', '(((0*0)=0 & Ax.((S0*x)=S0 -> (0*Sx)=0)) -> Ax.(S0*x)=S0)')
    ('(0*x)=x', '(x*x)=0', '(((0*0)=0 & Ax.((v0*x)=v1 -> (v2*Sx)=v3)) -> Ax.(v0*x)=v1)', '(((0*0)=0 & Ax.((0*x)=S0 -> (0*Sx)=0)) -> Ax.(0*x)=S0)')
K_0: closed t in {0..3}, all terms u(x) of size <= 6: 2224 instances, 12 with u == t+x after closed evaluation, 0 where the step holds in every extension of N
(joint satisfiability across instances is by the free amalgamation argument in the report)
