unsound lggs with neither named instance nor closed collapse: 134; unblocked refutation certified (refl/CC, larger pool): 108; none found: 26
    ('0=(0+x)', '0=(x+x)', '((0=(0+0) & Ax.(0=(v0+x) -> 0=(v1+Sx))) -> Ax.0=(v0+x))')
    ('0=(0*x)', '0=(x*x)', '((0=(0*0) & Ax.(0=(v0*x) -> 0=(v1*Sx))) -> Ax.0=(v0*x))')
    ('0=(0*x)', 'x=(x*x)', '((0=(0*0) & Ax.(v0=(v0*x) -> v1=(v1*Sx))) -> Ax.v0=(v0*x))')
    ('0=(x+0)', '0=(x+x)', '((0=(0+0) & Ax.(0=(x+v0) -> 0=(Sx+v1))) -> Ax.0=(x+v0))')
    ('0=(x*0)', '0=(x*x)', '((0=(0*0) & Ax.(0=(x*v0) -> 0=(Sx*v1))) -> Ax.0=(x*v0))')
    ('0=(x*0)', 'x=(x*x)', '((0=(0*0) & Ax.(v0=(x*v0) -> v1=(Sx*v1))) -> Ax.v0=(x*v0))')
    ('x=(0+0)', 'x=(x+x)', '((0=(0+0) & Ax.(x=(v0+v0) -> Sx=(v1+v1))) -> Ax.x=(v0+v0))')
    ('x=(0+x)', 'x=(x+x)', '((0=(0+0) & Ax.(x=(v0+x) -> Sx=(v1+Sx))) -> Ax.x=(v0+x))')
    ('x=(0*x)', 'x=(x*x)', '((0=(0*0) & Ax.(x=(v0*x) -> Sx=(v1*Sx))) -> Ax.x=(v0*x))')
    ('x=(x+0)', 'x=(x+x)', '((0=(0+0) & Ax.(x=(x+v0) -> Sx=(Sx+v1))) -> Ax.x=(x+v0))')
    ('x=(x*0)', 'x=(x*x)', '((0=(0*0) & Ax.(x=(x*v0) -> Sx=(Sx*v1))) -> Ax.x=(x*v0))')
    ('(0+0)=x', '(x+x)=x', '(((0+0)=0 & Ax.((v0+v0)=x -> (v1+v1)=Sx)) -> Ax.(v0+v0)=x)')
    ('(0+x)=0', '(x+x)=0', '(((0+0)=0 & Ax.((v0+x)=0 -> (v1+Sx)=0)) -> Ax.(v0+x)=0)')
    ('(0+x)=x', '(x+x)=x', '(((0+0)=0 & Ax.((v0+x)=x -> (v1+Sx)=Sx)) -> Ax.(v0+x)=x)')
    ('(0*x)=0', '(x*x)=0', '(((0*0)=0 & Ax.((v0*x)=0 -> (v1*Sx)=0)) -> Ax.(v0*x)=0)')
    ('(0*x)=0', '(x*x)=x', '(((0*0)=0 & Ax.((v0*x)=v0 -> (v1*Sx)=v1)) -> Ax.(v0*x)=v0)')
    ('(0*x)=x', '(x*x)=x', '(((0*0)=0 & Ax.((v0*x)=x -> (v1*Sx)=Sx)) -> Ax.(v0*x)=x)')
    ('(x+0)=0', '(x+x)=0', '(((0+0)=0 & Ax.((x+v0)=0 -> (Sx+v1)=0)) -> Ax.(x+v0)=0)')
    ('(x+0)=x', '(x+x)=x', '(((0+0)=0 & Ax.((x+v0)=x -> (Sx+v1)=Sx)) -> Ax.(x+v0)=x)')
    ('(x*0)=0', '(x*x)=0', '(((0*0)=0 & Ax.((x*v0)=0 -> (Sx*v1)=0)) -> Ax.(x*v0)=0)')
    ('(x*0)=0', '(x*x)=x', '(((0*0)=0 & Ax.((x*v0)=v0 -> (Sx*v1)=v1)) -> Ax.(x*v0)=v0)')
    ('(x*0)=x', '(x*x)=x', '(((0*0)=0 & Ax.((x*v0)=x -> (Sx*v1)=Sx)) -> Ax.(x*v0)=x)')
    ('~x=S0', '~x=Sx', '((~0=S0 & Ax.(~x=Sv0 -> ~Sx=Sv1)) -> Ax.~x=Sv0)')
    ('~S0=x', '~Sx=x', '((~S0=0 & Ax.(~Sv0=x -> ~Sv1=Sx)) -> Ax.~Sv0=x)')
    ('~~0=x', '~~x=x', '((~~0=0 & Ax.(~~v0=x -> ~~v1=Sx)) -> Ax.~~v0=x)')
    ('~~x=0', '~~x=x', '((~~0=0 & Ax.(~~x=v0 -> ~~Sx=v1)) -> Ax.~~x=v0)')
