Sx=S0 , ~Sx=0                      R=1 N=1 B=0  #cover=10391  DT-anchor=True SO-anchor=False  smallest bad: (P0 -> Ax.P1(Sx))[6]; (P0 -> Ax.P1(0,Sx))[7]
Sx*Sx=0 , x=0|~x=0                 R=1 N=1 B=1  #cover= 7803  DT-anchor=True SO-anchor=True  smallest bad: 
Ay.Sx=y , ~Sx=0                    R=1 N=1 B=0  #cover=10391  DT-anchor=True SO-anchor=False  smallest bad: (P0 -> Ax.P1(Sx))[6]; (P0 -> Ax.P1(0,Sx))[7]
Ey.(x+0)*y=0 , SSx=x+S0            R=1 N=1 B=0  #cover= 7803  DT-anchor=True SO-anchor=False  smallest bad: 
Ay.x*y=y*x , Ey.x=y*y              R=1 N=1 B=1  #cover= 7803  DT-anchor=True SO-anchor=True  smallest bad: 
x=0&Ay.y=y , Ey.Az.y=z             R=1 N=1 B=1  #cover= 7803  DT-anchor=True SO-anchor=True  smallest bad: 
0=0 , Ey.Az.y=z                    R=1 N=0 B=0  #cover=40960  DT-anchor=False SO-anchor=False  smallest bad: (P0 -> Ax.P1)[4,DT]; (P0 -> Ax.P1(0))[5]
Ay.S(x+y)=0 , ~(x=x)               R=1 N=1 B=1  #cover= 7803  DT-anchor=True SO-anchor=True  smallest bad: 
x=x , ~x=0                         R=1 N=1 B=1  #cover= 7803  DT-anchor=True SO-anchor=True  smallest bad: 
Ey.y=x , x*x=x                     R=1 N=1 B=1  #cover= 7803  DT-anchor=True SO-anchor=True  smallest bad: 
0=0>0=S0 , Ax.x=x-ish              R=1 N=0 B=0  #cover=40960  DT-anchor=False SO-anchor=False  smallest bad: (P0 -> Ax.P1)[4,DT]; (P0 -> Ax.P1(0))[5]

data sets: 176   (207 s)   undetermined templates: 0
R=0 N=0 B=0 :   1 sets; DT-anchor {'False'} ; SO-anchor {'False'}
R=0 N=1 B=0 :  11 sets; DT-anchor {'False'} ; SO-anchor {'False'}
R=0 N=1 B=1 :  37 sets; DT-anchor {'False'} ; SO-anchor {'False'}
R=1 N=0 B=0 :   5 sets; DT-anchor {'False'} ; SO-anchor {'False'}
R=1 N=1 B=0 :  21 sets; DT-anchor {'True'} ; SO-anchor {'False'}
R=1 N=1 B=1 : 101 sets; DT-anchor {'True'} ; SO-anchor {'True'}
T_Theta (proof of C7 only-if) covers D and misses Ind(x=x) on all 38 non-(B) sets: True
non-(B) sets whose only bad SO template found has arity > 2 (T_Theta): [('Ey.(x+0)*y=0', 'SSx=x+S0'), ('Ay.Sx=y', 'r:SSx=((0*x)+x)'), ('Ey.(x+0)*y=0', 'r:((x*0)+S0)=SSx'), ('r:Ey.(x+Sx)=y', 'r:SSx=((0*x)+x)'), ('Ax.x=x-ish', 'r:Ey.(x+Sx)=y'), ('r:((x*0)+S0)=SSx', 'r:Ay.~SSx=(Sy*(y*y))'), ('r:Ay.~SSx=(Sy*(y*y))', 'r:SSx=((0*x)+x)', 'Ey.(x+0)*y=0')]
disagreements with prediction  DT: 0   SO: 0
