c1_subformula  (seed 20261009)
pruned, de-duplicated proofs checked: 1800
  lines per proof: min 1, median 9, max 25
  size per proof:  min 8, median 461, max 2266
  M per proof:     min 7, median 279, max 1421
  longest chase (subformula steps to a target): 6
  proofs with Gen line: 1238
  proofs Gen conclusion used as minor premise: 1042
  proofs Gen chain (Gen of a Gen conclusion): 140
  proofs conclusion by Gen: 324
  proofs with an A4 instance: 1112
  C0 failures: 0
  C1 failures: 0
  C2 failures: 0
  C3 failures: 0
  C4 failures: 0
  C5 failures: 0
  C6 failures: 0
  max size / (M + |phi|)^2 = 0.0556   (claim: <= 1)
  max #lines / (M + |phi|) = 0.1442   (claim: <= 1)

necessity of the hypotheses
  raw (unpruned) derivations: 4718 of 9431 Gen conclusions are not subformulas of an axiom instance or of the last line
  extracted proofs before de-duplication: 0 of 1800 have more lines than M + |phi|

  constructed: P(0) cited 40 times, then Gen: valid=True, lines=41, M + |phi| = 7; after normalisation lines=2

tightness: a, a > (a > ... > (a > b)) (k copies of a), then k MP steps; a = P(0), b = Q(0,0)
     k       size        M  |phi|   size/(M+|phi|)^2  valid
     1         11        8      3             0.0909   True
    10        200       35      3             0.1385   True
   100      15455      305      3             0.1629   True
  1000    1504505     3005      3             0.1663   True

verdict: all claims hold
