c2_lpf_certificates  (seed 1009)
 bits       kind   #N  max cert bits  bits/b^2  max #primes  work/b^3 labels ok  trial-div steps (max)
   16  semiprime   12            142     0.555           16    0.0391      True              1.120e+02
   16     random   12            241     0.941           22    0.0681      True              3.180e+04
   24  semiprime   12            270     0.469           28    0.0220      True              1.804e+03
   24     random   12            249     0.432           26    0.0261      True              3.295e+06
   32  semiprime   12            372     0.363           36    0.0141      True              2.946e+04
   32     random   12            333     0.325           30    0.0150      True              4.134e+08
   48  semiprime   12            574     0.249           52    0.0076      True              7.631e+06
   48     random   12            673     0.292           56    0.0097      True              7.708e+04
   64  semiprime   12            859     0.210           72    0.0049      True              1.874e+09
   64     random   12            840     0.205           72    0.0067      True              4.314e+03
   80  semiprime   12           1043     0.163           82    0.0033      True              4.877e+11
   80     random   12           1010     0.158           90    0.0039      True              5.652e+23
   96  semiprime   12           1453     0.158          116    0.0025      True              1.332e+14
   96     random   12           1178     0.128          104    0.0029      True              3.587e+09
  128  semiprime   12           1816     0.111          138    0.0015      True              8.322e+18
  128     random   12           1717     0.105          137    0.0016      True              1.186e+03
max over all cases: cert bits / b^2 = 0.941; work / b^3 = 0.0681

tampering (each must be rejected):
  honest certificate (must be ACCEPTED): accepted  ok
  composite N presented as a prime, bases 2..49: rejected  ok
  Carmichael 561 presented as a prime, bases 2..59: rejected  ok
  Carmichael 1105 presented as a prime, bases 2..59: rejected  ok
  Carmichael 1729 presented as a prime, bases 2..59: rejected  ok
  Carmichael 2465 presented as a prime, bases 2..59: rejected  ok
  Carmichael 2821 presented as a prime, bases 2..59: rejected  ok
  Carmichael 6601 presented as a prime, bases 2..59: rejected  ok
  Carmichael 8911 presented as a prime, bases 2..59: rejected  ok
  Carmichael 41041 presented as a prime, bases 2..59: rejected  ok
  Carmichael 825265 presented as a prime, bases 2..59: rejected  ok
  non-generator base: rejected  ok
  a prime of p-1 dropped: rejected  ok
  wrong product (N+2): rejected  ok
  unsorted factors: rejected  ok
  smaller prime factor listed last (the first listed factor is not the least): rejected  ok

verdict: all checks pass
