c3_short_axioms  (seed 4711)
Part A: canonical closure, language {a/0, P/1, c, =}, H = 9
  canonical formulas of size <= H: 59055 (bound (|Sigma| + 2H + 4)^(H+1) = 1.412e+14)
  closure: 901 members after 10 rounds (379 axiom instances, 28 by MP, 494 by Gen)
  soundness: rebuilt derivations failing validation / size <= H / last line: 0 of 901 (longest rebuilt derivation: 13 lines)
  completeness: 400 random derivations with all lines <= H, 12698 lines; canonical form missing from the closure: 0
  bijective renaming of 100 random derivations: invalid after renaming: 0
  non-injective renaming p1 -> p0 of a Gen step on p0 (premise with p0, p1): valid afterwards = False (expected False)

Part B: k-bit counter, ground axioms C(t_v) -> C(t_{v+1}), start C(t_0...0)
   k    lines  MP steps  max instance   2k+5       size  valid
   2        7         3             9      9         43   True
   4       31        15            13     13        291   True
   6      127        63            17     17       1583   True
   8      511       255            21     21       7915   True
  10     2047      1023            25     25      37863   True

Part C: QBF evaluation by ground axioms (universal nodes: two premises), dual predicate C' for false
  n  #QBF  agree  max lines  max instance  valid
  2    20     20         13            13   True
  4    20     20         29            19   True
  6    20     20        101            25   True
  8    20     20        255            31   True

verdict: all checks pass
