Phase A (reduced DT-degree enumeration), 25.5s
Sep    T* = ∀x0.∃x1.∀x2.(x2∈x1 ↔ (x2∈x0 ∧ P(x2,x0)))
   singletons: 16, anchors among them: 0
   pairs: 120 (with (R): 107); anchor <=> (R)&(N): agree on 120; anchors 97; reduced templates per (R)-pair 11..11
   (R, N_('x', 'z')) -> [pairs, anchors]: {(False, False, True): [1, 0], (False, True, False): [1, 0], (False, True, True): [11, 0], (True, False, False): [1, 0], (True, False, True): [1, 0], (True, True, False): [8, 0], (True, True, True): [97, 97]}
     non-anchor ('x∈z', 'z∈x'): R=False N=(True, True)  bad covering template: ∀x0.∃x1.∀x2.(x2∈x1 ↔ (x2∈x0 ∧ f0(x2,x0)∈f1(x2,x0)))
     non-anchor ('x∈z', 'x∈a'): R=False N=(True, True)  bad covering template: ∀x0.∃x1.∀x2.(x2∈x1 ↔ (x2∈x0 ∧ x2∈f0(x0)))
SepJ   T* = ∀x0.∃x1.∀x2.(x2∈x1 ↔ (x2∈x0 ∧ P(x2)))
   singletons: 16, anchors among them: 0
   pairs: 120 (with (R): 110); anchor <=> (R)&(N): agree on 120; anchors 104; reduced templates per (R)-pair 11..11
   (R, N_('u',)) -> [pairs, anchors]: {(False, True): [10, 0], (True, False): [6, 0], (True, True): [104, 104]}
     non-anchor ('x∈x', 'x∈a'): R=False N=(True,)  bad covering template: ∀x0.∃x1.∀x2.(x2∈x1 ↔ (x2∈x0 ∧ x2∈f0(x2)))
     non-anchor ('x∈x', 'a∈b'): R=False N=(True,)  bad covering template: ∀x0.∃x1.∀x2.(x2∈x1 ↔ (x2∈x0 ∧ f0(x2)∈f1(x2)))
EInd   T* = (∀x0.(∀x1.(x1∈x0 → P(x1)) → P(x0)) → ∀x0.P(x0))
   singletons: 16, anchors among them: 0
   pairs: 120 (with (R): 110); anchor <=> (R)&(N): agree on 120; anchors 104; reduced templates per (R)-pair 25..25
   (R, N_('x',)) -> [pairs, anchors]: {(False, True): [10, 0], (True, False): [6, 0], (True, True): [104, 104]}
     non-anchor ('x∈x', 'a∈b'): R=False N=(True,)  bad covering template: (∀x0.(∀x1.(x1∈x0 → f0(x1)∈f1(x1)) → f2(x0)∈f3(x0)) → ∀x0.f4(x0)∈f5(x0))
     non-anchor ('x∈x', 'x∈a'): R=False N=(True,)  bad covering template: (∀x0.(∀x1.(x1∈x0 → x1∈f0(x1)) → x0∈f1(x0)) → ∀x0.x0∈f2(x0))
Coll   T* = ∀x0.(∀x1.(x1∈x0 → ∃x2.P(x1,x2,x0)) → ∃x1.∀x2.(x2∈x0 → ∃x3.(x3∈x1 ∧ P(x2,x3,x0))))
   singletons: 16, anchors among them: 0
   pairs: 120 (with (R): 106); anchor <=> (R)&(N): agree on 120; anchors 62; reduced templates per (R)-pair 103..103
   (R, N_('x', 'y', 'A')) -> [pairs, anchors]: {(False, False, True, False): [1, 0], (False, False, True, True): [2, 0], (False, True, False, False): [1, 0], (False, True, True, False): [7, 0], (False, True, True, True): [3, 0], (True, False, False, False): [1, 0], (True, False, True, False): [1, 0], (True, False, True, True): [5, 0], (True, True, False, False): [1, 0], (True, True, False, True): [3, 0], (True, True, True, False): [33, 0], (True, True, True, True): [62, 62]}
     non-anchor ('x∈y', 'x∈a'): R=False N=(True, True, False)  bad covering template: ∀x0.(∀x1.(x1∈x0 → ∃x2.x1∈f0(x2)) → ∃x1.∀x2.(x2∈x0 → ∃x3.(x3∈x1 ∧ x2∈f1(x3))))
     non-anchor ('x∈y', 'y∈a'): R=False N=(True, True, False)  bad covering template: ∀x0.(∀x1.(x1∈x0 → ∃x2.f0(x2,x1)∈f1(x2)) → ∃x1.∀x2.(x2∈x0 → ∃x3.(x3∈x1 ∧ f2(x3,x2)∈f3(x3))))
ReplU  T* = ∀x0.(∀x1.(x1∈x0 → ∃!x2.P(x1,x2,x0)) → ∃x1.∀x2.(x2∈x0 → ∃x3.(x3∈x1 ∧ P(x2,x3,x0))))
   singletons: 16, anchors among them: 0
   pairs: 120 (with (R): 106); anchor <=> (R)&(N): agree on 120; anchors 62; reduced templates per (R)-pair 103..103
   (R, N_('x', 'y', 'A')) -> [pairs, anchors]: {(False, False, True, False): [1, 0], (False, False, True, True): [2, 0], (False, True, False, False): [1, 0], (False, True, True, False): [7, 0], (False, True, True, True): [3, 0], (True, False, False, False): [1, 0], (True, False, True, False): [1, 0], (True, False, True, True): [5, 0], (True, True, False, False): [1, 0], (True, True, False, True): [3, 0], (True, True, True, False): [33, 0], (True, True, True, True): [62, 62]}
     non-anchor ('y=x', 'x∈y'): R=True N=(True, True, False)  bad covering template: ∀x0.(P0(x0) → ∃x1.∀x2.(P1(x2,x0) → P2(x2,x1)))
     non-anchor ('y=x', '¬y∈x'): R=True N=(True, True, False)  bad covering template: ∀x0.(P0(x0) → ∃x1.∀x2.(P1(x2,x0) → P2(x2,x1)))
ReplS  T* = ∀x0.(∀x1.(x1∈x0 → ∃x2.(P(x1,x2,x0) ∧ ∀x3.(P(x1,x3,x0) → x3=x2))) → ∃x1.∀x2.(x2∈x0 → ∃x3.(x3∈x1 ∧ P(x2,x3,x0))))
   singletons: 16, anchors among them: 0
   pairs: 120 (with (R): 106); anchor <=> (R)&(N): agree on 120; anchors 62; reduced templates per (R)-pair 394..394
   (R, N_('x', 'y', 'A')) -> [pairs, anchors]: {(False, False, True, False): [1, 0], (False, False, True, True): [2, 0], (False, True, False, False): [1, 0], (False, True, True, False): [7, 0], (False, True, True, True): [3, 0], (True, False, False, False): [1, 0], (True, False, True, False): [1, 0], (True, False, True, True): [5, 0], (True, True, False, False): [1, 0], (True, True, False, True): [3, 0], (True, True, True, False): [33, 0], (True, True, True, True): [62, 62]}
     non-anchor ('x∈y', 'x∈a'): R=False N=(True, True, False)  bad covering template: ∀x0.(∀x1.(x1∈x0 → ∃x2.(x1∈f0(x2) ∧ ∀x3.(x1∈f1(x3) → x3=x2))) → ∃x1.∀x2.(x2∈x0 → ∃x3.(x3∈x1 ∧ x2∈f2(x3))))
     non-anchor ('x∈y', 'y∈a'): R=False N=(True, True, False)  bad covering template: ∀x0.(∀x1.(x1∈x0 → ∃x2.(f0(x2,x1)∈f1(x2) ∧ ∀x3.(f2(x3,x1)∈f3(x3) → x3=x2))) → ∃x1.∀x2.(x2∈x0 → ∃x3.(x3∈x1 ∧ f4(x3,x2)∈f5(x3))))
ReplJ  T* = (∀x0.∀x1.∀x2.((P(x0,x1) ∧ P(x0,x2)) → x1=x2) → ∀x0.∃x1.∀x2.(x2∈x1 ↔ ∃x3.(x3∈x0 ∧ P(x3,x2))))
   singletons: 16, anchors among them: 0
   pairs: 120 (with (R): 107); anchor <=> (R)&(N): agree on 120; anchors 97; reduced templates per (R)-pair 161..191
   (R, N_('x', 'y')) -> [pairs, anchors]: {(False, False, True): [1, 0], (False, True, False): [1, 0], (False, True, True): [11, 0], (True, False, False): [1, 0], (True, False, True): [1, 0], (True, True, False): [8, 0], (True, True, True): [97, 97]}
     non-anchor ('x∈z', 'z∈x'): R=False N=(True, True)  bad covering template: (∀x0.∀x1.∀x2.((f0(x1,x0)∈f1(x1,x0) ∧ f2(x2,x0)∈f3(x2,x0)) → x1=x2) → ∀x0.∃x1.∀x2.(x2∈x1 ↔ ∃x3.(x3∈x0 ∧ f4(x3,x2)∈f5(x3,x2))))
     non-anchor ('x∈z', 'x∈a'): R=False N=(True, True)  bad covering template: (∀x0.∀x1.∀x2.((x0∈f0(x1) ∧ x0∈f1(x2)) → x1=x2) → ∀x0.∃x1.∀x2.(x2∈x1 ↔ ∃x3.(x3∈x0 ∧ x3∈f2(x2))))

Phase B (full data-directed enumeration, arity <= 3, limit 10s per run), 403.2s
   Sep   DT: pairs with (R) 107, finished 107, anchor <=> (R)&(N) on 107/107; covering templates per anchor pair 986..986
   Sep   SO: pairs with (R) 107, finished 107, anchor <=> (R)&(N) on 107/107; covering templates per anchor pair 4078..4078
   SepJ  DT: pairs with (R) 110, finished 110, anchor <=> (R)&(N) on 110/110; covering templates per anchor pair 1325..1325
   SepJ  SO: pairs with (R) 110, finished 110, anchor <=> (R)&(N) on 110/110; covering templates per anchor pair 7103..7103
   EInd  DT: pairs with (R) 110, finished 110, anchor <=> (R)&(N) on 110/110; covering templates per anchor pair 77..77
   EInd  SO: pairs with (R) 110, finished 110, anchor <=> (R)&(N) on 110/110; covering templates per anchor pair 2459..2459
total 428.8s
