Sep    2-sets  120: pattern  120  covers  120  <=T*  120  ==T*   97  (==T*) <=> (R)&(N):  120
Sep    3-sets  400: pattern  400  covers  400  <=T*  400  ==T*  386  (==T*) <=> (R)&(N):  400
       e.g. bodies x∈z, ¬x=a ->  ∀x0.∃x1.∀x2.(x2∈x1 ↔ (x2∈x0 ∧ X0(x2,x0)))
       non-anchor (R holds, some N_i fails) e.g. ¬x=a, x∈a -> ∀x0.∃x1.∀x2.(x2∈x1 ↔ (x2∈x0 ∧ X0(x2)))
       non-anchor (R fails) e.g. x∈z, z∈x -> ∀x0.∃x1.∀x2.(x2∈x1 ↔ (x2∈x0 ∧ g0(x2,x0)∈g0(x0,x2)))
SepJ   2-sets  120: pattern  120  covers  120  <=T*  120  ==T*  104  (==T*) <=> (R)&(N):  120
SepJ   3-sets  400: pattern  400  covers  400  <=T*  400  ==T*  393  (==T*) <=> (R)&(N):  400
       e.g. bodies x∈x, ¬x=x ->  ∀x0.∃x1.∀x2.(x2∈x1 ↔ (x2∈x0 ∧ X0(x2)))
       non-anchor (R holds, some N_i fails) e.g. a∈b, ¬a=a -> ∀x0.∃x1.∀x2.(x2∈x1 ↔ (x2∈x0 ∧ X0))
       non-anchor (R fails) e.g. x∈x, x∈a -> ∀x0.∃x1.∀x2.(x2∈x1 ↔ (x2∈x0 ∧ x2∈g0(x2)))
EInd   2-sets  120: pattern  120  covers  120  <=T*  120  ==T*  104  (==T*) <=> (R)&(N):  120
EInd   3-sets  400: pattern  400  covers  400  <=T*  400  ==T*  397  (==T*) <=> (R)&(N):  400
       e.g. bodies x∈x, ¬x=x ->  (∀x0.(∀x1.(x1∈x0 → X0(x1)) → X0(x0)) → ∀x0.X0(x0))
       non-anchor (R holds, some N_i fails) e.g. a∈b, ¬a=a -> (∀x0.(∀x1.(x1∈x0 → X0) → X0) → ∀x0.X0)
       non-anchor (R fails) e.g. x∈x, x∈a -> (∀x0.(∀x1.(x1∈x0 → x1∈g0(x1)) → x0∈g0(x0)) → ∀x0.x0∈g0(x0))
Coll   2-sets  120: pattern  120  covers  120  <=T*  120  ==T*   62  (==T*) <=> (R)&(N):  120
Coll   3-sets  400: pattern  400  covers  400  <=T*  400  ==T*  300  (==T*) <=> (R)&(N):  400
       e.g. bodies y=x, ¬x=A ->  ∀x0.(∀x1.(x1∈x0 → ∃x2.X0(x2,x1,x0)) → ∃x1.∀x2.(x2∈x0 → ∃x3.(x3∈x1 ∧ X0(x3,x2,x0))))
       non-anchor (R holds, some N_i fails) e.g. y=x, x∈y -> ∀x0.(∀x1.(x1∈x0 → ∃x2.X0(x2,x1)) → ∃x1.∀x2.(x2∈x0 → ∃x3.(x3∈x1 ∧ X0(x3,x2))))
       non-anchor (R fails) e.g. x∈y, y∈A -> ∀x0.(∀x1.(x1∈x0 → ∃x2.g0(x2,x1)∈g0(x0,x2)) → ∃x1.∀x2.(x2∈x0 → ∃x3.(x3∈x1 ∧ g0(x3,x2)∈g0(x0,x3))))
ReplU  2-sets  120: pattern  120  covers  120  <=T*  120  ==T*   62  (==T*) <=> (R)&(N):  120
ReplU  3-sets  400: pattern  400  covers  400  <=T*  400  ==T*  302  (==T*) <=> (R)&(N):  400
       e.g. bodies y=x, ¬x=A ->  ∀x0.(∀x1.(x1∈x0 → ∃!x2.X0(x2,x1,x0)) → ∃x1.∀x2.(x2∈x0 → ∃x3.(x3∈x1 ∧ X0(x3,x2,x0))))
       non-anchor (R holds, some N_i fails) e.g. y=x, x∈y -> ∀x0.(∀x1.(x1∈x0 → ∃!x2.X0(x2,x1)) → ∃x1.∀x2.(x2∈x0 → ∃x3.(x3∈x1 ∧ X0(x3,x2))))
       non-anchor (R fails) e.g. x∈y, y∈A -> ∀x0.(∀x1.(x1∈x0 → ∃!x2.g0(x2,x1)∈g0(x0,x2)) → ∃x1.∀x2.(x2∈x0 → ∃x3.(x3∈x1 ∧ g0(x3,x2)∈g0(x0,x3))))
ReplS  2-sets  120: pattern  120  covers  120  <=T*  120  ==T*   62  (==T*) <=> (R)&(N):  120
ReplS  3-sets  400: pattern  400  covers  400  <=T*  400  ==T*  304  (==T*) <=> (R)&(N):  400
       e.g. bodies y=x, ¬x=A ->  ∀x0.(∀x1.(x1∈x0 → ∃x2.(X0(x2,x1,x0) ∧ ∀x3.(X0(x3,x1,x0) → x3=x2))) → ∃x1.∀x2.(x2∈x0 → ∃x3.(x3∈x1 ∧ X0(x3,x2,x0))))
       non-anchor (R holds, some N_i fails) e.g. y=x, x∈y -> ∀x0.(∀x1.(x1∈x0 → ∃x2.(X0(x2,x1) ∧ ∀x3.(X0(x3,x1) → x3=x2))) → ∃x1.∀x2.(x2∈x0 → ∃x3.(x3∈x1 ∧ X0(x3,x2))))
       non-anchor (R fails) e.g. x∈y, y∈A -> ∀x0.(∀x1.(x1∈x0 → ∃x2.(g0(x2,x1)∈g0(x0,x2) ∧ ∀x3.(g0(x3,x1)∈g0(x0,x3) → x3=x2))) → ∃x1.∀x2.(x2∈x0 → ∃x3.(x3∈x1 ∧ g0(x3,x2)∈g0(x0,x3))))
ReplJ  2-sets  120: pattern  120  covers  120  <=T*  120  ==T*   97  (==T*) <=> (R)&(N):  120
ReplJ  3-sets  400: pattern  400  covers  400  <=T*  400  ==T*  385  (==T*) <=> (R)&(N):  400
       e.g. bodies x∈z, ¬x=a ->  (∀x0.∀x1.∀x2.((X0(x1,x0) ∧ X0(x2,x0)) → x1=x2) → ∀x0.∃x1.∀x2.(x2∈x1 ↔ ∃x3.(x3∈x0 ∧ X0(x2,x3))))
       non-anchor (R holds, some N_i fails) e.g. ¬x=a, x∈a -> (∀x0.∀x1.∀x2.((X0(x0) ∧ X0(x0)) → x1=x2) → ∀x0.∃x1.∀x2.(x2∈x1 ↔ ∃x3.(x3∈x0 ∧ X0(x3))))
       non-anchor (R fails) e.g. x∈z, z∈x -> (∀x0.∀x1.∀x2.((g0(x1,x0)∈g0(x0,x1) ∧ g0(x2,x0)∈g0(x0,x2)) → x1=x2) → ∀x0.∃x1.∀x2.(x2∈x1 ↔ ∃x3.(x3∈x0 ∧ g0(x2,x3)∈g0(x3,x2))))

PA induction (prior so_core): pattern lgg of {Ind(x=x), Ind(~x=0)} = ((X0 & Ax.(X1(x) -> X2(x))) -> Ax.X1(x)) ; equals T_ind: False
