EInd/named
   n= 1 depth(leaf)= 10 |s|=  36  subterms along the path unique: True
   n= 2 depth(leaf)= 12 |s|=  42  subterms along the path unique: True   random tau with |tau|<depth: 90/90 contain s[q<-TOP] and s[q<-BOT]
   n= 4 depth(leaf)= 16 |s|=  54  subterms along the path unique: True   random tau with |tau|<depth: 92/92 contain s[q<-TOP] and s[q<-BOT]
   n= 6 depth(leaf)= 20 |s|=  66  subterms along the path unique: True
   n= 8 depth(leaf)= 24 |s|=  78  subterms along the path unique: True   random tau with |tau|<depth: 129/129 contain s[q<-TOP] and s[q<-BOT]
   n=10 depth(leaf)= 28 |s|=  90  subterms along the path unique: True
   heads along the path (n=3): imp all imp all imp not not not not not not all not in
ReplJ/named
   n= 1 depth(leaf)=  9 |s|=  43  subterms along the path unique: True
   n= 2 depth(leaf)= 11 |s|=  49  subterms along the path unique: True   random tau with |tau|<depth: 69/69 contain s[q<-TOP] and s[q<-BOT]
   n= 4 depth(leaf)= 15 |s|=  61  subterms along the path unique: True   random tau with |tau|<depth: 64/64 contain s[q<-TOP] and s[q<-BOT]
   n= 6 depth(leaf)= 19 |s|=  73  subterms along the path unique: True
   n= 8 depth(leaf)= 23 |s|=  85  subterms along the path unique: True   random tau with |tau|<depth: 95/95 contain s[q<-TOP] and s[q<-BOT]
   n=10 depth(leaf)= 27 |s|=  97  subterms along the path unique: True
   heads along the path (n=3): imp all all all imp and not not not not not not in
ReplJ/dB
   n= 1 depth(leaf)=  9 |s|=  36  subterms along the path unique: True
   n= 2 depth(leaf)= 11 |s|=  42  subterms along the path unique: True   random tau with |tau|<depth: 83/83 contain s[q<-TOP] and s[q<-BOT]
   n= 4 depth(leaf)= 15 |s|=  54  subterms along the path unique: True   random tau with |tau|<depth: 90/90 contain s[q<-TOP] and s[q<-BOT]
   n= 6 depth(leaf)= 19 |s|=  66  subterms along the path unique: True
   n= 8 depth(leaf)= 23 |s|=  78  subterms along the path unique: True   random tau with |tau|<depth: 122/122 contain s[q<-TOP] and s[q<-BOT]
   n=10 depth(leaf)= 27 |s|=  90  subterms along the path unique: True
   heads along the path (n=3): imp all all all imp and not not not not not not in
Coll/dB
   n= 1 depth(leaf)= 11 |s|=  37  subterms along the path unique: True
   n= 2 depth(leaf)= 13 |s|=  41  subterms along the path unique: True   random tau with |tau|<depth: 124/124 contain s[q<-TOP] and s[q<-BOT]
   n= 4 depth(leaf)= 17 |s|=  49  subterms along the path unique: True   random tau with |tau|<depth: 175/175 contain s[q<-TOP] and s[q<-BOT]
   n= 6 depth(leaf)= 21 |s|=  57  subterms along the path unique: True
   n= 8 depth(leaf)= 25 |s|=  65  subterms along the path unique: True   random tau with |tau|<depth: 217/217 contain s[q<-TOP] and s[q<-BOT]
   n=10 depth(leaf)= 29 |s|=  73  subterms along the path unique: True
   heads along the path (n=3): all imp ex all imp ex and not not not not not not and in
ReplU/dB
   n= 1 depth(leaf)= 11 |s|=  37  subterms along the path unique: True
   n= 2 depth(leaf)= 13 |s|=  41  subterms along the path unique: True   random tau with |tau|<depth: 129/129 contain s[q<-TOP] and s[q<-BOT]
   n= 4 depth(leaf)= 17 |s|=  49  subterms along the path unique: True   random tau with |tau|<depth: 157/157 contain s[q<-TOP] and s[q<-BOT]
   n= 6 depth(leaf)= 21 |s|=  57  subterms along the path unique: True
   n= 8 depth(leaf)= 25 |s|=  65  subterms along the path unique: True   random tau with |tau|<depth: 190/190 contain s[q<-TOP] and s[q<-BOT]
   n=10 depth(leaf)= 29 |s|=  73  subterms along the path unique: True
   heads along the path (n=3): all imp ex all imp ex and not not not not not not and in
ReplS/dB
   n= 1 depth(leaf)= 11 |s|=  52  subterms along the path unique: True
   n= 2 depth(leaf)= 13 |s|=  58  subterms along the path unique: True   random tau with |tau|<depth: 96/96 contain s[q<-TOP] and s[q<-BOT]
   n= 4 depth(leaf)= 17 |s|=  70  subterms along the path unique: True   random tau with |tau|<depth: 100/100 contain s[q<-TOP] and s[q<-BOT]
   n= 6 depth(leaf)= 21 |s|=  82  subterms along the path unique: True
   n= 8 depth(leaf)= 25 |s|=  94  subterms along the path unique: True   random tau with |tau|<depth: 114/114 contain s[q<-TOP] and s[q<-BOT]
   n=10 depth(leaf)= 29 |s|= 106  subterms along the path unique: True
   heads along the path (n=3): all imp ex all imp ex and not not not not not not and in
