Sep    law uniform  smallest N with P[fail]<=0.01: 5
        N=2 exact 0.2422 MC 0.2330 ub 0.2969
        N=3 exact 0.0684 MC 0.0683 ub 0.0747
        N=4 exact 0.0204 MC 0.0210 ub 0.0211
        N=6 exact 0.0019 MC 0.0023 ub 0.0019
        N=8 exact 0.0002 MC 0.0000 ub 0.0002
        N=12 exact 0.0000 MC 0.0000 ub 0.0000
Sep    law skewed   smallest N with P[fail]<=0.01: 9
        N=2 exact 0.4273 MC 0.4290 ub 0.5484
        N=3 exact 0.2306 MC 0.2330 ub 0.2583
        N=4 exact 0.1294 MC 0.1327 ub 0.1358
        N=6 exact 0.0426 MC 0.0423 ub 0.0429
        N=8 exact 0.0145 MC 0.0167 ub 0.0145
        N=12 exact 0.0017 MC 0.0017 ub 0.0017
EInd   law uniform  smallest N with P[fail]<=0.01: 4
        N=2 exact 0.1875 MC 0.1870 ub 0.2031
        N=3 exact 0.0376 MC 0.0477 ub 0.0386
        N=4 exact 0.0079 MC 0.0067 ub 0.0079
        N=6 exact 0.0004 MC 0.0003 ub 0.0004
        N=8 exact 0.0000 MC 0.0000 ub 0.0000
        N=12 exact 0.0000 MC 0.0000 ub 0.0000
EInd   law skewed   smallest N with P[fail]<=0.01: 6
        N=2 exact 0.2755 MC 0.2773 ub 0.2997
        N=3 exact 0.0972 MC 0.0937 ub 0.1003
        N=4 exact 0.0379 MC 0.0310 ub 0.0384
        N=6 exact 0.0064 MC 0.0070 ub 0.0065
        N=8 exact 0.0012 MC 0.0010 ub 0.0012
        N=12 exact 0.0000 MC 0.0003 ub 0.0000
Coll   law uniform  smallest N with P[fail]<=0.01: 10
        N=2 exact 0.5156 MC 0.4977 ub 0.7227
        N=3 exact 0.2896 MC 0.3020 ub 0.3308
        N=4 exact 0.1685 MC 0.1647 ub 0.1771
        N=6 exact 0.0613 MC 0.0623 ub 0.0618
        N=8 exact 0.0235 MC 0.0253 ub 0.0235
        N=12 exact 0.0036 MC 0.0040 ub 0.0036
Coll   law skewed   smallest N with P[fail]<=0.01: 16
        N=2 exact 0.7163 MC 0.7133 ub 1.1721
        N=3 exact 0.5243 MC 0.5357 ub 0.6990
        N=4 exact 0.3770 MC 0.3873 ub 0.4485
        N=6 exact 0.1917 MC 0.1867 ub 0.2050
        N=8 exact 0.0980 MC 0.0917 ub 0.1007
        N=12 exact 0.0266 MC 0.0243 ub 0.0267
ReplS  law uniform  smallest N with P[fail]<=0.01: 10
        N=2 exact 0.5156 MC 0.5217 ub 0.7227
        N=3 exact 0.2896 MC 0.2800 ub 0.3308
        N=4 exact 0.1685 MC 0.1650 ub 0.1771
        N=6 exact 0.0613 MC 0.0630 ub 0.0618
        N=8 exact 0.0235 MC 0.0200 ub 0.0235
        N=12 exact 0.0036 MC 0.0037 ub 0.0036
ReplS  law skewed   smallest N with P[fail]<=0.01: 16
        N=2 exact 0.7163 MC 0.7003 ub 1.1721
        N=3 exact 0.5243 MC 0.5340 ub 0.6990
        N=4 exact 0.3770 MC 0.3843 ub 0.4485
        N=6 exact 0.1917 MC 0.1920 ub 0.2050
        N=8 exact 0.0980 MC 0.0977 ub 0.1007
        N=12 exact 0.0266 MC 0.0303 ub 0.0267
ReplJ  law uniform  smallest N with P[fail]<=0.01: 5
        N=2 exact 0.2422 MC 0.2447 ub 0.2969
        N=3 exact 0.0684 MC 0.0627 ub 0.0747
        N=4 exact 0.0204 MC 0.0223 ub 0.0211
        N=6 exact 0.0019 MC 0.0013 ub 0.0019
        N=8 exact 0.0002 MC 0.0000 ub 0.0002
        N=12 exact 0.0000 MC 0.0000 ub 0.0000
ReplJ  law skewed   smallest N with P[fail]<=0.01: 9
        N=2 exact 0.4273 MC 0.4410 ub 0.5484
        N=3 exact 0.2306 MC 0.2460 ub 0.2583
        N=4 exact 0.1294 MC 0.1387 ub 0.1358
        N=6 exact 0.0426 MC 0.0403 ub 0.0429
        N=8 exact 0.0145 MC 0.0127 ub 0.0145
        N=12 exact 0.0017 MC 0.0023 ub 0.0017
