(1) PAT (pattern lgg == T*) vs prediction (R)&(N)&(D^PAT)
   T_A: data sets 1500, lgg == T* in 548, agreement with prediction 1500/1500; PAT anchors violating D^DT: 0
   T_B: data sets 1500, lgg == T* in 1011, agreement with prediction 1500/1500; PAT anchors violating D^DT: 402
   T_C: data sets 1500, lgg == T* in 718, agreement with prediction 1500/1500; PAT anchors violating D^DT: 0

(2) DT (bounded single-group search) vs prediction (R)&(N)&(D^DT)
   T_B: pairs with (R)&(N): 150; DT anchors found 96; agreement with D^DT 150/150 (covering templates seen 1404)
   T_A: pairs with (R)&(N): 150; DT anchors found 115; agreement with D^DT 150/150 (covering templates seen 1235)

(3a) PAT anchor that is not a DT anchor (T_B, Q-body = P-body diagonalised)
   predicates (R,N,D^PAT,D^DT,D+): (True, True, True, False, False)
   pattern lgg == T_B: True
   DT witness ∀x0.∀x1.(P(x0,x1) → P(x0,x0)): determinate True, covers data True, covers ∀x0.∀x1.(x0∈x1 → ¬x0=x0): False
   parameter version: predicates (True, True, True, False, False) ; pattern lgg == T_B: True ; witness ∀x0.∀x1.(P(x0,x1) → P(x0,a)) covers data True, misses the probe: True

(3b) DT anchor that is not an SO anchor (T_A)
   predicates (R,N,D^PAT,D^DT,D+): (True, True, True, True, False)
   SO template ∀x0.∀x1.(G(x0,x1,x0) → G(x0,x0,x1)): determinate False, covers data True, covers ∀x0.∀x1.(x0∈x1 → ¬x0=x0): False
   DT search (group size <= 2, arity <= 2): covering templates 8, witnesses missing a probe: 0
   DT search (group size <= 2, arity <= 3): covering templates 8, witnesses missing a probe: 0
   SO search (group size <= 2, arity <= 3): first witness ∀x0.∀x1.(G(x1,x0,x0) → G(x0,x1,x0))

(4) SO (bounded search, group size <= 2, arity <= 3) on random pairs with (R)&(N): D+ => anchor?
   T_A: D+: 70 pairs, SO anchors 70; D^DT not D+: 4 pairs, SO anchors 4; not D^DT: 46 pairs, SO anchors 0
   T_B: D+: 43 pairs, SO anchors 43; D^DT not D+: 3 pairs, SO anchors 3; not D^DT: 74 pairs, SO anchors 0
time 12.0s
