  Coll   y=x, x∈A→y=A             pred anchor True  | DT: covering single-group templates seen   443, anchor True  
  Coll   y=x, x∈A→y=A             pred anchor True  | SO: covering single-group templates seen   577, anchor True  
  Coll   Aw(w∈y↔w∈x), Ew(w∈y∧w∈A) pred anchor True  | DT: covering single-group templates seen   443, anchor True  
  Coll   Aw(w∈y↔w∈x), Ew(w∈y∧w∈A) pred anchor True  | SO: covering single-group templates seen   577, anchor True  
  Coll   ¬x=A, y=x∧x∈A            pred anchor True  | DT: covering single-group templates seen   443, anchor True  
  Coll   ¬x=A, y=x∧x∈A            pred anchor True  | SO: covering single-group templates seen   577, anchor True  
  Coll   ¬x=A, y=x∨y=A            pred anchor True  | DT: covering single-group templates seen   443, anchor True  
  Coll   ¬x=A, y=x∨y=A            pred anchor True  | SO: covering single-group templates seen   577, anchor True  
  Coll   y=x∧x∈A, a∈b             pred anchor True  | DT: covering single-group templates seen   443, anchor True  
  Coll   y=x∧x∈A, a∈b             pred anchor True  | SO: covering single-group templates seen   577, anchor True  
  Coll   y∈A, Aw(w∈y↔w=x)         pred anchor True  | DT: covering single-group templates seen   443, anchor True  
  Coll   y∈A, Aw(w∈y↔w=x)         pred anchor True  | SO: covering single-group templates seen   577, anchor True  
  Coll   y=x∧x∈A, Aw(w=w)         pred anchor True  | DT: covering single-group templates seen   443, anchor True  
  Coll   y=x∧x∈A, Aw(w=w)         pred anchor True  | SO: covering single-group templates seen   577, anchor True  
  Coll   y=x∨y=A, Aw(w∈y↔w∈x)     pred anchor True  | DT: covering single-group templates seen   443, anchor True  
  Coll   y=x∨y=A, Aw(w∈y↔w∈x)     pred anchor True  | SO: covering single-group templates seen   577, anchor True  
  Coll   x∈A→y=A, Ew(w∈y∧w∈A)     pred anchor True  | DT: covering single-group templates seen   443, anchor True  
  Coll   x∈A→y=A, Ew(w∈y∧w∈A)     pred anchor True  | SO: covering single-group templates seen   577, anchor True  
  Coll   ¬x=A, Aw(w∈y↔w∈x)        pred anchor True  | DT: covering single-group templates seen   443, anchor True  
  Coll   ¬x=A, Aw(w∈y↔w∈x)        pred anchor True  | SO: covering single-group templates seen   577, anchor True  
  Coll   ¬y∈x, x∈a                pred anchor False | DT: covering single-group templates seen    14, anchor False 
  Coll   ¬y∈x, x∈a                pred anchor False | SO: covering single-group templates seen    28, anchor False 
  Coll   Ew(w∈y∧w∈A), a∈b         pred anchor False | DT: covering single-group templates seen    14, anchor False 
  Coll   Ew(w∈y∧w∈A), a∈b         pred anchor False | SO: covering single-group templates seen    28, anchor False 
  Coll   ¬y∈x, Aw(w∈y↔w=x)        pred anchor False | DT: covering single-group templates seen    14, anchor False 
  Coll   ¬y∈x, Aw(w∈y↔w=x)        pred anchor False | SO: covering single-group templates seen    28, anchor False 
  Coll   x∈y, Aw(w=w)             pred anchor False | DT: covering single-group templates seen    14, anchor False 
  Coll   x∈y, Aw(w=w)             pred anchor False | SO: covering single-group templates seen    28, anchor False 
  Coll   x∈a, a∈b                 pred anchor False | DT: covering single-group templates seen     3, anchor False 
  Coll   x∈a, a∈b                 pred anchor False | SO: covering single-group templates seen     8, anchor False 
  Coll   a∈b, Aw(w=w)             pred anchor False | DT: covering single-group templates seen    14, anchor False 
  Coll   a∈b, Aw(w=w)             pred anchor False | SO: covering single-group templates seen    28, anchor False 
  Coll   x∈y, a∈b                 pred anchor False | DT: covering single-group templates seen     3, anchor False 
  Coll   x∈y, a∈b                 pred anchor False | SO: covering single-group templates seen     8, anchor False 
  Coll   Aw(w∈y↔w∈x), y∈a         pred anchor False | DT: covering single-group templates seen    14, anchor False 
  Coll   Aw(w∈y↔w∈x), y∈a         pred anchor False | SO: covering single-group templates seen    28, anchor False 
  Coll   y=x, Aw(w∈y↔w=x)         pred anchor False | DT: covering single-group templates seen    14, anchor False 
  Coll   y=x, Aw(w∈y↔w=x)         pred anchor False | SO: covering single-group templates seen    28, anchor False 
  Coll   Aw(w∈y↔w∈x), x∈a         pred anchor False | DT: covering single-group templates seen    14, anchor False 
  Coll   Aw(w∈y↔w∈x), x∈a         pred anchor False | SO: covering single-group templates seen    28, anchor False 
Coll: DT agreement 20/20; time 39s (gmax 3, amax 2, arity bound for groups of size 3: 1)
