  EInd   ¬x∈a, a∈b                pred anchor True  | DT: covering single-group templates seen    43, anchor True  
  EInd   ¬x∈a, a∈b                pred anchor True  | SO: covering single-group templates seen    98, anchor True  
  EInd   ¬x∈a, Ew(w∈x)            pred anchor True  | DT: covering single-group templates seen    43, anchor True  
  EInd   ¬x∈a, Ew(w∈x)            pred anchor True  | SO: covering single-group templates seen    98, anchor True  
  EInd   x∈x, x∈a→a∈x             pred anchor True  | DT: covering single-group templates seen    43, anchor True  
  EInd   x∈x, x∈a→a∈x             pred anchor True  | SO: covering single-group templates seen    98, anchor True  
  EInd   x=x, Ew(w∈a)             pred anchor True  | DT: covering single-group templates seen    43, anchor True  
  EInd   x=x, Ew(w∈a)             pred anchor True  | SO: covering single-group templates seen    98, anchor True  
  EInd   ¬x=x, a∈x∧x∈b            pred anchor True  | DT: covering single-group templates seen    43, anchor True  
  EInd   ¬x=x, a∈x∧x∈b            pred anchor True  | SO: covering single-group templates seen    98, anchor True  
  EInd   ¬x=x, x=a∨x∈a            pred anchor True  | DT: covering single-group templates seen    43, anchor True  
  EInd   ¬x=x, x=a∨x∈a            pred anchor True  | SO: covering single-group templates seen    98, anchor True  
  EInd   a∈x∧x∈b, Aw(w=w)         pred anchor True  | DT: covering single-group templates seen    43, anchor True  
  EInd   a∈x∧x∈b, Aw(w=w)         pred anchor True  | SO: covering single-group templates seen    98, anchor True  
  EInd   x∈a, Ew(w∈x)             pred anchor True  | DT: covering single-group templates seen    43, anchor True  
  EInd   x∈a, Ew(w∈x)             pred anchor True  | SO: covering single-group templates seen    98, anchor True  
  EInd   a∈x∧x∈b, Ew(w∈a)         pred anchor True  | DT: covering single-group templates seen    43, anchor True  
  EInd   a∈x∧x∈b, Ew(w∈a)         pred anchor True  | SO: covering single-group templates seen    98, anchor True  
  EInd   x=a∨x∈a, Aw(w∈x→w∈a)     pred anchor True  | DT: covering single-group templates seen    43, anchor True  
  EInd   x=a∨x∈a, Aw(w∈x→w∈a)     pred anchor True  | SO: covering single-group templates seen    98, anchor True  
  EInd   Aw¬w∈x, Aw(w=w)          pred anchor False | DT: covering single-group templates seen     2, anchor False 
  EInd   Aw¬w∈x, Aw(w=w)          pred anchor False | SO: covering single-group templates seen     4, anchor False 
  EInd   a∈b, Aw(w=w)             pred anchor False | DT: covering single-group templates seen    15, anchor False 
  EInd   a∈b, Aw(w=w)             pred anchor False | SO: covering single-group templates seen    31, anchor False 
  EInd   Aw(w∈x→w∈a), Aw¬w∈x      pred anchor False | DT: covering single-group templates seen     2, anchor False 
  EInd   Aw(w∈x→w∈a), Aw¬w∈x      pred anchor False | SO: covering single-group templates seen     4, anchor False 
  EInd   Aw(w=w), Ew(w∈a)         pred anchor False | DT: covering single-group templates seen    15, anchor False 
  EInd   Aw(w=w), Ew(w∈a)         pred anchor False | SO: covering single-group templates seen    31, anchor False 
  EInd   ¬x=x, ¬a=a               pred anchor False | DT: covering single-group templates seen     2, anchor False 
  EInd   ¬x=x, ¬a=a               pred anchor False | SO: covering single-group templates seen     4, anchor False 
  EInd   x∈x, a∈b                 pred anchor False | DT: covering single-group templates seen     2, anchor False 
  EInd   x∈x, a∈b                 pred anchor False | SO: covering single-group templates seen     4, anchor False 
  EInd   x∈x, x∈a                 pred anchor False | DT: covering single-group templates seen     2, anchor False 
  EInd   x∈x, x∈a                 pred anchor False | SO: covering single-group templates seen     4, anchor False 
  EInd   a∈b, Ew(w∈a)             pred anchor False | DT: covering single-group templates seen    15, anchor False 
  EInd   a∈b, Ew(w∈a)             pred anchor False | SO: covering single-group templates seen    31, anchor False 
  EInd   ¬a=a, Aw(w=w)            pred anchor False | DT: covering single-group templates seen    15, anchor False 
  EInd   ¬a=a, Aw(w=w)            pred anchor False | SO: covering single-group templates seen    31, anchor False 
  EInd   a∈b, ¬a=a                pred anchor False | DT: covering single-group templates seen    15, anchor False 
  EInd   a∈b, ¬a=a                pred anchor False | SO: covering single-group templates seen    31, anchor False 
EInd: DT agreement 20/20; time 2s (gmax 3, amax 2, arity bound for groups of size 3: 1)
