  ReplJ  ¬x∈z, Ew(x∈w∧w∈z)        pred anchor True  | DT: covering single-group templates seen   542, anchor True  
  ReplJ  ¬x∈z, Ew(x∈w∧w∈z)        pred anchor True  | SO: covering single-group templates seen   677, anchor True  
  ReplJ  Aw(w∈x→w∈z), a∈b         pred anchor True  | DT: covering single-group templates seen   542, anchor True  
  ReplJ  Aw(w∈x→w∈z), a∈b         pred anchor True  | SO: covering single-group templates seen   677, anchor True  
  ReplJ  ¬x∈z, x∈a↔z∈a            pred anchor True  | DT: covering single-group templates seen   542, anchor True  
  ReplJ  ¬x∈z, x∈a↔z∈a            pred anchor True  | SO: covering single-group templates seen   677, anchor True  
  ReplJ  z∈x, Aw(w=w)             pred anchor True  | DT: covering single-group templates seen   542, anchor True  
  ReplJ  z∈x, Aw(w=w)             pred anchor True  | SO: covering single-group templates seen   677, anchor True  
  ReplJ  Ew(x∈w∧w∈z), a∈b         pred anchor True  | DT: covering single-group templates seen   542, anchor True  
  ReplJ  Ew(x∈w∧w∈z), a∈b         pred anchor True  | SO: covering single-group templates seen   677, anchor True  
  ReplJ  x∈z→x=z, Aw(w∈x→w∈z)     pred anchor True  | DT: covering single-group templates seen   542, anchor True  
  ReplJ  x∈z→x=z, Aw(w∈x→w∈z)     pred anchor True  | SO: covering single-group templates seen   677, anchor True  
  ReplJ  ¬x=a, x∈a∧z∈a            pred anchor True  | DT: covering single-group templates seen   542, anchor True  
  ReplJ  ¬x=a, x∈a∧z∈a            pred anchor True  | SO: covering single-group templates seen   677, anchor True  
  ReplJ  ¬x=a, z∈a                pred anchor True  | DT: covering single-group templates seen   542, anchor True  
  ReplJ  ¬x=a, z∈a                pred anchor True  | SO: covering single-group templates seen   677, anchor True  
  ReplJ  x∈a∧z∈a, a∈b             pred anchor True  | DT: covering single-group templates seen   542, anchor True  
  ReplJ  x∈a∧z∈a, a∈b             pred anchor True  | SO: covering single-group templates seen   677, anchor True  
  ReplJ  x=z, x∈a↔z∈a             pred anchor True  | DT: covering single-group templates seen   542, anchor True  
  ReplJ  x=z, x∈a↔z∈a             pred anchor True  | SO: covering single-group templates seen   677, anchor True  
  ReplJ  x∈z, x∈a                 pred anchor False | DT: covering single-group templates seen     2, anchor False 
  ReplJ  x∈z, x∈a                 pred anchor False | SO: covering single-group templates seen     4, anchor False 
  ReplJ  a∈b, Aw(w=w)             pred anchor False | DT: covering single-group templates seen     3, anchor False 
  ReplJ  a∈b, Aw(w=w)             pred anchor False | SO: covering single-group templates seen     7, anchor False 
  ReplJ  z∈x, a∈b                 pred anchor False | DT: covering single-group templates seen     2, anchor False 
  ReplJ  z∈x, a∈b                 pred anchor False | SO: covering single-group templates seen     4, anchor False 
  ReplJ  ¬x=a, Ew(w∈x)            pred anchor False | DT: covering single-group templates seen     6, anchor False 
  ReplJ  ¬x=a, Ew(w∈x)            pred anchor False | SO: covering single-group templates seen    13, anchor False 
  ReplJ  x∈a, z∈a                 pred anchor False | DT: covering single-group templates seen     2, anchor False 
  ReplJ  x∈a, z∈a                 pred anchor False | SO: covering single-group templates seen     4, anchor False 
  ReplJ  ¬x=a, a∈b                pred anchor False | DT: covering single-group templates seen     6, anchor False 
  ReplJ  ¬x=a, a∈b                pred anchor False | SO: covering single-group templates seen    13, anchor False 
  ReplJ  z∈x, z∈a                 pred anchor False | DT: covering single-group templates seen     2, anchor False 
  ReplJ  z∈x, z∈a                 pred anchor False | SO: covering single-group templates seen     4, anchor False 
  ReplJ  Aw(w∈x→w∈z), Aw(w=w)     pred anchor False | DT: covering single-group templates seen     2, anchor False 
  ReplJ  Aw(w∈x→w∈z), Aw(w=w)     pred anchor False | SO: covering single-group templates seen     4, anchor False 
  ReplJ  x∈z, a∈b                 pred anchor False | DT: covering single-group templates seen     2, anchor False 
  ReplJ  x∈z, a∈b                 pred anchor False | SO: covering single-group templates seen     4, anchor False 
  ReplJ  z∈a, Aw(w=w)             pred anchor False | DT: covering single-group templates seen     3, anchor False 
  ReplJ  z∈a, Aw(w=w)             pred anchor False | SO: covering single-group templates seen     7, anchor False 
ReplJ: DT agreement 20/20; time 111s (gmax 3, amax 2, arity bound for groups of size 3: 1)
