  ReplS  y=x, x∈A→y=A             pred anchor True  | DT: covering single-group templates seen   934, anchor True  
  ReplS  y=x, x∈A→y=A             pred anchor True  | SO: covering single-group templates seen  1165, anchor True  
  ReplS  Aw(w∈y↔w∈x), Ew(w∈y∧w∈A) pred anchor True  | DT: covering single-group templates seen   934, anchor True  
  ReplS  Aw(w∈y↔w∈x), Ew(w∈y∧w∈A) pred anchor True  | SO: covering single-group templates seen  1165, anchor True  
  ReplS  ¬x=A, y=x∧x∈A            pred anchor True  | DT: covering single-group templates seen   934, anchor True  
  ReplS  ¬x=A, y=x∧x∈A            pred anchor True  | SO: covering single-group templates seen  1165, anchor True  
  ReplS  ¬x=A, y=x∨y=A            pred anchor True  | DT: covering single-group templates seen   934, anchor True  
  ReplS  ¬x=A, y=x∨y=A            pred anchor True  | SO: covering single-group templates seen  1165, anchor True  
  ReplS  y=x∧x∈A, a∈b             pred anchor True  | DT: covering single-group templates seen   934, anchor True  
  ReplS  y=x∧x∈A, a∈b             pred anchor True  | SO: covering single-group templates seen  1165, anchor True  
  ReplS  y∈A, Aw(w∈y↔w=x)         pred anchor True  | DT: covering single-group templates seen   934, anchor True  
  ReplS  y∈A, Aw(w∈y↔w=x)         pred anchor True  | SO: covering single-group templates seen  1165, anchor True  
  ReplS  y=x∧x∈A, Aw(w=w)         pred anchor True  | DT: covering single-group templates seen   934, anchor True  
  ReplS  y=x∧x∈A, Aw(w=w)         pred anchor True  | SO: covering single-group templates seen  1165, anchor True  
  ReplS  y=x∨y=A, Aw(w∈y↔w∈x)     pred anchor True  | DT: covering single-group templates seen   934, anchor True  
  ReplS  y=x∨y=A, Aw(w∈y↔w∈x)     pred anchor True  | SO: covering single-group templates seen  1165, anchor True  
  ReplS  x∈A→y=A, Ew(w∈y∧w∈A)     pred anchor True  | DT: covering single-group templates seen   934, anchor True  
  ReplS  x∈A→y=A, Ew(w∈y∧w∈A)     pred anchor True  | SO: covering single-group templates seen  1165, anchor True  
  ReplS  ¬x=A, Aw(w∈y↔w∈x)        pred anchor True  | DT: covering single-group templates seen   934, anchor True  
  ReplS  ¬x=A, Aw(w∈y↔w∈x)        pred anchor True  | SO: covering single-group templates seen  1165, anchor True  
  ReplS  ¬y∈x, x∈a                pred anchor False | DT: covering single-group templates seen    14, anchor False 
  ReplS  ¬y∈x, x∈a                pred anchor False | SO: covering single-group templates seen    28, anchor False 
  ReplS  Ew(w∈y∧w∈A), a∈b         pred anchor False | DT: covering single-group templates seen    14, anchor False 
  ReplS  Ew(w∈y∧w∈A), a∈b         pred anchor False | SO: covering single-group templates seen    28, anchor False 
  ReplS  ¬y∈x, Aw(w∈y↔w=x)        pred anchor False | DT: covering single-group templates seen    14, anchor False 
  ReplS  ¬y∈x, Aw(w∈y↔w=x)        pred anchor False | SO: covering single-group templates seen    28, anchor False 
  ReplS  x∈y, Aw(w=w)             pred anchor False | DT: covering single-group templates seen    14, anchor False 
  ReplS  x∈y, Aw(w=w)             pred anchor False | SO: covering single-group templates seen    28, anchor False 
  ReplS  x∈a, a∈b                 pred anchor False | DT: covering single-group templates seen     3, anchor False 
  ReplS  x∈a, a∈b                 pred anchor False | SO: covering single-group templates seen     8, anchor False 
  ReplS  a∈b, Aw(w=w)             pred anchor False | DT: covering single-group templates seen    14, anchor False 
  ReplS  a∈b, Aw(w=w)             pred anchor False | SO: covering single-group templates seen    28, anchor False 
  ReplS  x∈y, a∈b                 pred anchor False | DT: covering single-group templates seen     3, anchor False 
  ReplS  x∈y, a∈b                 pred anchor False | SO: covering single-group templates seen     8, anchor False 
  ReplS  Aw(w∈y↔w∈x), y∈a         pred anchor False | DT: covering single-group templates seen    14, anchor False 
  ReplS  Aw(w∈y↔w∈x), y∈a         pred anchor False | SO: covering single-group templates seen    28, anchor False 
  ReplS  y=x, Aw(w∈y↔w=x)         pred anchor False | DT: covering single-group templates seen    14, anchor False 
  ReplS  y=x, Aw(w∈y↔w=x)         pred anchor False | SO: covering single-group templates seen    28, anchor False 
  ReplS  Aw(w∈y↔w∈x), x∈a         pred anchor False | DT: covering single-group templates seen    14, anchor False 
  ReplS  Aw(w∈y↔w∈x), x∈a         pred anchor False | SO: covering single-group templates seen    28, anchor False 
ReplS: DT agreement 20/20; time 186s (gmax 3, amax 2, arity bound for groups of size 3: 1)
