  Sep    ¬x∈z, Ew(x∈w∧w∈z)        pred anchor True  | DT: covering single-group templates seen   188, anchor True  
  Sep    ¬x∈z, Ew(x∈w∧w∈z)        pred anchor True  | SO: covering single-group templates seen   247, anchor True  
  Sep    Aw(w∈x→w∈z), a∈b         pred anchor True  | DT: covering single-group templates seen   188, anchor True  
  Sep    Aw(w∈x→w∈z), a∈b         pred anchor True  | SO: covering single-group templates seen   247, anchor True  
  Sep    ¬x∈z, x∈a↔z∈a            pred anchor True  | DT: covering single-group templates seen   188, anchor True  
  Sep    ¬x∈z, x∈a↔z∈a            pred anchor True  | SO: covering single-group templates seen   247, anchor True  
  Sep    z∈x, Aw(w=w)             pred anchor True  | DT: covering single-group templates seen   188, anchor True  
  Sep    z∈x, Aw(w=w)             pred anchor True  | SO: covering single-group templates seen   247, anchor True  
  Sep    Ew(x∈w∧w∈z), a∈b         pred anchor True  | DT: covering single-group templates seen   188, anchor True  
  Sep    Ew(x∈w∧w∈z), a∈b         pred anchor True  | SO: covering single-group templates seen   247, anchor True  
  Sep    x∈z→x=z, Aw(w∈x→w∈z)     pred anchor True  | DT: covering single-group templates seen   188, anchor True  
  Sep    x∈z→x=z, Aw(w∈x→w∈z)     pred anchor True  | SO: covering single-group templates seen   247, anchor True  
  Sep    ¬x=a, x∈a∧z∈a            pred anchor True  | DT: covering single-group templates seen   188, anchor True  
  Sep    ¬x=a, x∈a∧z∈a            pred anchor True  | SO: covering single-group templates seen   247, anchor True  
  Sep    ¬x=a, z∈a                pred anchor True  | DT: covering single-group templates seen   188, anchor True  
  Sep    ¬x=a, z∈a                pred anchor True  | SO: covering single-group templates seen   247, anchor True  
  Sep    x∈a∧z∈a, a∈b             pred anchor True  | DT: covering single-group templates seen   188, anchor True  
  Sep    x∈a∧z∈a, a∈b             pred anchor True  | SO: covering single-group templates seen   247, anchor True  
  Sep    x=z, x∈a↔z∈a             pred anchor True  | DT: covering single-group templates seen   188, anchor True  
  Sep    x=z, x∈a↔z∈a             pred anchor True  | SO: covering single-group templates seen   247, anchor True  
  Sep    x∈z, x∈a                 pred anchor False | DT: covering single-group templates seen     5, anchor False 
  Sep    x∈z, x∈a                 pred anchor False | SO: covering single-group templates seen    10, anchor False 
  Sep    a∈b, Aw(w=w)             pred anchor False | DT: covering single-group templates seen    31, anchor False 
  Sep    a∈b, Aw(w=w)             pred anchor False | SO: covering single-group templates seen    48, anchor False 
  Sep    z∈x, a∈b                 pred anchor False | DT: covering single-group templates seen     5, anchor False 
  Sep    z∈x, a∈b                 pred anchor False | SO: covering single-group templates seen    10, anchor False 
  Sep    ¬x=a, Ew(w∈x)            pred anchor False | DT: covering single-group templates seen    31, anchor False 
  Sep    ¬x=a, Ew(w∈x)            pred anchor False | SO: covering single-group templates seen    48, anchor False 
  Sep    x∈a, z∈a                 pred anchor False | DT: covering single-group templates seen     5, anchor False 
  Sep    x∈a, z∈a                 pred anchor False | SO: covering single-group templates seen    10, anchor False 
  Sep    ¬x=a, a∈b                pred anchor False | DT: covering single-group templates seen    31, anchor False 
  Sep    ¬x=a, a∈b                pred anchor False | SO: covering single-group templates seen    48, anchor False 
  Sep    z∈x, z∈a                 pred anchor False | DT: covering single-group templates seen     5, anchor False 
  Sep    z∈x, z∈a                 pred anchor False | SO: covering single-group templates seen    10, anchor False 
  Sep    Aw(w∈x→w∈z), Aw(w=w)     pred anchor False | DT: covering single-group templates seen     5, anchor False 
  Sep    Aw(w∈x→w∈z), Aw(w=w)     pred anchor False | SO: covering single-group templates seen    10, anchor False 
  Sep    x∈z, a∈b                 pred anchor False | DT: covering single-group templates seen     5, anchor False 
  Sep    x∈z, a∈b                 pred anchor False | SO: covering single-group templates seen    10, anchor False 
  Sep    z∈a, Aw(w=w)             pred anchor False | DT: covering single-group templates seen    31, anchor False 
  Sep    z∈a, Aw(w=w)             pred anchor False | SO: covering single-group templates seen    48, anchor False 
Sep: DT agreement 20/20; time 4s (gmax 3, amax 2, arity bound for groups of size 3: 1)
