  SepJ   ¬x∈a, a∈b                pred anchor True  | DT: covering single-group templates seen   191, anchor True  
  SepJ   ¬x∈a, a∈b                pred anchor True  | SO: covering single-group templates seen   253, anchor True  
  SepJ   ¬x∈a, Ew(w∈x)            pred anchor True  | DT: covering single-group templates seen   191, anchor True  
  SepJ   ¬x∈a, Ew(w∈x)            pred anchor True  | SO: covering single-group templates seen   253, anchor True  
  SepJ   x∈x, x∈a→a∈x             pred anchor True  | DT: covering single-group templates seen   191, anchor True  
  SepJ   x∈x, x∈a→a∈x             pred anchor True  | SO: covering single-group templates seen   253, anchor True  
  SepJ   x=x, Ew(w∈a)             pred anchor True  | DT: covering single-group templates seen   191, anchor True  
  SepJ   x=x, Ew(w∈a)             pred anchor True  | SO: covering single-group templates seen   253, anchor True  
  SepJ   ¬x=x, a∈x∧x∈b            pred anchor True  | DT: covering single-group templates seen   191, anchor True  
  SepJ   ¬x=x, a∈x∧x∈b            pred anchor True  | SO: covering single-group templates seen   253, anchor True  
  SepJ   ¬x=x, x=a∨x∈a            pred anchor True  | DT: covering single-group templates seen   191, anchor True  
  SepJ   ¬x=x, x=a∨x∈a            pred anchor True  | SO: covering single-group templates seen   253, anchor True  
  SepJ   a∈x∧x∈b, Aw(w=w)         pred anchor True  | DT: covering single-group templates seen   191, anchor True  
  SepJ   a∈x∧x∈b, Aw(w=w)         pred anchor True  | SO: covering single-group templates seen   253, anchor True  
  SepJ   x∈a, Ew(w∈x)             pred anchor True  | DT: covering single-group templates seen   191, anchor True  
  SepJ   x∈a, Ew(w∈x)             pred anchor True  | SO: covering single-group templates seen   253, anchor True  
  SepJ   a∈x∧x∈b, Ew(w∈a)         pred anchor True  | DT: covering single-group templates seen   191, anchor True  
  SepJ   a∈x∧x∈b, Ew(w∈a)         pred anchor True  | SO: covering single-group templates seen   253, anchor True  
  SepJ   x=a∨x∈a, Aw(w∈x→w∈a)     pred anchor True  | DT: covering single-group templates seen   191, anchor True  
  SepJ   x=a∨x∈a, Aw(w∈x→w∈a)     pred anchor True  | SO: covering single-group templates seen   253, anchor True  
  SepJ   Aw¬w∈x, Aw(w=w)          pred anchor False | DT: covering single-group templates seen     5, anchor False 
  SepJ   Aw¬w∈x, Aw(w=w)          pred anchor False | SO: covering single-group templates seen    10, anchor False 
  SepJ   a∈b, Aw(w=w)             pred anchor False | DT: covering single-group templates seen    31, anchor False 
  SepJ   a∈b, Aw(w=w)             pred anchor False | SO: covering single-group templates seen    48, anchor False 
  SepJ   Aw(w∈x→w∈a), Aw¬w∈x      pred anchor False | DT: covering single-group templates seen     5, anchor False 
  SepJ   Aw(w∈x→w∈a), Aw¬w∈x      pred anchor False | SO: covering single-group templates seen    10, anchor False 
  SepJ   Aw(w=w), Ew(w∈a)         pred anchor False | DT: covering single-group templates seen    31, anchor False 
  SepJ   Aw(w=w), Ew(w∈a)         pred anchor False | SO: covering single-group templates seen    48, anchor False 
  SepJ   ¬x=x, ¬a=a               pred anchor False | DT: covering single-group templates seen     5, anchor False 
  SepJ   ¬x=x, ¬a=a               pred anchor False | SO: covering single-group templates seen    10, anchor False 
  SepJ   x∈x, a∈b                 pred anchor False | DT: covering single-group templates seen     5, anchor False 
  SepJ   x∈x, a∈b                 pred anchor False | SO: covering single-group templates seen    10, anchor False 
  SepJ   x∈x, x∈a                 pred anchor False | DT: covering single-group templates seen     5, anchor False 
  SepJ   x∈x, x∈a                 pred anchor False | SO: covering single-group templates seen    10, anchor False 
  SepJ   a∈b, Ew(w∈a)             pred anchor False | DT: covering single-group templates seen    31, anchor False 
  SepJ   a∈b, Ew(w∈a)             pred anchor False | SO: covering single-group templates seen    48, anchor False 
  SepJ   ¬a=a, Aw(w=w)            pred anchor False | DT: covering single-group templates seen    31, anchor False 
  SepJ   ¬a=a, Aw(w=w)            pred anchor False | SO: covering single-group templates seen    48, anchor False 
  SepJ   a∈b, ¬a=a                pred anchor False | DT: covering single-group templates seen    31, anchor False 
  SepJ   a∈b, ¬a=a                pred anchor False | SO: covering single-group templates seen    48, anchor False 
SepJ: DT agreement 20/20; time 5s (gmax 3, amax 2, arity bound for groups of size 3: 1)
