Part A: members of length <= L, against C*L^a* (strict form needs count <= C*t(L) for all large L).
set                           C  a*  least L with count > C L^a*    count there
Craig, fast f                 1   3                         1113      1.611e+09
Craig, fast f                 1   5                         3962      1.153e+18
Craig, fast f           1000000   3                         3425      5.404e+16
Craig, fast f           1000000   5                         7674      2.901e+25
{R(w) -> R(w)}                1   3                           39      6.553e+04
{R(w) -> R(w)}                1   5                           69      2.147e+09
{R(w) -> R(w)}          1000000   3                           87      1.100e+12
{R(w) -> R(w)}          1000000   5                          117      3.603e+16
Pad(q) (Lemma 2.1): at most L members of length <= L for every L (one per counter value T, length >= T+1),
  so it never exceeds C L^a* with C >= 1.
  -> no enumerator of the fast Craig set or of the template {R(w) -> R(w)} meets the strict form, whatever
     its order; P2-strict admits only sparse sets (Pad(q) among them) and excludes every schema.

Part B: delay e_i - e_(i-1) relative to |a_i| (c2 cost model, budget 3e6).
f        pad      #ax  max delay/|a_i|  max delay/|a_i|^2
fast     work     178            1.135          1.534e-02
fast     none   11772            1.909          1.736e-01
exp2     work      92            1.138          9.254e-03
exp2     none     687           14.231          1.080e-01
partial  work     118            1.140          4.713e-03
partial  none    3526         1437.547          5.044e+00
exp4     work      22            1.140          4.713e-03
exp4     none      62           45.464          6.445e-02
  -> with Lemma 2.1's padding the delay stays below ~|a_i| (polynomial delay); unpadded it does not.

Part C: Rem 2.6 cumulative example, f_pow2 (halts in |phi_s| steps iff s is a power of 2, else loops).
  j   dovetail end  dovetail end/cum  wrapper end  wrapper end/cum
  0             70              2.19           40            1.250
  2            193              1.77          135            1.239
  4            603              2.45          298            1.211
  6           3362              7.32          545            1.187
  8          37157             48.63          892            1.168
 10         541564            460.12         1355            1.151
 12        8462295           4937.16         1950            1.138
 14      134539974          56269.33         2693            1.126
 16     2148896345         666531.12         3600            1.117
 18    34365903520        8126248.17         4687            1.108
 20   549782558635      101398480.01         5970            1.101
  -> dovetailing: end/cum grows like 4^j/j^3 (not polynomial in cum); the wrapper that runs f on powers of 2
     only: end/cum <= ~1.2.  'A^C_f is not cheap to enumerate' is a property of the dovetailing enumerator, not
     of the set A^C_f, for the notes' own example.
