Part A: -log2 of the FIcons_poly weight with clock exponent >= K
             K  -log2 T(K)   log2 K
             1       2.000    0.000
             3       3.415    1.585
            15       5.830    3.907
           255       9.989    7.994
         65535      18.000   16.000
    4294967295      34.000   32.000
281474976710655      50.000   48.000

Part B: regret lower bound of FIcons_poly against AI[poly, poly] on D^{X_N}, N = 2^(2^r)
  r   log2 N  AI loss <=  FI loss ->>=  regret >=
  1        2         304           2.0     -302.0
  2        4         307           4.0     -303.0
  3        8         307           8.0     -299.0
  4       16         308          16.0     -292.0
  5       32         308          32.0     -276.0
  6       64         308          64.0     -244.0
  7      128         308         128.0     -180.0
  8      256         311         256.0      -55.0
  9      512         311         512.0      201.0
 10     1024         311        1024.0      713.0
 11     2048         311        2048.0     1737.0
 12     4096         311        4096.0     3785.0
  -> the bound is negative for small r and grows like 2^r: sup over sequences of the regret is infinite.
