r1_subformula_independent  (seed 8675309); independent implementation rk.py, not kcore.py
raw derivations: 400 (35721 lines, 30132 axiom/MP lines)
  Lemma 2.1 on raw derivations: axiom/MP lines that are not a literal subformula of an earlier-or-same axiom line: 0
  raw Gen lines sitting nowhere in I + {last} (shows normality is needed): 2079 of 5589
normal derivations: 2400 (invalid after normalisation: 0, not normal: 0); lines 6026, Gen lines 1218, derivations with a Gen chain of length >= 2: 137 (longest 5); Gen lines used both as Gen premise and minor premise: 0
  (a) proof's map o: lines not sitting at o(line) as claimed: 0; collisions (non-injectivity): 0
  (b) independent exhaustive search: lines sitting at no node of J: 0; lines left unmatched by a maximum matching: 0
  (c) bound violations: (i) 0, (ii) 0, (iii) 0, (M+|phi|)^2: 0
      worst ratios: size/sumF = 1.0000, #lines/sumN = 1.0000, size/(M+|phi|)^2 = 0.3333
Rem 2.5 example: valid=True, normal=True; middle line ('A', ('R', 'Q', (('i', 0), ('p', 1)))) literal subformula of I+phi: False; sits at (member, path, k): [(1, (0, 0), 1)]
targeted Gen-line-with-two-uses derivations: 12 (Gen lines used both ways: 12); failures of o (sits/injectivity over 8 random chain choices each) or of size <= sumF: 0
Prop 2.4 family (a = P(a), b = Q(a,a)); 1/(2(|a|+1)) = 0.1667:
    k=   1 size=     11 (closed form 11) M=    8 (closed form 8) sumF=     16 size/sumF=0.6875 size/(M+|b|)^2=0.0909 valid=True
    k=   2 size=     20 (closed form 20) M=   11 (closed form 11) sumF=     27 size/sumF=0.7407 size/(M+|b|)^2=0.1020 valid=True
    k=   5 size=     65 (closed form 65) M=   20 (closed form 20) sumF=     78 size/sumF=0.8333 size/(M+|b|)^2=0.1229 valid=True
    k=  10 size=    200 (closed form 200) M=   35 (closed form 35) sumF=    223 size/sumF=0.8969 size/(M+|b|)^2=0.1385 valid=True
    k=  50 size=   3980 (closed form 3980) M=  155 (closed form 155) sumF=   4083 size/sumF=0.9748 size/(M+|b|)^2=0.1594 valid=True
    k= 200 size=  60905 (closed form 60905) M=  605 (closed form 605) sumF=  61308 size/sumF=0.9934 size/(M+|b|)^2=0.1648 valid=True
  closed forms of Prop 2.4 reproduced: True
verdict: all claims of Lemmas 1.1, 2.1, 2.2, Cor 2.3, Prop 2.4 hold on these cases
