r2_parameter_channel  (seed 31337); token bits b_s = 4; beta = 8.0 (generous)
verifier: X = {w : 11 occurs in w}, certificates of length |w|^2 carried in the index
   |w|  b  cert bits  K-valid(kcore) K-valid(rk)  size  size-9|phi^b|  material  mat-5|phi^b|  max inst  inst-3|phi^b|  code bits  beta*d*log2(d+2)  code/that
     2  1          4            True        True    90             54        60            40        25             13        580              4697       0.12
     2  0          4            True        True    99             54        65            40        28             13        616              5273       0.12
     4  1         16            True        True   108             54        70            40        31             13       1084              5859       0.19
     4  0         16            True        True   117             54        75            40        34             13       1120              6454       0.17
     6  1         36            True        True   126             54        80            40        37             13       1876              7056       0.27
     6  0         36            True        True   135             54        85            40        40             13       1912              7666       0.25
     8  1         64            True        True   144             54        90            40        43             13       2956              8283       0.36
     8  0         64            True        True   153             54        95            40        46             13       2992              8906       0.34
    10  1        100            True        True   162             54       100            40        49             13       4324              9535       0.45
    10  0        100            True        True   171             54       105            40        52             13       4360             10171       0.43
    12  1        144            True        True   180             54       110            40        55             13       5980             10811       0.55
    12  0        144            True        True   189             54       115            40        58             13       6016             11457       0.53
  invalid derivations or code-length mismatch (rk vs kcore): 0; deviations from size = 9|phi^b| + 54, material = 5|phi^b| + 40, max instance = 3|phi^b| + 13: 0
  renamings to p_0..p_5 accepted by the decider: 0 of 72 (A^par_V is not closed under permutations of the parameters)
  decider work / |chi|^3 (bits read + verifier steps): max 0.038
verifier: X = {w : 11 occurs in w}, certificates of length |w|^3 carried in the index
   |w|  b  cert bits  K-valid(kcore) K-valid(rk)  size  size-9|phi^b|  material  mat-5|phi^b|  max inst  inst-3|phi^b|  code bits  beta*d*log2(d+2)  code/that
     2  1          8            True        True    90             54        60            40        25             13        724              4697       0.15
     2  0          8            True        True    99             54        65            40        28             13        760              5273       0.14
     4  1         64            True        True   108             54        70            40        31             13       2812              5859       0.48
     4  0         64            True        True   117             54        75            40        34             13       2848              6454       0.44
     6  1        216            True        True   126             54        80            40        37             13       8356              7056       1.18
     6  0        216            True        True   135             54        85            40        40             13       8392              7666       1.09
     8  1        512            True        True   144             54        90            40        43             13      19084              8283       2.30
     8  0        512            True        True   153             54        95            40        46             13      19120              8906       2.15
    10  1       1000            True        True   162             54       100            40        49             13      36724              9535       3.85
    10  0       1000            True        True   171             54       105            40        52             13      36760             10171       3.61
    12  1       1728            True        True   180             54       110            40        55             13      63004             10811       5.83
    12  0       1728            True        True   189             54       115            40        58             13      63040             11457       5.50
  invalid derivations or code-length mismatch (rk vs kcore): 0; deviations from size = 9|phi^b| + 54, material = 5|phi^b| + 40, max instance = 3|phi^b| + 13: 0
  renamings to p_0..p_5 accepted by the decider: 0 of 72 (A^par_V is not closed under permutations of the parameters)
  decider work / |chi|^4 (bits read + verifier steps): max 0.022
Reading: symbol size = 9|phi^b| + 54, material = 5|phi^b| + 40, max instance = 3|phi^b| + 13 (exact),
all independent of the certificate; the bit code grows with the certificate, so the bound
'code <= beta * d * log2(d + 2)' (time-followup Thm 4.2(a), used by notes Thm 3.1(iii)) fails for
this hypothesis, and Thm 4.2's renaming test does not apply to it.
