== (1) ground templates
  T* = Extensionality (ground). Acc({T*}) accepts exactly T* among 4 test sentences: True
  ground tag, pi=0.05: P[not exact]=(1-pi)^N vs sqrt(e)exp(-3N pi/8):  N=1: 0.95<=1.62 ok; N=5: 0.774<=1.5 ok; N=10: 0.599<=1.37 ok; N=20: 0.358<=1.13 ok; N=50: 0.0769<=0.646 ok; N=100: 0.00592<=0.253 ok
  ground tag, pi=0.20: P[not exact]=(1-pi)^N vs sqrt(e)exp(-3N pi/8):  N=1: 0.8<=1.53 ok; N=5: 0.328<=1.13 ok; N=10: 0.107<=0.779 ok; N=20: 0.0115<=0.368 ok; N=50: 1.43e-05<=0.0388 ok; N=100: 2.04e-10<=0.000912 ok
  ground tag, pi=0.50: P[not exact]=(1-pi)^N vs sqrt(e)exp(-3N pi/8):  N=1: 0.5<=1.37 ok; N=5: 0.0312<=0.646 ok; N=10: 0.000977<=0.253 ok; N=20: 9.54e-07<=0.0388 ok; N=50: 8.88e-16<=0.00014 ok; N=100: 7.89e-31<=1.19e-08 ok
== (2) kappa terms: lower bound beta^N and exact rate (finite support)
-- Induction   T* = ((P(0) & Ax.(P(x) -> P(Sx))) -> Ax.P(x))   non-valid pairs: 14
   pair sigma=(0, 0) r=(0, 1, 0, 0): beta=0.1500 K=1 1-kappa=0.0225 sqrt(1-kappa)=0.1500  beta^N<=exact<=K beta^N: True
      N=2 exact=0.0225 beta^N=0.0225 pairsplit=0.0225; N=4 exact=0.000506 beta^N=0.000506 pairsplit=0.000506; N=8 exact=2.56e-07 beta^N=2.56e-07 pairsplit=2.56e-07; N=16 exact=6.57e-14 beta^N=6.57e-14 pairsplit=6.57e-14; N=24 exact=1.68e-20 beta^N=1.68e-20 pairsplit=1.68e-20
   pair sigma=(0, 0) r=(0, 1, 0, 1): beta=0.1500 K=1 1-kappa=0.0225 sqrt(1-kappa)=0.1500  beta^N<=exact<=K beta^N: True
      N=2 exact=0.0225 beta^N=0.0225 pairsplit=0.0225; N=4 exact=0.000506 beta^N=0.000506 pairsplit=0.000506; N=8 exact=2.56e-07 beta^N=2.56e-07 pairsplit=2.56e-07; N=16 exact=6.57e-14 beta^N=6.57e-14 pairsplit=6.57e-14; N=24 exact=1.68e-20 beta^N=1.68e-20 pairsplit=1.68e-20
   pair sigma=(0, 0) r=(1, 0): beta=0.1500 K=1 1-kappa=0.0225 sqrt(1-kappa)=0.1500  beta^N<=exact<=K beta^N: True
      N=2 exact=0.0225 beta^N=0.0225 pairsplit=0.0225; N=4 exact=0.000506 beta^N=0.000506 pairsplit=0.000506; N=8 exact=2.56e-07 beta^N=2.56e-07 pairsplit=2.56e-07; N=16 exact=6.57e-14 beta^N=6.57e-14 pairsplit=6.57e-14; N=24 exact=1.68e-20 beta^N=1.68e-20 pairsplit=1.68e-20
   all 14 pairs satisfy beta^N <= exact <= K beta^N: True
-- Prop D4 template   T* = (Ax.Ay.Sf(x,y)=0 & Ax.Ay.f(x,Sy)=0)   non-valid pairs: 6
   pair sigma=(1, 0, 0, 0) r=(0, 0, 0, 0): beta=0.8000 K=1 1-kappa=0.6400 sqrt(1-kappa)=0.8000  beta^N<=exact<=K beta^N: True
      N=2 exact=0.64 beta^N=0.64 pairsplit=0.64; N=4 exact=0.41 beta^N=0.41 pairsplit=0.41; N=8 exact=0.168 beta^N=0.168 pairsplit=0.168; N=16 exact=0.0281 beta^N=0.0281 pairsplit=0.0281; N=24 exact=0.00472 beta^N=0.00472 pairsplit=0.00472
   pair sigma=(1, 0, 0, 0) r=(0, 0, 0, 0, 0): beta=0.6500 K=1 1-kappa=0.4225 sqrt(1-kappa)=0.6500  beta^N<=exact<=K beta^N: True
      N=2 exact=0.423 beta^N=0.423 pairsplit=0.423; N=4 exact=0.179 beta^N=0.179 pairsplit=0.179; N=8 exact=0.0319 beta^N=0.0319 pairsplit=0.0319; N=16 exact=0.00102 beta^N=0.00102 pairsplit=0.00102; N=24 exact=3.24e-05 beta^N=3.24e-05 pairsplit=3.24e-05
   pair sigma=(0, 0, 0, 0, 0) r=(0, 0, 0, 1): beta=0.5500 K=1 1-kappa=0.3025 sqrt(1-kappa)=0.5500  beta^N<=exact<=K beta^N: True
      N=2 exact=0.303 beta^N=0.303 pairsplit=0.303; N=4 exact=0.0915 beta^N=0.0915 pairsplit=0.0915; N=8 exact=0.00837 beta^N=0.00837 pairsplit=0.00837; N=16 exact=7.01e-05 beta^N=7.01e-05 pairsplit=7.01e-05; N=24 exact=5.87e-07 beta^N=5.87e-07 pairsplit=5.87e-07
   all 6 pairs satisfy beta^N <= exact <= K beta^N: True
-- Separation   T* = Ax.Ey.Au.(u in y <-> (u in x & P(u,x)))   non-valid pairs: 2
   pair sigma=(0, 0, 0, 1, 1) r=(0, 0, 0, 0): beta=0.0500 K=1 1-kappa=0.0025 sqrt(1-kappa)=0.0500  beta^N<=exact<=K beta^N: True
      N=2 exact=0.0025 beta^N=0.0025 pairsplit=0.0025; N=4 exact=6.25e-06 beta^N=6.25e-06 pairsplit=6.25e-06; N=8 exact=3.91e-11 beta^N=3.91e-11 pairsplit=3.91e-11; N=16 exact=1.53e-21 beta^N=1.53e-21 pairsplit=1.53e-21; N=24 exact=5.96e-32 beta^N=5.96e-32 pairsplit=5.96e-32
   pair sigma=(0, 0, 0, 1, 1) r=(0, 0, 0, 1, 0): beta=0.0500 K=1 1-kappa=0.0025 sqrt(1-kappa)=0.0500  beta^N<=exact<=K beta^N: True
      N=2 exact=0.0025 beta^N=0.0025 pairsplit=0.0025; N=4 exact=6.25e-06 beta^N=6.25e-06 pairsplit=6.25e-06; N=8 exact=3.91e-11 beta^N=3.91e-11 pairsplit=3.91e-11; N=16 exact=1.53e-21 beta^N=1.53e-21 pairsplit=1.53e-21; N=24 exact=5.96e-32 beta^N=5.96e-32 pairsplit=5.96e-32
   all 2 pairs satisfy beta^N <= exact <= K beta^N: True
-- referee t6 law  Ax(0=f(x)), f ~ {0:.4, z:.3, Sz:.3}   T* = Ax.0=f(x)   non-valid pairs: 1
   pair sigma=(0, 1) r=(0, 0): beta=0.7000 K=1 1-kappa=0.4900 sqrt(1-kappa)=0.7000  beta^N<=exact<=K beta^N: True
      N=2 exact=0.49 beta^N=0.49 pairsplit=0.49; N=4 exact=0.24 beta^N=0.24 pairsplit=0.24; N=8 exact=0.0576 beta^N=0.0576 pairsplit=0.0576; N=16 exact=0.00332 beta^N=0.00332 pairsplit=0.00332; N=24 exact=0.000192 beta^N=0.000192 pairsplit=0.000192
   all 1 pairs satisfy beta^N <= exact <= K beta^N: True
-- gap law  AxAy(f(x)=g(y)), f ~ U{z,Sz}, g ~ U{z,0,Sz} indep.   T* = Ax.Ay.f(x)=g(y)   non-valid pairs: 2
   pair sigma=(0, 0, 0) r=(0, 0, 1): beta=0.3333 K=3 1-kappa=0.1667 sqrt(1-kappa)=0.4082  beta^N<=exact<=K beta^N: True
      N=2 exact=0.167 beta^N=0.111 pairsplit=0.167; N=4 exact=0.0139 beta^N=0.0123 pairsplit=0.0278; N=8 exact=0.000154 beta^N=0.000152 pairsplit=0.000772; N=16 exact=2.32e-08 beta^N=2.32e-08 pairsplit=5.95e-07; N=24 exact=3.54e-12 beta^N=3.54e-12 pairsplit=4.59e-10
   pair sigma=(0, 0, 1) r=(0, 0, 0): beta=0.3333 K=2 1-kappa=0.1389 sqrt(1-kappa)=0.3727  beta^N<=exact<=K beta^N: True
      N=2 exact=0.139 beta^N=0.111 pairsplit=0.139; N=4 exact=0.0131 beta^N=0.0123 pairsplit=0.0193; N=8 exact=0.000153 beta^N=0.000152 pairsplit=0.000372; N=16 exact=2.32e-08 beta^N=2.32e-08 pairsplit=1.38e-07; N=24 exact=3.54e-12 beta^N=3.54e-12 pairsplit=5.15e-11
   all 2 pairs satisfy beta^N <= exact <= K beta^N: True
== (3) exact P[D_N not an anchor] for the two small laws, with the lower bounds
-- referee t6 law  Ax(0=f(x)), f ~ {0:.4, z:.3, Sz:.3}  (Thm D events vs feature-template anchor check disagree on 0 support subsets)
    N   exact P[not anchor]   old lower max((1-rho)^N,(1-nu)^N)   new lower max(..., beta^N)   Thm E upper
    2   0.580000              0.160000                          0.490000                   1.050000
    4   0.248200              0.025600                          0.240100                   0.329700
    8   0.057714              0.000655                          0.057648                   0.059942
   12   0.013842              0.000017                          0.013841                   0.013900
   16   0.003323              0.000000                          0.003323                   0.003325
   24   0.000192              0.000000                          0.000192                   0.000192
-- gap law  AxAy(f(x)=g(y)), f ~ U{z,Sz}, g ~ U{z,0,Sz} indep.  (Thm D events vs feature-template anchor check disagree on 0 support subsets)
    N   exact P[not anchor]   old lower max((1-rho)^N,(1-nu)^N)   new lower max(..., beta^N)   Thm E upper
    2   0.722222              0.250000                          0.250000                   1.250000
    4   0.168210              0.062500                          0.062500                   0.221451
    8   0.008417              0.003906                          0.003906                   0.009566
   12   0.000496              0.000244                          0.000244                   0.000524
   16   0.000031              0.000015                          0.000015                   0.000031
   24   0.000000              0.000000                          0.000000                   0.000000
