== (1) Lemma H.1 and (2) Thm H.2 on random mixtures of 1-3 random DT° templates (seed 2)
  cases 300, (D-subset, q) pairs 56605: Lemma H.1 disagreements 0
  types seen: {'sym': 16222, 'scope': 18095, 'eq': 39750, 'eq_nonempty_scope': 8556}  (eq types with incompatible pairs = Eq-types where compatibility matters)
  queries 2963 (accepted by the H_2 verifier: 745): Thm H.2 poly vs brute force disagreements 0
  of these: in Acc(D) (k=1) 2404; in Acc(D) but rejected by the H_2 verifier 1659 (some failing split uses an Eq-type with incompatible pairs: 22)
  time 21.5s
== (3) Thm H.3: colouring reduction
  K3                       n= 3 m= 3 size(d)<= 30 chi=3  q in Acc_k for k=1..4: [True, True, False, False]  poly k=2: True  subsets ok: True  OK
  C4                       n= 4 m= 4 size(d)<= 36 chi=2  q in Acc_k for k=1..4: [True, False, False, False]  poly k=2: False  subsets ok: True  OK
  C5                       n= 5 m= 5 size(d)<= 43 chi=3  q in Acc_k for k=1..4: [True, True, False, False]  poly k=2: True  subsets ok: True  OK
  K4                       n= 4 m= 6 size(d)<= 48 chi=4  q in Acc_k for k=1..4: [True, True, True, False]  poly k=2: True  subsets ok: True  OK
  W5 (wheel, 6 vertices)   n= 6 m=10 size(d)<= 69 chi=4  q in Acc_k for k=1..4: [True, True, True, False]  poly k=2: True  subsets ok: True  OK
  Petersen                 n=10 m=15 size(d)<=104 chi=3  q in Acc_k for k=1..4: [True, True, False, False]  poly k=2: True  subsets ok: n/a  OK
  random G(7,1/2) #0       n= 7 m=12 size(d)<= 82 chi=4  q in Acc_k for k=1..4: [True, True, True, False]  poly k=2: True  subsets ok: True  OK
  random G(6,1/2) #1       n= 6 m= 5 size(d)<= 46 chi=3  q in Acc_k for k=1..4: [True, True, False, False]  poly k=2: True  subsets ok: True  OK
  random G(6,1/2) #2       n= 6 m= 8 size(d)<= 60 chi=3  q in Acc_k for k=1..4: [True, True, False, False]  poly k=2: True  subsets ok: True  OK
  random G(6,1/2) #3       n= 6 m= 7 size(d)<= 56 chi=3  q in Acc_k for k=1..4: [True, True, False, False]  poly k=2: True  subsets ok: True  OK
  random G(7,1/2) #4       n= 7 m=11 size(d)<= 76 chi=4  q in Acc_k for k=1..4: [True, True, True, False]  poly k=2: True  subsets ok: True  OK
  random G(7,1/2) #5       n= 7 m=11 size(d)<= 76 chi=3  q in Acc_k for k=1..4: [True, True, False, False]  poly k=2: True  subsets ok: True  OK
  all colouring instances agree: True  time 23.2s
== (4) Thm H.4: set-cover reduction (binder-free)
  25 random instances, k = 1..m: q in Acc_k(D) iff no cover by k sets: True; Eq-types with incompatible pairs: 0
total time 23.6s
