(1) D = {Ind(x=x), Ind(0=x)}
    |Sat(D)| (up to equivalence) = 35   |Min(D)| = 4   lgg exists: False
       ((f0(0)=f0(0) & Ax.(f0(x)=x -> f0(Sx)=Sx)) -> Ax.f0(x)=x)    <= T_ind? False
       ((f0(0)=0 & Ax.(f0(x)=x -> f0(Sx)=Sx)) -> Ax.f0(x)=x)    <= T_ind? True
       ((0=f0(0) & Ax.(f0(x)=x -> f0(Sx)=Sx)) -> Ax.f0(x)=x)    <= T_ind? False
       ((0=0 & Ax.(f0(x)=x -> f0(Sx)=Sx)) -> Ax.f0(x)=x)    <= T_ind? False
    brute force (size<=24, args<=2): 2749 covering DT° templates, 4 minimal, same set: True, every enumerated template above a Sat-minimal one: True  (130s)
    restricted to size<=23 (the prior bound): 8 minimal (prior C8.2 reported 8); not truly minimal (artifacts of the bound): 5
    acceptance after D: Ind(f(x)=x)-type queries
       (((0+0)=0 & Ax.((x+0)=x -> (Sx+0)=Sx)) -> Ax.(x+0)=x) False
       ((S0=0 & Ax.(Sx=x -> SSx=Sx)) -> Ax.Sx=x) False
       ((0=S0 & Ax.(x=Sx -> Sx=SSx)) -> Ax.x=Sx) False
       ((0=0 & Ax.(0=0 -> 0=0)) -> Ax.0=0) False
       (((0+0)=0 & Ax.((0+x)=x -> (0+Sx)=Sx)) -> Ax.(0+x)=x) False
(2) exponentially many minimal templates
    n=1  |D|=16  #equation features=6  |Min(D)|=4  lgg exists: False  (0.0s)
    n=2  |D|=24  #equation features=10  |Min(D)|=16  lgg exists: False  (0.4s)
    n=3  |D|=32  #equation features=14  |Min(D)|=64  lgg exists: False  (29.8s)
    n=4  |D|=40  #equation features=18  |Min(D)|=None  lgg exists: False  (0.0s)
    n=5  |D|=48  #equation features=22  |Min(D)|=None  lgg exists: False  (0.0s)
    n=6  |D|=56  #equation features=26  |Min(D)|=None  lgg exists: False  (0.0s)
(3) infinite thickness
    s = (Ax.0=0 & 0=0)  covered by ['(Ax.P(x) & P(0))', '(Ax.P(x) & P(S0))', '(Ax.P(x) & P((0+0)))', '(Ax.P(x) & P(a))', '(Ax.P(x) & P(SS0))'] : [True, True, True, True, True]
    separating instances (P = z=z): [[True, False, False, False, False], [False, True, False, False, False], [False, False, True, False, False], [False, False, False, True, False], [False, False, False, False, True]]
(4a) Prop. D4: (R*),(N),(D),(U_pat) hold but D is not an anchor
    T* = (Ax.Ay.Sf(x,y)=0 & Ax.Ay.f(x,Sy)=0)
      datum (Ax.Ay.Sx=0 & Ax.Ay.x=0)
      datum (Ax.Ay.Sy=0 & Ax.Ay.Sy=0)
      datum (Ax.Ay.SSx=0 & Ax.Ay.Sx=0)
    events: {'R*': True, 'R': True, 'N': True, 'D': True, 'Upat': True, 'U': False}
    q = T*[f:=0] = (Ax.Ay.S0=0 & Ax.Ay.0=0)  in Acc(D): False  violated: [('eq', (1, 0, 0, 0), (0, 0, 0, 0))]
    minimal covering templates: ['(Ax.Ay.f0(y,Sx)=0 & Ax.Ay.f0(y,x)=0)', '(Ax.Ay.Sf0(y,x)=0 & Ax.Ay.f0(Sy,x)=0)']
(4b) Prop. D5: (R),(N),(D) hold, (R*) holds, but a coincidence with a rigid position
    T* = (S0=0 & Ax.Ay.(f(x)=y & y=f(a)))
      datum (S0=0 & Ax.Ay.(0=y & y=0))
      datum (S0=0 & Ax.Ay.(x=y & y=a))
    events: {'R*': True, 'R': True, 'N': True, 'D': True, 'Upat': False, 'U': False}  witnesses: [((1, 0, 0, 0, 0), (0, 0, 0), ((1, ('0',)),)), ((1, 0, 0, 0, 0), (0, 1), ((1, ('0',)),))]
    q = T*[f:=Sz] = (S0=0 & Ax.Ay.(Sx=y & y=Sa))  in Acc(D): False
    minimal covering templates: ['(Sf0(0)=f0(0) & Ax.Ay.(f0(x)=y & y=f0(a)))', '(Sf0(0)=0 & Ax.Ay.(f0(x)=y & y=f0(a)))', '(S0=f0(0) & Ax.Ay.(f0(x)=y & y=f0(a)))', '(S0=0 & Ax.Ay.(f0(x)=y & y=f0(a)))']
(4c) all-projection coincidence: f(x,y) values z1, z2 vs a rigid bound variable
    T* = (Ax.Ay.f(x,y)=0 & Ax.x=0)  data: ['(Ax.Ay.x=0 & Ax.x=0)', '(Ax.Ay.y=0 & Ax.x=0)']
    events: {'R*': True, 'R': True, 'N': True, 'D': True, 'Upat': False, 'U': False}
    minimal covering templates: ['(Ax.Ay.f0(y,x)=f0(0,0) & Ax.f0(x,x)=f0(0,0))', '(Ax.Ay.f0(y,x)=f0(0,0) & Ax.f0(x,x)=0)', '(Ax.Ay.f0(y,x)=f0(0,0) & Ax.x=f0(0,0))', '(Ax.Ay.f0(y,x)=f0(0,0) & Ax.x=0)', '(Ax.Ay.f0(y,x)=0 & Ax.f0(x,x)=f0(0,0))', '(Ax.Ay.f0(y,x)=0 & Ax.f0(x,x)=0)', '(Ax.Ay.f0(y,x)=0 & Ax.x=f0(0,0))', '(Ax.Ay.f0(y,x)=0 & Ax.x=0)']
