progress 0 {} 0s
progress 10 {'skip_big_min': 4, 'cases': 4, 'B_agree': 4, 'min_count_1': 2, 'every_cover_above_min': 4, 'skip_big_enum': 1, 'min_count_2': 1, 'C_queries': 516, 'C_agree': 516, 'C_accepted': 140, 'G3_agree': 3, 'min_count_9': 1} 611s
progress 20 {'skip_big_min': 5, 'cases': 8, 'B_agree': 8, 'min_count_1': 6, 'every_cover_above_min': 8, 'skip_big_enum': 1, 'min_count_2': 1, 'C_queries': 764, 'C_agree': 764, 'C_accepted': 342, 'G3_agree': 7, 'min_count_9': 1, 'skip_big_sat': 1} 637s
progress 30 {'skip_big_min': 7, 'cases': 13, 'B_agree': 13, 'min_count_1': 10, 'every_cover_above_min': 13, 'skip_big_enum': 1, 'min_count_2': 1, 'C_queries': 1287, 'C_agree': 1287, 'C_accepted': 647, 'G3_agree': 12, 'min_count_9': 1, 'skip_big_sat': 2, 'min_count_8': 1} 659s
progress 40 {'skip_big_min': 10, 'cases': 18, 'B_agree': 18, 'min_count_1': 15, 'every_cover_above_min': 18, 'skip_big_enum': 1, 'min_count_2': 1, 'C_queries': 1537, 'C_agree': 1537, 'C_accepted': 897, 'G3_agree': 17, 'min_count_9': 1, 'skip_big_sat': 2, 'min_count_8': 1} 675s
NC 50 seed 8 mode low time 741.8s
  B_agree                        22
  C_accepted                     1035
  C_agree                        1817
  C_queries                      1817
  G3_agree                       20
  cases                          22
  every_cover_above_min          22
  min_count_1                    17
  min_count_16                   1
  min_count_2                    1
  min_count_4                    1
  min_count_8                    1
  min_count_9                    1
  skip_big_enum                  2
  skip_big_min                   12
  skip_big_sat                   3
