cases 60 seed 14 slack 2 time 400.9s
  cand R&N&D wrong (says anchor, truth False)                  3
  cand R*&N&D wrong (says anchor, truth False)                 2
  enum_accepts_feat_rejects(bounds)                            36
  enum_time_ge1s                                               13
  enum_time_lt1s                                               23
  enum_timeout                                                 5
  pred!=enum: bound artifact (no witnessing feature template fits the bounds) 1
  pred=False feat=False enum=False                             14
  pred=False feat=False enum=None                              15
  pred=False feat=False enum=True                              1
  pred=True feat=True enum=None                                6
  pred=True feat=True enum=True                                21
  skip_duplicate_data                                          3
  truth=False                                                  30
  truth=True                                                   27
example R&N&D
   T* = (Ax.(~A & f(x)=0) & Ax.((~A & ~A) -> f(a)=0))
   theta: {'A': 'Ax.0=Sx', 'f': 'X'}  datum: (Ax.(~Ay.0=Sy & x=0) & Ax.((~Ay.0=Sy & ~Ay.0=Sy) -> a=0))
   theta: {'A': 'Sa=Sa', 'f': 'a'}  datum: (Ax.(~Sa=Sa & a=0) & Ax.((~Sa=Sa & ~Sa=Sa) -> a=0))
example R*&N&D
   T* = ((Ax.Sa=0 & Ax.Ay.g(y,x)=x) & a=0)
   theta: {'g': 'a'}  datum: ((Ax.Sa=0 & Ax.Ay.a=x) & a=0)
   theta: {'g': 'X'}  datum: ((Ax.Sa=0 & Ax.Ay.y=x) & a=0)
   theta: {'g': 'Y'}  datum: ((Ax.Sa=0 & Ax.Ay.x=x) & a=0)
