cases 70 seed 11 slack 2 time 256.9s
  cand R&N&D wrong (says anchor, truth False)                  7
  cand R*&N&D wrong (says anchor, truth False)                 3
  enum_accepts_feat_rejects(bounds)                            84
  enum_time_ge1s                                               12
  enum_time_lt1s                                               23
  enum_timeout                                                 3
  pred!=enum: bound artifact (no witnessing feature template fits the bounds) 1
  pred=False feat=False enum=False                             15
  pred=False feat=False enum=None                              23
  pred=False feat=False enum=True                              1
  pred=True feat=True enum=None                                6
  pred=True feat=True enum=True                                19
  skip_duplicate_data                                          6
  truth=False                                                  39
  truth=True                                                   25
example R&N&D
   T* = ((Ax.Ay.Sx=0 & Ax.0=x) & Ax.Ay.(a=g(S0,Sy) -> y=g(y,x)))
   theta: {'g': 'X'}  datum: ((Ax.Ay.Sx=0 & Ax.0=x) & Ax.Ay.(a=S0 -> y=y))
   theta: {'g': 'Y'}  datum: ((Ax.Ay.Sx=0 & Ax.0=x) & Ax.Ay.(a=Sy -> y=x))
example R*&N&D
   T* = (Ax.Sx=x & Ax.Ay.0=g(y,x))
   theta: {'g': 'Y'}  datum: (Ax.Sx=x & Ax.Ay.0=x)
   theta: {'g': 'X'}  datum: (Ax.Sx=x & Ax.Ay.0=y)
