cases 70 seed 13 slack 2 time 293.8s
  cand R&N&D wrong (says anchor, truth False)                  6
  cand R*&N&D wrong (says anchor, truth False)                 4
  enum_accepts_feat_rejects(bounds)                            39
  enum_time_ge1s                                               15
  enum_time_lt1s                                               27
  enum_timeout                                                 3
  pred!=enum: bound artifact (no witnessing feature template fits the bounds) 1
  pred=False feat=False enum=False                             17
  pred=False feat=False enum=None                              17
  pred=False feat=False enum=True                              1
  pred=True feat=True enum=None                                5
  pred=True feat=True enum=True                                24
  skip_duplicate_data                                          6
  truth=False                                                  35
  truth=True                                                   29
example R&N&D
   T* = (Ax.Ay.g(x,y)=y & Ax.Ay.(g(y,Sa)=a & g(S0,a)=x))
   theta: {'g': 'X'}  datum: (Ax.Ay.x=y & Ax.Ay.(y=a & S0=x))
   theta: {'g': 'Y'}  datum: (Ax.Ay.y=y & Ax.Ay.(Sa=a & a=x))
example R*&N&D
   T* = (Ax.Ay.g(x,y)=y & Ax.Ay.(g(y,Sa)=a & g(S0,a)=x))
   theta: {'g': 'X'}  datum: (Ax.Ay.x=y & Ax.Ay.(y=a & S0=x))
   theta: {'g': 'Y'}  datum: (Ax.Ay.y=y & Ax.Ay.(Sa=a & a=x))
