cases 70 seed 12 slack 2 time 258.2s
  cand R&N&D wrong (says anchor, truth False)                  11
  cand R*&N&D wrong (says anchor, truth False)                 8
  enum_accepts_feat_rejects(bounds)                            76
  enum_time_ge1s                                               10
  enum_time_lt1s                                               26
  enum_timeout                                                 2
  pred!=enum: bound artifact (no witnessing feature template fits the bounds) 2
  pred=False feat=False enum=False                             11
  pred=False feat=False enum=None                              20
  pred=False feat=False enum=True                              2
  pred=True feat=True enum=None                                7
  pred=True feat=True enum=True                                23
  skip_duplicate_data                                          7
  truth=False                                                  33
  truth=True                                                   30
example R&N&D
   T* = (Ax.Ay.(c=y -> f(S0)=a) & Ax.Ay.((a=c & x=f(x)) & 0=Sc))
   theta: {'c': '0', 'f': 'SX'}  datum: (Ax.Ay.(0=y -> SS0=a) & Ax.Ay.((a=0 & x=Sx) & 0=S0))
   theta: {'c': '(a+a)', 'f': 'X'}  datum: (Ax.Ay.((a+a)=y -> S0=a) & Ax.Ay.((a=(a+a) & x=x) & 0=S(a+a)))
example R*&N&D
   T* = (Ax.0=f(x) & a=a)
   theta: {'f': '0'}  datum: (Ax.0=0 & a=a)
   theta: {'f': 'X'}  datum: (Ax.0=x & a=a)
