  FO cases                                           571
  FO pred==(R)&(D): True                             571
  FO truth==pred: True                               571
  Ind anchor sizes: 2                                191
  Ind anchor sizes: 3                                119
  Ind anchors                                        310
  Ind cases                                          495
  Ind pred==(R)&(N): True                            495
  Ind truth==pred: True                              495
  Replacement anchor sizes: 2                        43
  Replacement anchor sizes: 3                        62
  Replacement anchors                                105
  Replacement cases                                  498
  Replacement pred==(R)&(N): True                    498
  Replacement truth==pred: True                      498
  Separation anchor sizes: 2                         115
  Separation anchor sizes: 3                         81
  Separation anchors                                 196
  Separation cases                                   495
  Separation pred==(R)&(N): True                     495
  Separation truth==pred: True                       495
  eps-Ind anchor sizes: 2                            174
  eps-Ind anchor sizes: 3                            123
  eps-Ind anchors                                    297
  eps-Ind cases                                      491
  eps-Ind pred==(R)&(N): True                        491
  eps-Ind truth==pred: True                          491
