trials 60 seed 5 time 9.9s
potential-decrease violations: 0
  |d1|  chain_after_d1  theorem_bound
     3      3        5
     3      3        5
     4      4        8
     4      4        8
     4      4        8
     4      5        9
     5      5        7
     5      5       11
     5      5       13
     5      6       13
     5      8       14
     6      6       12
     6      6       14
     6      8       14
     7      7       29
     8      7       36
     8      8       36
     8      8       38
     8      9       35
     8     10       28
     8     11       26
     9      9       35
     9      9       49
     9     11       48
     9     12       47
     9     13       47
    10      9       44
    10     10       54
    10     10       60
    10     12       39
    10     13       57
    11     15       58
    11     20       60
    12     12       95
    12     15       91
    12     17       56
    13     12       93
    13     13       83
    13     13       91
    13     16       90
    13     20      102
    13     20      108
    14     14      126
    14     14      132
    14     14      134
    14     15      125
    14     19      106
    14     21      103
    14     30      116
    15     11      157
    15     13      149
    15     14      157
    15     19      150
    15     20      153
    15     26      135
    16     18      131
    16     20      179
    16     22      130
    17     15      189
    18     37      200
max chain/|d1| = 2.14
all chains within bound: True
