== Induction   T* = ((P(0) & Ax.(P(x) -> P(Sx))) -> Ax.P(x))
   rho_q = ['0.250', '0.250', '0.250', '0.250']
   nu    = ['0.850']
   #U-pairs = 14, kappa min = 0.977, #kappa<1: 14
   N   MC P[not anchor]   bound
    2   0.5915            3.1575
    3   0.4135            2.3884
    4   0.2945            1.6910
    6   0.1690            0.9493
    8   0.1075            0.5339
   12   0.0215            0.1689
   16   0.0095            0.0535
   24   0.0015            0.0054
== Prop D4 template   T* = (Ax.Ay.Sf(x,y)=0 & Ax.Ay.f(x,Sy)=0)
   rho_q = ['0.650', '0.450']
   nu    = ['0.550', '0.350']
   #U-pairs = 6, kappa min = 0.360, #kappa<1: 6
   N   MC P[not anchor]   bound
    2   0.9080            3.4375
    3   0.7505            2.7033
    4   0.5895            1.2299
    6   0.3525            0.5359
    8   0.2145            0.2662
   12   0.0820            0.0831
   16   0.0225            0.0304
   24   0.0050            0.0048
== Separation   T* = Ax.Ey.Au.(u in y <-> (u in x & P(u,x)))
   rho_q = ['0.550']
   nu    = ['0.900', '0.150']
   #U-pairs = 2, kappa min = 0.998, #kappa<1: 2
   N   MC P[not anchor]   bound
    2   0.7740            1.1875
    3   0.6550            0.8226
    4   0.5295            0.6132
    6   0.3680            0.3956
    8   0.2700            0.2762
   12   0.1340            0.1424
   16   0.0690            0.0743
   24   0.0210            0.0202
