Prop D.4
   T* = (Ax.Ay.Sf(x,y)=0 & Ax.Ay.f(x,Sy)=0)
   datum (Ax.Ay.Sx=0 & Ax.Ay.x=0)
   datum (Ax.Ay.Sy=0 & Ax.Ay.Sy=0)
   datum (Ax.Ay.SSx=0 & Ax.Ay.Sx=0)
   events {'R*': True, 'R': True, 'N': True, 'D': True, 'Upat': True, 'U': False}
   brute force (size<=18, args<=2): 474 covering DT° templates, minimal: ['(Ax.Ay.Sf0(x,y)=0 & Ax.Ay.f0(x,Sy)=0)', '(Ax.Ay.f0(y,Sx)=0 & Ax.Ay.f0(y,x)=0)']
   covering templates not >= T*: 66; e.g. (Ax.Ay.f0(Sx,y)=0 & Ax.Ay.f0(x,y)=f1)
   Sat-minimal (theory): ['(Ax.Ay.f0(y,Sx)=0 & Ax.Ay.f0(y,x)=0)', '(Ax.Ay.Sf0(y,x)=0 & Ax.Ay.f0(Sy,x)=0)']  same as brute force: True
   (1.3s)
   witness instance T*[f:=0] = (Ax.Ay.S0=0 & Ax.Ay.0=0)  missed by: ['(Ax.Ay.f0(Sx,y)=0 & Ax.Ay.f0(x,y)=f1(x,y))', '(Ax.Ay.f0(Sx,y)=0 & Ax.Ay.f0(x,y)=f1)', '(Ax.Ay.f0(y,Sx)=f1(y) & Ax.Ay.f0(y,x)=f2)']
Prop D.5
   T* = Ax.0=f(x)
   datum Ax.0=0
   datum Ax.0=x
   events {'R*': True, 'R': True, 'N': True, 'D': True, 'Upat': False, 'U': False}
   brute force (size<=9, args<=2): 5 covering DT° templates, minimal: ['Ax.0=f0(x)', 'Ax.f0(0)=f0(x)']
   covering templates not >= T*: 1; e.g. Ax.f0(0)=f0(x)
   Sat-minimal (theory): ['Ax.f0(0)=f0(x)', 'Ax.0=f0(x)']  same as brute force: True
   (0.0s)
   witness instance T*[f:=Sz] = Ax.0=Sx  missed by: ['Ax.f0(0)=f0(x)']
Example D.6
   T* = (Ax.Ay.f(x,y)=0 & Ax.x=0)
   datum (Ax.Ay.x=0 & Ax.x=0)
   datum (Ax.Ay.y=0 & Ax.x=0)
   events {'R*': True, 'R': True, 'N': True, 'D': True, 'Upat': False, 'U': False}
   brute force (size<=18, args<=1): 299 covering DT° templates, minimal: ['(Ax.Ay.f0(x,y)=0 & Ax.x=f0(0,0))', '(Ax.Ay.f0(x,y)=f0(0,0) & Ax.x=0)', '(Ax.Ay.f0(y,x)=0 & Ax.x=0)', '(Ax.Ay.f0(x,y)=f0(0,0) & Ax.f0(x,x)=f0(0,0))', '(Ax.Ay.f0(y,x)=0 & Ax.f0(x,x)=f0(0,0))', '(Ax.Ay.f0(x,y)=0 & Ax.f0(x,x)=0)', '(Ax.Ay.f0(y,x)=f0(0,0) & Ax.f0(x,x)=0)', '(Ax.Ay.f0(x,y)=f0(0,0) & Ax.x=f0(0,0))']
   covering templates not >= T*: 130; e.g. (Ax.Ay.f0(x,y)=f0(0,0) & P0)
   Sat-minimal (theory): ['(Ax.Ay.f0(y,x)=f0(0,0) & Ax.f0(x,x)=f0(0,0))', '(Ax.Ay.f0(y,x)=f0(0,0) & Ax.f0(x,x)=0)', '(Ax.Ay.f0(y,x)=f0(0,0) & Ax.x=f0(0,0))', '(Ax.Ay.f0(y,x)=f0(0,0) & Ax.x=0)', '(Ax.Ay.f0(y,x)=0 & Ax.f0(x,x)=f0(0,0))', '(Ax.Ay.f0(y,x)=0 & Ax.f0(x,x)=0)', '(Ax.Ay.f0(y,x)=0 & Ax.x=f0(0,0))', '(Ax.Ay.f0(y,x)=0 & Ax.x=0)']  same as brute force: True
   (0.8s)
   witness instance T*[f:=Sz1] = (Ax.Ay.Sx=0 & Ax.x=0)  missed by: ['(Ax.Ay.f0(y,x)=0 & Ax.f0(x,x)=f1(x))', '(Ax.Ay.f0(x,y)=0 & Ax.x=f0(0,0))', '(Ax.Ay.f0(x,y)=f1(x) & Ax.f0(x,x)=f2(x))']
Theorem F lower-bound chain
   N= 5  chain length 6  max query size 5  every query escalated: True
   N= 8  chain length 9  max query size 8  every query escalated: True
   N=12  chain length 13  max query size 12  every query escalated: True
   N=16  chain length 17  max query size 16  every query escalated: True
Theorem F quadratic lower-bound chain (scope growth)
   m=b=2  N=max size=9  chain length 6 (= 2 + m*b)  every query escalated: True   (N+1)^2/25 = 4.0
   m=b=4  N=max size=19  chain length 18 (= 2 + m*b)  every query escalated: True   (N+1)^2/25 = 16.0
   m=b=6  N=max size=29  chain length 38 (= 2 + m*b)  every query escalated: True   (N+1)^2/25 = 36.0
   m=b=8  N=max size=39  chain length 66 (= 2 + m*b)  every query escalated: True   (N+1)^2/25 = 64.0
