data (unlabeled):
    ((0=0 & Ax.(x=x -> Sx=Sx)) -> Ax.x=x)
    ((~0=0 & Ax.(~x=0 -> ~Sx=0)) -> Ax.~x=0)
    ((Ax.x=0 & Ax.(Ay.y=x -> Ay.y=Sx)) -> Ax.Ay.y=x)
    (Ax.(Ay.(y in x -> y in a) -> x in a) -> Ax.x in a)
    (Ax.(Ay.(y in x -> ~y in y) -> ~x in x) -> Ax.~x in x)
    (Ax.(Ay.(y in x -> Eu.u in y) -> Ey.y in x) -> Ax.Ey.y in x)
k = 1:
    Ind(x+0=x)                                                 True
    Ind(Ey. y=Sx)                                              True
    Ind(x=0 -> 0=x)                                            True
    eps-Ind(x in b & b in x)                                   True
    eps-Ind(Ay. y in x)                                        True
    false s* = (0=0 & Ax(x=x -> Sx=Sx)) -> Ax x=0              True
    mixed: (a in a & Ax(Ay(y in x -> x=x) -> x=x)) -> Ax x=x   True
    eps-Ind-shaped, wrong P(x) slot                            True
k = 2:
    Ind(x+0=x)                                                 True
    Ind(Ey. y=Sx)                                              True
    Ind(x=0 -> 0=x)                                            True
    eps-Ind(x in b & b in x)                                   True
    eps-Ind(Ay. y in x)                                        True
    false s* = (0=0 & Ax(x=x -> Sx=Sx)) -> Ax x=0              False
    mixed: (a in a & Ax(Ay(y in x -> x=x) -> x=x)) -> Ax x=x   False
    eps-Ind-shaped, wrong P(x) slot                            False
k = 3:
    Ind(x+0=x)                                                 True
    Ind(Ey. y=Sx)                                              True
    Ind(x=0 -> 0=x)                                            True
    eps-Ind(x in b & b in x)                                   True
    eps-Ind(Ay. y in x)                                        True
    false s* = (0=0 & Ax(x=x -> Sx=Sx)) -> Ax x=0              False
    mixed: (a in a & Ax(Ay(y in x -> x=x) -> x=x)) -> Ax x=x   False
    eps-Ind-shaped, wrong P(x) slot                            False
