c10_misc
(a) and-detours on quantified formulas (Remark after U3): own sampler, own fixed point
  forall P(instance): MC 0.05576, fixed point 0.05587 | P(success): MC 0.47519, fixed point 0.47516 | D = 1.03160 | truncated 0
  sigma  P(instance): MC 0.35911, fixed point 0.35923 | P(success): MC 0.40030, fixed point 0.40035 | D = 1.02636 | truncated 0
  R = P_forall(instance)/P_sigma(instance): MC 0.15528 +- 0.00067, fixed point 0.15553, c = 0.15, (R_MC - c)/se = 7.9

(b) learned weights, background B = {psi(z)} with disjoint instances, C_min, c = 0.3, uniform weight prior
  pointwise L1 and L1-norm: max of P_{B+forall,w}(d) - P_{B+sigma,w}(d) over the grid = 0.00e+00 (<= 0)
  L1-sel Bayes factor (B+forall):(B+sigma) = E_Beta(n_phi+1, n_psi+1)[h], h(w) = c/(c+w(1-c))^2
  w* = 0.1: mean BF at n = 10, 1e2, 1e3, 1e4, 1e5: 2.1278 2.2731 2.1989 2.1904 2.1918 ; h(w*) = 2.1914
  w* = 0.3: mean BF at n = 10, 1e2, 1e3, 1e4, 1e5: 1.3421 1.2249 1.1636 1.1541 1.1537 ; h(w*) = 1.1534
  w* = 0.5: mean BF at n = 10, 1e2, 1e3, 1e4, 1e5: 0.8953 0.7104 0.7094 0.7106 0.7102 ; h(w*) = 0.7101
  w* = 0.8: mean BF at n = 10, 1e2, 1e3, 1e4, 1e5: 0.4305 0.3999 0.4055 0.4056 0.4056 ; h(w*) = 0.4056
  h(w) > 1 iff w < sqrt(c)/(1+sqrt(c)) = 0.3539; h ranges over [c, 1/c] = [0.30, 3.33]

(c) Prop U12(b) with equal priors on T_both and T_sch+B (C_min, c = 0.3, uniform weight prior)
  L = 3: per-instance log P_both - log P_sch+B at theta = 0.05, 0.2, 0.5, 0.9: 0.021 0.094 0.307 1.323
    f_q = 0.00: mean log BF (T_both : T_sch+B) at n = 10..1e5:     0.349     0.349     0.349     0.349     0.349 | predicted slope 0.0000/datum (limit log(1+c+..+c^L) = 0.349)
    f_q = 0.01: mean log BF (T_both : T_sch+B) at n = 10..1e5:     0.943     4.111    40.547   396.791  3947.937 | predicted slope 0.0396/datum
    f_q = 0.05: mean log BF (T_both : T_sch+B) at n = 10..1e5:     2.725    19.953   200.550  1979.985 19767.600 | predicted slope 0.1980/datum
    f_q = 0.20: mean log BF (T_both : T_sch+B) at n = 10..1e5:     8.263    79.558   783.530  7928.398 79208.566 | predicted slope 0.7921/datum
  L = 10: per-instance log P_both - log P_sch+B at theta = 0.05, 0.2, 0.5, 0.9: 0.022 0.096 0.317 1.396
    f_q = 0.00: mean log BF (T_both : T_sch+B) at n = 10..1e5:     0.357     0.357     0.357     0.357     0.357 | predicted slope 0.0000/datum (limit log(1+c+..+c^L) = 0.357)
    f_q = 0.01: mean log BF (T_both : T_sch+B) at n = 10..1e5:     2.216    12.133   126.180  1241.236 12356.470 | predicted slope 0.1240/datum
    f_q = 0.05: mean log BF (T_both : T_sch+B) at n = 10..1e5:     7.794    61.719   626.995  6196.698 61872.655 | predicted slope 0.6198/datum
    f_q = 0.20: mean log BF (T_both : T_sch+B) at n = 10..1e5:    25.143   248.285  2451.745 24815.473 247925.282 | predicted slope 2.4793/datum

(d) inconsistent hypotheses in the class of c2 (20 seeds, n <= 50): Inc = posterior mass of inconsistent theories; Bel_cons = mass of consistent provers of forall x phi (= H_forall here)
  0+x=x, numerals q=1/2; inconsistent members: ?A
    L0-closure Inc: 0.674 0.000 0.000 0.000 0.000 0.000 0.000 | Bel_cons: 0.021 0.194 0.240 0.311 0.332 0.332 0.332
    L1-norm    Inc: 0.674 0.000 0.000 0.000 0.000 0.000 0.000 | Bel_cons: 0.021 0.053 0.017 0.000 0.000 0.000 0.000
    L1-sel     Inc: 0.674 0.000 0.000 0.000 0.000 0.000 0.000 | Bel_cons: 0.021 0.194 0.240 0.311 0.332 0.332 0.332
  x+0=x, numerals q=1/2; inconsistent members: ?A
    L0-closure Inc: 0.674 0.000 0.000 0.000 0.000 0.000 0.000 | Bel_cons: 0.021 0.194 0.240 0.311 0.332 0.332 0.332
    L1-norm    Inc: 0.674 0.000 0.000 0.000 0.000 0.000 0.000 | Bel_cons: 0.021 0.053 0.017 0.000 0.000 0.000 0.000
    L1-sel     Inc: 0.674 0.000 0.000 0.000 0.000 0.000 0.000 | Bel_cons: 0.021 0.194 0.240 0.311 0.332 0.332 0.332
  x*0=0, numerals q=1/2; inconsistent members: ?A
    L0-closure Inc: 0.666 0.000 0.000 0.000 0.000 0.000 0.000 | Bel_cons: 0.021 0.165 0.212 0.304 0.331 0.332 0.332
    L1-norm    Inc: 0.666 0.000 0.000 0.000 0.000 0.000 0.000 | Bel_cons: 0.021 0.044 0.014 0.000 0.000 0.000 0.000
    L1-sel     Inc: 0.666 0.000 0.000 0.000 0.000 0.000 0.000 | Bel_cons: 0.021 0.165 0.212 0.304 0.331 0.332 0.332
  Sx!=0, numerals q=1/2; inconsistent members: ~?B9, ~?y9=0, ~S?z=?y9, ?A
    L0-closure Inc: 0.931 0.585 0.319 0.056 0.002 0.000 0.000 | Bel_cons: 0.017 0.101 0.180 0.298 0.331 0.332 0.332
    L1-norm    Inc: 0.931 0.635 0.390 0.081 0.003 0.000 0.000 | Bel_cons: 0.017 0.025 0.012 0.000 0.000 0.000 0.000
    L1-sel     Inc: 0.931 0.585 0.319 0.056 0.002 0.000 0.000 | Bel_cons: 0.017 0.101 0.180 0.298 0.331 0.332 0.332
  x<Sx, numerals q=1/2; inconsistent members: ?A
    L0-closure Inc: 0.627 0.080 0.004 0.000 0.000 0.000 0.000 | Bel_cons: 0.039 0.196 0.265 0.316 0.332 0.332 0.332
    L1-norm    Inc: 0.627 0.094 0.006 0.000 0.000 0.000 0.000 | Bel_cons: 0.039 0.053 0.019 0.000 0.000 0.000 0.000
    L1-sel     Inc: 0.627 0.080 0.004 0.000 0.000 0.000 0.000 | Bel_cons: 0.039 0.196 0.265 0.316 0.332 0.332 0.332
  0+x=x, GW; inconsistent members: ?A
    L0-closure Inc: 0.674 0.042 0.001 0.000 0.000 0.000 0.000 | Bel_cons: 0.021 0.198 0.282 0.331 0.333 0.333 0.333
    L1-norm    Inc: 0.674 0.049 0.001 0.000 0.000 0.000 0.000 | Bel_cons: 0.021 0.054 0.021 0.000 0.000 0.000 0.000
    L1-sel     Inc: 0.674 0.042 0.001 0.000 0.000 0.000 0.000 | Bel_cons: 0.021 0.198 0.282 0.331 0.333 0.333 0.333
  x+0=x, GW; inconsistent members: ?A
    L0-closure Inc: 0.674 0.042 0.001 0.000 0.000 0.000 0.000 | Bel_cons: 0.021 0.198 0.282 0.331 0.333 0.333 0.333
    L1-norm    Inc: 0.674 0.049 0.001 0.000 0.000 0.000 0.000 | Bel_cons: 0.021 0.054 0.021 0.000 0.000 0.000 0.000
    L1-sel     Inc: 0.674 0.042 0.001 0.000 0.000 0.000 0.000 | Bel_cons: 0.021 0.198 0.282 0.331 0.333 0.333 0.333
  x*0=0, GW; inconsistent members: ?A
    L0-closure Inc: 0.667 0.042 0.001 0.000 0.000 0.000 0.000 | Bel_cons: 0.021 0.163 0.263 0.329 0.333 0.333 0.333
    L1-norm    Inc: 0.667 0.048 0.001 0.000 0.000 0.000 0.000 | Bel_cons: 0.021 0.043 0.019 0.000 0.000 0.000 0.000
    L1-sel     Inc: 0.667 0.042 0.001 0.000 0.000 0.000 0.000 | Bel_cons: 0.021 0.163 0.263 0.329 0.333 0.333 0.333
  Sx!=0, GW; inconsistent members: ~?B9, ~?y9=0, ~S?z=?y9, ?A
    L0-closure Inc: 0.931 0.454 0.191 0.010 0.000 0.000 0.000 | Bel_cons: 0.017 0.136 0.257 0.330 0.333 0.333 0.333
    L1-norm    Inc: 0.931 0.510 0.255 0.015 0.000 0.000 0.000 | Bel_cons: 0.017 0.035 0.018 0.000 0.000 0.000 0.000
    L1-sel     Inc: 0.931 0.454 0.191 0.010 0.000 0.000 0.000 | Bel_cons: 0.017 0.136 0.257 0.330 0.333 0.333 0.333
  x<Sx, GW; inconsistent members: ?A
    L0-closure Inc: 0.627 0.036 0.001 0.000 0.000 0.000 0.000 | Bel_cons: 0.039 0.235 0.309 0.333 0.333 0.333 0.333
    L1-norm    Inc: 0.627 0.043 0.001 0.000 0.000 0.000 0.000 | Bel_cons: 0.039 0.067 0.024 0.000 0.000 0.000 0.000
    L1-sel     Inc: 0.627 0.036 0.001 0.000 0.000 0.000 0.000 | Bel_cons: 0.039 0.235 0.309 0.333 0.333 0.333 0.333
  (n = [0, 1, 2, 5, 10, 20, 50])

(e) unknown selection filter (Prop U10(e)): theories {H_forall, H_sch} x filters {S_all, S_cqf, S_inst, S_Sroot}; C_min, c = 0.3, numerals q = 1/2, phi = 0+x=x
  P(T |- forall x phi | D_n), mean over 50 seeds, n = [0, 1, 2, 5, 10, 20, 50, 100, 1000]:
    0.3333 0.2842 0.2653 0.2516 0.2500 0.2500 0.2500 0.2500 0.2500
  predicted limit pi(H_forall) nu(S_cqf, S_inst) / [pi(H_forall) nu(S_cqf, S_inst) + pi(H_sch) nu(S_all, S_cqf, S_inst)] = 0.2500

(f) prior share of H_forall in {H_forall, H_sch} under the codes used in the project (phi = 0+x=x)
  universal (dtrc symbols + 1 per axiom, lambda=1)     bits(H_forall)   7.00  bits(H_sch)   6.00  share of H_forall 0.333
  model (prefix code, Def 1.3, 4 bits/token)           bits(H_forall)  27.00  bits(H_sch)  26.00  share of H_forall 0.333
  experiments (bai TemplateCode, closed guard)         bits(H_forall)  17.18  bits(H_sch)  17.09  share of H_forall 0.484
  pa (beta = 5 bits/symbol)                            bits(H_forall)  30.00  bits(H_sch)  25.00  share of H_forall 0.030
  pa (beta = log2 23)                                  bits(H_forall)  27.14  bits(H_sch)  22.62  share of H_forall 0.042
  (with lambda = 2 in the model code the bit difference doubles: share 0.200)

(g) P(K_n >= 3 log_{1/q} n) for the maximum K_n of n geometric numerals (q = 1/2 and 0.9), exact, vs n^-2
  q=0.5  n=10: 9.72e-03 <= 1.00e-02; n=100: 9.54e-05 <= 1.00e-04; n=1000: 9.31e-07 <= 1.00e-06; n=10000: 9.09e-09 <= 1.00e-08; n=100000: 8.88e-11 <= 1.00e-10; n=1000000: 8.67e-13 <= 1.00e-12
  q=0.9  n=10: 9.51e-03 <= 1.00e-02; n=100: 9.12e-05 <= 1.00e-04; n=1000: 9.68e-07 <= 1.00e-06; n=10000: 9.24e-09 <= 1.00e-08; n=100000: 9.81e-11 <= 1.00e-10; n=1000000: 9.37e-13 <= 1.00e-12

(h) noise mixtures (Prop U2n): random parameters, per-datum ratio of the noisy laws
  L1 (unnormalised components): max ratio 1.000000 (<= 1), min ratio/c 1.000000 (>= 1); L1-norm components: max ratio 1.000000 (<= 1)
