c1_grammar: minimal calculus {cite, forall-elim}, c = 0.30

phi = 0+x=x, term law numerals q=1/2
  H_forall: N=200000  success freq 0.91085  exact Z 0.91000  z-score 1.34
    Ax.0+x=x                           freq 0.70188 exact 0.70000 z +1.84
    0+0=0                              freq 0.10400 exact 0.10500 z -1.47
    0+1=1                              freq 0.05217 exact 0.05250 z -0.67
    0+2=2                              freq 0.02600 exact 0.02625 z -0.71
    0+3=3                              freq 0.01324 exact 0.01312 z +0.47
    0+SSSS0=SSSS0                      freq 0.00677 exact 0.00656 z +1.18
    0+SSSSS0=SSSSS0                    freq 0.00328 exact 0.00328 z -0.01
    0+SSSSSS0=SSSSSS0                  freq 0.00183 exact 0.00164 z +2.09
  H_sch: N=200000  success freq 0.69982  exact Z 0.70000  z-score -0.18
    0+0=0                              freq 0.34900 exact 0.35000 z -0.94
    0+1=1                              freq 0.17522 exact 0.17500 z +0.25
    0+2=2                              freq 0.08833 exact 0.08750 z +1.32
    0+3=3                              freq 0.04355 exact 0.04375 z -0.45
    0+SSSS0=SSSS0                      freq 0.02197 exact 0.02187 z +0.29
    0+SSSSS0=SSSSS0                    freq 0.01089 exact 0.01094 z -0.20
    0+SSSSSS0=SSSSSS0                  freq 0.00541 exact 0.00547 z -0.39
    0+SSSSSSS0=SSSSSSS0                freq 0.00265 exact 0.00273 z -0.77
  factorisation log P_forall(d) - log P_sch(d) = log c on 21 outputs; max deviation 1.55e-15
  Z_forall = 0.910000 = (1-c) + c Z_sch = 0.910000;  normalised ratio c Z_sch / Z_forall = 0.230769

phi = Sx!=0, term law numerals q=1/2
  H_forall: N=200000  success freq 0.91085  exact Z 0.91000  z-score 1.34
    Ax.~Sx=0                           freq 0.70188 exact 0.70000 z +1.84
    ~1=0                               freq 0.10400 exact 0.10500 z -1.47
    ~2=0                               freq 0.05217 exact 0.05250 z -0.67
    ~3=0                               freq 0.02600 exact 0.02625 z -0.71
    ~SSSS0=0                           freq 0.01324 exact 0.01312 z +0.47
    ~SSSSS0=0                          freq 0.00677 exact 0.00656 z +1.18
    ~SSSSSS0=0                         freq 0.00328 exact 0.00328 z -0.01
    ~SSSSSSS0=0                        freq 0.00183 exact 0.00164 z +2.09
  H_sch: N=200000  success freq 0.69982  exact Z 0.70000  z-score -0.18
    ~1=0                               freq 0.34900 exact 0.35000 z -0.94
    ~2=0                               freq 0.17522 exact 0.17500 z +0.25
    ~3=0                               freq 0.08833 exact 0.08750 z +1.32
    ~SSSS0=0                           freq 0.04355 exact 0.04375 z -0.45
    ~SSSSS0=0                          freq 0.02197 exact 0.02187 z +0.29
    ~SSSSSS0=0                         freq 0.01089 exact 0.01094 z -0.20
    ~SSSSSSS0=0                        freq 0.00541 exact 0.00547 z -0.39
    ~SSSSSSSS0=0                       freq 0.00265 exact 0.00273 z -0.77
  factorisation log P_forall(d) - log P_sch(d) = log c on 21 outputs; max deviation 1.55e-15
  Z_forall = 0.910000 = (1-c) + c Z_sch = 0.910000;  normalised ratio c Z_sch / Z_forall = 0.230769

phi = forall y. x+y=y+x, term law numerals q=1/2
  H_forall: N=200000  success freq 0.97346  exact Z 0.97300  z-score 1.27
    Ax.Ay.x+y=y+x                      freq 0.70240 exact 0.70000 z +2.35
    Ax.0+x=x+0                         freq 0.10350 exact 0.10500 z -2.20
    Ax.1+x=x+1                         freq 0.05200 exact 0.05250 z -1.00
    Ax.2+x=x+2                         freq 0.02598 exact 0.02625 z -0.76
    0+0=0+0                            freq 0.01595 exact 0.01575 z +0.72
    Ax.3+x=x+3                         freq 0.01323 exact 0.01312 z +0.39
    0+1=1+0                            freq 0.00796 exact 0.00787 z +0.43
    1+0=0+1                            freq 0.00772 exact 0.00787 z -0.78
  H_sch: N=200000  success freq 0.90909  exact Z 0.91000  z-score -1.43
    Ax.0+x=x+0                         freq 0.34847 exact 0.35000 z -1.43
    Ax.1+x=x+1                         freq 0.17599 exact 0.17500 z +1.16
    Ax.2+x=x+2                         freq 0.08761 exact 0.08750 z +0.18
    0+0=0+0                            freq 0.05296 exact 0.05250 z +0.92
    Ax.3+x=x+3                         freq 0.04349 exact 0.04375 z -0.58
    1+0=0+1                            freq 0.02630 exact 0.02625 z +0.14
    0+1=1+0                            freq 0.02604 exact 0.02625 z -0.57
    Ax.SSSS0+x=x+SSSS0                 freq 0.02206 exact 0.02187 z +0.57
  factorisation log P_forall(d) - log P_sch(d) = log c on 147 outputs; max deviation 1.55e-15
  Z_forall = 0.973000 = (1-c) + c Z_sch = 0.973000;  normalised ratio c Z_sch / Z_forall = 0.280576

phi = 0+x=x, term law GW(.4,.3,.2,.1)
  H_forall: N=200000  success freq 0.91085  exact Z 0.91000  z-score 1.32
    Ax.0+x=x                           freq 0.70118 exact 0.70000 z +1.16
    0+0=0                              freq 0.08407 exact 0.08400 z +0.12
    0+1=1                              freq 0.02526 exact 0.02520 z +0.19
    0+2=2                              freq 0.00766 exact 0.00756 z +0.52
    0+(0+0)=0+0                        freq 0.00660 exact 0.00672 z -0.63
    0+0*0=0*0                          freq 0.00322 exact 0.00336 z -1.08
    0+3=3                              freq 0.00245 exact 0.00227 z +1.66
    0+(0+1)=0+1                        freq 0.00203 exact 0.00202 z +0.19
  H_sch: N=200000  success freq 0.70010  exact Z 0.70000  z-score 0.10
    0+0=0                              freq 0.28096 exact 0.28000 z +0.96
    0+1=1                              freq 0.08449 exact 0.08400 z +0.79
    0+2=2                              freq 0.02533 exact 0.02520 z +0.36
    0+(0+0)=0+0                        freq 0.02256 exact 0.02240 z +0.48
    0+0*0=0*0                          freq 0.01112 exact 0.01120 z -0.32
    0+3=3                              freq 0.00751 exact 0.00756 z -0.28
    0+(0+1)=0+1                        freq 0.00692 exact 0.00672 z +1.07
    0+(1+0)=1+0                        freq 0.00664 exact 0.00672 z -0.47
  factorisation log P_forall(d) - log P_sch(d) = log c on 38542 outputs; max deviation 3.57e-14
  Z_forall = 0.910000 = (1-c) + c Z_sch = 0.910000;  normalised ratio c Z_sch / Z_forall = 0.230769

phi = Sx!=0, term law GW(.4,.3,.2,.1)
  H_forall: N=200000  success freq 0.91085  exact Z 0.91000  z-score 1.32
    Ax.~Sx=0                           freq 0.70118 exact 0.70000 z +1.16
    ~1=0                               freq 0.08407 exact 0.08400 z +0.12
    ~2=0                               freq 0.02526 exact 0.02520 z +0.19
    ~3=0                               freq 0.00766 exact 0.00756 z +0.52
    ~S(0+0)=0                          freq 0.00660 exact 0.00672 z -0.63
    ~S(0*0)=0                          freq 0.00322 exact 0.00336 z -1.08
    ~SSSS0=0                           freq 0.00245 exact 0.00227 z +1.66
    ~S(0+1)=0                          freq 0.00203 exact 0.00202 z +0.19
  H_sch: N=200000  success freq 0.70010  exact Z 0.70000  z-score 0.10
    ~1=0                               freq 0.28096 exact 0.28000 z +0.96
    ~2=0                               freq 0.08449 exact 0.08400 z +0.79
    ~3=0                               freq 0.02533 exact 0.02520 z +0.36
    ~S(0+0)=0                          freq 0.02256 exact 0.02240 z +0.48
    ~S(0*0)=0                          freq 0.01112 exact 0.01120 z -0.32
    ~SSSS0=0                           freq 0.00751 exact 0.00756 z -0.28
    ~S(0+1)=0                          freq 0.00692 exact 0.00672 z +1.07
    ~S(1+0)=0                          freq 0.00664 exact 0.00672 z -0.47
  factorisation log P_forall(d) - log P_sch(d) = log c on 38542 outputs; max deviation 3.57e-14
  Z_forall = 0.910000 = (1-c) + c Z_sch = 0.910000;  normalised ratio c Z_sch / Z_forall = 0.230769

phi = forall y. x+y=y+x, term law GW(.4,.3,.2,.1)
  H_forall: N=200000  success freq 0.97322  exact Z 0.97300  z-score 0.59
    Ax.Ay.x+y=y+x                      freq 0.70054 exact 0.70000 z +0.52
    Ax.0+x=x+0                         freq 0.08420 exact 0.08400 z +0.31
    Ax.1+x=x+1                         freq 0.02488 exact 0.02520 z -0.91
    0+0=0+0                            freq 0.01013 exact 0.01008 z +0.25
    Ax.2+x=x+2                         freq 0.00768 exact 0.00756 z +0.65
    Ax.0+0+x=x+(0+0)                   freq 0.00641 exact 0.00672 z -1.67
    1+0=0+1                            freq 0.00330 exact 0.00302 z +2.21
    Ax.0*0+x=x+0*0                     freq 0.00318 exact 0.00336 z -1.39
  H_sch: N=200000  success freq 0.90983  exact Z 0.91000  z-score -0.27
    Ax.0+x=x+0                         freq 0.28065 exact 0.28000 z +0.65
    Ax.1+x=x+1                         freq 0.08429 exact 0.08400 z +0.48
    0+0=0+0                            freq 0.03333 exact 0.03360 z -0.66
    Ax.2+x=x+2                         freq 0.02553 exact 0.02520 z +0.96
    Ax.0+0+x=x+(0+0)                   freq 0.02194 exact 0.02240 z -1.38
    Ax.0*0+x=x+0*0                     freq 0.01111 exact 0.01120 z -0.36
    1+0=0+1                            freq 0.01024 exact 0.01008 z +0.72
    0+1=1+0                            freq 0.01013 exact 0.01008 z +0.22
  factorisation log P_forall(d) - log P_sch(d) = log c on 63763 outputs; max deviation 4.95e-14
  Z_forall = 0.973000 = (1-c) + c Z_sch = 0.973000;  normalised ratio c Z_sch / Z_forall = 0.280576

max |z| over all Monte Carlo comparisons (minimal calculus): 2.35

Calculus {cite, forall-elim (c=0.3), Gen (g=0.2)}, Q_open = 0.1*[w0] + 0.9*numerals(1/2)
  H_forall: success freq 0.65247 exact Z 0.65392
    Ax.0+x=x       freq 0.50212 exact 0.50302 z -0.80
    0+w0=w0        freq 0.01519 exact 0.01509 z +0.35
    0+0=0          freq 0.06749 exact 0.06791 z -0.73
    0+1=1          freq 0.03386 exact 0.03395 z -0.22
    0+2=2          freq 0.01716 exact 0.01698 z +0.62
    0+3=3          freq 0.00834 exact 0.00849 z -0.70
  H_open: success freq 0.51229 exact Z 0.51308
    Ax.0+x=x       freq 0.00988 exact 0.01006 z -0.79
    0+w0=w0        freq 0.05038 exact 0.05030 z +0.15
    0+0=0          freq 0.22683 exact 0.22636 z +0.50
    0+1=1          freq 0.11275 exact 0.11318 z -0.61
    0+2=2          freq 0.05654 exact 0.05659 z -0.10
    0+3=3          freq 0.02798 exact 0.02829 z -0.85
  H_sch(guarded): success freq 0.49906 exact Z 0.50000
    Ax.0+x=x       freq 0.00000 exact 0.00000 z +0.00
    0+w0=w0        freq 0.00000 exact 0.00000 z +0.00
    0+0=0          freq 0.24854 exact 0.25000 z -1.51
    0+1=1          freq 0.12495 exact 0.12500 z -0.06
    0+2=2          freq 0.06323 exact 0.06250 z +1.35
    0+3=3          freq 0.03080 exact 0.03125 z -1.16
  H_both(.4 forall, .6 guarded): success freq 0.56139 exact Z 0.56157
    Ax.0+x=x       freq 0.20232 exact 0.20121 z +1.24
    0+w0=w0        freq 0.00631 exact 0.00604 z +1.58
    0+0=0          freq 0.17580 exact 0.17716 z -1.60
    0+1=1          freq 0.08908 exact 0.08858 z +0.78
    0+2=2          freq 0.04441 exact 0.04429 z +0.25
    0+3=3          freq 0.02195 exact 0.02215 z -0.59
  ratios at closed instance 0+2=2: forall/open = 0.300000 (c = 0.30); open/sch = 0.905433 ((1-rho)/(1-g c rho) = 0.905433); forall/sch = 0.271630 (c(1-rho)/(1-g c rho) = 0.271630)
  ratios at forall x phi: forall/open = 50.0000 (1/(g rho) = 50.0000); at 0+w0=w0: forall/open = 0.3000
max |z| (calculus with Gen): 1.60
