c2_odds: c = 0.30, prior 2^-(symbols+1 per axiom), 50 seeds, n up to 200

=== phi = 0+x=x, law numerals q=1/2
  over-general templates: ?y9=?z; ?y9+?z=?z; 0+?y9=?z; ?A
  over-specific: 0+S?z=S?z;  root split: 0+0=0[0.50]; 0+S?a=S?a[0.50]
  size principle  ?y9=?z         P_tau(I) = 0.0000 (exact)  -log P_tau(I) = inf  KL = inf  bound holds: True
  size principle  ?y9+?z=?z      P_tau(I) = 0.5000 (exact)  -log P_tau(I) = 0.693  KL = 0.693  bound holds: True
  size principle  0+?y9=?z       P_tau(I) = 0.3333 (exact)  -log P_tau(I) = 1.099  KL = 1.386  bound holds: True
  size principle  ?A             P_tau(I) = 0.0000 +- 0.0000  -log P_tau(I) = inf  KL = inf  bound holds: True
  over-specific phi(Sz): P(datum survives) ~ 0.5030; while alive log-odds gain per datum ~ 0.693 nats
  mean posterior mass (over 50 seeds):
   L0-strict  n=0    n=1    n=2    n=3    n=5    n=10   n=20   n=50   n=100  n=200
     forall       0.021 0.000 0.000 0.000 0.000 0.000 0.000 0.000 0.000 0.000
     sch          0.042 0.481 0.632 0.771 0.892 0.994 0.996 0.996 0.996 0.996
     overgeneral  0.926 0.382 0.224 0.123 0.033 0.001 0.000 0.000 0.000 0.000
     overspec     0.011 0.136 0.141 0.102 0.071 0.000 0.000 0.000 0.000 0.000
     split-fixed  0.000 0.002 0.002 0.003 0.003 0.004 0.004 0.004 0.004 0.004
     split-laplace0.000 0.000 0.001 0.001 0.001 0.001 0.001 0.000 0.000 0.000
   L0-closure n=0    n=1    n=2    n=3    n=5    n=10   n=20   n=50   n=100  n=200
     forall       0.021 0.194 0.238 0.274 0.303 0.332 0.332 0.332 0.332 0.332
     sch          0.042 0.387 0.476 0.548 0.605 0.664 0.665 0.665 0.665 0.665
     overgeneral  0.926 0.307 0.168 0.087 0.022 0.001 0.000 0.000 0.000 0.000
     overspec     0.011 0.110 0.115 0.088 0.067 0.000 0.000 0.000 0.000 0.000
     split-fixed  0.000 0.002 0.002 0.002 0.002 0.003 0.003 0.003 0.003 0.003
     split-laplace0.000 0.000 0.000 0.001 0.001 0.001 0.000 0.000 0.000 0.000
   L1         n=0    n=1    n=2    n=3    n=5    n=10   n=20   n=50   n=100  n=200
     forall       0.021 0.067 0.028 0.010 0.001 0.000 0.000 0.000 0.000 0.000
     sch          0.042 0.448 0.614 0.763 0.891 0.994 0.996 0.996 0.996 0.996
     overgeneral  0.926 0.356 0.217 0.121 0.032 0.001 0.000 0.000 0.000 0.000
     overspec     0.011 0.127 0.138 0.102 0.071 0.000 0.000 0.000 0.000 0.000
     split-fixed  0.000 0.002 0.002 0.003 0.003 0.004 0.004 0.004 0.004 0.004
     split-laplace0.000 0.000 0.001 0.001 0.001 0.001 0.001 0.000 0.000 0.000
   L1-norm    n=0    n=1    n=2    n=3    n=5    n=10   n=20   n=50   n=100  n=200
     forall       0.021 0.053 0.017 0.005 0.000 0.000 0.000 0.000 0.000 0.000
     sch          0.042 0.455 0.621 0.768 0.892 0.994 0.996 0.996 0.996 0.996
     overgeneral  0.926 0.361 0.220 0.122 0.033 0.001 0.000 0.000 0.000 0.000
     overspec     0.011 0.129 0.139 0.102 0.071 0.000 0.000 0.000 0.000 0.000
     split-fixed  0.000 0.002 0.002 0.003 0.003 0.004 0.004 0.004 0.004 0.004
     split-laplace0.000 0.000 0.001 0.001 0.001 0.001 0.001 0.000 0.000 0.000
   L1-sel     n=0    n=1    n=2    n=3    n=5    n=10   n=20   n=50   n=100  n=200
     forall       0.021 0.194 0.238 0.274 0.303 0.332 0.332 0.332 0.332 0.332
     sch          0.042 0.387 0.476 0.548 0.605 0.664 0.665 0.665 0.665 0.665
     overgeneral  0.926 0.307 0.168 0.087 0.022 0.001 0.000 0.000 0.000 0.000
     overspec     0.011 0.110 0.115 0.088 0.067 0.000 0.000 0.000 0.000 0.000
     split-fixed  0.000 0.002 0.002 0.002 0.002 0.003 0.003 0.003 0.003 0.003
     split-laplace0.000 0.000 0.000 0.001 0.001 0.001 0.000 0.000 0.000 0.000

=== phi = x+0=x, law numerals q=1/2
  over-general templates: ?y9=?z; ?y9+0=?z; ?z+?y9=?z; ?A
  over-specific: S?z+0=S?z;  root split: 0+0=0[0.50]; S?a+0=S?a[0.50]
  size principle  ?y9=?z         P_tau(I) = 0.0000 (exact)  -log P_tau(I) = inf  KL = inf  bound holds: True
  size principle  ?y9+0=?z       P_tau(I) = 0.3333 (exact)  -log P_tau(I) = 1.099  KL = 1.386  bound holds: True
  size principle  ?z+?y9=?z      P_tau(I) = 0.5000 (exact)  -log P_tau(I) = 0.693  KL = 0.693  bound holds: True
  size principle  ?A             P_tau(I) = 0.0000 +- 0.0000  -log P_tau(I) = inf  KL = inf  bound holds: True
  over-specific phi(Sz): P(datum survives) ~ 0.5030; while alive log-odds gain per datum ~ 0.693 nats
  mean posterior mass (over 50 seeds):
   L0-strict  n=0    n=1    n=2    n=3    n=5    n=10   n=20   n=50   n=100  n=200
     forall       0.021 0.000 0.000 0.000 0.000 0.000 0.000 0.000 0.000 0.000
     sch          0.042 0.481 0.632 0.771 0.892 0.994 0.996 0.996 0.996 0.996
     overgeneral  0.926 0.382 0.224 0.123 0.033 0.001 0.000 0.000 0.000 0.000
     overspec     0.011 0.136 0.141 0.102 0.071 0.000 0.000 0.000 0.000 0.000
     split-fixed  0.000 0.002 0.002 0.003 0.003 0.004 0.004 0.004 0.004 0.004
     split-laplace0.000 0.000 0.001 0.001 0.001 0.001 0.001 0.000 0.000 0.000
   L0-closure n=0    n=1    n=2    n=3    n=5    n=10   n=20   n=50   n=100  n=200
     forall       0.021 0.194 0.238 0.274 0.303 0.332 0.332 0.332 0.332 0.332
     sch          0.042 0.387 0.476 0.548 0.605 0.664 0.665 0.665 0.665 0.665
     overgeneral  0.926 0.307 0.168 0.087 0.022 0.001 0.000 0.000 0.000 0.000
     overspec     0.011 0.110 0.115 0.088 0.067 0.000 0.000 0.000 0.000 0.000
     split-fixed  0.000 0.002 0.002 0.002 0.002 0.003 0.003 0.003 0.003 0.003
     split-laplace0.000 0.000 0.000 0.001 0.001 0.001 0.000 0.000 0.000 0.000
   L1         n=0    n=1    n=2    n=3    n=5    n=10   n=20   n=50   n=100  n=200
     forall       0.021 0.067 0.028 0.010 0.001 0.000 0.000 0.000 0.000 0.000
     sch          0.042 0.448 0.614 0.763 0.891 0.994 0.996 0.996 0.996 0.996
     overgeneral  0.926 0.356 0.217 0.121 0.032 0.001 0.000 0.000 0.000 0.000
     overspec     0.011 0.127 0.138 0.102 0.071 0.000 0.000 0.000 0.000 0.000
     split-fixed  0.000 0.002 0.002 0.003 0.003 0.004 0.004 0.004 0.004 0.004
     split-laplace0.000 0.000 0.001 0.001 0.001 0.001 0.001 0.000 0.000 0.000
   L1-norm    n=0    n=1    n=2    n=3    n=5    n=10   n=20   n=50   n=100  n=200
     forall       0.021 0.053 0.017 0.005 0.000 0.000 0.000 0.000 0.000 0.000
     sch          0.042 0.455 0.621 0.768 0.892 0.994 0.996 0.996 0.996 0.996
     overgeneral  0.926 0.361 0.220 0.122 0.033 0.001 0.000 0.000 0.000 0.000
     overspec     0.011 0.129 0.139 0.102 0.071 0.000 0.000 0.000 0.000 0.000
     split-fixed  0.000 0.002 0.002 0.003 0.003 0.004 0.004 0.004 0.004 0.004
     split-laplace0.000 0.000 0.001 0.001 0.001 0.001 0.001 0.000 0.000 0.000
   L1-sel     n=0    n=1    n=2    n=3    n=5    n=10   n=20   n=50   n=100  n=200
     forall       0.021 0.194 0.238 0.274 0.303 0.332 0.332 0.332 0.332 0.332
     sch          0.042 0.387 0.476 0.548 0.605 0.664 0.665 0.665 0.665 0.665
     overgeneral  0.926 0.307 0.168 0.087 0.022 0.001 0.000 0.000 0.000 0.000
     overspec     0.011 0.110 0.115 0.088 0.067 0.000 0.000 0.000 0.000 0.000
     split-fixed  0.000 0.002 0.002 0.002 0.002 0.003 0.003 0.003 0.003 0.003
     split-laplace0.000 0.000 0.000 0.001 0.001 0.001 0.000 0.000 0.000 0.000

=== phi = x*0=0, law numerals q=1/2
  over-general templates: ?y9=0; ?z*?y9=0; ?z*0=?y9; ?A
  over-specific: S?z*0=0;  root split: 0*0=0[0.50]; S?a*0=0[0.50]
  size principle  ?y9=0          P_tau(I) = 0.0000 (exact)  -log P_tau(I) = inf  KL = inf  bound holds: True
  size principle  ?z*?y9=0       P_tau(I) = 0.5000 (exact)  -log P_tau(I) = 0.693  KL = 0.693  bound holds: True
  size principle  ?z*0=?y9       P_tau(I) = 0.5000 (exact)  -log P_tau(I) = 0.693  KL = 0.693  bound holds: True
  size principle  ?A             P_tau(I) = 0.0000 +- 0.0000  -log P_tau(I) = inf  KL = inf  bound holds: True
  over-specific phi(Sz): P(datum survives) ~ 0.5030; while alive log-odds gain per datum ~ 0.693 nats
  mean posterior mass (over 50 seeds):
   L0-strict  n=0    n=1    n=2    n=3    n=5    n=10   n=20   n=50   n=100  n=200
     forall       0.021 0.000 0.000 0.000 0.000 0.000 0.000 0.000 0.000 0.000
     sch          0.042 0.402 0.542 0.697 0.863 0.988 0.991 0.991 0.992 0.992
     overgeneral  0.916 0.402 0.271 0.174 0.054 0.002 0.000 0.000 0.000 0.000
     overspec     0.021 0.193 0.182 0.122 0.075 0.000 0.000 0.000 0.000 0.000
     split-fixed  0.000 0.003 0.004 0.005 0.007 0.008 0.008 0.008 0.008 0.008
     split-laplace0.000 0.001 0.001 0.001 0.002 0.002 0.001 0.001 0.001 0.000
   L0-closure n=0    n=1    n=2    n=3    n=5    n=10   n=20   n=50   n=100  n=200
     forall       0.021 0.166 0.209 0.253 0.295 0.331 0.331 0.331 0.331 0.332
     sch          0.042 0.333 0.418 0.505 0.590 0.662 0.663 0.663 0.663 0.663
     overgeneral  0.916 0.333 0.209 0.126 0.037 0.001 0.000 0.000 0.000 0.000
     overspec     0.021 0.165 0.160 0.111 0.073 0.000 0.000 0.000 0.000 0.000
     split-fixed  0.000 0.003 0.003 0.004 0.005 0.005 0.005 0.005 0.005 0.005
     split-laplace0.000 0.001 0.001 0.001 0.001 0.001 0.001 0.001 0.000 0.000
   L1         n=0    n=1    n=2    n=3    n=5    n=10   n=20   n=50   n=100  n=200
     forall       0.021 0.057 0.024 0.009 0.001 0.000 0.000 0.000 0.000 0.000
     sch          0.042 0.378 0.527 0.690 0.862 0.988 0.991 0.991 0.992 0.992
     overgeneral  0.916 0.378 0.264 0.173 0.054 0.002 0.000 0.000 0.000 0.000
     overspec     0.021 0.184 0.180 0.121 0.075 0.000 0.000 0.000 0.000 0.000
     split-fixed  0.000 0.003 0.004 0.005 0.007 0.008 0.008 0.008 0.008 0.008
     split-laplace0.000 0.001 0.001 0.001 0.002 0.002 0.001 0.001 0.001 0.000
   L1-norm    n=0    n=1    n=2    n=3    n=5    n=10   n=20   n=50   n=100  n=200
     forall       0.021 0.044 0.014 0.004 0.000 0.000 0.000 0.000 0.000 0.000
     sch          0.042 0.383 0.533 0.694 0.862 0.988 0.991 0.991 0.992 0.992
     overgeneral  0.916 0.383 0.267 0.174 0.054 0.002 0.000 0.000 0.000 0.000
     overspec     0.021 0.186 0.181 0.121 0.075 0.000 0.000 0.000 0.000 0.000
     split-fixed  0.000 0.003 0.004 0.005 0.007 0.008 0.008 0.008 0.008 0.008
     split-laplace0.000 0.001 0.001 0.001 0.002 0.002 0.001 0.001 0.001 0.000
   L1-sel     n=0    n=1    n=2    n=3    n=5    n=10   n=20   n=50   n=100  n=200
     forall       0.021 0.166 0.209 0.253 0.295 0.331 0.331 0.331 0.331 0.332
     sch          0.042 0.333 0.418 0.505 0.590 0.662 0.663 0.663 0.663 0.663
     overgeneral  0.916 0.333 0.209 0.126 0.037 0.001 0.000 0.000 0.000 0.000
     overspec     0.021 0.165 0.160 0.111 0.073 0.000 0.000 0.000 0.000 0.000
     split-fixed  0.000 0.003 0.003 0.004 0.005 0.005 0.005 0.005 0.005 0.005
     split-laplace0.000 0.001 0.001 0.001 0.001 0.001 0.001 0.001 0.000 0.000

=== phi = Sx!=0, law numerals q=1/2
  over-general templates: ~?B9; ~?y9=0; ~S?z=?y9; ?A
  over-specific: ~SS?z=0;  root split: ~1=0[0.50]; ~SS?a=0[0.50]
  size principle  ~?B9           P_tau(I) = 0.1252 +- 0.0007  -log P_tau(I) = 2.078  KL = 2.079 +- 0.000  bound holds: True
  size principle  ~?y9=0         P_tau(I) = 0.5000 (exact)  -log P_tau(I) = 0.693  KL = 0.693  bound holds: True
  size principle  ~S?z=?y9       P_tau(I) = 0.5000 (exact)  -log P_tau(I) = 0.693  KL = 0.693  bound holds: True
  size principle  ?A             P_tau(I) = 0.0248 +- 0.0003  -log P_tau(I) = 3.698  KL = 3.689 +- 0.000  bound holds: True
  over-specific phi(Sz): P(datum survives) ~ 0.5030; while alive log-odds gain per datum ~ 0.693 nats
  mean posterior mass (over 50 seeds):
   L0-strict  n=0    n=1    n=2    n=3    n=5    n=10   n=20   n=50   n=100  n=200
     forall       0.017 0.000 0.000 0.000 0.000 0.000 0.000 0.000 0.000 0.000
     sch          0.034 0.226 0.441 0.629 0.838 0.987 0.991 0.991 0.992 0.992
     overgeneral  0.931 0.654 0.390 0.246 0.079 0.003 0.000 0.000 0.000 0.000
     overspec     0.017 0.118 0.164 0.118 0.075 0.000 0.000 0.000 0.000 0.000
     split-fixed  0.000 0.002 0.003 0.005 0.007 0.008 0.008 0.008 0.008 0.008
     split-laplace0.000 0.000 0.001 0.001 0.002 0.002 0.001 0.001 0.001 0.000
   L0-closure n=0    n=1    n=2    n=3    n=5    n=10   n=20   n=50   n=100  n=200
     forall       0.017 0.101 0.178 0.235 0.289 0.331 0.331 0.331 0.331 0.332
     sch          0.034 0.202 0.357 0.469 0.578 0.661 0.663 0.663 0.663 0.663
     overgeneral  0.931 0.587 0.316 0.183 0.054 0.002 0.000 0.000 0.000 0.000
     overspec     0.017 0.107 0.146 0.108 0.073 0.000 0.000 0.000 0.000 0.000
     split-fixed  0.000 0.002 0.003 0.004 0.005 0.005 0.005 0.005 0.005 0.005
     split-laplace0.000 0.000 0.001 0.001 0.001 0.001 0.001 0.001 0.000 0.000
   L1         n=0    n=1    n=2    n=3    n=5    n=10   n=20   n=50   n=100  n=200
     forall       0.017 0.033 0.019 0.008 0.001 0.000 0.000 0.000 0.000 0.000
     sch          0.034 0.218 0.432 0.624 0.837 0.987 0.991 0.991 0.992 0.992
     overgeneral  0.931 0.632 0.382 0.244 0.079 0.003 0.000 0.000 0.000 0.000
     overspec     0.017 0.115 0.162 0.118 0.075 0.000 0.000 0.000 0.000 0.000
     split-fixed  0.000 0.002 0.003 0.005 0.007 0.008 0.008 0.008 0.008 0.008
     split-laplace0.000 0.000 0.001 0.001 0.002 0.002 0.001 0.001 0.001 0.000
   L1-norm    n=0    n=1    n=2    n=3    n=5    n=10   n=20   n=50   n=100  n=200
     forall       0.017 0.025 0.012 0.004 0.000 0.000 0.000 0.000 0.000 0.000
     sch          0.034 0.220 0.436 0.627 0.838 0.987 0.991 0.991 0.992 0.992
     overgeneral  0.931 0.637 0.385 0.245 0.079 0.003 0.000 0.000 0.000 0.000
     overspec     0.017 0.115 0.163 0.118 0.075 0.000 0.000 0.000 0.000 0.000
     split-fixed  0.000 0.002 0.003 0.005 0.007 0.008 0.008 0.008 0.008 0.008
     split-laplace0.000 0.000 0.001 0.001 0.002 0.002 0.001 0.001 0.001 0.000
   L1-sel     n=0    n=1    n=2    n=3    n=5    n=10   n=20   n=50   n=100  n=200
     forall       0.017 0.101 0.178 0.235 0.289 0.331 0.331 0.331 0.331 0.332
     sch          0.034 0.202 0.357 0.469 0.578 0.661 0.663 0.663 0.663 0.663
     overgeneral  0.931 0.587 0.316 0.183 0.054 0.002 0.000 0.000 0.000 0.000
     overspec     0.017 0.107 0.146 0.108 0.073 0.000 0.000 0.000 0.000 0.000
     split-fixed  0.000 0.002 0.003 0.004 0.005 0.005 0.005 0.005 0.005 0.005
     split-laplace0.000 0.000 0.001 0.001 0.001 0.001 0.001 0.001 0.000 0.000

=== phi = x<Sx, law numerals q=1/2
  over-general templates: ?y9<S?z; ?z<?y9; ?A
  over-specific: S?z<SS?z;  root split: 0<1[0.50]; S?a<SS?a[0.50]
  size principle  ?y9<S?z        P_tau(I) = 0.3333 (exact)  -log P_tau(I) = 1.099  KL = 1.386  bound holds: True
  size principle  ?z<?y9         P_tau(I) = 0.1667 (exact)  -log P_tau(I) = 1.792  KL = 2.079  bound holds: True
  size principle  ?A             P_tau(I) = 0.0334 +- 0.0004  -log P_tau(I) = 3.398  KL = 3.688 +- 0.007  bound holds: True
  over-specific phi(Sz): P(datum survives) ~ 0.5030; while alive log-odds gain per datum ~ 0.693 nats
  mean posterior mass (over 50 seeds):
   L0-strict  n=0    n=1    n=2    n=3    n=5    n=10   n=20   n=50   n=100  n=200
     forall       0.039 0.000 0.000 0.000 0.000 0.000 0.000 0.000 0.000 0.000
     sch          0.078 0.486 0.721 0.850 0.915 0.990 0.991 0.991 0.992 0.992
     overgeneral  0.862 0.354 0.115 0.036 0.005 0.000 0.000 0.000 0.000 0.000
     overspec     0.020 0.156 0.157 0.106 0.071 0.000 0.000 0.000 0.000 0.000
     split-fixed  0.001 0.004 0.006 0.007 0.007 0.008 0.008 0.008 0.008 0.008
     split-laplace0.000 0.001 0.001 0.002 0.002 0.002 0.001 0.001 0.001 0.000
   L0-closure n=0    n=1    n=2    n=3    n=5    n=10   n=20   n=50   n=100  n=200
     forall       0.039 0.195 0.262 0.293 0.308 0.331 0.331 0.331 0.331 0.332
     sch          0.078 0.389 0.524 0.586 0.615 0.662 0.663 0.663 0.663 0.663
     overgeneral  0.862 0.290 0.083 0.025 0.003 0.000 0.000 0.000 0.000 0.000
     overspec     0.020 0.122 0.126 0.091 0.067 0.000 0.000 0.000 0.000 0.000
     split-fixed  0.001 0.003 0.004 0.005 0.005 0.005 0.005 0.005 0.005 0.005
     split-laplace0.000 0.001 0.001 0.001 0.001 0.001 0.001 0.001 0.000 0.000
   L1         n=0    n=1    n=2    n=3    n=5    n=10   n=20   n=50   n=100  n=200
     forall       0.039 0.068 0.031 0.011 0.001 0.000 0.000 0.000 0.000 0.000
     sch          0.078 0.452 0.697 0.839 0.914 0.990 0.991 0.991 0.992 0.992
     overgeneral  0.862 0.332 0.111 0.036 0.005 0.000 0.000 0.000 0.000 0.000
     overspec     0.020 0.144 0.154 0.106 0.071 0.000 0.000 0.000 0.000 0.000
     split-fixed  0.001 0.004 0.005 0.007 0.007 0.008 0.008 0.008 0.008 0.008
     split-laplace0.000 0.001 0.001 0.001 0.002 0.002 0.001 0.001 0.001 0.000
   L1-norm    n=0    n=1    n=2    n=3    n=5    n=10   n=20   n=50   n=100  n=200
     forall       0.039 0.053 0.019 0.005 0.000 0.000 0.000 0.000 0.000 0.000
     sch          0.078 0.459 0.707 0.845 0.915 0.990 0.991 0.991 0.992 0.992
     overgeneral  0.862 0.337 0.112 0.036 0.005 0.000 0.000 0.000 0.000 0.000
     overspec     0.020 0.147 0.155 0.106 0.071 0.000 0.000 0.000 0.000 0.000
     split-fixed  0.001 0.004 0.006 0.007 0.007 0.008 0.008 0.008 0.008 0.008
     split-laplace0.000 0.001 0.001 0.002 0.002 0.002 0.001 0.001 0.001 0.000
   L1-sel     n=0    n=1    n=2    n=3    n=5    n=10   n=20   n=50   n=100  n=200
     forall       0.039 0.195 0.262 0.293 0.308 0.331 0.331 0.331 0.331 0.332
     sch          0.078 0.389 0.524 0.586 0.615 0.662 0.663 0.663 0.663 0.663
     overgeneral  0.862 0.290 0.083 0.025 0.003 0.000 0.000 0.000 0.000 0.000
     overspec     0.020 0.122 0.126 0.091 0.067 0.000 0.000 0.000 0.000 0.000
     split-fixed  0.001 0.003 0.004 0.005 0.005 0.005 0.005 0.005 0.005 0.005
     split-laplace0.000 0.001 0.001 0.001 0.001 0.001 0.001 0.001 0.000 0.000

=== phi = 0+x=x, law GW(.4,.3,.2,.1)
  over-general templates: ?y9=?z; ?y9+?z=?z; 0+?y9=?z; ?A
  over-specific: 0+S?z=S?z;  root split: 0+0=0[0.40]; 0+S?a=S?a[0.30]; 0+(?a+?b)=?a+?b[0.20]; 0+?a*?b=?a*?b[0.10]
  size principle  ?y9=?z         P_tau(I) = 0.0145 +- 0.0003  -log P_tau(I) = 4.232  KL = 13.761 +- 0.178  bound holds: True
  size principle  ?y9+?z=?z      P_tau(I) = 0.3994 +- 0.0011  -log P_tau(I) = 0.918  KL = 0.916 +- 0.000  bound holds: True
  size principle  0+?y9=?z       P_tau(I) = 0.1787 +- 0.0009  -log P_tau(I) = 1.722  KL = 11.235 +- 0.178  bound holds: True
  size principle  ?A             P_tau(I) = 0.0071 +- 0.0002  -log P_tau(I) = 4.945  KL = 14.454 +- 0.178  bound holds: True
  over-specific phi(Sz): P(datum survives) ~ 0.3002; while alive log-odds gain per datum ~ 1.204 nats
  mean posterior mass (over 50 seeds):
   L0-strict  n=0    n=1    n=2    n=3    n=5    n=10   n=20   n=50   n=100  n=200
     forall       0.021 0.000 0.000 0.000 0.000 0.000 0.000 0.000 0.000 0.000
     sch          0.042 0.520 0.785 0.898 0.990 1.000 1.000 1.000 1.000 1.000
     overgeneral  0.926 0.364 0.159 0.066 0.010 0.000 0.000 0.000 0.000 0.000
     overspec     0.011 0.115 0.056 0.036 0.000 0.000 0.000 0.000 0.000 0.000
     split-fixed  0.000 0.000 0.000 0.000 0.000 0.000 0.000 0.000 0.000 0.000
     split-laplace0.000 0.000 0.000 0.000 0.000 0.000 0.000 0.000 0.000 0.000
   L0-closure n=0    n=1    n=2    n=3    n=5    n=10   n=20   n=50   n=100  n=200
     forall       0.021 0.205 0.279 0.307 0.331 0.333 0.333 0.333 0.333 0.333
     sch          0.042 0.410 0.558 0.614 0.662 0.667 0.667 0.667 0.667 0.667
     overgeneral  0.926 0.291 0.113 0.045 0.007 0.000 0.000 0.000 0.000 0.000
     overspec     0.011 0.095 0.050 0.034 0.000 0.000 0.000 0.000 0.000 0.000
     split-fixed  0.000 0.000 0.000 0.000 0.000 0.000 0.000 0.000 0.000 0.000
     split-laplace0.000 0.000 0.000 0.000 0.000 0.000 0.000 0.000 0.000 0.000
   L1         n=0    n=1    n=2    n=3    n=5    n=10   n=20   n=50   n=100  n=200
     forall       0.021 0.072 0.034 0.012 0.001 0.000 0.000 0.000 0.000 0.000
     sch          0.042 0.481 0.757 0.887 0.988 1.000 1.000 1.000 1.000 1.000
     overgeneral  0.926 0.339 0.153 0.065 0.010 0.000 0.000 0.000 0.000 0.000
     overspec     0.011 0.108 0.056 0.036 0.000 0.000 0.000 0.000 0.000 0.000
     split-fixed  0.000 0.000 0.000 0.000 0.000 0.000 0.000 0.000 0.000 0.000
     split-laplace0.000 0.000 0.000 0.000 0.000 0.000 0.000 0.000 0.000 0.000
   L1-norm    n=0    n=1    n=2    n=3    n=5    n=10   n=20   n=50   n=100  n=200
     forall       0.021 0.056 0.020 0.005 0.000 0.000 0.000 0.000 0.000 0.000
     sch          0.042 0.490 0.768 0.893 0.989 1.000 1.000 1.000 1.000 1.000
     overgeneral  0.926 0.344 0.156 0.065 0.010 0.000 0.000 0.000 0.000 0.000
     overspec     0.011 0.110 0.056 0.036 0.000 0.000 0.000 0.000 0.000 0.000
     split-fixed  0.000 0.000 0.000 0.000 0.000 0.000 0.000 0.000 0.000 0.000
     split-laplace0.000 0.000 0.000 0.000 0.000 0.000 0.000 0.000 0.000 0.000
   L1-sel     n=0    n=1    n=2    n=3    n=5    n=10   n=20   n=50   n=100  n=200
     forall       0.021 0.205 0.279 0.307 0.331 0.333 0.333 0.333 0.333 0.333
     sch          0.042 0.410 0.558 0.614 0.662 0.667 0.667 0.667 0.667 0.667
     overgeneral  0.926 0.291 0.113 0.045 0.007 0.000 0.000 0.000 0.000 0.000
     overspec     0.011 0.095 0.050 0.034 0.000 0.000 0.000 0.000 0.000 0.000
     split-fixed  0.000 0.000 0.000 0.000 0.000 0.000 0.000 0.000 0.000 0.000
     split-laplace0.000 0.000 0.000 0.000 0.000 0.000 0.000 0.000 0.000 0.000

=== phi = x+0=x, law GW(.4,.3,.2,.1)
  over-general templates: ?y9=?z; ?y9+0=?z; ?z+?y9=?z; ?A
  over-specific: S?z+0=S?z;  root split: 0+0=0[0.40]; S?a+0=S?a[0.30]; ?a+?b+0=?a+?b[0.20]; ?a*?b+0=?a*?b[0.10]
  size principle  ?y9=?z         P_tau(I) = 0.0145 +- 0.0003  -log P_tau(I) = 4.237  KL = 13.761 +- 0.178  bound holds: True
  size principle  ?y9+0=?z       P_tau(I) = 0.1768 +- 0.0009  -log P_tau(I) = 1.733  KL = 11.235 +- 0.178  bound holds: True
  size principle  ?z+?y9=?z      P_tau(I) = 0.4021 +- 0.0011  -log P_tau(I) = 0.911  KL = 0.916 +- 0.000  bound holds: True
  size principle  ?A             P_tau(I) = 0.0071 +- 0.0002  -log P_tau(I) = 4.953  KL = 14.454 +- 0.178  bound holds: True
  over-specific phi(Sz): P(datum survives) ~ 0.3002; while alive log-odds gain per datum ~ 1.204 nats
  mean posterior mass (over 50 seeds):
   L0-strict  n=0    n=1    n=2    n=3    n=5    n=10   n=20   n=50   n=100  n=200
     forall       0.021 0.000 0.000 0.000 0.000 0.000 0.000 0.000 0.000 0.000
     sch          0.042 0.520 0.785 0.898 0.990 1.000 1.000 1.000 1.000 1.000
     overgeneral  0.926 0.364 0.159 0.066 0.010 0.000 0.000 0.000 0.000 0.000
     overspec     0.011 0.115 0.056 0.036 0.000 0.000 0.000 0.000 0.000 0.000
     split-fixed  0.000 0.000 0.000 0.000 0.000 0.000 0.000 0.000 0.000 0.000
     split-laplace0.000 0.000 0.000 0.000 0.000 0.000 0.000 0.000 0.000 0.000
   L0-closure n=0    n=1    n=2    n=3    n=5    n=10   n=20   n=50   n=100  n=200
     forall       0.021 0.205 0.279 0.307 0.331 0.333 0.333 0.333 0.333 0.333
     sch          0.042 0.410 0.558 0.614 0.662 0.667 0.667 0.667 0.667 0.667
     overgeneral  0.926 0.291 0.113 0.045 0.007 0.000 0.000 0.000 0.000 0.000
     overspec     0.011 0.095 0.050 0.034 0.000 0.000 0.000 0.000 0.000 0.000
     split-fixed  0.000 0.000 0.000 0.000 0.000 0.000 0.000 0.000 0.000 0.000
     split-laplace0.000 0.000 0.000 0.000 0.000 0.000 0.000 0.000 0.000 0.000
   L1         n=0    n=1    n=2    n=3    n=5    n=10   n=20   n=50   n=100  n=200
     forall       0.021 0.072 0.034 0.012 0.001 0.000 0.000 0.000 0.000 0.000
     sch          0.042 0.481 0.757 0.887 0.988 1.000 1.000 1.000 1.000 1.000
     overgeneral  0.926 0.339 0.153 0.065 0.010 0.000 0.000 0.000 0.000 0.000
     overspec     0.011 0.108 0.056 0.036 0.000 0.000 0.000 0.000 0.000 0.000
     split-fixed  0.000 0.000 0.000 0.000 0.000 0.000 0.000 0.000 0.000 0.000
     split-laplace0.000 0.000 0.000 0.000 0.000 0.000 0.000 0.000 0.000 0.000
   L1-norm    n=0    n=1    n=2    n=3    n=5    n=10   n=20   n=50   n=100  n=200
     forall       0.021 0.056 0.020 0.005 0.000 0.000 0.000 0.000 0.000 0.000
     sch          0.042 0.490 0.768 0.893 0.989 1.000 1.000 1.000 1.000 1.000
     overgeneral  0.926 0.344 0.156 0.065 0.010 0.000 0.000 0.000 0.000 0.000
     overspec     0.011 0.110 0.056 0.036 0.000 0.000 0.000 0.000 0.000 0.000
     split-fixed  0.000 0.000 0.000 0.000 0.000 0.000 0.000 0.000 0.000 0.000
     split-laplace0.000 0.000 0.000 0.000 0.000 0.000 0.000 0.000 0.000 0.000
   L1-sel     n=0    n=1    n=2    n=3    n=5    n=10   n=20   n=50   n=100  n=200
     forall       0.021 0.205 0.279 0.307 0.331 0.333 0.333 0.333 0.333 0.333
     sch          0.042 0.410 0.558 0.614 0.662 0.667 0.667 0.667 0.667 0.667
     overgeneral  0.926 0.291 0.113 0.045 0.007 0.000 0.000 0.000 0.000 0.000
     overspec     0.011 0.095 0.050 0.034 0.000 0.000 0.000 0.000 0.000 0.000
     split-fixed  0.000 0.000 0.000 0.000 0.000 0.000 0.000 0.000 0.000 0.000
     split-laplace0.000 0.000 0.000 0.000 0.000 0.000 0.000 0.000 0.000 0.000

=== phi = x*0=0, law GW(.4,.3,.2,.1)
  over-general templates: ?y9=0; ?z*?y9=0; ?z*0=?y9; ?A
  over-specific: S?z*0=0;  root split: 0*0=0[0.40]; S?a*0=0[0.30]; (?a+?b)*0=0[0.20]; ?a*?b*0=0[0.10]
  size principle  ?y9=0          P_tau(I) = 0.0398 +- 0.0004  -log P_tau(I) = 3.223  KL = 3.219 +- 0.000  bound holds: True
  size principle  ?z*?y9=0       P_tau(I) = 0.4002 +- 0.0011  -log P_tau(I) = 0.916  KL = 0.916 +- 0.000  bound holds: True
  size principle  ?z*0=?y9       P_tau(I) = 0.4021 +- 0.0011  -log P_tau(I) = 0.911  KL = 0.916 +- 0.000  bound holds: True
  size principle  ?A             P_tau(I) = 0.0079 +- 0.0002  -log P_tau(I) = 4.845  KL = 4.828 +- 0.000  bound holds: True
  over-specific phi(Sz): P(datum survives) ~ 0.3002; while alive log-odds gain per datum ~ 1.204 nats
  mean posterior mass (over 50 seeds):
   L0-strict  n=0    n=1    n=2    n=3    n=5    n=10   n=20   n=50   n=100  n=200
     forall       0.021 0.000 0.000 0.000 0.000 0.000 0.000 0.000 0.000 0.000
     sch          0.042 0.411 0.705 0.853 0.980 1.000 1.000 1.000 1.000 1.000
     overgeneral  0.917 0.447 0.231 0.109 0.020 0.000 0.000 0.000 0.000 0.000
     overspec     0.021 0.142 0.065 0.038 0.000 0.000 0.000 0.000 0.000 0.000
     split-fixed  0.000 0.000 0.000 0.000 0.000 0.000 0.000 0.000 0.000 0.000
     split-laplace0.000 0.000 0.000 0.000 0.000 0.000 0.000 0.000 0.000 0.000
   L0-closure n=0    n=1    n=2    n=3    n=5    n=10   n=20   n=50   n=100  n=200
     forall       0.021 0.169 0.257 0.296 0.329 0.333 0.333 0.333 0.333 0.333
     sch          0.042 0.338 0.514 0.592 0.658 0.667 0.667 0.667 0.667 0.667
     overgeneral  0.917 0.368 0.168 0.076 0.013 0.000 0.000 0.000 0.000 0.000
     overspec     0.021 0.125 0.060 0.037 0.000 0.000 0.000 0.000 0.000 0.000
     split-fixed  0.000 0.000 0.000 0.000 0.000 0.000 0.000 0.000 0.000 0.000
     split-laplace0.000 0.000 0.000 0.000 0.000 0.000 0.000 0.000 0.000 0.000
   L1         n=0    n=1    n=2    n=3    n=5    n=10   n=20   n=50   n=100  n=200
     forall       0.021 0.058 0.031 0.011 0.001 0.000 0.000 0.000 0.000 0.000
     sch          0.042 0.386 0.682 0.843 0.979 1.000 1.000 1.000 1.000 1.000
     overgeneral  0.917 0.420 0.223 0.108 0.020 0.000 0.000 0.000 0.000 0.000
     overspec     0.021 0.137 0.064 0.038 0.000 0.000 0.000 0.000 0.000 0.000
     split-fixed  0.000 0.000 0.000 0.000 0.000 0.000 0.000 0.000 0.000 0.000
     split-laplace0.000 0.000 0.000 0.000 0.000 0.000 0.000 0.000 0.000 0.000
   L1-norm    n=0    n=1    n=2    n=3    n=5    n=10   n=20   n=50   n=100  n=200
     forall       0.021 0.045 0.018 0.005 0.000 0.000 0.000 0.000 0.000 0.000
     sch          0.042 0.391 0.691 0.848 0.980 1.000 1.000 1.000 1.000 1.000
     overgeneral  0.917 0.426 0.226 0.109 0.020 0.000 0.000 0.000 0.000 0.000
     overspec     0.021 0.138 0.064 0.038 0.000 0.000 0.000 0.000 0.000 0.000
     split-fixed  0.000 0.000 0.000 0.000 0.000 0.000 0.000 0.000 0.000 0.000
     split-laplace0.000 0.000 0.000 0.000 0.000 0.000 0.000 0.000 0.000 0.000
   L1-sel     n=0    n=1    n=2    n=3    n=5    n=10   n=20   n=50   n=100  n=200
     forall       0.021 0.169 0.257 0.296 0.329 0.333 0.333 0.333 0.333 0.333
     sch          0.042 0.338 0.514 0.592 0.658 0.667 0.667 0.667 0.667 0.667
     overgeneral  0.917 0.368 0.168 0.076 0.013 0.000 0.000 0.000 0.000 0.000
     overspec     0.021 0.125 0.060 0.037 0.000 0.000 0.000 0.000 0.000 0.000
     split-fixed  0.000 0.000 0.000 0.000 0.000 0.000 0.000 0.000 0.000 0.000
     split-laplace0.000 0.000 0.000 0.000 0.000 0.000 0.000 0.000 0.000 0.000

=== phi = Sx!=0, law GW(.4,.3,.2,.1)
  over-general templates: ~?B9; ~?y9=0; ~S?z=?y9; ?A
  over-specific: ~SS?z=0;  root split: ~1=0[0.40]; ~SS?a=0[0.30]; ~S(?a+?b)=0[0.20]; ~S(?a*?b)=0[0.10]
  size principle  ~?B9           P_tau(I) = 0.0614 +- 0.0005  -log P_tau(I) = 2.790  KL = 2.813 +- 0.000  bound holds: True
  size principle  ~?y9=0         P_tau(I) = 0.3011 +- 0.0010  -log P_tau(I) = 1.200  KL = 1.204 +- 0.000  bound holds: True
  size principle  ~S?z=?y9       P_tau(I) = 0.4021 +- 0.0011  -log P_tau(I) = 0.911  KL = 0.916 +- 0.000  bound holds: True
  size principle  ?A             P_tau(I) = 0.0120 +- 0.0002  -log P_tau(I) = 4.422  KL = 4.423 +- 0.000  bound holds: True
  over-specific phi(Sz): P(datum survives) ~ 0.3002; while alive log-odds gain per datum ~ 1.204 nats
  mean posterior mass (over 50 seeds):
   L0-strict  n=0    n=1    n=2    n=3    n=5    n=10   n=20   n=50   n=100  n=200
     forall       0.017 0.000 0.000 0.000 0.000 0.000 0.000 0.000 0.000 0.000
     sch          0.034 0.328 0.683 0.859 0.985 1.000 1.000 1.000 1.000 1.000
     overgeneral  0.931 0.549 0.253 0.103 0.015 0.000 0.000 0.000 0.000 0.000
     overspec     0.017 0.123 0.064 0.038 0.000 0.000 0.000 0.000 0.000 0.000
     split-fixed  0.000 0.000 0.000 0.000 0.000 0.000 0.000 0.000 0.000 0.000
     split-laplace0.000 0.000 0.000 0.000 0.000 0.000 0.000 0.000 0.000 0.000
   L0-closure n=0    n=1    n=2    n=3    n=5    n=10   n=20   n=50   n=100  n=200
     forall       0.017 0.140 0.251 0.297 0.330 0.333 0.333 0.333 0.333 0.333
     sch          0.034 0.281 0.502 0.595 0.660 0.667 0.667 0.667 0.667 0.667
     overgeneral  0.931 0.469 0.186 0.071 0.010 0.000 0.000 0.000 0.000 0.000
     overspec     0.017 0.110 0.060 0.037 0.000 0.000 0.000 0.000 0.000 0.000
     split-fixed  0.000 0.000 0.000 0.000 0.000 0.000 0.000 0.000 0.000 0.000
     split-laplace0.000 0.000 0.000 0.000 0.000 0.000 0.000 0.000 0.000 0.000
   L1         n=0    n=1    n=2    n=3    n=5    n=10   n=20   n=50   n=100  n=200
     forall       0.017 0.047 0.030 0.011 0.001 0.000 0.000 0.000 0.000 0.000
     sch          0.034 0.312 0.661 0.849 0.984 1.000 1.000 1.000 1.000 1.000
     overgeneral  0.931 0.522 0.245 0.102 0.015 0.000 0.000 0.000 0.000 0.000
     overspec     0.017 0.119 0.064 0.038 0.000 0.000 0.000 0.000 0.000 0.000
     split-fixed  0.000 0.000 0.000 0.000 0.000 0.000 0.000 0.000 0.000 0.000
     split-laplace0.000 0.000 0.000 0.000 0.000 0.000 0.000 0.000 0.000 0.000
   L1-norm    n=0    n=1    n=2    n=3    n=5    n=10   n=20   n=50   n=100  n=200
     forall       0.017 0.036 0.018 0.005 0.000 0.000 0.000 0.000 0.000 0.000
     sch          0.034 0.316 0.670 0.855 0.985 1.000 1.000 1.000 1.000 1.000
     overgeneral  0.931 0.528 0.249 0.102 0.015 0.000 0.000 0.000 0.000 0.000
     overspec     0.017 0.120 0.064 0.038 0.000 0.000 0.000 0.000 0.000 0.000
     split-fixed  0.000 0.000 0.000 0.000 0.000 0.000 0.000 0.000 0.000 0.000
     split-laplace0.000 0.000 0.000 0.000 0.000 0.000 0.000 0.000 0.000 0.000
   L1-sel     n=0    n=1    n=2    n=3    n=5    n=10   n=20   n=50   n=100  n=200
     forall       0.017 0.140 0.251 0.297 0.330 0.333 0.333 0.333 0.333 0.333
     sch          0.034 0.281 0.502 0.595 0.660 0.667 0.667 0.667 0.667 0.667
     overgeneral  0.931 0.469 0.186 0.071 0.010 0.000 0.000 0.000 0.000 0.000
     overspec     0.017 0.110 0.060 0.037 0.000 0.000 0.000 0.000 0.000 0.000
     split-fixed  0.000 0.000 0.000 0.000 0.000 0.000 0.000 0.000 0.000 0.000
     split-laplace0.000 0.000 0.000 0.000 0.000 0.000 0.000 0.000 0.000 0.000

=== phi = x<Sx, law GW(.4,.3,.2,.1)
  over-general templates: ?y9<S?z; ?z<?y9; ?A
  over-specific: S?z<SS?z;  root split: 0<1[0.40]; S?a<SS?a[0.30]; ?a+?b<S(?a+?b)[0.20]; ?a*?b<S(?a*?b)[0.10]
  size principle  ?y9<S?z        P_tau(I) = 0.1794 +- 0.0009  -log P_tau(I) = 1.718  KL = 11.235 +- 0.178  bound holds: True
  size principle  ?z<?y9         P_tau(I) = 0.0536 +- 0.0005  -log P_tau(I) = 2.926  KL = 12.439 +- 0.178  bound holds: True
  size principle  ?A             P_tau(I) = 0.0104 +- 0.0002  -log P_tau(I) = 4.562  KL = 14.049 +- 0.178  bound holds: True
  over-specific phi(Sz): P(datum survives) ~ 0.3002; while alive log-odds gain per datum ~ 1.204 nats
  mean posterior mass (over 50 seeds):
   L0-strict  n=0    n=1    n=2    n=3    n=5    n=10   n=20   n=50   n=100  n=200
     forall       0.039 0.000 0.000 0.000 0.000 0.000 0.000 0.000 0.000 0.000
     sch          0.078 0.663 0.898 0.955 1.000 1.000 1.000 1.000 1.000 1.000
     overgeneral  0.863 0.198 0.043 0.009 0.000 0.000 0.000 0.000 0.000 0.000
     overspec     0.020 0.139 0.059 0.036 0.000 0.000 0.000 0.000 0.000 0.000
     split-fixed  0.000 0.000 0.000 0.000 0.000 0.000 0.000 0.000 0.000 0.000
     split-laplace0.000 0.000 0.000 0.000 0.000 0.000 0.000 0.000 0.000 0.000
   L0-closure n=0    n=1    n=2    n=3    n=5    n=10   n=20   n=50   n=100  n=200
     forall       0.039 0.245 0.306 0.320 0.333 0.333 0.333 0.333 0.333 0.333
     sch          0.078 0.490 0.612 0.640 0.667 0.667 0.667 0.667 0.667 0.667
     overgeneral  0.863 0.156 0.030 0.006 0.000 0.000 0.000 0.000 0.000 0.000
     overspec     0.020 0.110 0.052 0.034 0.000 0.000 0.000 0.000 0.000 0.000
     split-fixed  0.000 0.000 0.000 0.000 0.000 0.000 0.000 0.000 0.000 0.000
     split-laplace0.000 0.000 0.000 0.000 0.000 0.000 0.000 0.000 0.000 0.000
   L1         n=0    n=1    n=2    n=3    n=5    n=10   n=20   n=50   n=100  n=200
     forall       0.039 0.090 0.039 0.013 0.001 0.000 0.000 0.000 0.000 0.000
     sch          0.078 0.599 0.862 0.942 0.998 1.000 1.000 1.000 1.000 1.000
     overgeneral  0.863 0.183 0.041 0.009 0.000 0.000 0.000 0.000 0.000 0.000
     overspec     0.020 0.129 0.058 0.036 0.000 0.000 0.000 0.000 0.000 0.000
     split-fixed  0.000 0.000 0.000 0.000 0.000 0.000 0.000 0.000 0.000 0.000
     split-laplace0.000 0.000 0.000 0.000 0.000 0.000 0.000 0.000 0.000 0.000
   L1-norm    n=0    n=1    n=2    n=3    n=5    n=10   n=20   n=50   n=100  n=200
     forall       0.039 0.071 0.023 0.006 0.000 0.000 0.000 0.000 0.000 0.000
     sch          0.078 0.612 0.876 0.949 0.999 1.000 1.000 1.000 1.000 1.000
     overgeneral  0.863 0.186 0.042 0.009 0.000 0.000 0.000 0.000 0.000 0.000
     overspec     0.020 0.131 0.058 0.036 0.000 0.000 0.000 0.000 0.000 0.000
     split-fixed  0.000 0.000 0.000 0.000 0.000 0.000 0.000 0.000 0.000 0.000
     split-laplace0.000 0.000 0.000 0.000 0.000 0.000 0.000 0.000 0.000 0.000
   L1-sel     n=0    n=1    n=2    n=3    n=5    n=10   n=20   n=50   n=100  n=200
     forall       0.039 0.245 0.306 0.320 0.333 0.333 0.333 0.333 0.333 0.333
     sch          0.078 0.490 0.612 0.640 0.667 0.667 0.667 0.667 0.667 0.667
     overgeneral  0.863 0.156 0.030 0.006 0.000 0.000 0.000 0.000 0.000 0.000
     overspec     0.020 0.110 0.052 0.034 0.000 0.000 0.000 0.000 0.000 0.000
     split-fixed  0.000 0.000 0.000 0.000 0.000 0.000 0.000 0.000 0.000 0.000
     split-laplace0.000 0.000 0.000 0.000 0.000 0.000 0.000 0.000 0.000 0.000
