c3_memo: phi = 0+x=x; natural logs; D = log posterior odds (memoriser class : H_sch), up to O(1)

law numerals q=1/2; 10 seeds; mean over seeds (min, max)
        n      m_n    D_uniform    D_laplace   lowerbnd_l  D_l/ln^2n      D_l/n
       10      3.6        -19.2        -19.6        -27.0     -3.698    -1.9604   (D_l range -30.6..-3.1)
       30      5.3        -44.3        -37.9        -51.7     -3.276    -1.2632   (D_l range -60.8..-9.7)
      100      6.8       -105.2        -60.2        -80.7     -2.839    -0.6021   (D_l range -78.0..-48.3)
      300      8.6       -303.0        -92.3       -123.1     -2.837    -0.3076   (D_l range -136.7..-78.0)
     1000     10.4      -1062.3       -133.8       -173.3     -2.803    -0.1338   (D_l range -170.9..-101.9)
     3000     11.9      -3409.2       -173.1       -223.4     -2.701    -0.0577   (D_l range -202.1..-147.6)
    10000     13.8     -12565.6       -229.6       -295.6     -2.707    -0.0230   (D_l range -265.0..-206.7)
    30000     15.4     -40596.4       -285.8       -363.7     -2.689    -0.0095   (D_l range -339.9..-241.0)
   100000     16.4    -141109.5       -327.7       -418.4     -2.472    -0.0033   (D_l range -421.9..-277.8)

law numerals q=0.9; 10 seeds; mean over seeds (min, max)
        n      m_n    D_uniform    D_laplace   lowerbnd_l  D_l/ln^2n      D_l/n
       10      7.5       -120.2       -122.8       -150.9    -23.157   -12.2775   (D_l range -200.5..-40.1)
       30     16.4       -321.1       -325.5       -393.6    -28.135   -10.8491   (D_l range -479.0..-231.0)
      100     28.0       -749.8       -747.0       -875.8    -35.221    -7.4696   (D_l range -904.9..-609.1)
      300     37.5      -1341.0      -1250.4      -1439.4    -38.434    -4.1679   (D_l range -1537.8..-949.3)
     1000     50.8      -2732.4      -2131.9      -2409.9    -44.678    -2.1319   (D_l range -2547.3..-1787.5)
     3000     60.0      -5324.8      -2917.4      -3270.5    -45.512    -0.9725   (D_l range -3527.7..-2443.1)
    10000     70.6     -13913.4      -3982.9      -4431.1    -46.951    -0.3983   (D_l range -4223.7..-3795.9)
    30000     81.5     -39588.4      -5282.8      -5833.8    -49.709    -0.1761   (D_l range -5662.5..-5081.7)
   100000     94.3    -136361.7      -6993.7      -7667.5    -52.764    -0.0699   (D_l range -7514.1..-6493.8)

law GW(.4,.3,.2,.1); 10 seeds; mean over seeds (min, max)
        n      m_n    D_uniform    D_laplace   lowerbnd_l  D_l/ln^2n      D_l/n
       10      6.4        -36.7        -37.8       -171.3     -7.125    -3.7777   (D_l range -49.0..-23.6)
       30     14.8       -119.8       -113.5       -439.0     -9.812    -3.7836   (D_l range -149.4..-74.6)
      100     42.3       -466.7       -398.5      -1389.0    -18.788    -3.9845   (D_l range -442.9..-367.3)
      300    109.5      -1568.9      -1204.8      -4296.1    -37.033    -4.0160   (D_l range -1278.9..-1102.0)
     1000    316.9      -5918.2      -3992.3     -14003.1    -83.666    -3.9923   (D_l range -4163.6..-3707.9)
     3000    861.0     -19832.0     -12008.0     -41390.9   -187.327    -4.0027   (D_l range -12365.4..-11640.1)
    10000   2596.2     -73976.1     -39949.5    -135041.9   -470.934    -3.9950   (D_l range -40668.8..-39006.6)
    30000   7137.2    -244070.3    -119099.3    -397201.6  -1120.676    -3.9700   (D_l range -121426.9..-116253.7)
   100000  22001.3    -900776.6    -398335.5   -1308695.9  -3005.229    -3.9834   (D_l range -403315.8..-394041.4)
