c4_confirm
(a) Bayes-Laplace with point mass pi0 = 0.01 at eps = 0
    n     P(all future | n) exact   via quadrature    1-P   (1-pi0)/(pi0 (n+1))   P(next 10^6 | n), pi0=0
        0   0.010000000000   0.010000000000   9.900e-01   9.900e+01   0.000001
        1   0.019801980198   0.019801980198   9.802e-01   4.950e+01   0.000002
       10   0.100000000000   0.100000000000   9.000e-01   9.000e+00   0.000011
      100   0.505000000000   0.505000000000   4.950e-01   9.802e-01   0.000101
     1000   0.910000000000   0.910000000000   9.000e-02   9.890e-02   0.001000
    10000   0.990198019802   0.990198019802   9.802e-03   9.899e-03   0.009902
  1000000   0.999901009899   0.999901009899   9.899e-05   9.900e-05   0.500000

(b) eps_j = 2^-j, prior (1-pi0)/(j(j+1)), pi0 = 0.01
    n         S_n = sum_j pi_j (1-2^-j)^n   S_n * log2(n)    1 - P(all future | n) = S_n/(pi0+S_n)
  10^1      2.408027e-01                    0.7999           9.601280e-01
  10^2      1.302844e-01                    0.8656           9.287162e-01
  10^3      8.982551e-02                    0.8952           8.998252e-01
  10^4      6.873829e-02                    0.9134           8.729970e-01
  10^6      4.689475e-02                    0.9347           8.242369e-01
  10^8      3.562459e-02                    0.9467           7.808199e-01
  10^10     2.873272e-02                    0.9545           7.418203e-01
  10^12     2.407918e-02                    0.9599           7.065657e-01
  10^15     1.937547e-02                    0.9655           6.595799e-01
  10^20     1.461881e-02                    0.9713           5.938065e-01
  10^30     9.806202e-03                    0.9773           4.951076e-01
  10^50     5.913680e-03                    0.9822           3.716098e-01

(c) sum_n (1 - M(I | D_n)) versus ln(1/pi0) = 4.6052
  Laplace with point mass: sum over n < 10^6 = 4.2199 (tail ~ sum (1-pi0)/(pi0 n^2) < 0.0002)
  dyadic family: sum over n < 2*10^5 = 2.7024

(d) prior 1/2 on sigma_phi and 1/2 on phi(Sz), numerals q = 1/2, datum phi(S0): posterior of sigma_phi = 0.3333 < 1/2
