Part A: c=0.3 g=0.2 rho=0.1, numerals q=1/2; prior 2^-(symbols+1 per axiom), guard = 1 symbol
  per-datum ratios at a closed instance (L1-norm): forall/sch = 0.2077, open/sch = 0.8824, forall/open = 0.2354
  S1 closed instances (= H_forall filtered) | L1-norm | class full
     n:                 0      1      2      5     10     20     50    100
     P(|- forall):  0.750  0.664  0.616  0.517  0.364  0.141  0.004  0.000
     forall         0.250  0.070  0.017  0.000  0.000  0.000  0.000  0.000
     open           0.499  0.593  0.598  0.516  0.364  0.141  0.004  0.000
     sch            0.250  0.336  0.384  0.483  0.636  0.859  0.996  1.000
     both           0.002  0.001  0.001  0.001  0.000  0.000  0.000  0.000
  S1 closed instances (= H_forall filtered) | L1-norm | class no guard
     n:                 0      1      2      5     10     20     50    100
     P(|- forall):  1.000  1.000  1.000  1.000  1.000  1.000  1.000  1.000
     forall         0.333  0.105  0.027  0.000  0.000  0.000  0.000  0.000
     open           0.667  0.895  0.973  1.000  1.000  1.000  1.000  1.000
  S1 closed instances (= H_forall filtered) | L1-sel | class full
     n:                 0      1      2      5     10     20     50    100
     P(|- forall):  0.750  0.750  0.750  0.750  0.750  0.750  0.750  0.750
     forall         0.250  0.250  0.250  0.250  0.250  0.250  0.250  0.250
     open           0.499  0.499  0.499  0.499  0.499  0.499  0.499  0.499
     sch            0.250  0.250  0.250  0.250  0.250  0.250  0.250  0.250
     both           0.002  0.002  0.002  0.002  0.002  0.002  0.002  0.002
  S1 closed instances (= H_forall filtered) | L1-sel | class no guard
     n:                 0      1      2      5     10     20     50    100
     P(|- forall):  1.000  1.000  1.000  1.000  1.000  1.000  1.000  1.000
     forall         0.333  0.333  0.333  0.333  0.333  0.333  0.333  0.333
     open           0.667  0.667  0.667  0.667  0.667  0.667  0.667  0.667
  S2 output of H_open | L1-norm | class full
     n:                 0      1      2      5     10     20     50    100
     P(|- forall):  0.750  0.714  0.712  0.761  0.860  0.953  1.000  1.000
     forall         0.250  0.088  0.051  0.010  0.003  0.000  0.000  0.000
     open           0.499  0.625  0.660  0.750  0.856  0.952  0.999  1.000
     sch            0.250  0.286  0.288  0.239  0.140  0.047  0.000  0.000
     both           0.002  0.001  0.001  0.001  0.001  0.001  0.001  0.000
  S2 output of H_open | L1-norm | class no guard
     n:                 0      1      2      5     10     20     50    100
     P(|- forall):  1.000  1.000  1.000  1.000  1.000  1.000  1.000  1.000
     forall         0.333  0.118  0.059  0.010  0.003  0.000  0.000  0.000
     open           0.667  0.882  0.941  0.990  0.997  1.000  1.000  1.000
  S3 output of H_forall | L1-norm | class full
     n:                 0      1      2      5     10     20     50    100
     P(|- forall):  0.750  0.953  0.990  1.000  1.000  1.000  1.000  1.000
     forall         0.250  0.804  0.898  0.987  0.993  0.997  0.998  0.998
     open           0.499  0.146  0.088  0.009  0.002  0.000  0.000  0.000
     sch            0.250  0.047  0.010  0.000  0.000  0.000  0.000  0.000
     both           0.002  0.004  0.004  0.004  0.005  0.003  0.002  0.002
  S3 output of H_forall | L1-norm | class no guard
     n:                 0      1      2      5     10     20     50    100
     P(|- forall):  1.000  1.000  1.000  1.000  1.000  1.000  1.000  1.000
     forall         0.333  0.812  0.902  0.991  0.998  1.000  1.000  1.000
     open           0.667  0.188  0.098  0.009  0.002  0.000  0.000  0.000

Part C: spare slot H_both (uniform weight) vs H_sch on n closed instances, L1-norm, c = 0.3
  n =      1   I_n = 5.818252e-01   n I_n = 0.58183   bounds [n/(n+1), 1/(1-c)] = [0.50000, 1.42857]
  n =     10   I_n = 9.579923e-02   n I_n = 0.95799   bounds [n/(n+1), 1/(1-c)] = [0.90909, 1.42857]
  n =    100   I_n = 9.959746e-03   n I_n = 0.99597   bounds [n/(n+1), 1/(1-c)] = [0.99010, 1.42857]
  n =   1000   I_n = 9.995997e-04   n I_n = 0.99960   bounds [n/(n+1), 1/(1-c)] = [0.99900, 1.42857]
  n =  10000   I_n = 9.999600e-05   n I_n = 0.99996   bounds [n/(n+1), 1/(1-c)] = [0.99990, 1.42857]
  n = 100000   I_n = 9.999960e-06   n I_n = 1.00000   bounds [n/(n+1), 1/(1-c)] = [0.99999, 1.42857]

Part B: minimal calculus, c = 0.3; data: forall x phi with prob f_q, else phi(t), t ~ numerals(1/2)
  L = 3, theta = 0.05: per quantified datum log P_T_both - log P_T_sch+B = 3.618 (L log(1/c) = 3.612); per instance 0.021
  L = 3, theta = 0.20: per quantified datum log P_T_both - log P_T_sch+B = 3.635 (L log(1/c) = 3.612); per instance 0.094
   f_q = 0.00   n:       0      10      50     200    1000
     T_sch       0.665   1.000   1.000   1.000   1.000
     T_forall    0.332   0.000   0.000   0.000   0.000
     T_sch+B     0.000   0.000   0.000   0.000   0.000
     T_both      0.003   0.000   0.000   0.000   0.000
     P(T |- forall x phi) = 1 - mass(T_sch):   0.335   0.000   0.000   0.000   0.000
   f_q = 0.01   n:       0      10      50     200    1000
     T_sch       0.665   0.925   0.700   0.125   0.000
     T_forall    0.332   0.001   0.000   0.000   0.000
     T_sch+B     0.000   0.000   0.000   0.001   0.000
     T_both      0.003   0.074   0.300   0.874   1.000
     P(T |- forall x phi) = 1 - mass(T_sch):   0.335   0.075   0.300   0.875   1.000
   f_q = 0.05   n:       0      10      50     200    1000
     T_sch       0.665   0.550   0.025   0.000   0.000
     T_forall    0.332   0.013   0.000   0.000   0.000
     T_sch+B     0.000   0.001   0.000   0.000   0.000
     T_both      0.003   0.437   0.975   1.000   1.000
     P(T |- forall x phi) = 1 - mass(T_sch):   0.335   0.450   0.975   1.000   1.000
   f_q = 0.20   n:       0      10      50     200    1000
     T_sch       0.665   0.100   0.000   0.000   0.000
     T_forall    0.332   0.355   0.000   0.000   0.000
     T_sch+B     0.000   0.000   0.000   0.000   0.000
     T_both      0.003   0.544   1.000   1.000   1.000
     P(T |- forall x phi) = 1 - mass(T_sch):   0.335   0.900   1.000   1.000   1.000
  L = 10, theta = 0.05: per quantified datum log P_T_both - log P_T_sch+B = 12.046 (L log(1/c) = 12.040); per instance 0.022
  L = 10, theta = 0.20: per quantified datum log P_T_both - log P_T_sch+B = 12.064 (L log(1/c) = 12.040); per instance 0.096
   f_q = 0.00   n:       0      10      50     200    1000
     T_sch       0.665   1.000   1.000   1.000   1.000
     T_forall    0.332   0.000   0.000   0.000   0.000
     T_sch+B     0.000   0.000   0.000   0.000   0.000
     T_both      0.003   0.000   0.000   0.000   0.000
     P(T |- forall x phi) = 1 - mass(T_sch):   0.335   0.000   0.000   0.000   0.000
   f_q = 0.01   n:       0      10      50     200    1000
     T_sch       0.665   0.925   0.700   0.125   0.000
     T_forall    0.332   0.001   0.000   0.000   0.000
     T_sch+B     0.000   0.000   0.000   0.000   0.000
     T_both      0.003   0.074   0.300   0.875   1.000
     P(T |- forall x phi) = 1 - mass(T_sch):   0.335   0.075   0.300   0.875   1.000
   f_q = 0.05   n:       0      10      50     200    1000
     T_sch       0.665   0.550   0.025   0.000   0.000
     T_forall    0.332   0.013   0.000   0.000   0.000
     T_sch+B     0.000   0.000   0.000   0.000   0.000
     T_both      0.003   0.438   0.975   1.000   1.000
     P(T |- forall x phi) = 1 - mass(T_sch):   0.335   0.450   0.975   1.000   1.000
   f_q = 0.20   n:       0      10      50     200    1000
     T_sch       0.665   0.100   0.000   0.000   0.000
     T_forall    0.332   0.355   0.000   0.000   0.000
     T_sch+B     0.000   0.000   0.000   0.000   0.000
     T_both      0.003   0.545   1.000   1.000   1.000
     P(T |- forall x phi) = 1 - mass(T_sch):   0.335   0.900   1.000   1.000   1.000
