c_{4,1/2} = 0.4674
KL(r||p) misspecified = 0.04937
n=     100: well-spec pred    -4.940 | misspec pred (paper)     -1.503 | misspec pred + (K-1)/2     -0.003
n=    1000: well-spec pred    -8.394 | misspec pred (paper)     39.478 | misspec pred + (K-1)/2     40.978
n=   10000: well-spec pred   -11.848 | misspec pred (paper)    480.372 | misspec pred + (K-1)/2    481.872
n=  100000: well-spec pred   -15.302 | misspec pred (paper)   4920.400 | misspec pred + (K-1)/2   4921.900
n= 1000000: well-spec pred   -18.756 | misspec pred (paper)  49351.760 | misspec pred + (K-1)/2  49353.260
MC misspec n=100: mean Delta = 0.003 (s.e. 0.026), 20000 runs
MC misspec n=1000: mean Delta = 40.970 (s.e. 0.076), 20000 runs
MC misspec n=10000: mean Delta = 481.601 (s.e. 0.238), 20000 runs
MC wellspec n=100: mean Delta = -4.946 (s.e. 0.009)
MC wellspec n=1000: mean Delta = -8.386 (s.e. 0.009)
(d1) A=1, a1=1/2, w1*=1/2, alpha_sigma=0.5: ln R_inf = 0.1050
(d1) A=1, a1=1/2, w1*=1/2, alpha_sigma=1: ln R_inf = -0.0000
(d1) A=1, a1=1/2, w1*=1/2, alpha_sigma=2: ln R_inf = -0.4055
pa spare F->F, K=8, n=1000: exact 19.031 bits, asymptotic 19.028 bits (paper: 19.03 / 19.82)
pa spare F->F, K=8, n=3000: exact 19.821 bits, asymptotic 19.820 bits (paper: 19.03 / 19.82)
E5(a) log2 BF at n=1: -1.000
E5(a) log2 BF at n=4096: -6.826
1/(e pi) = 0.1171
KT regret constant 0.5 ln(pi/2) = 0.2258
deterministic crossing n where 0.5 ln n + 0.5 ln(pi/2) = ln 99 (eps=0, chi2 term 0): 6240
subcrit bound h(k)/h(0) at k=2000, rho=0.9: 6.11e-92
Q_A exact mean size: formula root k=0 14.667 (paper empirical 14.62, bound 80); term root k=0 4.000
Q_A weighted ratio formula node: 0.75  term node k=0: 0.7500000000000001  k>0: 0.6
(MP=0.15, Gen+AE=0.2) m=0.50, E N = 2.000
(MP=0.3, Gen+AE=0.3) m=0.90, E N = 10.000
(MP=0.4, Gen+AE=0.3) m=1.10, extinction q = 0.7500
H(Q) = E[#nodes] H(root law) = 3.8943 nats
(ax,lg,MP)=(0.6,0.25,0.15): ax/2=0.300, a_r/(1-a_r)=0.176, proved region: True
(ax,lg,MP)=(0.5,0.3,0.2): ax/2=0.250, a_r/(1-a_r)=0.250, proved region: False
(ax,lg,MP)=(0.3,0.3,0.4): ax/2=0.150, a_r/(1-a_r)=0.667, proved region: False
(ax,lg,MP)=(0.2,0.4,0.4): ax/2=0.100, a_r/(1-a_r)=0.667, proved region: False
grammar 1: ln 1/(p+ p0) = 1.984 ; grammar 3: 7.707
odds drift T_Q vs T_mix per datum: 2.854
L5 gain per datum (bits): 0.678 ; prior difference: 72.3
r6 kappa=1.0: implied Z_T = 0.975, Z_T' = 1.447  (Remark model:graded asserts Z <= 1 for kappa >= 1)
r6 kappa=0.5: implied Z_T = 4.096, Z_T' = 4.743  (Remark model:graded asserts Z <= 1 for kappa >= 1)
prefix code: l_T'(b) = 5 bits; l_T(b) via MP = 23 bits; l_T(a) = 5 bits
  => P_T(b) <= 2^-23/2^-5 = 2^-18, P_T'(b) >= 2^-5: the refutation holds with Z <= 1 too
