conj:ident:cder
   PAPER: conjecture || model Conj 3.7  [ident.tex]
   CLAIM: conjecture || model Conj 3.7
conj:pa:broad
   PAPER: conjecture || pa Conj 4.10  [pa.tex]
   CLAIM: conjecture || pa Conj 4.10
conj:time:poly
   PAPER: conjecture || model Conj 6.15  [time.tex]
   CLAIM: conjecture || model Conj 6.15
conj:time:polytime
   PAPER: conjecture; not written out || model \S9.3  [time.tex]
   CLAIM: conjecture (not written out) || model §9.3
cor:ident:deductive
   PAPER: proved || model Cor 2.3  [ident.tex]
   CLAIM: proved || model Cor 2.3
cor:ident:prior
   PAPER: proved; computed || model Cor 2.2  [ident.tex]
   CLAIM: proved; computed (log-likelihoods of $T^*$ and its split agree to 5.7·10⁻¹⁴, c9b) || model Cor 2.2
cor:time:hard
   PAPER: proved, given the nondeterministic time hierarchy theorem (known); single $X$ for all $e$: proof sketch || model Cor 6.8 (referee m1)  [time.tex]
   CLAIM: proved modulo the nondeterministic time hierarchy theorem (known: Cook 1972; Seiferas–Fischer–Meyer 1978; Žák 1983); single-X remark proof sketch || model Cor 6.8 (referee m1)
cor:time:log
   PAPER: proved, given the hierarchy theorem (known) || model Cor 6.13  [time.tex]
   CLAIM: proved modulo the hierarchy theorem || model Cor 6.13
cor:univ:sound
   PAPER: None || None  [universal.tex]
   CLAIM: proved || universal §11
def:ident:W
   PAPER: None || model \S2  [ident.tex]
   CLAIM: (definition) || model §2
def:model:calculi
   PAPER: None || universal \S1.4; experiments \S1.6; pa Def 0.3; model Ex 3.6  [model.tex]
   CLAIM: (definition) || universal §1.4; experiments §1.6; pa Def 0.3; model Ex 3.6
def:model:calculus
   PAPER: None || model \S1.2  [model.tex]
   CLAIM: (definition); completeness known || model §1.2
def:model:grammar
   PAPER: None || model Def 1.5  [model.tex]
   CLAIM: (definition) || model Def 1.5
def:model:lone
   PAPER: None || model \S1.5  [model.tex]
   CLAIM: (definition) || model §1.5
def:model:lzero
   PAPER: None || model \S1.5  [model.tex]
   CLAIM: (definition) || model §1.5
def:model:prior
   PAPER: None || model Def 1.3  [model.tex]
   CLAIM: (definition) || model Def 1.3
def:model:scores
   PAPER: None || model \S1.5; universal \S1.5; pa Def 0.3  [model.tex]
   CLAIM: (definition) || model §1.5; universal §1.5; pa Def 0.3
def:model:theory
   PAPER: None || model Def 1.1  [model.tex]
   CLAIM: (definition) || model Def 1.1
def:model:variants
   PAPER: None || model \S1.5; universal \S1.5; pa Def 0.3; experiments \S1.7; model Ex 3.6  [model.tex]
   CLAIM: (definition) || model §1.5; universal §1.5; pa Def 0.3; experiments §1.7
def:pa:lsch
   PAPER: None || pa Defs 0.2, 0.3  [pa.tex]
   CLAIM: (definition); Kraft proved || pa Def 0.3
def:pa:refute
   PAPER: None || pa Def 0.4  [pa.tex]
   CLAIM: (definition) || pa Def 0.4
def:sound:protocol
   PAPER: None || model \S4  [sound.tex]
   CLAIM: (definition) || model §4
def:sound:tri
   PAPER: None || model \S7; universal \S1.6  [sound.tex]
   CLAIM: (definition) || model §7; universal §1.6
def:time:inducers
   PAPER: None || model \S6.1  [time.tex]
   CLAIM: (definition) || model §6.1
def:univ:setup
   PAPER: None || None  [universal.tex]
   CLAIM: (definition) || universal §1.1–1.3
ex:ident:escape
   PAPER: proved; computed || model Ex 3.4  [ident.tex]
   CLAIM: proved; computed (S0=0 reached posterior ≥ 0.99 in 2000/2000 runs, median 17 data) || model Ex 3.4
ex:ident:lonedq
   PAPER: computed || model Ex 3.6  [ident.tex]
   CLAIM: computed (fixpoint = Monte Carlo: Z 0.54909 vs 0.54965 ± 0.00091) || model Ex 3.6
ex:ident:weaker
   PAPER: proved || model Ex 3.2  [ident.tex]
   CLAIM: proved || model Ex 3.2
ex:model:qa
   PAPER: computed || model \S1.4 (c10); experiments \S1.2  [app-model.tex]
   CLAIM: computed || model §1.4 (c10); experiments §1.2
ex:pa:euler
   PAPER: computed; proof sketch (covering, eventual behaviour) || pa \S6 F4; referee m9  [pa.tex]
   CLAIM: computed; proof sketches (covering, eventual behaviour) || pa §6 F4 (referee m9)
ex:pa:narrow
   PAPER: computed || pa \S4.3 (1); referee r8  [pa.tex]
   CLAIM: computed (referee r8 re-checked) || pa §4.3 counterexample 1
ex:pa:skel
   PAPER: computed; proof sketch (slope) || pa \S4.3 (2)  [pa.tex]
   CLAIM: computed; slope proof sketch (Wilks) || pa §4.3 counterexample 2
ex:sound:constant
   PAPER: computed; mechanism proof sketch || model Ex 4.9; experiments Prop X8  [sound.tex]
   CLAIM: computed (every n ≤ 2·10⁶, 300 runs per cell); mechanism proof sketch || model Ex 4.9; experiments `check_fixed_weight`
ex:sound:fifty
   PAPER: proved; computed || model Ex 7.5  [sound.tex]
   CLAIM: proved; computed (LP) || model Ex 7.5
ex:sound:renorm
   PAPER: proved; computed || model Ex 7.4  [sound.tex]
   CLAIM: proved; computed (LP) || model Ex 7.4
lem:ident:zerosum
   PAPER: proved || model Lemma 3.3  [ident.tex]
   CLAIM: proved || model Lemma 3.3
lem:model:a4
   PAPER: (a) proved; (b) proof sketch || model Lemma 1.2  [model.tex]
   CLAIM: (a) proved; (b) proof sketch || model Lemma 1.2
lem:model:dirsum
   PAPER: proved; computed || model \S1.5 (c8); experiments Prop X2  [model.tex]
   CLAIM: proved; computed (to 10⁻¹² against quadrature; DP exact to 1.4·10⁻¹⁴ against brute force and an independent implementation) || model §1.5 (c8); experiments Prop X2
lem:model:grammar
   PAPER: proved || model Lemma 1.6  [model.tex]
   CLAIM: proved || model Lemma 1.6
lem:model:kraft
   PAPER: proved || model Lemma 1.4  [model.tex]
   CLAIM: proved || model Lemma 1.4
lem:model:lone
   PAPER: (a) proved, except the extinction criterion (known); (b), (c) proved; computed || model Lemma 1.7  [model.tex]
   CLAIM: proved (extinction criterion known: Athreya–Ney); computed (mean sizes 2.010, 9.965 against 2, 10; P(finite) 0.7489 against 0.75) || model Lemma 1.7
lem:model:lsig
   PAPER: proved || model \S1.5  [model.tex]
   CLAIM: proved || model §1.5
lem:model:size
   PAPER: proved; computed || model Lemma 1.8 (c1); universal Thm U4(1)  [model.tex]
   CLAIM: proved; computed (decomposition to 10⁻⁹; per-datum 3.94 against KL 3.894 nats) || model Lemma 1.8 (c1); universal Thm U4(1)
lem:pa:motive
   PAPER: proved || pa Lemma 4.7  [app-pa.tex]
   CLAIM: proved || pa Lemma 4.7
lem:sound:regret
   PAPER: (a), (b), (d) proved; (c) known; computed || model Lemma 4.6; experiments Prop X8(c)  [sound.tex]
   CLAIM: (a), (b), (d) proved; (c) known (Krichevsky–Trofimov 1981) + computed (slopes −0.499, −0.993 for α = ½; −0.993, −1.960 for α = 1; bound never violated, max gaps −2.81, −1.00, −6.45) || model Lemma 4.6; experiments Prop X8(c)
lem:time:symexp
   PAPER: proved; computed || model Lemma 6.10  [time.tex]
   CLAIM: proved; computed (chain case: 0 violations on 9865 conclusions; max ln(size)/ν = 0.220 < 1/e) || model Lemma 6.10
lem:univ:survivors
   PAPER: None || None  [universal.tex]
   CLAIM: proved || universal Lemma S1
lem:univ:waste
   PAPER: None || None  [app-universal.tex]
   CLAIM: proved || universal Lemma N0
prop:exp:comm
   PAPER: proved; computed || experiments Prop X12  [experiments.tex]
   CLAIM: proved; computed (model checked numerically) || experiments Prop X12
prop:exp:exact
   PAPER: proved; computed || experiments Props X1--X4  [experiments.tex]
   CLAIM: proved; computed (brute force 1.4·10⁻¹⁴; referee's independent implementation 2.1·10⁻¹⁴ on 904 triples; forward-sampler χ²; 21 unit tests pass) || experiments Props X1–X4
prop:ident:gold
   PAPER: proved || model Prop 5.2  [ident.tex]
   CLAIM: proved; heuristic remark || model Prop 5.2
prop:ident:proofs
   PAPER: proved || model Prop 8.2  [ident.tex]
   CLAIM: proved || model Prop 8.2
prop:ident:rates
   PAPER: proved || model Prop 2.4  [ident.tex]
   CLAIM: proved || model Prop 2.4
prop:ident:sep
   PAPER: proved (open parameter region); computed || model Prop 2.5  [ident.tex]
   CLAIM: proved (open parameter region); computed beyond it (TV 0.16–0.35; $P_{T_1}(b)$ 0.16–0.35, $P_{T_2}(b)$ 0.007–0.04) || model Prop 2.5
prop:ident:spare
   PAPER: (a), (d1) proved; (b), (c), (d2) proof sketch; computed || model Prop 5.5; experiments Prop X7; pa Prop 5.1  [ident.tex]
   CLAIM: (a), (d1) proved; (b), (c), (d2) proof sketch; computed (c3, c3b slope −0.265; c15; E5: −0.500 unused, −0.281 nested on 256…4096, −0.251 ± 0.002 nested on 10²…10⁸) || model Prop 5.5; experiments Prop X7; pa Prop 5.1
prop:ident:splitlone
   PAPER: (a)--(c) proved; (d) conjecture; computed || model Prop 5.6  [ident.tex]
   CLAIM: (a)–(c) proved; (d) conjecture; computed (c13: (a) 1.1·10⁻¹⁴; (b) 0.427, 0.133, 0.036 ≤ 0.5, 0.2, 0.05; (c) 0.11464 → 0.11487; (d) slope −0.507, −0.498 for n ≥ 10⁴) || model Prop 5.6
prop:ident:splitlzero
   PAPER: proved; known (the $\chi^2$ limit); computed || model Prop 5.4  [ident.tex]
   CLAIM: proved (Stirling); χ² limit known; computed (means −4.93 … −18.85 at n = 10²…10⁶ against −4.94 … −18.76; misspecified 39.7 … 49356 against 39.5 … 49352) || model Prop 5.4
prop:ident:splits
   PAPER: proved; computed || model Prop 2.6 and remark; pa Prop 2.1  [ident.tex]
   CLAIM: proved; computed (2849 instances to 10⁻¹⁹) || model Prop 2.6 and remark; pa Prop 2.1
prop:model:compute
   PAPER: (a) proved; (b), (c) proved, given Church's theorem (known) || model Prop 2.7  [model.tex]
   CLAIM: (a) proved; (b), (c) proved given Church–Turing (known) || model Prop 2.7
prop:model:max
   PAPER: proved || model Prop 2.8  [model.tex]
   CLAIM: proved || model Prop 2.8
prop:model:whichsize
   PAPER: proved || model Prop 1.9  [model.tex]
   CLAIM: proved || model Prop 1.9
prop:pa:atomic
   PAPER: proved, given two known facts || experiments Prop X10  [pa.tex]
   CLAIM: proved given two known facts (PA ⊢ σ; Shepherdson 1964, secondary sources) || experiments Prop X10
prop:pa:chain
   PAPER: proved || pa Prop 2.1  [pa.tex]
   CLAIM: proved || pa Prop 2.1
prop:pa:detour
   PAPER: (a) proved; computed; (b) known || pa Prop 2.2  [pa.tex]
   CLAIM: proved; computed (checked); known (Shepherdson, secondary sources) || pa Prop 2.2
prop:pa:equiv
   PAPER: proved; computed || pa Prop 1.1  [pa.tex]
   CLAIM: proved; computed (checked by `nd.py`; replayed on 200 random motives; referee re-checked) || pa Prop 1.1
prop:pa:fragments
   PAPER: proved || experiments Prop X9  [app-pa.tex]
   CLAIM: proved || experiments Prop X9
prop:pa:gibbs
   PAPER: proved || pa Prop 3.2  [pa.tex]
   CLAIM: proved || pa Prop 3.2
prop:pa:incons
   PAPER: proved || pa Prop 5.3  [pa.tex]
   CLAIM: proved || pa Prop 5.3
prop:pa:isigma
   PAPER: (a) proved, given known facts; (b) proof sketch; (c) refuted || pa Prop 4.6; referee M4, m7  [pa.tex]
   CLAIM: (a) proved given known facts (IΣₙ₊₁ ⊢ Con(IΣₙ), via Hájek–Pudlák, location unverified); (b) proof sketch; (c) refuted || pa Prop 4.6 (referee M4, m7)
prop:pa:lower
   PAPER: proved || pa Prop 1.4  [pa.tex]
   CLAIM: proved (the first version's argument was wrong; referee m5) || pa Prop 1.4
prop:pa:memo
   PAPER: proved || pa Prop 3.1  [pa.tex]
   CLAIM: proved || pa Prop 3.1
prop:pa:must
   PAPER: proved || pa Prop 3.4  [pa.tex]
   CLAIM: proved || pa Prop 3.4
prop:pa:nc
   PAPER: proved || pa Prop 5.2  [pa.tex]
   CLAIM: proved || pa Prop 5.2
prop:pa:occam
   PAPER: (a), (c) proved; (b) proved under its growth condition; computed || pa Prop 2.3  [pa.tex]
   CLAIM: exact identity proved; expansion proved under the growth condition; computed (identity = code to 0.1 bit; slopes −1, −2.5, −3); refuted (old claim) || pa Prop 2.3 (referee m2)
prop:pa:readonce
   PAPER: proved || pa Prop 4.8  [pa.tex]
   CLAIM: proved || pa Prop 4.8
prop:pa:recursion
   PAPER: proved; computed || pa Prop 1.5  [pa.tex]
   CLAIM: proved; computed (checked) || pa Prop 1.5
prop:pa:redundant
   PAPER: proved; computed || experiments Prop X11  [app-pa.tex]
   CLAIM: proved; computed (models checked numerically) || experiments Prop X11
prop:pa:refl
   PAPER: proved || pa Prop 4.3  [pa.tex]
   CLAIM: proved || pa Prop 4.3
prop:pa:refute
   PAPER: proved; known || pa Prop 4.2  [pa.tex]
   CLAIM: proved; known (Π₁-completeness) || pa Prop 4.2
prop:pa:regret
   PAPER: proved || pa Prop 4.4  [pa.tex]
   CLAIM: proved || pa Prop 4.4
prop:pa:spare
   PAPER: proved; computed || pa Prop 5.1  [pa.tex]
   CLAIM: proved; computed (19.03 vs 19.0, 19.82 vs 19.8) || pa Prop 5.1
prop:pa:thn
   PAPER: proved || pa Prop 4.1  [pa.tex]
   CLAIM: proved || pa Prop 4.1
prop:pa:usage
   PAPER: proved, given the library constants || pa Prop 1.3  [pa.tex]
   CLAIM: proved given the library constants || pa Prop 1.3
prop:pa:wellspec
   PAPER: proved, given \cref{thm:ident:doob} and known facts; proof sketch (last part) || pa Prop 3.3  [pa.tex]
   CLAIM: proved given `thm:ident:doob` and known facts; proof sketch (last part) || pa Prop 3.3
prop:sound:belief
   PAPER: proved; framework known || model Prop 7.2  [sound.tex]
   CLAIM: proved; framework known (Shafer 1976) || model Prop 7.2
prop:sound:bracket
   PAPER: proved || model Prop 7.3  [sound.tex]
   CLAIM: proved || model Prop 7.3
prop:sound:cautious
   PAPER: proved || model Prop 4.3  [sound.tex]
   CLAIM: proved || model Prop 4.3
prop:sound:complete
   PAPER: proved || model Prop 4.4  [sound.tex]
   CLAIM: proved || model Prop 4.4
prop:sound:fiftyfifty
   PAPER: proved; computed || model Prop 7.6  [sound.tex]
   CLAIM: proved; computed (LP: 3225/3225 on 2 atoms, 600/600 on 3) || model Prop 7.6
prop:sound:laws
   PAPER: proved || model Prop 7.1  [sound.tex]
   CLAIM: proved || model Prop 7.1
prop:sound:misspec
   PAPER: proved; computed || model Prop 4.2  [sound.tex]
   CLAIM: proved; computed (non-escalating 2000/2000, by n = 50 in 90%; escalating: waiting prover 400/400, non-adaptive 11/400) || model Prop 4.2
prop:time:cheap
   PAPER: (a), (b) proved; the brief's H6 sentence refuted || model Prop 6.6  [time.tex]
   CLAIM: proved; refuted (brief H6 sentence) || model Prop 6.6
prop:time:codelength
   PAPER: proved; computed || model Prop 6.11  [time.tex]
   CLAIM: proved; computed (tail ≈ 0.025 nats/node) || model Prop 6.11
prop:time:collapse
   PAPER: proved, given partial truth predicates (known) || model Prop 6.5  [time.tex]
   CLAIM: proved modulo partial truth predicates (known; Hájek–Pudlák, Kaye, numbering unverified) || model Prop 6.5
prop:time:fiall
   PAPER: proved || model Prop 6.0  [time.tex]
   CLAIM: proved || model Prop 6.0
prop:time:lonesize
   PAPER: refuted; counterexample proved and computed || model Prop 6.9 (referee M2)  [time.tex]
   CLAIM: refuted; counterexample proved and computed (both scripts, k ≤ 14 and k ≤ 12) || model Prop 6.9 (referee M2)
prop:time:notemplate
   PAPER: proved || model Prop 6.4; pa Prop 4.3  [time.tex]
   CLAIM: proved || model Prop 6.4; pa Prop 4.3
prop:time:sigma
   PAPER: (a) proved; (b), (c) proved, given the hierarchy theorem (via \cref{cor:time:hard}) || model Prop 6.14  [time.tex]
   CLAIM: proved given Thm 6.7 || model Prop 6.14
prop:time:single
   PAPER: proved, assuming $\Con(\PA)$ and the standard formalisation of computations; H\"anni's consistency argument refuted in this reading || model Prop 6.3  [time.tex]
   CLAIM: proved (assuming Con(PA) and the standard formalisation); refutes Hänni's argument in the single-sorted reading || model Prop 6.3
prop:time:twosorted
   PAPER: proved; $\Sigma_1$-completeness of $\Q$ known || model Prop 6.2  [time.tex]
   CLAIM: proved (Σ₁-completeness of Q known) || model Prop 6.2
prop:univ:B2
   PAPER: None || None  [universal.tex]
   CLAIM: proved; computed (n = 10⁵, c = 0.3: 2.1918, 1.1537, 0.7102, 0.4056 against 2.1914, 1.1534, 0.7101, 0.4056) || universal Prop B2
prop:univ:both
   PAPER: None || None  [universal.tex]
   CLAIM: proved; computed ($nI_n$ = 0.958, 0.996, 1.000 at n = 10, 10², 10⁵) || universal §4
prop:univ:eqfrag
   PAPER: None || None  [app-universal.tex]
   CLAIM: (a)–(c) proved; (a) computed (k ≤ 5; referee 339 250 rewrites) || universal Prop U14
prop:univ:factor
   PAPER: None || None  [universal.tex]
   CLAIM: proved; computed (max deviation 5·10⁻¹⁴; referee 1.6·10⁻¹⁵) || universal Prop U1
prop:univ:gaifman
   PAPER: None || None  [universal.tex]
   CLAIM: proved; Gaifman condition known || universal Prop U15
prop:univ:hanni
   PAPER: None || None  [universal.tex]
   CLAIM: proved; computed (Inc table: 0.674 → 0.000 at n = 1 for 0+x=x; 0.931 → 0.002 at n = 10 for Sx≠0) || universal §6.2
prop:univ:memo
   PAPER: None || None  [universal.tex]
   CLAIM: (i), (ii), (ii′) proved; (iii) conjecture; computed (c3: $D_l/\ln^2n\approx-2.5\ldots-2.8$; GW: $D_l/n\approx-4.0$, exponential) || universal Prop U6
prop:univ:noguard
   PAPER: None || None  [universal.tex]
   CLAIM: provability, (a), (b) proved; (c) proof sketch + computed; (d) computed, limit conjecture || universal Prop N3
prop:univ:open
   PAPER: None || None  [universal.tex]
   CLAIM: proved; computed (c1, c5; referee r7) || universal Prop U11 (a)–(d)
prop:univ:overspec
   PAPER: None || None  [universal.tex]
   CLAIM: proved; computed (gain log 2, survival 0.503 numerals; 1.204, 0.300 GW) || universal Prop U5
prop:univ:q4
   PAPER: None || None  [universal.tex]
   CLAIM: proved; computed (checked on {0..40} ∪ {a,b}; referee {0..80}) || universal Prop U13
prop:univ:quant
   PAPER: None || None  [universal.tex]
   CLAIM: (a) proved; (b) $f_q=0$ proved (Watson's lemma), $f_q>0$ proof sketch + computed; (c) proof sketch || universal Prop U12
prop:univ:rk
   PAPER: None || None  [app-universal.tex]
   CLAIM: proved; computed (max \|z\| 2.07; referee 2.19) || universal Prop N1
prop:univ:rkrate
   PAPER: None || None  [universal.tex]
   CLAIM: proved; computed (to 1.8·10⁻¹⁵; default: $\Wo$ = 0.1252; R₁, R₂, R₃ lose 0.0626, 0.0313, 0.0156 nats/datum) || universal Prop N2
prop:univ:robust
   PAPER: None || None  [universal.tex]
   CLAIM: proved; computed (U2n at 2·10⁵ parameter points) || universal Props U2n, U2t, U2c
prop:univ:sentences
   PAPER: None || None  [universal.tex]
   CLAIM: (a) proof sketch + computed; (b), (c) proved; (d) computed, limit conjecture || universal Prop U16
prop:univ:sim
   PAPER: None || None  [app-universal.tex]
   CLAIM: proved || universal Prop U3
rem:exp:limits
   PAPER: (i) computed; (ii)--(v) proved (properties of the code) || experiments \S\S11, 12, 16.5  [experiments.tex]
   CLAIM: (limitations) || experiments §12
rem:exp:refuted
   PAPER: refuted || experiments \S16.4; referee M1--M4  [experiments.tex]
   CLAIM: refuted || experiments §16.4
rem:ident:e3a
   PAPER: computed || experiments E3(a)  [ident.tex]
   CLAIM: computed || experiments E3(a)
rem:ident:e8
   PAPER: computed || experiments E8  [ident.tex]
   CLAIM: computed || experiments E8
rem:ident:exact
   PAPER: refuted; counter-statement proved || model Thm 5.1(b$''$)  [ident.tex]
   CLAIM: refuted; counter-statement proved || model Thm 5.1(b″)
rem:ident:fullclass
   PAPER: conjecture; computed || model Rem 3.5  [ident.tex]
   CLAIM: conjecture; computed illustration (hybrid ahead of memorisation by 7000–25000 bits at n = 10⁴; three hand-picked families, not a sum over $\Hclass$) || model Remark 3.5
rem:ident:mdl
   PAPER: proved; computed (as cited) || model \S5.3; pa \S2; universal \S10; experiments E8  [ident.tex]
   CLAIM: proved / computed parts as cited || model §5.3; pa §2; universal §10; experiments E8
rem:ident:memo
   PAPER: proved; known (prior work, flagged) || model \S5.2  [ident.tex]
   CLAIM: proved; known (flagged) || model §5.2
rem:ident:nearmiss
   PAPER: proved (the transfer) || model Rem 8.3  [ident.tex]
   CLAIM: proved (transfer); open || model Remark 8.3
rem:ident:sparetotal
   PAPER: proved (the sum); computed || model \S5.4; experiments E2, E5  [ident.tex]
   CLAIM: proved (sum); computed || model §5.4 reading; experiments E2, E5
rem:ident:splitsL1
   PAPER: proved; computed || experiments Prop X13, E8, E6  [ident.tex]
   CLAIM: proved; computed || experiments Prop X13, E8
rem:ident:x5
   PAPER: known || experiments Prop X5  [ident.tex]
   CLAIM: known (yardstick only) || experiments Prop X5
rem:model:graded
   PAPER: proved; refuted (old sentence); computed || model Rem 1.10  [model.tex]
   CLAIM: proved; refuted (old sentence); computed (referee r6) || model Remark 1.10
rem:model:priors
   PAPER: proved || experiments \S1.3; universal \S1.6; pa Def 0.2; model \S1.3  [model.tex]
   CLAIM: proved (Kraft for the experiments code; the Kt remark) || experiments §1.3; universal §1.6; pa Def 0.2; model §1.3
rem:model:sel
   PAPER: proved || experiments \S1.7 (referee m8)  [model.tex]
   CLAIM: proved (by definition) || experiments §1.7 (referee m8)
rem:model:subcrit
   PAPER: refuted (old condition); exclusion proved; computed || model \S1.4  [model.tex]
   CLAIM: refuted (old condition); exclusion proved; computed || model §1.4 (referee M5)
rem:pa:e2
   PAPER: computed || experiments E2  [pa.tex]
   CLAIM: computed || experiments E2
rem:pa:e3b
   PAPER: computed || experiments E3(b)  [pa.tex]
   CLAIM: computed || experiments E3(b)
rem:pa:e6
   PAPER: computed || experiments E6  [pa.tex]
   CLAIM: computed || experiments E6
rem:pa:lumps
   PAPER: computed || pa \S5.4; experiments E2  [pa.tex]
   CLAIM: computed || pa §5.4; experiments E2
rem:pa:merge
   PAPER: computed; identity proved || pa \S5.5; referee M5  [pa.tex]
   CLAIM: computed; identity proved || pa §5.5 (referee M5)
rem:pa:overlap
   PAPER: proof sketch || pa Rem 5.4  [app-pa.tex]
   CLAIM: proof sketch || pa Remark 5.4
rem:pa:pat
   PAPER: proved || pa Rem 1.2  [pa.tex]
   CLAIM: proved || pa Remark 1.2
rem:pa:pointwise
   PAPER: proved || pa Rem 4.5  [app-pa.tex]
   CLAIM: proved; open || pa Remark 4.5
rem:pa:shift
   PAPER: proved; computed || pa Rem 4.9  [app-pa.tex]
   CLAIM: proved; computed (checked); open || pa Remark 4.9
rem:pa:streams
   PAPER: computed; known || pa \S\S3.3--3.5  [pa.tex]
   CLAIM: computed; known (PA not finitely axiomatisable) || pa §3.3–3.5
rem:pa:tower
   PAPER: computed || pa \S4  [app-pa.tex]
   CLAIM: computed (referee re-implemented: identical) || pa §4
rem:pa:usage
   PAPER: computed || pa \S1.2  [pa.tex]
   CLAIM: computed || pa §1.2
rem:pa:zf
   PAPER: proved; computed; known; conjecture (reverse overheads) || pa \S1.4  [pa.tex]
   CLAIM: proved; computed (checked); known; conjecture (reverse overheads) || pa §1.4
rem:sound:belc
   PAPER: computed; transfer proved || universal \S6.2, \S11; editor, from model \S4  [sound.tex]
   CLAIM: computed (universal c10(d)); transfer proved (one line; editor, conflict C39) || universal §6.2, §11; editor
rem:sound:completeref
   PAPER: refuted; computed || model \S7 (referee m4)  [app-sound.tex]
   CLAIM: refuted; computed || model §7 (referee m4)
rem:sound:e4
   PAPER: computed || experiments E4  [sound.tex]
   CLAIM: computed || experiments E4
rem:sound:hyp
   PAPER: proved; refuted (two old remarks) || model \S4.1 (referee m8)  [sound.tex]
   CLAIM: proved; refuted (two remarks) || model §4.1 remarks (referee m8)
rem:sound:indep
   PAPER: proved (from \Cref{prop:model:whichsize,prop:ident:spare}) || model \S7  [sound.tex]
   CLAIM: proved (from `prop:model:whichsize`, `prop:ident:spare`) || model §7
rem:sound:lumps
   PAPER: computed || experiments E2; pa \S5.4  [sound.tex]
   CLAIM: computed || experiments E2; pa §5.4
rem:sound:tight
   PAPER: proved || model \S4.1 (referee m13)  [sound.tex]
   CLAIM: proved || model §4.1 remarks (referee m13, accepted in part)
rem:sound:vacuous
   PAPER: proved; refuted (earlier use) || model Rem 4.5; experiments \S0 (M3)  [sound.tex]
   CLAIM: proved; refuted (earlier use) || model Remark 4.5 (referee M1); experiments §0 (M3)
rem:time:convention
   PAPER: proved || model \S6.1  [time.tex]
   CLAIM: proved || model §6.1 remarks
rem:time:e7
   PAPER: computed || experiments E7  [time.tex]
   CLAIM: computed || experiments E7
rem:time:links
   PAPER: (i) proved; (ii) and the argument of (iv): proof sketch; (iii), the numbers of (iv): computed || universal Prop U2t, \S8; experiments E7; pa \S3.8, F9  [time.tex]
   CLAIM: proved (i); proof sketch (ii), (iv argument); computed (iii), (iv numbers) || universal Prop U2t, §8; experiments E7; pa §3.8
rem:time:summary
   PAPER: proved; upper bound in (3): proof sketch || model \S6.5  [time.tex]
   CLAIM: proved (from the above) || model §6.5 closing
rem:time:upper
   PAPER: proof sketch || model \S6.4  [time.tex]
   CLAIM: proof sketch (Pudlák 1998 recalled, unverified) || model §6.4
rem:univ:B2cit
   PAPER: None || None  [universal.tex]
   CLAIM: proved (one line; editor's reconciliation, conflict C2) || editor, from experiments §1.7, Prop X6(b) and universal Prop B2
rem:univ:detour
   PAPER: None || None  [universal.tex]
   CLAIM: refuted (conjecture); counterexample proof sketch (Catalan ansatz) + computed || universal §2.3
rem:univ:hutter
   PAPER: None || None  [universal.tex]
   CLAIM: known (Hutter 2007, full text unverified); computed (Nicod example) || universal §5
rem:univ:kreisel
   PAPER: None || None  [universal.tex]
   CLAIM: known (secondary sources only; flag) || universal §9
rem:univ:mdl
   PAPER: None || None  [universal.tex]
   CLAIM: proved (from cited results) || universal §10
rem:univ:openrefuted
   PAPER: None || None  [universal.tex]
   CLAIM: refuted; computed || universal §7.2
sec:pa:answer
   PAPER: (not a theorem env)
   CLAIM: (summary) || pa §7 (referee M2)
tab:exp:e1
   PAPER: (not a theorem env)
   CLAIM: computed || experiments E1
tab:exp:e2
   PAPER: (not a theorem env)
   CLAIM: computed || experiments E2
tab:exp:e3a
   PAPER: (not a theorem env)
   CLAIM: computed || experiments E3(a)
tab:exp:e3b
   PAPER: (not a theorem env)
   CLAIM: computed || experiments E3(b)
tab:exp:e4
   PAPER: (not a theorem env)
   CLAIM: computed || experiments E4
tab:exp:e5
   PAPER: (not a theorem env)
   CLAIM: computed || experiments E5
tab:exp:e6
   PAPER: (not a theorem env)
   CLAIM: computed || experiments E6
tab:exp:e7
   PAPER: (not a theorem env)
   CLAIM: computed || experiments E7
tab:exp:e8
   PAPER: (not a theorem env)
   CLAIM: computed || experiments E8
tab:ident:misspec
   PAPER: (not a theorem env)
   CLAIM: (summary of cited results) || as cited
tab:pa:costs
   PAPER: (not a theorem env)
   CLAIM: computed (upper bounds) || pa §1.2
tab:pa:dtrc
   PAPER: (not a theorem env)
   CLAIM: computed || pa §5.2 (table regenerated; referee M1)
tab:pa:failures
   PAPER: (not a theorem env)
   CLAIM: (summary; statuses as in the cited items) || pa §6
tab:pa:mdl
   PAPER: (not a theorem env)
   CLAIM: computed || pa §2.2
tab:pa:theorems
   PAPER: (not a theorem env)
   CLAIM: computed (19 checked derivations; upper bounds) || pa §3.2
tab:sound:compare
   PAPER: (not a theorem env)
   CLAIM: (summary) || model §5.5
tab:univ:share
   PAPER: (not a theorem env)
   CLAIM: computed || universal §6.6 (c10(f))
tab:ver:conflicts
   PAPER: (not a theorem env)
   CLAIM: (summary) || this file
tab:ver:corrections
   PAPER: (not a theorem env)
   CLAIM: refuted || all verification logs
thm:ident:doob
   PAPER: proved; known (Doob 1949) || model Thm 2.1; universal Lemma U7  [ident.tex]
   CLAIM: proved; known (Doob 1949) || model Thm 2.1; universal Lemma U7
thm:ident:kl
   PAPER: proved; known (general form) || model Thm 3.1  [ident.tex]
   CLAIM: proved; general form known (Berk 1966; Kleijn–van der Vaart 2006, conditions not read) || model Thm 3.1
thm:ident:limit
   PAPER: (a), (b) proved; (b$'$) known, proof sketch; (c) conjecture || model Thm 5.1  [ident.tex]
   CLAIM: (a), (b) proved; (b′) known + proof sketch; (c) conjecture || model Thm 5.1
thm:ident:predded
   PAPER: proved || model Thm 8.1  [ident.tex]
   CLAIM: proved || model Thm 8.1
thm:sound:avg
   PAPER: proved || model Thm 4.7; experiments Prop X8(a), (b)  [sound.tex]
   CLAIM: proved || model Thm 4.7; experiments Prop X8(a), (b)
thm:sound:fixed
   PAPER: proved; computed || model Thm 4.1  [sound.tex]
   CLAIM: proved (adapted from IL Thm 4.15(b)); computed (c4: 0.044, 0.014, 0.004 against 0.10, 0.033, 0.010; referee r7: 0.0365, 0.0125, 0.0027 against 0.130, 0.052, 0.013) || model Thm 4.1
thm:sound:shrink
   PAPER: proved || model Thm 4.8; experiments Prop X8(c)  [sound.tex]
   CLAIM: proved || model Thm 4.8; experiments Prop X8(c)
thm:time:equiv
   PAPER: proved; Craig's theorem known || model Thm 6.1  [time.tex]
   CLAIM: proved (Craig 1953 known) || model Thm 6.1
thm:time:log
   PAPER: proved || model Thm 6.12  [time.tex]
   CLAIM: proved || model Thm 6.12
thm:time:ntime
   PAPER: proved || model Thm 6.7  [time.tex]
   CLAIM: proved || model Thm 6.7
thm:univ:B
   PAPER: None || None  [universal.tex]
   CLAIM: proved || universal Thm B
thm:univ:confirm
   PAPER: None || None  [universal.tex]
   CLAIM: proved; computed (sums 4.22, 2.70 ≤ 4.61) || universal Thm U8
thm:univ:odds
   PAPER: None || None  [universal.tex]
   CLAIM: proved; computed (asserted on every path; referee to 7·10⁻¹³; experiments X6, E1 in $\Cch{J}$) || universal Thm U2
thm:univ:omega
   PAPER: None || None  [universal.tex]
   CLAIM: (a), (b), (c1)–(c3), (d1), (e) proved; (d2) proved for the pair, proof sketch in general; computed (c5: 0.750 → 0.000 under $\Lone$, 0.750 under $\Lsel$; c10(e): 0.2500) || universal Thm U10
thm:univ:size
   PAPER: None || None  [universal.tex]
   CLAIM: proved; computed (38/38 cases; referee 130 random generalisations) || universal Thm U4
