NOLABEL:pa.tex:106
   PAPER: ('remark', 'refuted', 'pa \\S2.2; referee m2', 'pa.tex', 106)
   CLAIM: None || None
conj:ident:cder
   PAPER: ('conjecture', 'conjecture', 'model Conj 3.7', 'ident.tex', 186)
   CLAIM: conjecture || model Conj 3.7
conj:pa:broad
   PAPER: ('conjecture', 'conjecture', 'pa Conj 4.10', 'pa.tex', 206)
   CLAIM: conjecture || pa Conj 4.10
conj:time:poly
   PAPER: ('conjecture', 'conjecture', 'model Conj 6.15', 'time.tex', 181)
   CLAIM: conjecture || model Conj 6.15
conj:time:polytime
   PAPER: ('conjecture', 'conjecture; not written out', 'model \\S9.3', 'time.tex', 208)
   CLAIM: conjecture (not written out) || model §9.3
cor:ident:deductive
   PAPER: ('corollary', 'proved', 'model Cor 2.3', 'ident.tex', 36)
   CLAIM: proved || model Cor 2.3
cor:ident:prior
   PAPER: ('corollary', 'proved; computed', 'model Cor 2.2', 'ident.tex', 32)
   CLAIM: proved; computed (log-likelihoods of $T^*$ and its split agree to 5.7·10⁻¹⁴, c9b) || model Cor 2.2
cor:time:hard
   PAPER: ('corollary', 'proved, given the nondeterministic time hierarchy theorem (known); single $X$ for all $e$: proof sketch', 'model Cor 6.8 (referee m1)', 'time.tex', 121)
   CLAIM: proved modulo the nondeterministic time hierarchy theorem (known: Cook 1972; Seiferas–Fischer–Meyer 1978; Žák 1983); single-X remark proof sketch || model Cor 6.8 (referee m1)
cor:time:log
   PAPER: ('corollary', 'proved, given the hierarchy theorem (known)', 'model Cor 6.13', 'time.tex', 169)
   CLAIM: proved modulo the hierarchy theorem || model Cor 6.13
cor:univ:sound
   PAPER: ('corollary', 'proved', 'universal \\S11', 'universal.tex', 226)
   CLAIM: proved || universal §11
def:ident:W
   PAPER: ('definition', None, 'model \\S2', 'ident.tex', 22)
   CLAIM: (definition) || model §2
def:model:calculi
   PAPER: ('definition', None, 'universal \\S1.4; experiments \\S1.6; pa Def 0.3; model Ex 3.6', 'model.tex', 49)
   CLAIM: (definition) || universal §1.4; experiments §1.6; pa Def 0.3; model Ex 3.6
def:model:calculus
   PAPER: ('definition', None, 'model \\S1.2', 'model.tex', 33)
   CLAIM: (definition); completeness known || model §1.2
def:model:grammar
   PAPER: ('definition', None, 'model Def 1.5', 'model.tex', 101)
   CLAIM: (definition) || model Def 1.5
def:model:lone
   PAPER: ('definition', None, 'model \\S1.5', 'model.tex', 140)
   CLAIM: (definition) || model §1.5
def:model:lzero
   PAPER: ('definition', None, 'model \\S1.5', 'model.tex', 128)
   CLAIM: (definition) || model §1.5
def:model:prior
   PAPER: ('definition', None, 'model Def 1.3', 'model.tex', 76)
   CLAIM: (definition) || model Def 1.3
def:model:scores
   PAPER: ('definition', None, 'model \\S1.5; universal \\S1.5; pa Def 0.3', 'model.tex', 187)
   CLAIM: (definition) || model §1.5; universal §1.5; pa Def 0.3
def:model:theory
   PAPER: ('definition', None, 'model Def 1.1', 'model.tex', 26)
   CLAIM: (definition) || model Def 1.1
def:model:variants
   PAPER: ('definition', None, 'model \\S1.5; universal \\S1.5; pa Def 0.3; experiments \\S1.7; model Ex 3.6', 'model.tex', 156)
   CLAIM: (definition) || model §1.5; universal §1.5; pa Def 0.3; experiments §1.7
def:pa:lsch
   PAPER: ('definition', None, 'pa Defs 0.2, 0.3', 'pa.tex', 22)
   CLAIM: (definition); Kraft proved || pa Def 0.3
def:pa:refute
   PAPER: ('definition', None, 'pa Def 0.4', 'pa.tex', 28)
   CLAIM: (definition) || pa Def 0.4
def:sound:protocol
   PAPER: ('definition', None, 'model \\S4', 'sound.tex', 21)
   CLAIM: (definition) || model §4
def:sound:tri
   PAPER: ('definition', None, 'model \\S7; universal \\S1.6', 'sound.tex', 143)
   CLAIM: (definition) || model §7; universal §1.6
def:time:inducers
   PAPER: ('definition', None, 'model \\S6.1', 'time.tex', 27)
   CLAIM: (definition) || model §6.1
def:univ:setup
   PAPER: ('definition', None, 'universal \\S1.1--1.3', 'universal.tex', 13)
   CLAIM: (definition) || universal §1.1–1.3
ex:ident:escape
   PAPER: ('example', 'proved; computed', 'model Ex 3.4', 'ident.tex', 172)
   CLAIM: proved; computed (S0=0 reached posterior ≥ 0.99 in 2000/2000 runs, median 17 data) || model Ex 3.4
ex:ident:lonedq
   PAPER: ('example', 'computed', 'model Ex 3.6', 'ident.tex', 182)
   CLAIM: computed (fixpoint = Monte Carlo: Z 0.54909 vs 0.54965 ± 0.00091) || model Ex 3.6
ex:ident:weaker
   PAPER: ('example', 'proved', 'model Ex 3.2', 'ident.tex', 162)
   CLAIM: proved || model Ex 3.2
ex:model:qa
   PAPER: ('example', 'computed', 'model \\S1.4 (c10); experiments \\S1.2', 'app-model.tex', 42)
   CLAIM: computed || model §1.4 (c10); experiments §1.2
ex:pa:euler
   PAPER: ('example', 'computed; proof sketch (covering, eventual behaviour)', 'pa \\S6 F4; referee m9', 'pa.tex', 292)
   CLAIM: computed; proof sketches (covering, eventual behaviour) || pa §6 F4 (referee m9)
ex:pa:narrow
   PAPER: ('example', 'computed', 'pa \\S4.3 (1); referee r8', 'pa.tex', 196)
   CLAIM: computed (referee r8 re-checked) || pa §4.3 counterexample 1
ex:pa:skel
   PAPER: ('example', 'computed; proof sketch (slope)', 'pa \\S4.3 (2)', 'pa.tex', 200)
   CLAIM: computed; slope proof sketch (Wilks) || pa §4.3 counterexample 2
ex:sound:constant
   PAPER: ('example', 'computed; mechanism proof sketch', 'model Ex 4.9; experiments Prop X8', 'sound.tex', 118)
   CLAIM: computed (every n ≤ 2·10⁶, 300 runs per cell); mechanism proof sketch || model Ex 4.9; experiments `check_fixed_weight`
ex:sound:fifty
   PAPER: ('example', 'proved; computed', 'model Ex 7.5', 'sound.tex', 173)
   CLAIM: proved; computed (LP) || model Ex 7.5
ex:sound:renorm
   PAPER: ('example', 'proved; computed', 'model Ex 7.4', 'sound.tex', 169)
   CLAIM: proved; computed (LP) || model Ex 7.4
lem:ident:zerosum
   PAPER: ('lemma', 'proved', 'model Lemma 3.3', 'ident.tex', 168)
   CLAIM: proved || model Lemma 3.3
lem:model:a4
   PAPER: ('lemma', '(a) proved; (b) proof sketch', 'model Lemma 1.2', 'model.tex', 39)
   CLAIM: (a) proved; (b) proof sketch || model Lemma 1.2
lem:model:dirsum
   PAPER: ('lemma', 'proved; computed', 'model \\S1.5 (c8); experiments Prop X2', 'model.tex', 132)
   CLAIM: proved; computed (to 10⁻¹² against quadrature; DP exact to 1.4·10⁻¹⁴ against brute force and an independent implementation) || model §1.5 (c8); experiments Prop X2
lem:model:grammar
   PAPER: ('lemma', 'proved', 'model Lemma 1.6', 'model.tex', 105)
   CLAIM: proved || model Lemma 1.6
lem:model:kraft
   PAPER: ('lemma', 'proved', 'model Lemma 1.4', 'model.tex', 84)
   CLAIM: proved || model Lemma 1.4
lem:model:lone
   PAPER: ('lemma', '(a) proved, except the extinction criterion (known); (b), (c) proved; computed', 'model Lemma 1.7', 'model.tex', 150)
   CLAIM: proved (extinction criterion known: Athreya–Ney); computed (mean sizes 2.010, 9.965 against 2, 10; P(finite) 0.7489 against 0.75) || model Lemma 1.7
lem:model:lsig
   PAPER: ('lemma', 'proved', 'model \\S1.5', 'model.tex', 171)
   CLAIM: proved || model §1.5
lem:model:size
   PAPER: ('lemma', 'proved; computed', 'model Lemma 1.8 (c1); universal Thm U4(1)', 'model.tex', 197)
   CLAIM: proved; computed (decomposition to 10⁻⁹; per-datum 3.94 against KL 3.894 nats) || model Lemma 1.8 (c1); universal Thm U4(1)
lem:pa:motive
   PAPER: ('lemma', 'proved', 'pa Lemma 4.7', 'app-pa.tex', 126)
   CLAIM: proved || pa Lemma 4.7
lem:sound:regret
   PAPER: ('lemma', '(a), (b), (d) proved; (c) known; computed', 'model Lemma 4.6; experiments Prop X8(c)', 'sound.tex', 88)
   CLAIM: (a), (b), (d) proved; (c) known (Krichevsky–Trofimov 1981) + computed (slopes −0.499, −0.993 for α = ½; −0.993, −1.960 for α = 1; bound never violated, max gaps −2.81, −1.00, −6.45) || model Lemma 4.6; experiments Prop X8(c)
lem:time:symexp
   PAPER: ('lemma', 'proved; computed', 'model Lemma 6.10', 'time.tex', 145)
   CLAIM: proved; computed (chain case: 0 violations on 9865 conclusions; max ln(size)/ν = 0.220 < 1/e) || model Lemma 6.10
lem:univ:survivors
   PAPER: ('lemma', 'proved', 'universal Lemma S1', 'universal.tex', 209)
   CLAIM: proved || universal Lemma S1
lem:univ:waste
   PAPER: ('lemma', 'proved', 'universal Lemma N0', 'app-universal.tex', 159)
   CLAIM: proved || universal Lemma N0
prop:exp:comm
   PAPER: ('proposition', 'proved; computed', 'experiments Prop X12', 'experiments.tex', 153)
   CLAIM: proved; computed (model checked numerically) || experiments Prop X12
prop:exp:exact
   PAPER: ('proposition', 'proved; computed', 'experiments Props X1--X4', 'experiments.tex', 31)
   CLAIM: proved; computed (brute force 1.4·10⁻¹⁴; referee's independent implementation 2.1·10⁻¹⁴ on 904 triples; forward-sampler χ²; 21 unit tests pass) || experiments Props X1–X4
prop:ident:gold
   PAPER: ('proposition', 'proved', 'model Prop 5.2', 'ident.tex', 91)
   CLAIM: proved; heuristic remark || model Prop 5.2
prop:ident:proofs
   PAPER: ('proposition', 'proved', 'model Prop 8.2', 'ident.tex', 233)
   CLAIM: proved || model Prop 8.2
prop:ident:rates
   PAPER: ('proposition', 'proved', 'model Prop 2.4', 'ident.tex', 42)
   CLAIM: proved || model Prop 2.4
prop:ident:sep
   PAPER: ('proposition', 'proved (open parameter region); computed', 'model Prop 2.5', 'ident.tex', 51)
   CLAIM: proved (open parameter region); computed beyond it (TV 0.16–0.35; $P_{T_1}(b)$ 0.16–0.35, $P_{T_2}(b)$ 0.007–0.04) || model Prop 2.5
prop:ident:spare
   PAPER: ('proposition', '(a), (d1) proved; (b), (c), (d2) proof sketch; computed', 'model Prop 5.5; experiments Prop X7; pa Prop 5.1', 'ident.tex', 136)
   CLAIM: (a), (d1) proved; (b), (c), (d2) proof sketch; computed (c3, c3b slope −0.265; c15; E5: −0.500 unused, −0.281 nested on 256…4096, −0.251 ± 0.002 nested on 10²…10⁸) || model Prop 5.5; experiments Prop X7; pa Prop 5.1
prop:ident:splitlone
   PAPER: ('proposition', '(a)--(c) proved; (d) conjecture; computed', 'model Prop 5.6', 'ident.tex', 115)
   CLAIM: (a)–(c) proved; (d) conjecture; computed (c13: (a) 1.1·10⁻¹⁴; (b) 0.427, 0.133, 0.036 ≤ 0.5, 0.2, 0.05; (c) 0.11464 → 0.11487; (d) slope −0.507, −0.498 for n ≥ 10⁴) || model Prop 5.6
prop:ident:splitlzero
   PAPER: ('proposition', 'proved; known (the $\\chi^2$ limit); computed', 'model Prop 5.4', 'ident.tex', 106)
   CLAIM: proved (Stirling); χ² limit known; computed (means −4.93 … −18.85 at n = 10²…10⁶ against −4.94 … −18.76; misspecified 39.7 … 49356 against 39.5 … 49352) || model Prop 5.4
prop:ident:splits
   PAPER: ('proposition', 'proved; computed', 'model Prop 2.6 and remark; pa Prop 2.1', 'ident.tex', 57)
   CLAIM: proved; computed (2849 instances to 10⁻¹⁹) || model Prop 2.6 and remark; pa Prop 2.1
prop:model:compute
   PAPER: ('proposition', "(a) proved; (b), (c) proved, given Church's theorem (known)", 'model Prop 2.7', 'model.tex', 222)
   CLAIM: (a) proved; (b), (c) proved given Church–Turing (known) || model Prop 2.7
prop:model:max
   PAPER: ('proposition', 'proved', 'model Prop 2.8', 'model.tex', 235)
   CLAIM: proved || model Prop 2.8
prop:model:whichsize
   PAPER: ('proposition', 'proved', 'model Prop 1.9', 'model.tex', 206)
   CLAIM: proved || model Prop 1.9
prop:pa:atomic
   PAPER: ('proposition', 'proved, given two known facts', 'experiments Prop X10', 'pa.tex', 212)
   CLAIM: proved given two known facts (PA ⊢ σ; Shepherdson 1964, secondary sources) || experiments Prop X10
prop:pa:chain
   PAPER: ('proposition', 'proved', 'pa Prop 2.1', 'pa.tex', 93)
   CLAIM: proved || pa Prop 2.1
prop:pa:detour
   PAPER: ('proposition', '(a) proved; computed; (b) known', 'pa Prop 2.2', 'pa.tex', 112)
   CLAIM: proved; computed (checked); known (Shepherdson, secondary sources) || pa Prop 2.2
prop:pa:equiv
   PAPER: ('proposition', 'proved; computed', 'pa Prop 1.1', 'pa.tex', 37)
   CLAIM: proved; computed (checked by `nd.py`; replayed on 200 random motives; referee re-checked) || pa Prop 1.1
prop:pa:fragments
   PAPER: ('proposition', 'proved', 'experiments Prop X9', 'app-pa.tex', 148)
   CLAIM: proved || experiments Prop X9
prop:pa:gibbs
   PAPER: ('proposition', 'proved', 'pa Prop 3.2', 'pa.tex', 147)
   CLAIM: proved || pa Prop 3.2
prop:pa:incons
   PAPER: ('proposition', 'proved', 'pa Prop 5.3', 'pa.tex', 265)
   CLAIM: proved || pa Prop 5.3
prop:pa:isigma
   PAPER: ('proposition', '(a) proved, given known facts; (b) proof sketch; (c) refuted', 'pa Prop 4.6; referee M4, m7', 'pa.tex', 184)
   CLAIM: (a) proved given known facts (IΣₙ₊₁ ⊢ Con(IΣₙ), via Hájek–Pudlák, location unverified); (b) proof sketch; (c) refuted || pa Prop 4.6 (referee M4, m7)
prop:pa:lower
   PAPER: ('proposition', 'proved', 'pa Prop 1.4', 'pa.tex', 53)
   CLAIM: proved (the first version's argument was wrong; referee m5) || pa Prop 1.4
prop:pa:memo
   PAPER: ('proposition', 'proved', 'pa Prop 3.1', 'pa.tex', 123)
   CLAIM: proved || pa Prop 3.1
prop:pa:must
   PAPER: ('proposition', 'proved', 'pa Prop 3.4', 'pa.tex', 155)
   CLAIM: proved || pa Prop 3.4
prop:pa:nc
   PAPER: ('proposition', 'proved', 'pa Prop 5.2', 'pa.tex', 259)
   CLAIM: proved || pa Prop 5.2
prop:pa:occam
   PAPER: ('proposition', '(a), (c) proved; (b) proved under its growth condition; computed', 'pa Prop 2.3', 'pa.tex', 97)
   CLAIM: exact identity proved; expansion proved under the growth condition; computed (identity = code to 0.1 bit; slopes −1, −2.5, −3); refuted (old claim) || pa Prop 2.3 (referee m2)
prop:pa:readonce
   PAPER: ('proposition', 'proved', 'pa Prop 4.8', 'pa.tex', 190)
   CLAIM: proved || pa Prop 4.8
prop:pa:recursion
   PAPER: ('proposition', 'proved; computed', 'pa Prop 1.5', 'pa.tex', 76)
   CLAIM: proved; computed (checked) || pa Prop 1.5
prop:pa:redundant
   PAPER: ('proposition', 'proved; computed', 'experiments Prop X11', 'app-pa.tex', 158)
   CLAIM: proved; computed (models checked numerically) || experiments Prop X11
prop:pa:refl
   PAPER: ('proposition', 'proved', 'pa Prop 4.3', 'pa.tex', 174)
   CLAIM: proved || pa Prop 4.3
prop:pa:refute
   PAPER: ('proposition', 'proved; known', 'pa Prop 4.2', 'pa.tex', 168)
   CLAIM: proved; known (Π₁-completeness) || pa Prop 4.2
prop:pa:regret
   PAPER: ('proposition', 'proved', 'pa Prop 4.4', 'pa.tex', 178)
   CLAIM: proved || pa Prop 4.4
prop:pa:spare
   PAPER: ('proposition', 'proved; computed', 'pa Prop 5.1', 'pa.tex', 225)
   CLAIM: proved; computed (19.03 vs 19.0, 19.82 vs 19.8) || pa Prop 5.1
prop:pa:thn
   PAPER: ('proposition', 'proved', 'pa Prop 4.1', 'pa.tex', 164)
   CLAIM: proved || pa Prop 4.1
prop:pa:usage
   PAPER: ('proposition', 'proved, given the library constants', 'pa Prop 1.3', 'pa.tex', 49)
   CLAIM: proved given the library constants || pa Prop 1.3
prop:pa:wellspec
   PAPER: ('proposition', 'proved, given \\cref{thm:ident:doob} and known facts; proof sketch (last part)', 'pa Prop 3.3', 'pa.tex', 151)
   CLAIM: proved given `thm:ident:doob` and known facts; proof sketch (last part) || pa Prop 3.3
prop:sound:belief
   PAPER: ('proposition', 'proved; framework known', 'model Prop 7.2', 'sound.tex', 159)
   CLAIM: proved; framework known (Shafer 1976) || model Prop 7.2
prop:sound:bracket
   PAPER: ('proposition', 'proved', 'model Prop 7.3', 'sound.tex', 163)
   CLAIM: proved || model Prop 7.3
prop:sound:cautious
   PAPER: ('proposition', 'proved', 'model Prop 4.3', 'sound.tex', 61)
   CLAIM: proved || model Prop 4.3
prop:sound:complete
   PAPER: ('proposition', 'proved', 'model Prop 4.4', 'sound.tex', 71)
   CLAIM: proved || model Prop 4.4
prop:sound:fiftyfifty
   PAPER: ('proposition', 'proved; computed', 'model Prop 7.6', 'sound.tex', 177)
   CLAIM: proved; computed (LP: 3225/3225 on 2 atoms, 600/600 on 3) || model Prop 7.6
prop:sound:laws
   PAPER: ('proposition', 'proved', 'model Prop 7.1', 'sound.tex', 155)
   CLAIM: proved || model Prop 7.1
prop:sound:misspec
   PAPER: ('proposition', 'proved; computed', 'model Prop 4.2', 'sound.tex', 48)
   CLAIM: proved; computed (non-escalating 2000/2000, by n = 50 in 90%; escalating: waiting prover 400/400, non-adaptive 11/400) || model Prop 4.2
prop:time:cheap
   PAPER: ('proposition', "(a), (b) proved; the brief's H6 sentence refuted", 'model Prop 6.6', 'time.tex', 104)
   CLAIM: proved; refuted (brief H6 sentence) || model Prop 6.6
prop:time:codelength
   PAPER: ('proposition', 'proved; computed', 'model Prop 6.11', 'time.tex', 153)
   CLAIM: proved; computed (tail ≈ 0.025 nats/node) || model Prop 6.11
prop:time:collapse
   PAPER: ('proposition', 'proved, given partial truth predicates (known)', 'model Prop 6.5', 'time.tex', 89)
   CLAIM: proved modulo partial truth predicates (known; Hájek–Pudlák, Kaye, numbering unverified) || model Prop 6.5
prop:time:fiall
   PAPER: ('proposition', 'proved', 'model Prop 6.0', 'time.tex', 35)
   CLAIM: proved || model Prop 6.0
prop:time:lonesize
   PAPER: ('remark', 'refuted; counterexample proved and computed', 'model Prop 6.9 (referee M2)', 'time.tex', 138)
   CLAIM: refuted; counterexample proved and computed (both scripts, k ≤ 14 and k ≤ 12) || model Prop 6.9 (referee M2)
prop:time:notemplate
   PAPER: ('proposition', 'proved', 'model Prop 6.4; pa Prop 4.3', 'time.tex', 79)
   CLAIM: proved || model Prop 6.4; pa Prop 4.3
prop:time:sigma
   PAPER: ('proposition', '(a) proved; (b), (c) proved, given the hierarchy theorem (via \\cref{cor:time:hard})', 'model Prop 6.14', 'time.tex', 175)
   CLAIM: proved given Thm 6.7 || model Prop 6.14
prop:time:single
   PAPER: ('proposition', 'proved, assuming $\\Con(\\PA)$ and the standard formalisation of computations; H\\"anni\'s consistency argument refuted in this reading', 'model Prop 6.3', 'time.tex', 66)
   CLAIM: proved (assuming Con(PA) and the standard formalisation); refutes Hänni's argument in the single-sorted reading || model Prop 6.3
prop:time:twosorted
   PAPER: ('proposition', 'proved; $\\Sigma_1$-completeness of $\\Q$ known', 'model Prop 6.2', 'time.tex', 62)
   CLAIM: proved (Σ₁-completeness of Q known) || model Prop 6.2
prop:univ:B2
   PAPER: ('proposition', 'proved; computed', 'universal Prop B2', 'universal.tex', 82)
   CLAIM: proved; computed (n = 10⁵, c = 0.3: 2.1918, 1.1537, 0.7102, 0.4056 against 2.1914, 1.1534, 0.7101, 0.4056) || universal Prop B2
prop:univ:both
   PAPER: ('proposition', 'proved; computed', 'universal \\S4', 'universal.tex', 92)
   CLAIM: proved; computed ($nI_n$ = 0.958, 0.996, 1.000 at n = 10, 10², 10⁵) || universal §4
prop:univ:eqfrag
   PAPER: ('proposition', '(a)--(c) proved; (a) computed', 'universal Prop U14', 'app-universal.tex', 216)
   CLAIM: (a)–(c) proved; (a) computed (k ≤ 5; referee 339 250 rewrites) || universal Prop U14
prop:univ:factor
   PAPER: ('proposition', 'proved; computed', 'universal Prop U1', 'universal.tex', 41)
   CLAIM: proved; computed (max deviation 5·10⁻¹⁴; referee 1.6·10⁻¹⁵) || universal Prop U1
prop:univ:gaifman
   PAPER: ('proposition', 'proved; known', 'universal Prop U15', 'universal.tex', 156)
   CLAIM: proved; Gaifman condition known || universal Prop U15
prop:univ:hanni
   PAPER: ('proposition', 'proved; computed', 'universal \\S6.2', 'universal.tex', 146)
   CLAIM: proved; computed (Inc table: 0.674 → 0.000 at n = 1 for 0+x=x; 0.931 → 0.002 at n = 10 for Sx≠0) || universal §6.2
prop:univ:memo
   PAPER: ('proposition', "(i), (ii), (ii$'$) proved; (iii) conjecture; computed", 'universal Prop U6', 'universal.tex', 109)
   CLAIM: (i), (ii), (ii′) proved; (iii) conjecture; computed (c3: $D_l/\ln^2n\approx-2.5\ldots-2.8$; GW: $D_l/n\approx-4.0$, exponential) || universal Prop U6
prop:univ:noguard
   PAPER: ('proposition', 'provability, (a), (b) proved; (c) proof sketch; computed; (d) computed, limit conjecture', 'universal Prop N3', 'universal.tex', 183)
   CLAIM: provability, (a), (b) proved; (c) proof sketch + computed; (d) computed, limit conjecture || universal Prop N3
prop:univ:open
   PAPER: ('proposition', 'proved; computed', 'universal Prop U11(a)--(d)', 'universal.tex', 167)
   CLAIM: proved; computed (c1, c5; referee r7) || universal Prop U11 (a)–(d)
prop:univ:overspec
   PAPER: ('proposition', 'proved; computed', 'universal Prop U5', 'universal.tex', 105)
   CLAIM: proved; computed (gain log 2, survival 0.503 numerals; 1.204, 0.300 GW) || universal Prop U5
prop:univ:q4
   PAPER: ('proposition', 'proved; computed', 'universal Prop U13', 'universal.tex', 152)
   CLAIM: proved; computed (checked on {0..40} ∪ {a,b}; referee {0..80}) || universal Prop U13
prop:univ:quant
   PAPER: ('proposition', '(a) proved; (b) $f_q=0$ proved, $f_q>0$ proof sketch; computed; (c) proof sketch', 'universal Prop U12', 'universal.tex', 194)
   CLAIM: (a) proved; (b) $f_q=0$ proved (Watson's lemma), $f_q>0$ proof sketch + computed; (c) proof sketch || universal Prop U12
prop:univ:rk
   PAPER: ('proposition', 'proved; computed', 'universal Prop N1', 'app-universal.tex', 167)
   CLAIM: proved; computed (max \|z\| 2.07; referee 2.19) || universal Prop N1
prop:univ:rkrate
   PAPER: ('proposition', 'proved; computed', 'universal Prop N2', 'universal.tex', 177)
   CLAIM: proved; computed (to 1.8·10⁻¹⁵; default: $\Wo$ = 0.1252; R₁, R₂, R₃ lose 0.0626, 0.0313, 0.0156 nats/datum) || universal Prop N2
prop:univ:robust
   PAPER: ('proposition', 'proved; computed', 'universal Props U2n, U2t, U2c', 'universal.tex', 74)
   CLAIM: proved; computed (U2n at 2·10⁵ parameter points) || universal Props U2n, U2t, U2c
prop:univ:sentences
   PAPER: ('proposition', '(a) proof sketch; computed; (b), (c) proved; (d) computed, limit conjecture', 'universal Prop U16', 'universal.tex', 205)
   CLAIM: (a) proof sketch + computed; (b), (c) proved; (d) computed, limit conjecture || universal Prop U16
prop:univ:sim
   PAPER: ('proposition', 'proved', 'universal Prop U3', 'app-universal.tex', 24)
   CLAIM: proved || universal Prop U3
rem:exp:limits
   PAPER: ('remark', '(i) computed; (ii)--(v) proved (properties of the code)', 'experiments \\S\\S11, 12, 16.5', 'experiments.tex', 174)
   CLAIM: (limitations) || experiments §12
rem:exp:refuted
   PAPER: ('remark', 'refuted', 'experiments \\S16.4; referee M1--M4', 'experiments.tex', 183)
   CLAIM: refuted || experiments §16.4
rem:ident:e3a
   PAPER: ('remark', 'computed', 'experiments E3(a)', 'ident.tex', 190)
   CLAIM: computed || experiments E3(a)
rem:ident:e8
   PAPER: ('remark', 'computed', 'experiments E8', 'ident.tex', 125)
   CLAIM: computed || experiments E8
rem:ident:exact
   PAPER: ('remark', 'refuted; counter-statement proved', "model Thm 5.1(b$''$)", 'ident.tex', 83)
   CLAIM: refuted; counter-statement proved || model Thm 5.1(b″)
rem:ident:fullclass
   PAPER: ('remark', 'conjecture; computed', 'model Rem 3.5', 'ident.tex', 176)
   CLAIM: conjecture; computed illustration (hybrid ahead of memorisation by 7000–25000 bits at n = 10⁴; three hand-picked families, not a sum over $\Hclass$) || model Remark 3.5
rem:ident:mdl
   PAPER: ('remark', 'proved; computed (as cited)', 'model \\S5.3; pa \\S2; universal \\S10; experiments E8', 'ident.tex', 129)
   CLAIM: proved / computed parts as cited || model §5.3; pa §2; universal §10; experiments E8
rem:ident:memo
   PAPER: ('remark', 'proved; known (prior work, flagged)', 'model \\S5.2', 'ident.tex', 97)
   CLAIM: proved; known (flagged) || model §5.2
rem:ident:nearmiss
   PAPER: ('remark', 'proved (the transfer)', 'model Rem 8.3', 'ident.tex', 237)
   CLAIM: proved (transfer); open || model Remark 8.3
rem:ident:sparetotal
   PAPER: ('remark', 'proved (the sum); computed', 'model \\S5.4; experiments E2, E5', 'ident.tex', 147)
   CLAIM: proved (sum); computed || model §5.4 reading; experiments E2, E5
rem:ident:splitsL1
   PAPER: ('remark', 'proved; computed', 'experiments Prop X13, E8, E6', 'ident.tex', 66)
   CLAIM: proved; computed || experiments Prop X13, E8
rem:ident:x5
   PAPER: ('remark', 'known', 'experiments Prop X5', 'ident.tex', 87)
   CLAIM: known (yardstick only) || experiments Prop X5
rem:model:graded
   PAPER: ('remark', 'proved; refuted (old sentence); computed', 'model Rem 1.10', 'model.tex', 214)
   CLAIM: proved; refuted (old sentence); computed (referee r6) || model Remark 1.10
rem:model:priors
   PAPER: ('remark', 'proved', 'experiments \\S1.3; universal \\S1.6; pa Def 0.2; model \\S1.3', 'model.tex', 92)
   CLAIM: proved (Kraft for the experiments code; the Kt remark) || experiments §1.3; universal §1.6; pa Def 0.2; model §1.3
rem:model:sel
   PAPER: ('remark', 'proved', 'experiments \\S1.7 (referee m8)', 'model.tex', 175)
   CLAIM: proved (by definition) || experiments §1.7 (referee m8)
rem:model:subcrit
   PAPER: ('remark', 'refuted (old condition); exclusion proved; computed', 'model \\S1.4', 'model.tex', 117)
   CLAIM: refuted (old condition); exclusion proved; computed || model §1.4 (referee M5)
rem:pa:e2
   PAPER: ('remark', 'computed', 'experiments E2', 'pa.tex', 251)
   CLAIM: computed || experiments E2
rem:pa:e3b
   PAPER: ('remark', 'computed', 'experiments E3(b)', 'pa.tex', 216)
   CLAIM: computed || experiments E3(b)
rem:pa:e6
   PAPER: ('remark', 'computed', 'experiments E6', 'pa.tex', 84)
   CLAIM: computed || experiments E6
rem:pa:lumps
   PAPER: ('remark', 'computed', 'pa \\S5.4; experiments E2', 'pa.tex', 247)
   CLAIM: computed || pa §5.4; experiments E2
rem:pa:merge
   PAPER: ('remark', 'computed; identity proved', 'pa \\S5.5; referee M5', 'pa.tex', 255)
   CLAIM: computed; identity proved || pa §5.5 (referee M5)
rem:pa:overlap
   PAPER: ('remark', 'proof sketch', 'pa Rem 5.4', 'app-pa.tex', 171)
   CLAIM: proof sketch || pa Remark 5.4
rem:pa:pat
   PAPER: ('remark', 'proved', 'pa Rem 1.2', 'pa.tex', 43)
   CLAIM: proved || pa Remark 1.2
rem:pa:pointwise
   PAPER: ('remark', 'proved', 'pa Rem 4.5', 'app-pa.tex', 112)
   CLAIM: proved; open || pa Remark 4.5
rem:pa:shift
   PAPER: ('remark', 'proved; computed', 'pa Rem 4.9', 'app-pa.tex', 135)
   CLAIM: proved; computed (checked); open || pa Remark 4.9
rem:pa:streams
   PAPER: ('remark', 'computed; known', 'pa \\S\\S3.3--3.5', 'pa.tex', 143)
   CLAIM: computed; known (PA not finitely axiomatisable) || pa §3.3–3.5
rem:pa:tower
   PAPER: ('remark', 'computed', 'pa \\S4', 'app-pa.tex', 118)
   CLAIM: computed (referee re-implemented: identical) || pa §4
rem:pa:usage
   PAPER: ('remark', 'computed', 'pa \\S1.2', 'pa.tex', 72)
   CLAIM: computed || pa §1.2
rem:pa:zf
   PAPER: ('remark', 'proved; computed; known; conjecture (reverse overheads)', 'pa \\S1.4', 'pa.tex', 80)
   CLAIM: proved; computed (checked); known; conjecture (reverse overheads) || pa §1.4
rem:sound:belc
   PAPER: ('remark', 'computed; transfer proved', 'universal \\S6.2, \\S11; editor, from model \\S4', 'sound.tex', 187)
   CLAIM: computed (universal c10(d)); transfer proved (one line; editor, conflict C39) || universal §6.2, §11; editor
rem:sound:completeref
   PAPER: ('remark', 'refuted; computed', 'model \\S7 (referee m4)', 'app-sound.tex', 189)
   CLAIM: refuted; computed || model §7 (referee m4)
rem:sound:e4
   PAPER: ('remark', 'computed', 'experiments E4', 'sound.tex', 127)
   CLAIM: computed || experiments E4
rem:sound:hyp
   PAPER: ('remark', 'proved; refuted (two old remarks)', 'model \\S4.1 (referee m8)', 'sound.tex', 44)
   CLAIM: proved; refuted (two remarks) || model §4.1 remarks (referee m8)
rem:sound:indep
   PAPER: ('remark', 'proved (from \\Cref{prop:model:whichsize,prop:ident:spare})', 'model \\S7', 'sound.tex', 183)
   CLAIM: proved (from `prop:model:whichsize`, `prop:ident:spare`) || model §7
rem:sound:lumps
   PAPER: ('remark', 'computed', 'experiments E2; pa \\S5.4', 'sound.tex', 133)
   CLAIM: computed || experiments E2; pa §5.4
rem:sound:tight
   PAPER: ('remark', 'proved', 'model \\S4.1 (referee m13)', 'sound.tex', 40)
   CLAIM: proved || model §4.1 remarks (referee m13, accepted in part)
rem:sound:vacuous
   PAPER: ('remark', 'proved; refuted (earlier use)', 'model Rem 4.5; experiments \\S0 (M3)', 'sound.tex', 84)
   CLAIM: proved; refuted (earlier use) || model Remark 4.5 (referee M1); experiments §0 (M3)
rem:time:convention
   PAPER: ('remark', 'proved', 'model \\S6.1', 'time.tex', 52)
   CLAIM: proved || model §6.1 remarks
rem:time:e7
   PAPER: ('remark', 'computed', 'experiments E7', 'time.tex', 204)
   CLAIM: computed || experiments E7
rem:time:links
   PAPER: ('remark', '(i) proved; (ii) and the argument of (iv): proof sketch; (iii), the numbers of (iv): computed', 'universal Prop U2t, \\S8; experiments E7; pa \\S3.8, F9', 'time.tex', 196)
   CLAIM: proved (i); proof sketch (ii), (iv argument); computed (iii), (iv numbers) || universal Prop U2t, §8; experiments E7; pa §3.8
rem:time:summary
   PAPER: ('remark', 'proved; upper bound in (3): proof sketch', 'model \\S6.5', 'time.tex', 190)
   CLAIM: proved (from the above) || model §6.5 closing
rem:time:upper
   PAPER: ('remark', 'proof sketch', 'model \\S6.4', 'time.tex', 129)
   CLAIM: proof sketch (Pudlák 1998 recalled, unverified) || model §6.4
rem:univ:B2cit
   PAPER: ('remark', 'proved', 'editor, from experiments \\S1.7, Prop X6(b) and universal Prop B2', 'universal.tex', 88)
   CLAIM: proved (one line; editor's reconciliation, conflict C2) || editor, from experiments §1.7, Prop X6(b) and universal Prop B2
rem:univ:detour
   PAPER: ('remark', 'refuted (conjecture); counterexample: proof sketch; computed', 'universal \\S2.3', 'universal.tex', 78)
   CLAIM: refuted (conjecture); counterexample proof sketch (Catalan ansatz) + computed || universal §2.3
rem:univ:hutter
   PAPER: ('remark', 'known; computed', 'universal \\S5', 'universal.tex', 124)
   CLAIM: known (Hutter 2007, full text unverified); computed (Nicod example) || universal §5
rem:univ:kreisel
   PAPER: ('remark', 'known (secondary sources only)', 'universal \\S9', 'universal.tex', 215)
   CLAIM: known (secondary sources only; flag) || universal §9
rem:univ:mdl
   PAPER: ('remark', 'proved (from the cited results)', 'universal \\S10', 'universal.tex', 236)
   CLAIM: proved (from cited results) || universal §10
rem:univ:openrefuted
   PAPER: ('remark', 'refuted; computed', 'universal \\S7.2', 'universal.tex', 173)
   CLAIM: refuted; computed || universal §7.2
sec:pa:answer
   PAPER: None
   CLAIM: (summary) || pa §7 (referee M2)
tab:exp:e1
   PAPER: None
   CLAIM: computed || experiments E1
tab:exp:e2
   PAPER: None
   CLAIM: computed || experiments E2
tab:exp:e3a
   PAPER: None
   CLAIM: computed || experiments E3(a)
tab:exp:e3b
   PAPER: None
   CLAIM: computed || experiments E3(b)
tab:exp:e4
   PAPER: None
   CLAIM: computed || experiments E4
tab:exp:e5
   PAPER: None
   CLAIM: computed || experiments E5
tab:exp:e6
   PAPER: None
   CLAIM: computed || experiments E6
tab:exp:e7
   PAPER: None
   CLAIM: computed || experiments E7
tab:exp:e8
   PAPER: None
   CLAIM: computed || experiments E8
tab:ident:misspec
   PAPER: None
   CLAIM: (summary of cited results) || as cited
tab:pa:costs
   PAPER: None
   CLAIM: computed (upper bounds) || pa §1.2
tab:pa:dtrc
   PAPER: None
   CLAIM: computed || pa §5.2 (table regenerated; referee M1)
tab:pa:failures
   PAPER: None
   CLAIM: (summary; statuses as in the cited items) || pa §6
tab:pa:mdl
   PAPER: None
   CLAIM: computed || pa §2.2
tab:pa:theorems
   PAPER: None
   CLAIM: computed (19 checked derivations; upper bounds) || pa §3.2
tab:sound:compare
   PAPER: None
   CLAIM: (summary) || model §5.5
tab:univ:share
   PAPER: None
   CLAIM: computed || universal §6.6 (c10(f))
tab:ver:conflicts
   PAPER: None
   CLAIM: (summary) || this file
tab:ver:corrections
   PAPER: None
   CLAIM: refuted || all verification logs
thm:ident:doob
   PAPER: ('theorem', 'proved; known (Doob 1949)', 'model Thm 2.1; universal Lemma U7', 'ident.tex', 26)
   CLAIM: proved; known (Doob 1949) || model Thm 2.1; universal Lemma U7
thm:ident:kl
   PAPER: ('theorem', 'proved; known (general form)', 'model Thm 3.1', 'ident.tex', 156)
   CLAIM: proved; general form known (Berk 1966; Kleijn–van der Vaart 2006, conditions not read) || model Thm 3.1
thm:ident:limit
   PAPER: ('theorem', "(a), (b) proved; (b$'$) known, proof sketch; (c) conjecture", 'model Thm 5.1', 'ident.tex', 73)
   CLAIM: (a), (b) proved; (b′) known + proof sketch; (c) conjecture || model Thm 5.1
thm:ident:predded
   PAPER: ('theorem', 'proved', 'model Thm 8.1', 'ident.tex', 227)
   CLAIM: proved || model Thm 8.1
thm:sound:avg
   PAPER: ('theorem', 'proved', 'model Thm 4.7; experiments Prop X8(a), (b)', 'sound.tex', 103)
   CLAIM: proved || model Thm 4.7; experiments Prop X8(a), (b)
thm:sound:fixed
   PAPER: ('theorem', 'proved; computed', 'model Thm 4.1', 'sound.tex', 30)
   CLAIM: proved (adapted from IL Thm 4.15(b)); computed (c4: 0.044, 0.014, 0.004 against 0.10, 0.033, 0.010; referee r7: 0.0365, 0.0125, 0.0027 against 0.130, 0.052, 0.013) || model Thm 4.1
thm:sound:shrink
   PAPER: ('theorem', 'proved', 'model Thm 4.8; experiments Prop X8(c)', 'sound.tex', 108)
   CLAIM: proved || model Thm 4.8; experiments Prop X8(c)
thm:time:equiv
   PAPER: ('theorem', "proved; Craig's theorem known", 'model Thm 6.1', 'time.tex', 43)
   CLAIM: proved (Craig 1953 known) || model Thm 6.1
thm:time:log
   PAPER: ('theorem', 'proved', 'model Thm 6.12', 'time.tex', 161)
   CLAIM: proved || model Thm 6.12
thm:time:ntime
   PAPER: ('theorem', 'proved', 'model Thm 6.7', 'time.tex', 113)
   CLAIM: proved || model Thm 6.7
thm:univ:B
   PAPER: ('theorem', 'proved', 'universal Thm B', 'universal.tex', 68)
   CLAIM: proved || universal Thm B
thm:univ:confirm
   PAPER: ('theorem', 'proved; computed', 'universal Thm U8', 'universal.tex', 118)
   CLAIM: proved; computed (sums 4.22, 2.70 ≤ 4.61) || universal Thm U8
thm:univ:odds
   PAPER: ('theorem', 'proved; computed', 'universal Thm U2', 'universal.tex', 47)
   CLAIM: proved; computed (asserted on every path; referee to 7·10⁻¹³; experiments X6, E1 in $\Cch{J}$) || universal Thm U2
thm:univ:omega
   PAPER: ('theorem', '(a), (b), (c1)--(c3), (d1), (e) proved; (d2) proved for the pair, proof sketch in general; computed', 'universal Thm U10', 'universal.tex', 131)
   CLAIM: (a), (b), (c1)–(c3), (d1), (e) proved; (d2) proved for the pair, proof sketch in general; computed (c5: 0.750 → 0.000 under $\Lone$, 0.750 under $\Lsel$; c10(e): 0.2500) || universal Thm U10
thm:univ:size
   PAPER: ('theorem', 'proved; computed', 'universal Thm U4', 'universal.tex', 101)
   CLAIM: proved; computed (38/38 cases; referee 130 random generalisations) || universal Thm U4
