== dtrc-motive seeds [0, 1, 2, 3, 4]
16 s0: T*=4.3e-32 eq=4.3e-32 map=skel4@16(1) fa=None; s1: T*=4.68e-21 eq=4.68e-21 map=Q-lumped(0.841) fa=None; s2: T*=5.77e-13 eq=5.77e-13 map=T*-Q7(0.738) fa=None; s3: T*=3.55e-42 eq=4.26e-32 map=skel4@8(1) fa=None; s4: T*=1.51e-15 eq=1.51e-15 map=skel6@16(1) fa=None
64 s0: T*=5.94e-06 eq=5.94e-06 map=T*-Q4(1) fa=None; s1: T*=0.988 eq=0.988 map=T*(0.988) fa=None; s2: T*=0.988 eq=0.988 map=T*(0.988) fa=None; s3: T*=0.988 eq=0.988 map=T*(0.988) fa=None; s4: T*=2.23e-11 eq=2.23e-11 map=T*-Q2(1) fa=None
256 s0: T*=0.994 eq=0.994 map=T*(0.994) fa=None; s1: T*=0.994 eq=0.994 map=T*(0.994) fa=None; s2: T*=0.994 eq=0.994 map=T*(0.994) fa=None; s3: T*=0.994 eq=0.994 map=T*(0.994) fa=None; s4: T*=0.994 eq=0.994 map=T*(0.994) fa=None
1024 s0: T*=6.33e-29 eq=1 map=T*+T_ex(1) fa=None; s1: T*=5.08e-24 eq=1 map=T*+T_ex(1) fa=None; s2: T*=5.25e-26 eq=1 map=T*+T_ex(1) fa=None; s3: T*=9.18e-25 eq=1 map=T*+T_ex(1) fa=None; s4: T*=8.97e-35 eq=1 map=T*+T_ex(1) fa=None
2048 s0: T*=2.07e-79 eq=1 map=T*+T_ex(1) fa=None; s1: T*=2.31e-96 eq=1 map=T*+T_ex(1) fa=None; s2: T*=2.37e-69 eq=1 map=T*+T_ex(1) fa=None; s3: T*=4.92e-87 eq=1 map=T*+T_ex(1) fa=None; s4: T*=3.03e-90 eq=1 map=T*+T_ex(1) fa=None
  seed 0 frag-observed - T* at 2048: {'frag-observed@32': -70.5}
  seed 1 frag-observed - T* at 2048: {'frag-observed@64': -48.5}
  seed 2 frag-observed - T* at 2048: {'frag-observed@64': 28.4}
  seed 3 frag-observed - T* at 2048: {'frag-observed@64': -89.1}
  seed 4 frag-observed - T* at 2048: {'frag-observed@64': -70.0}
== root-skew seeds [0, 1, 2, 3, 4]
16 s0: T*=6.22e-32 eq=6.22e-32 map=skel4@16(0.963) fa=None; s1: T*=2.53e-19 eq=2.53e-19 map=Q-lumped(0.998) fa=None; s2: T*=4.45e-25 eq=4.45e-25 map=skel4@16(0.995) fa=None; s3: T*=3.86e-20 eq=3.86e-20 map=skel4@16(0.539) fa=None; s4: T*=1.07e-09 eq=1.07e-09 map=skel6@16(1) fa=None
64 s0: T*=0.988 eq=0.988 map=T*(0.988) fa=None; s1: T*=0.988 eq=0.988 map=T*(0.988) fa=None; s2: T*=0.988 eq=0.988 map=T*(0.988) fa=None; s3: T*=1.19e-05 eq=1.19e-05 map=T*-Q6(1) fa=None; s4: T*=0.988 eq=0.988 map=T*(0.988) fa=None
256 s0: T*=0.00999 eq=1 map=T*+T_imp(0.99) fa=None; s1: T*=0.234 eq=0.999 map=T*+T_imp(0.764) fa=None; s2: T*=2.41e-15 eq=1 map=T*+T_imp(1) fa=None; s3: T*=0.000294 eq=1 map=T*+T_imp(1) fa=None; s4: T*=1.74e-12 eq=1 map=T*+T_imp(1) fa=None
1024 s0: T*=1.65e-159 eq=1 map=frag-observed@16(1) fa=None; s1: T*=1.17e-180 eq=1 map=frag-observed@16(1) fa=None; s2: T*=1.57e-165 eq=1 map=frag-observed@16(1) fa=None; s3: T*=2.01e-183 eq=1 map=frag-observed@32(1) fa=None; s4: T*=8.52e-172 eq=1 map=frag-observed@32(1) fa=None
2048 s0: T*=0 eq=1 map=frag-observed@16(1) fa=None; s1: T*=0 eq=1 map=frag-observed@16(1) fa=None; s2: T*=0 eq=1 map=frag-observed@16(1) fa=None; s3: T*=0 eq=1 map=frag-observed@32(1) fa=None; s4: T*=0 eq=1 map=frag-observed@32(1) fa=None
  seed 0 frag-observed - T* at 2048: {'frag-observed@16': -1431.9}
  seed 1 frag-observed - T* at 2048: {'frag-observed@16': -1468.5}
  seed 2 frag-observed - T* at 2048: {'frag-observed@16': -1387.3}
  seed 3 frag-observed - T* at 2048: {'frag-observed@32': -1509.2}
  seed 4 frag-observed - T* at 2048: {'frag-observed@32': -1447.3}
== deep seeds [0, 1, 2, 3, 4]
16 s0: T*=2.3e-19 eq=2.76e-09 map=skel6@16(1) fa=None; s1: T*=3.44e-30 eq=3.44e-30 map=skel4@16(1) fa=None; s2: T*=9.47e-41 eq=1.14e-30 map=skel4@16(1) fa=None; s3: T*=3.78e-17 eq=3.78e-17 map=skel6@16(1) fa=None; s4: T*=1.07e-09 eq=1.07e-09 map=skel6@16(1) fa=None
64 s0: T*=0.988 eq=0.988 map=T*(0.988) fa=None; s1: T*=0.988 eq=0.988 map=T*(0.988) fa=None; s2: T*=2.23e-11 eq=2.23e-11 map=T*-Q2(1) fa=None; s3: T*=0.988 eq=0.988 map=T*(0.988) fa=None; s4: T*=0.988 eq=0.988 map=T*(0.988) fa=None
256 s0: T*=0.994 eq=0.994 map=T*(0.994) fa=None; s1: T*=0.994 eq=0.994 map=T*(0.994) fa=None; s2: T*=0.994 eq=0.994 map=T*(0.994) fa=None; s3: T*=0.994 eq=0.994 map=T*(0.994) fa=None; s4: T*=0.994 eq=0.994 map=T*(0.994) fa=None
1024 s0: T*=0.997 eq=0.997 map=T*(0.997) fa=None; s1: T*=0.997 eq=0.997 map=T*(0.997) fa=None; s2: T*=0.997 eq=0.997 map=T*(0.997) fa=None; s3: T*=0.997 eq=0.997 map=T*(0.997) fa=None; s4: T*=0.997 eq=0.997 map=T*(0.997) fa=None
2048 s0: T*=0.998 eq=0.998 map=T*(0.998) fa=None; s1: T*=0.998 eq=0.998 map=T*(0.998) fa=None; s2: T*=0.998 eq=0.998 map=T*(0.998) fa=None; s3: T*=0.998 eq=0.998 map=T*(0.998) fa=None; s4: T*=0.998 eq=0.998 map=T*(0.998) fa=None
  seed 0 frag-observed - T* at 2048: {}
  seed 1 frag-observed - T* at 2048: {}
  seed 2 frag-observed - T* at 2048: {}
  seed 3 frag-observed - T* at 2048: {}
  seed 4 frag-observed - T* at 2048: {}
== atomic seeds [0, 1, 2, 3, 4]
16 s0: T*=9.18e-30 eq=1.1e-19 map=skel4@16(1) fa=None; s1: T*=3.44e-30 eq=3.44e-30 map=skel4@16(1) fa=None; s2: T*=5.76e-53 eq=6.92e-43 map=DTRC@16(0.987) fa=None; s3: T*=9.97e-19 eq=9.97e-19 map=Q-lumped(0.999) fa=None; s4: T*=1.02e-09 eq=1.02e-09 map=skel6@16(0.95) fa=None
64 s0: T*=0.988 eq=0.988 map=T*(0.988) fa=None; s1: T*=0.988 eq=0.988 map=T*(0.988) fa=None; s2: T*=5.94e-06 eq=5.94e-06 map=T*-Q4(1) fa=None; s3: T*=0.988 eq=0.988 map=T*(0.988) fa=None; s4: T*=0.988 eq=0.988 map=T*(0.988) fa=None
256 s0: T*=0.000117 eq=0.000117 map=frag-atoms(1) fa=0.9998820732347689; s1: T*=0.878 eq=0.878 map=T*(0.878) fa=0.11688662931312711; s2: T*=6.28e-05 eq=6.28e-05 map=frag-atoms(1) fa=0.9999367564155174; s3: T*=0.246 eq=0.246 map=frag-atoms(0.752) fa=0.7522943647071824; s4: T*=0.0232 eq=0.0232 map=frag-atoms(0.977) fa=0.9766470097616201
1024 s0: T*=7.79e-136 eq=1.24e-123 map=frag-atoms(1) fa=1.0; s1: T*=2.05e-128 eq=1.47e-120 map=frag-atoms(1) fa=1.0; s2: T*=1.45e-137 eq=3.43e-126 map=frag-atoms(1) fa=1.0; s3: T*=4.85e-126 eq=7.24e-112 map=frag-atoms(1) fa=1.0; s4: T*=6.93e-134 eq=4.04e-123 map=frag-atoms(1) fa=1.0
2048 s0: T*=3.64e-309 eq=1.58e-178 map=frag-atoms(1) fa=1.0; s1: T*=4.51e-298 eq=1.58e-178 map=frag-atoms(1) fa=1.0; s2: T*=4.21e-310 eq=1.58e-178 map=frag-atoms(1) fa=1.0; s3: T*=1.33e-297 eq=1.58e-178 map=frag-atoms(1) fa=1.0; s4: T*=5.46e-309 eq=1.58e-178 map=frag-atoms(1) fa=1.0
  seed 0 frag-observed - T* at 2048: {}
  seed 1 frag-observed - T* at 2048: {}
  seed 2 frag-observed - T* at 2048: {}
  seed 3 frag-observed - T* at 2048: {}
  seed 4 frag-observed - T* at 2048: {}
