round cost = 12.2061 nats, citation + final forall-E = 12.7657 nats
k= 0: |phi_k|=      7 (2^(k+3)-1=      7)  nu=   7  -ln Pr=  12.766  12.8+12.2k=  12.800  
k= 1: |phi_k|=     15 (2^(k+3)-1=     15)  nu=  15  -ln Pr=  24.972  12.8+12.2k=  25.000  
k= 2: |phi_k|=     31 (2^(k+3)-1=     31)  nu=  23  -ln Pr=  37.178  12.8+12.2k=  37.200  
k= 3: |phi_k|=     63 (2^(k+3)-1=     63)  nu=  31  -ln Pr=  49.384  12.8+12.2k=  49.400  
k= 5: |phi_k|=    255 (2^(k+3)-1=    255)  nu=  47  -ln Pr=  73.796  12.8+12.2k=  73.800  
k= 6: |phi_k|=    511 (2^(k+3)-1=    511)  nu=  55  -ln Pr=  86.002  12.8+12.2k=  86.000  VIOLATED
k= 8: |phi_k|=   2047 (2^(k+3)-1=   2047)  nu=  71  -ln Pr= 110.414  12.8+12.2k= 110.400  VIOLATED
k=10: |phi_k|=   8191 (2^(k+3)-1=   8191)  nu=  87  -ln Pr= 134.826  12.8+12.2k= 134.800  VIOLATED
k=12: |phi_k|=  32767 (2^(k+3)-1=  32767)  nu= 103  -ln Pr= 159.239  12.8+12.2k= 159.200  VIOLATED
k=14: |phi_k|= 131071 (2^(k+3)-1= 131071)  nu= 119  -ln Pr= 183.651  12.8+12.2k= 183.600  VIOLATED
k with -ln Pr(tree) > 12.8 + 12.2k: [6, 8, 10, 12, 14] (closed form: 12.7656 + 12.2061 k)
k=30: -ln Pr = 378.948 vs 12.8+12.2*30 = 378.800
Lemma symexp bound holds on the family k<60: True ; ln|phi_k|/nu at k=60: 0.0897
A4 example m=10: size (forall counts 1) = 144, paper/referee:  145
A4 example m=40: size (forall counts 1) = 1764, paper/referee:  1765
A4 example m=80: size (forall counts 1) = 6724, paper/referee:  6725
e^(1/e) = 1.4447 < 2
  d=1 s=m: s(m)^2-(d+1)s(m+1) at m=5,20,40: [13, 358, 1518]
  d=1 s=m^3: s(m)^2-(d+1)s(m+1) at m=5,20,40: [15193, 63981478, 4095862158]
  d=1 s=2^m: s(m)^2-(d+1)s(m+1) at m=5,20,40: [896, 1099507433472, 1208925819610231128195072]
  d=3 s=m: s(m)^2-(d+1)s(m+1) at m=5,20,40: [1, 316, 1436]
  d=3 s=m^3: s(m)^2-(d+1)s(m+1) at m=5,20,40: [14761, 63962956, 4095724316]
  d=3 s=2^m: s(m)^2-(d+1)s(m+1) at m=5,20,40: [768, 1099503239168, 1208925819605833081683968]
  d=10 s=m: s(m)^2-(d+1)s(m+1) at m=5,20,40: [-41, 169, 1149]
  d=10 s=m^3: s(m)^2-(d+1)s(m+1) at m=5,20,40: [13249, 63898129, 4095241869]
  d=10 s=2^m: s(m)^2-(d+1)s(m+1) at m=5,20,40: [320, 1099488559104, 1208925819590439918895104]
