first n>=0.99 ('all', 'L0') worst never [None]
first n>=0.99 ('all', 'L1') worst 16 [4, 8, 16]
first n>=0.99 ('allq', 'L0') worst never [None]
first n>=0.99 ('allq', 'L1') worst 16 [4, 8, 16]
first n>=0.99 ('allq2', 'L0') worst never [None]
first n>=0.99 ('allq2', 'L1') worst 16 [2, 4, 8, 16]
first n>=0.99 ('open', 'L0') worst never [None]
first n>=0.99 ('open', 'L1') worst 8 [1, 2, 4, 8]
first n>=0.99 ('sch', 'L0') worst 16 [8, 16]
first n>=0.99 ('sch', 'L1') worst 16 [8, 16]
first n>=0.99 ('sch', 'L1sel') worst never [None]
min P_inst n>=8 ('all', 'L0') 0.9999999999999444
min P_inst n>=8 ('all', 'L1') 0.9999999999999484
min P_inst n>=8 ('allq', 'L0') 0.9999999999999966
min P_inst n>=8 ('allq', 'L1') 0.9999999999999463
min P_inst n>=8 ('allq2', 'L0') 0.9999999999999966
min P_inst n>=8 ('allq2', 'L1') 0.9999999999999586
min P_inst n>=8 ('open', 'L0') 0.0
min P_inst n>=8 ('open', 'L1') 0.9999999761139703
min P_inst n>=8 ('sch', 'L0') 0.9990121151979382
min P_inst n>=8 ('sch', 'L1') 0.9990121212547237
min P_inst n>=8 ('sch', 'L1sel') 0.9997886530320238
max Mem@8 (sch, L0/L1) 2.41891539876831e-12  max overgen@8 6.98744162232069e-05
all 8 min H_all+sch 0.9573892221287484  min H_all+open 0.13970676829827902  min mem 5.691075839583253e-13  min Pforall 0.9999999999999964
all 16 min H_all+sch 0.6655512520570687  min H_all+open 0.0006063886028308582  min mem 4.278932442903577e-54  min Pforall 0.9999999999999931
all 32 min H_all+sch 0.9998263329753752  min H_all+open 3.223634637172916e-05  min mem 6.143945747299566e-72  min Pforall 0.9999999999999963
all 64 min H_all+sch 0.9997209457260867  min H_all+open 0  min mem 2.201062554510783e-155  min Pforall 0.9999999999999863
all 256 min H_all+sch 0.9998935154738762  min H_all+open 0  min mem 0.0  min Pforall 0.9999999999999443
allq 8 min H_all+sch 0.9990629074114327  min H_all+open 0.13967462202248251  min mem 8.055606729915907e-45  min Pforall 0.9999999999999966
allq 16 min H_all+sch 0.9999999991184865  min H_all+open 0.9999999991184865  min mem 1.161242664018896e-62  min Pforall 0.9999999999999979
allq 32 min H_all+sch 1.0  min H_all+open 1.0  min mem 5.3474071927229275e-71  min Pforall 1.0
allq 64 min H_all+sch 1.0  min H_all+open 1.0  min mem 2.248444294150862e-120  min Pforall 1.0
allq 256 min H_all+sch 1.0  min H_all+open 1.0  min mem 0.0  min Pforall 1.0
open 8 min H_all+sch 0.0  min H_all+open 0  min mem 0.033325878382004605  min Pforall 8.225098429095942e-11
open 16 min H_all+sch 0.0  min H_all+open 0  min mem 0.9998252171922913  min Pforall 0.9999999999999932
open 32 min H_all+sch 0.0  min H_all+open 0  min mem 0.9999999999998863  min Pforall 0.999999999999998
open 64 min H_all+sch 0.0  min H_all+open 0  min mem 1.0  min Pforall 1.0
open 256 min H_all+sch 0.0  min H_all+open 0  min mem 1.0  min Pforall 1.0
allq2 8 min H_all+sch 0.0  min H_all+open 0  min mem 1.8648184551543704e-12  min Pforall 0.9999999999999966
allq2 16 min H_all+sch 0.0  min H_all+open 0  min mem 2.4290016741313728e-21  min Pforall 0.9999999999999993
allq2 32 min H_all+sch 0.0  min H_all+open 0  min mem 1.9407051268613726e-37  min Pforall 1.0
allq2 64 min H_all+sch 0.0  min H_all+open 0  min mem 1.0  min Pforall 1.0
allq2 256 min H_all+sch 0.0  min H_all+open 0  min mem 1.0  min Pforall 1.0
