x+0=x      sch    L0     gen-mass@4,8,32,256=['0.870', '0.965', '1.000', '1.000']  MAP256=H_sch  P(T-forall)@256=2e-07  Mem@8=6e-16 overgen@8=5e-05 P(T-inst)@8=1.000 lo256=inf
x+0=x      sch    L1     gen-mass@4,8,32,256=['0.827', '0.962', '1.000', '1.000']  MAP256=H_sch  P(T-forall)@256=3e-07  Mem@8=6e-16 overgen@8=4e-05 P(T-inst)@8=1.000 lo256=256.1
x+0=x      sch    L1sel  gen-mass@4,8,32,256=['0.391', '0.384', '0.471', '0.516']  MAP256=H_sch  P(T-forall)@256=0.484  Mem@8=2e-16 overgen@8=2e-05 P(T-inst)@8=1.000 lo256=9e-02
x+0=x      all    L0     gen-mass@4,8,32,256=['0', '0', '0', '0']  MAP256=H_all+sch  P(T-forall)@256=1.000  Mem@8=0.009 overgen@8=4e-15 P(T-inst)@8=1.000 lo256=-
x+0=x      all    L1     gen-mass@4,8,32,256=['0.900', '0.993', '1.000', '1.000']  MAP256=H_all  P(T-forall)@256=1.000  Mem@8=2e-08 overgen@8=2e-21 P(T-inst)@8=1.000 lo256=-inf
x+0=x      allq   L0     gen-mass@4,8,32,256=['0', '0', '0', '0']  MAP256=H_all+open  P(T-forall)@256=1.000  Mem@8=1e-07 overgen@8=6e-25 P(T-inst)@8=1.000 lo256=-
x+0=x      allq   L1     gen-mass@4,8,32,256=['0.764', '0.921', '1.000', '1.000']  MAP256=H_all  P(T-forall)@256=1.000  Mem@8=6e-13 overgen@8=7e-24 P(T-inst)@8=1.000 lo256=-inf
x+0=x      open   L0     gen-mass@4,8,32,256=['0', '0', '0', '0']  MAP256=Mem  P(T-forall)@256=1.000  Mem@8=0.806 overgen@8=5e-10 P(T-inst)@8=0.793 lo256=-
x+0=x      open   L1     gen-mass@4,8,32,256=['0.871', '1.000', '1.000', '1.000']  MAP256=H_open  P(T-forall)@256=1.000  Mem@8=9e-13 overgen@8=7e-22 P(T-inst)@8=1.000 lo256=-
x+0=x      allq2  L0     gen-mass@4,8,32,256=['0', '0', '0', '0']  MAP256=Mem  P(T-forall)@256=1.000  Mem@8=0.213 overgen@8=0 P(T-inst)@8=1.000 lo256=-
x+0=x      allq2  L1     gen-mass@4,8,32,256=['0.900', '0.998', '1.000', '1.000']  MAP256=H_all  P(T-forall)@256=1.000  Mem@8=5e-08 overgen@8=0 P(T-inst)@8=1.000 lo256=-inf
0+x=x      sch    L0     gen-mass@4,8,32,256=['0.870', '0.965', '1.000', '1.000']  MAP256=H_sch  P(T-forall)@256=2e-07  Mem@8=6e-16 overgen@8=5e-05 P(T-inst)@8=1.000 lo256=inf
0+x=x      sch    L1     gen-mass@4,8,32,256=['0.827', '0.962', '1.000', '1.000']  MAP256=H_sch  P(T-forall)@256=3e-07  Mem@8=6e-16 overgen@8=4e-05 P(T-inst)@8=1.000 lo256=256.1
0+x=x      sch    L1sel  gen-mass@4,8,32,256=['0.391', '0.384', '0.471', '0.516']  MAP256=H_sch  P(T-forall)@256=0.484  Mem@8=2e-16 overgen@8=2e-05 P(T-inst)@8=1.000 lo256=9e-02
0+x=x      all    L0     gen-mass@4,8,32,256=['0', '0', '0', '0']  MAP256=H_all+sch  P(T-forall)@256=1.000  Mem@8=0.009 overgen@8=4e-15 P(T-inst)@8=1.000 lo256=-
0+x=x      all    L1     gen-mass@4,8,32,256=['0.900', '0.993', '1.000', '1.000']  MAP256=H_all  P(T-forall)@256=1.000  Mem@8=2e-08 overgen@8=2e-21 P(T-inst)@8=1.000 lo256=-inf
0+x=x      allq   L0     gen-mass@4,8,32,256=['0', '0', '0', '0']  MAP256=H_all+open  P(T-forall)@256=1.000  Mem@8=1e-07 overgen@8=6e-25 P(T-inst)@8=1.000 lo256=-
0+x=x      allq   L1     gen-mass@4,8,32,256=['0.764', '0.921', '1.000', '1.000']  MAP256=H_all  P(T-forall)@256=1.000  Mem@8=6e-13 overgen@8=7e-24 P(T-inst)@8=1.000 lo256=-inf
0+x=x      open   L0     gen-mass@4,8,32,256=['0', '0', '0', '0']  MAP256=Mem  P(T-forall)@256=1.000  Mem@8=0.806 overgen@8=5e-10 P(T-inst)@8=0.793 lo256=-
0+x=x      open   L1     gen-mass@4,8,32,256=['0.871', '1.000', '1.000', '1.000']  MAP256=H_open  P(T-forall)@256=1.000  Mem@8=9e-13 overgen@8=7e-22 P(T-inst)@8=1.000 lo256=-
0+x=x      allq2  L0     gen-mass@4,8,32,256=['0', '0', '0', '0']  MAP256=Mem  P(T-forall)@256=1.000  Mem@8=0.213 overgen@8=0 P(T-inst)@8=1.000 lo256=-
0+x=x      allq2  L1     gen-mass@4,8,32,256=['0.900', '0.998', '1.000', '1.000']  MAP256=H_all  P(T-forall)@256=1.000  Mem@8=5e-08 overgen@8=0 P(T-inst)@8=1.000 lo256=-inf
~(Sx=0)    sch    L0     gen-mass@4,8,32,256=['0.869', '0.965', '1.000', '1.000']  MAP256=H_sch  P(T-forall)@256=3e-07  Mem@8=5e-13 overgen@8=7e-05 P(T-inst)@8=1.000 lo256=inf
~(Sx=0)    sch    L1     gen-mass@4,8,32,256=['0.852', '0.964', '1.000', '1.000']  MAP256=H_sch  P(T-forall)@256=4e-07  Mem@8=5e-13 overgen@8=7e-05 P(T-inst)@8=1.000 lo256=257.4
~(Sx=0)    sch    L1sel  gen-mass@4,8,32,256=['0.515', '0.501', '0.651', '0.731']  MAP256=H_sch  P(T-forall)@256=0.269  Mem@8=2e-13 overgen@8=4e-05 P(T-inst)@8=1.000 lo256=1.4
~(Sx=0)    all    L0     gen-mass@4,8,32,256=['0', '0', '0', '0']  MAP256=H_all+sch  P(T-forall)@256=1.000  Mem@8=0.004 overgen@8=2e-15 P(T-inst)@8=1.000 lo256=-
~(Sx=0)    all    L1     gen-mass@4,8,32,256=['0.797', '0.984', '1.000', '1.000']  MAP256=H_all  P(T-forall)@256=1.000  Mem@8=3e-08 overgen@8=4e-21 P(T-inst)@8=1.000 lo256=-inf
~(Sx=0)    allq   L0     gen-mass@4,8,32,256=['0', '0', '0', '0']  MAP256=H_all+open  P(T-forall)@256=1.000  Mem@8=2e-04 overgen@8=1e-19 P(T-inst)@8=1.000 lo256=-
~(Sx=0)    allq   L1     gen-mass@4,8,32,256=['0.649', '0.865', '1.000', '1.000']  MAP256=H_all  P(T-forall)@256=1.000  Mem@8=2e-09 overgen@8=6e-23 P(T-inst)@8=1.000 lo256=-inf
~(Sx=0)    open   L0     gen-mass@4,8,32,256=['0', '0', '0', '0']  MAP256=Mem  P(T-forall)@256=1.000  Mem@8=0.811 overgen@8=1e-08 P(T-inst)@8=0.789 lo256=-
~(Sx=0)    open   L1     gen-mass@4,8,32,256=['0.917', '1.000', '1.000', '1.000']  MAP256=H_open  P(T-forall)@256=1.000  Mem@8=5e-09 overgen@8=9e-18 P(T-inst)@8=1.000 lo256=-
~(Sx=0)    allq2  L0     gen-mass@4,8,32,256=['0', '0', '0', '0']  MAP256=Mem  P(T-forall)@256=1.000  Mem@8=0.208 overgen@8=0 P(T-inst)@8=1.000 lo256=-
~(Sx=0)    allq2  L1     gen-mass@4,8,32,256=['0.840', '0.995', '1.000', '1.000']  MAP256=H_all  P(T-forall)@256=1.000  Mem@8=9e-08 overgen@8=0 P(T-inst)@8=1.000 lo256=-inf
