Sentence-only class KL (C_min, c=0.3, q=1/2):
  H_all    numeric 1.466337  predicted 1.466337
  Split_1  numeric 0.733169  predicted 0.733169
  Split_2  numeric 0.366584  predicted 0.366584
  Split_3  numeric 0.183292  predicted 0.183292
  Split_4  numeric 0.091646  predicted 0.091646
  Both0    numeric 1.018441  predicted 1.018441
Spare slot I_n:
  n=10: n I_n = 0.95799  bounds [0.90909, 1.42857]
  n=100: n I_n = 0.99597  bounds [0.99010, 1.42857]
  n=1000: n I_n = 0.99960  bounds [0.99900, 1.42857]
  n=100000: n I_n = 0.99998  bounds [0.99999, 1.42857]
Prop B2:
  threshold sqrt(c)/(1+sqrt(c)) = 0.3539  h(thr) = 1.0
  w*=0.1: BF (n=2e4, direct quadrature) = 2.1912, h(w*) = 2.1914
  w*=0.3: BF (n=2e4, direct quadrature) = 1.1534, h(w*) = 1.1534
  w*=0.5: BF (n=2e4, direct quadrature) = 0.7101, h(w*) = 0.7101
  w*=0.8: BF (n=2e4, direct quadrature) = 0.4057, h(w*) = 0.4056
Prop U12(b):
  w=0.05: per-instance log ratio 0.021
  w=0.2: per-instance log ratio 0.094
  w=0.5: per-instance log ratio 0.307
  w=0.9: per-instance log ratio 1.323
  ln(1+c+..+c^L) = 0.3485
  max |r_B(w) - r_both(K w)| on grid: 3.3306690738754696e-16
  n=1: log BF(both:B) = 0.2695
  n=3: log BF(both:B) = 0.3442
  n=10: log BF(both:B) = 0.3485
Detour fixed point:
  Z_forall=0.47516 D_forall=1.03160  Z_sigma=0.40035 D_sigma=1.02636  R=0.15553  (paper: 1.03160, 1.02636, 0.15553)
  MC (N=300000 per theory): P_forall(inst)=0.05566  P_sigma(inst)=0.35956  R=0.15480 +- 0.00122  truncated 0,0
Thm U8 numbers:
  Laplace + point mass: sum_n (1 - M(I|D_n)) = 4.2199  <= ln 100 = 4.6052
  dyadic at n=1e50: 1 - pi_n(G) = 0.3514
  dyadic at n=1e50 (with tail j>=5000 added): 1 - pi_n(G) = 0.3716
