===== intro: 4.67 pp, 19.3 KB source
 0.33 pp  quote        \begin{quote}\small let's consider the case of goi
 1.11 pp  text         sec:intro:note
 1.71 pp  enumerate    \begin{enumerate}[label=\textbf{A\arabic*.},leftma
 0.58 pp  table        tab:intro:verdicts
 0.91 pp  text         sec:intro:contrib
===== model: 6.48 pp, 28.1 KB source
 0.61 pp  text         sec:model
 0.09 pp  definition   def:model:theory
 0.20 pp  definition   def:model:calculus
 0.10 pp  text         Since parameters are read under closure, $\varphi(
 0.07 pp  lemma        lem:model:a4
 0.05 pp  proof        \begin{proof}[Proof idea] (a) AS Def~2.1 requires 
 0.08 pp  text         So $\forall$-elimination belongs to the fixed back
 0.19 pp  definition   def:model:calculi
 0.56 pp  table        tab:model:calculi
 0.25 pp  definition   def:model:prior
 0.06 pp  lemma        lem:model:kraft
 0.23 pp  remark       rem:model:priors
 0.26 pp  definition   def:model:grammar
 0.18 pp  lemma        lem:model:grammar
 0.04 pp  proof        \begin{proof}[Proof idea] The $h$-weight of genera
 0.13 pp  remark       rem:model:subcrit
 0.12 pp  text         sec:model:lik
 0.07 pp  definition   def:model:lzero
 0.17 pp  lemma        lem:model:dirsum
 0.27 pp  definition   def:model:lone
 0.05 pp  text         The code length $-\log_2\Pr(\text{tree})$ is a der
 0.25 pp  lemma        lem:model:lone
 0.43 pp  definition   def:model:variants
 0.05 pp  lemma        lem:model:lsig
 0.10 pp  remark       rem:model:sel
 0.16 pp  text         sec:model:scores
 0.21 pp  definition   def:model:scores
 0.16 pp  lemma        lem:model:size
 0.06 pp  text         A hypothesis that puts mass $\varepsilon$ outside 
 0.29 pp  proposition  prop:model:whichsize
 0.31 pp  remark       rem:model:graded
 0.19 pp  proposition  prop:model:compute
 0.07 pp  proof        \begin{proof}[Proof idea] (a) The whole tree, bodi
 0.11 pp  text         \emph{Cost.} Precision $\epsilon$ needs all trees 
 0.14 pp  proposition  prop:model:max
===== universal: 7.85 pp, 36.4 KB source
 0.24 pp  text         sec:univ
 0.18 pp  definition   def:univ:setup
 0.22 pp  text         Calculi and likelihoods are as in \Cref{def:model:
 0.32 pp  table        tab:univ:hyp
 0.14 pp  proposition  prop:univ:factor
 0.08 pp  text         \noindent\emph{Proof idea.} ``Cite $\forall x\varp
 0.05 pp  theorem      thm:univ:odds
 0.20 pp  table        tab:univ:odds
 0.16 pp  theorem      thm:univ:B
 0.14 pp  text         \noindent\emph{Proof idea.} (B2) holds at every $w
 0.18 pp  proposition  prop:univ:robust
 0.15 pp  remark       rem:univ:detour
 0.13 pp  proposition  prop:univ:B2
 0.05 pp  text         \noindent The cause is the induced prior on the ef
 0.10 pp  remark       rem:univ:B2cit
 0.10 pp  proposition  prop:univ:both
 0.09 pp  text         sec:univ:memo
 0.12 pp  theorem      thm:univ:size
 0.12 pp  proposition  prop:univ:overspec
 0.20 pp  proposition  prop:univ:memo
 0.10 pp  text         sec:univ:confirm
 0.16 pp  theorem      thm:univ:confirm
 0.05 pp  text         \noindent The rate depends on near-universal compe
 0.16 pp  remark       rem:univ:hutter
 0.64 pp  theorem      thm:univ:omega
 0.16 pp  text         \noindent\emph{Proof idea.} (a) is \Cref{thm:ident
 0.17 pp  proposition  prop:univ:hanni
 0.05 pp  text         \noindent Inconsistent theories inflate $\Bel$ and
 0.08 pp  proposition  prop:univ:q4
 0.16 pp  proposition  prop:univ:gaifman
 0.09 pp  text         sec:univ:open
 0.20 pp  proposition  prop:univ:open
 0.06 pp  text         \noindent Here $\rho$ is fixed. In pa's two-part c
 0.18 pp  remark       rem:univ:openrefuted
 0.08 pp  proposition  prop:univ:rkrate
 0.07 pp  text         \noindent The proof uses the exact law of $R_k$ (\
 0.22 pp  proposition  prop:univ:noguard
 0.30 pp  text         sec:univ:quant
 0.24 pp  proposition  prop:univ:quant
 0.24 pp  text         sec:univ:sentences
 0.22 pp  proposition  prop:univ:sentences
 0.07 pp  lemma        lem:univ:survivors
 0.07 pp  text         \noindent A fixed memoriser is eventually refuted 
 0.13 pp  remark       rem:univ:kreisel
 0.38 pp  text         sec:univ:intuition
 0.12 pp  corollary    cor:univ:sound
 0.21 pp  text         \noindent\emph{Proof.} Members of $C^*_\forall$ do
 0.22 pp  remark       rem:univ:mdl
===== ident: 6.51 pp, 28.9 KB source
 0.21 pp  text         sec:ident
 0.12 pp  definition   def:ident:W
 0.07 pp  theorem      thm:ident:doob
 0.05 pp  corollary    cor:ident:prior
 0.06 pp  corollary    cor:ident:deductive
 0.11 pp  text         \noindent The data decide a deductive question onl
 0.15 pp  proposition  prop:ident:rates
 0.06 pp  text         sec:ident:gen
 0.12 pp  proposition  prop:ident:sep
 0.08 pp  text         \noindent The laws also differ in every computed s
 0.26 pp  proposition  prop:ident:splits
 0.05 pp  text         \noindent So with weights matched to $\Qg$ no data
 0.14 pp  remark       rem:ident:splitsL1
 0.26 pp  theorem      thm:ident:limit
 0.04 pp  text         \noindent (b) runs Doob's argument with the suppor
 0.11 pp  remark       rem:ident:exact
 0.09 pp  remark       rem:ident:x5
 0.12 pp  proposition  prop:ident:gold
 0.12 pp  text         \noindent The learner has no fixed preference betw
 0.15 pp  remark       rem:ident:memo
 0.09 pp  text         sec:ident:mdl
 0.24 pp  proposition  prop:ident:splitlzero
 0.25 pp  proposition  prop:ident:splitlone
 0.06 pp  text         \noindent (b) is Ville's inequality (IL Lemma~C.4)
 0.14 pp  remark       rem:ident:e8
 0.32 pp  remark       rem:ident:mdl
 0.33 pp  proposition  prop:ident:spare
 0.09 pp  text         \noindent (b) and (c) need a boundary Laplace appr
 0.20 pp  remark       rem:ident:sparetotal
 0.11 pp  theorem      thm:ident:kl
 0.05 pp  text         \noindent The general form is known \citep{berk196
 0.15 pp  example      ex:ident:weaker
 0.08 pp  lemma        lem:ident:zerosum
 0.17 pp  example      ex:ident:escape
 0.14 pp  remark       rem:ident:fullclass
 0.18 pp  example      ex:ident:lonedq
 0.09 pp  conjecture   conj:ident:cder
 0.13 pp  remark       rem:ident:e3a
 0.05 pp  text         \noindent \Cref{tab:ident:misspec} collects the ca
 0.48 pp  table        tab:ident:misspec
 0.19 pp  theorem      thm:ident:predded
 0.11 pp  text         \noindent So when two theories differ in what they
 0.20 pp  proposition  prop:ident:proofs
 0.15 pp  remark       rem:ident:nearmiss
===== sound: 5.87 pp, 25.9 KB source
 0.28 pp  text         sec:sound
 0.26 pp  definition   def:sound:protocol
 0.13 pp  text         sec:sound:fixed
 0.13 pp  theorem      thm:sound:fixed
 0.14 pp  proof        \begin{proof}[Proof idea] IL Thm~4.15(b) in the cl
 0.16 pp  text         One event covers all queries and rounds, so no uni
 0.15 pp  remark       rem:sound:tight
 0.24 pp  remark       rem:sound:hyp
 0.14 pp  proposition  prop:sound:misspec
 0.04 pp  proof        \begin{proof} By \Cref{ex:ident:escape}, almost su
 0.11 pp  text         sec:sound:cautious
 0.27 pp  proposition  prop:sound:cautious
 0.10 pp  proposition  prop:sound:complete
 0.07 pp  proof        \begin{proof} By \Cref{cor:ident:deductive} the no
 0.14 pp  text         sec:sound:dir
 0.16 pp  remark       rem:sound:vacuous
 0.26 pp  lemma        lem:sound:regret
 0.05 pp  text         \noindent (a) compares the two sides term by term 
 0.29 pp  theorem      thm:sound:avg
 0.20 pp  theorem      thm:sound:shrink
 0.09 pp  proof        \begin{proof}[Proof idea for both] For \Cref{thm:s
 0.06 pp  text         \Cref{thm:sound:shrink} is time-uniform, but its t
 0.23 pp  example      ex:sound:constant
 0.11 pp  text         sec:sound:exp
 0.27 pp  remark       rem:sound:e4
 0.08 pp  text         In (C1) the verifier is sound for the data's actua
 0.21 pp  remark       rem:sound:lumps
 0.07 pp  text         sec:sound:tri
 0.12 pp  definition   def:sound:tri
 0.06 pp  text         The model track allows bounded derivability here; 
 0.10 pp  proposition  prop:sound:laws
 0.10 pp  proposition  prop:sound:belief
 0.05 pp  proposition  prop:sound:bracket
 0.07 pp  text         \noindent For one consistent $T$, $s\mapsto1[T\vda
 0.08 pp  example      ex:sound:renorm
 0.07 pp  example      ex:sound:fifty
 0.08 pp  proposition  prop:sound:fiftyfifty
 0.06 pp  text         \noindent A theory with one or two models contribu
 0.17 pp  remark       rem:sound:indep
 0.20 pp  remark       rem:sound:belc
 0.26 pp  text         \paragraph{H\"anni's three questions} (same file o
===== time: 5.92 pp, 25.5 KB source
 0.43 pp  text         sec:time
 0.28 pp  definition   def:time:inducers
 0.10 pp  proposition  prop:time:fiall
 0.08 pp  proof        \begin{proof}[Proof idea] No compatible $\AI$ or $
 0.11 pp  theorem      thm:time:equiv
 0.15 pp  proof        \begin{proof}[Proof idea] $\AI\to\mathrm{FI}$ is H
 0.15 pp  remark       rem:time:convention
 0.11 pp  text         sec:time:schema
 0.08 pp  proposition  prop:time:twosorted
 0.12 pp  proposition  prop:time:single
 0.06 pp  proof        \begin{proof}[Proof idea] $\PA\cup A_f$ proves $\n
 0.09 pp  text         sec:time:templates
 0.16 pp  proposition  prop:time:notemplate
 0.08 pp  proof        \begin{proof}[Proof idea] A metavariable at the ro
 0.07 pp  text         So H\"anni's restriction (``maybe we just say we h
 0.25 pp  proposition  prop:time:collapse
 0.09 pp  text         sec:time:penalties
 0.15 pp  proposition  prop:time:cheap
 0.24 pp  text         So a penalty in the style of Levin's $\mathrm{Kt}$
 0.12 pp  theorem      thm:time:ntime
 0.05 pp  proof        \begin{proof}[Proof idea] Guess a derivation of si
 0.22 pp  corollary    cor:time:hard
 0.07 pp  text         The hierarchy theorem is cited from \citet{cook197
 0.12 pp  remark       rem:time:upper
 0.07 pp  text         sec:time:lik
 0.24 pp  remark       prop:time:lonesize
 0.10 pp  text         $\forall$E and Gen substitute into every occurrenc
 0.09 pp  lemma        lem:time:symexp
 0.06 pp  proof        \begin{proof}[Proof idea] $\forall$E multiplies th
 0.10 pp  proposition  prop:time:codelength
 0.13 pp  theorem      thm:time:log
 0.05 pp  proof        \begin{proof}[Proof idea] Guess the tree and write
 0.14 pp  corollary    cor:time:log
 0.05 pp  text         So if the assigner's language needs nondeterminist
 0.24 pp  proposition  prop:time:sigma
 0.06 pp  conjecture   conj:time:poly
 0.06 pp  text         sec:time:summary
 0.31 pp  remark       rem:time:summary
 0.09 pp  text         So the question's derivation-length prior should m
 0.41 pp  remark       rem:time:links
 0.10 pp  remark       rem:time:e7
 0.17 pp  conjecture   conj:time:polytime
===== pa: 8.40 pp, 35.0 KB source
 0.23 pp  text         sec:pa
 0.29 pp  definition   def:pa:lsch
 0.18 pp  text         \noindent The decodable variant adds 4.8--7.3\% to
 0.10 pp  definition   def:pa:refute
 0.16 pp  text         sec:pa:equiv
 0.11 pp  proposition  prop:pa:equiv
 0.04 pp  text         \noindent The derivations were checked schematical
 0.07 pp  remark       rem:pa:pat
 0.08 pp  text         \paragraph{Usage.} Let the data be i.i.d.\ uses: a
 0.07 pp  proposition  prop:pa:usage
 0.09 pp  proposition  prop:pa:lower
 0.06 pp  text         \noindent The first version's argument (``at least
 0.17 pp  table        tab:pa:costs
 0.21 pp  remark       rem:pa:usage
 0.10 pp  proposition  prop:pa:recursion
 0.17 pp  remark       rem:pa:zf
 0.12 pp  remark       rem:pa:e6
 0.18 pp  text         sec:pa:mdl
 0.09 pp  proposition  prop:pa:chain
 0.29 pp  proposition  prop:pa:occam
 0.10 pp  text         \noindent The identity equals the computed SDPC co
 0.08 pp  remark       \begin{remark}[Refuted: a constant margin]\status{
 0.12 pp  text         \noindent On G1 at $n=256000$ the split leads by $
 0.14 pp  proposition  prop:pa:detour
 0.14 pp  text         sec:pa:theorems
 0.12 pp  proposition  prop:pa:memo
 0.22 pp  table        tab:pa:theorems
 0.19 pp  remark       rem:pa:streams
 0.08 pp  proposition  prop:pa:gibbs
 0.15 pp  proposition  prop:pa:wellspec
 0.14 pp  proposition  prop:pa:must
 0.27 pp  text         sec:pa:thn
 0.08 pp  proposition  prop:pa:thn
 0.10 pp  proposition  prop:pa:refute
 0.04 pp  text         \noindent Along $\PA$, $\PA+\Con(\PA)$, \dots\ the
 0.08 pp  proposition  prop:pa:refl
 0.11 pp  proposition  prop:pa:regret
 0.09 pp  text         \noindent Pointwise limits are trivial: under 0/1 
 0.20 pp  proposition  prop:pa:isigma
 0.12 pp  text         \noindent (a) uses $\ISigma{n+1}\vdash\Con(\ISigma
 0.14 pp  proposition  prop:pa:readonce
 0.16 pp  example      ex:pa:narrow
 0.12 pp  example      ex:pa:skel
 0.08 pp  text         \noindent So deductive strength beyond usage is se
 0.08 pp  conjecture   conj:pa:broad
 0.09 pp  text         \noindent Track experiments (fixed PCFG, $\Lzero$,
 0.11 pp  proposition  prop:pa:atomic
 0.15 pp  remark       rem:pa:e3b
 0.09 pp  text         sec:pa:dtrc
 0.09 pp  proposition  prop:pa:spare
 0.19 pp  table        tab:pa:dtrc
 0.12 pp  text         \noindent Without negatives $\Q+\TInd$ has mass $2
 0.17 pp  remark       rem:pa:lumps
 0.16 pp  remark       rem:pa:e2
 0.26 pp  remark       rem:pa:merge
 0.07 pp  proposition  prop:pa:nc
 0.11 pp  proposition  prop:pa:incons
 0.35 pp  table        tab:pa:failures
 0.16 pp  example      ex:pa:euler
 0.23 pp  text         sec:pa:answer
===== experiments: 6.59 pp, 30.8 KB source
 1.00 pp  text         sec:exp
 0.28 pp  proposition  prop:exp:exact
 0.10 pp  proof        \begin{proof}[Proof idea] (a) is the matching theo
 0.31 pp  text         sec:exp:results
 0.33 pp  table        tab:exp:e1
 0.69 pp  text         \noindent\emph{(1) The factor of \cref{thm:univ:od
 0.24 pp  table        tab:exp:e2
 0.56 pp  text         \noindent\emph{(1)} $T^*$ wins once Q1, Q2, Q4--Q7
 0.25 pp  table        tab:exp:e3a
 0.25 pp  table        tab:exp:e3b
 0.99 pp  text         \noindent\emph{(a)} The posterior moves at a linea
 0.18 pp  proposition  prop:exp:comm
 0.82 pp  text         sec:exp:limits
 0.32 pp  remark       rem:exp:limits
 0.27 pp  remark       rem:exp:refuted
===== discussion: 3.71 pp, 14.9 KB source
 1.21 pp  text         sec:disc
 0.29 pp  itemize      \begin{itemize}[leftmargin=*] \item \emph{Hypothes
 1.47 pp  text         sec:disc:hanni
 0.59 pp  enumerate    \begin{enumerate}[leftmargin=*,itemsep=1pt] \item 
 0.14 pp  text         \paragraph{Closing.} This was a check of an idea, 
