(a) Q log-probabilities: 18000 samples, max |own - bai| = 1.14e-13
    out-of-support agree: True
(b) terms nv=0 ap=False: P(size <= 50) = 0.997947, P(size <= 400) = 1.000000000
(b) terms nv=0 ap=True: P(size <= 50) = 0.999866, P(size <= 400) = 1.000000000
(b) terms nv=2 ap=True: P(size <= 50) = 0.999999, P(size <= 400) = 1.000000000
(b) formulas (closed atoms): P(size <= 50) = 0.918024, P(size <= 400) = 0.999868228
(b) formulas (nv = 2, ap): P(size <= 400) = 0.999996330
(c,e) matcher and L0 on 29700 (template, sentence) pairs: disagreements 0, max |L0 own - bai| = 2.27e-13
(d) bits H_sch {?t+0=?t}            own 17.0868  bai 17.0868
(d) bits H_all {Ax x+0=x}           own 17.1767  bai 17.1767
(d) bits {?P}                       own 5.7370  bai 5.7370
(d) bits T* = Q1..Q7 + T_Ind        own 226.1624  bai 226.1624
(d) bits T_Ind                      own 45.8042  bai 45.8042
(d) bits Q-lumped                   own 77.4139  bai 77.4139
(d) bits {~S?t=0}                   own 15.3213  bai 15.3213
(d) bits {Ax ~Sx=0}                 own 16.7616  bai 16.7616
(f) Dirichlet marginal, 400 random cases (m <= 6, n <= 10, up to 5 overlapping): max |own - bai| = 1.42e-14
(g) L1 K=1 qe_open=False: 257 (theory, datum, component) triples, max |own - bai| = 7.11e-15 (skipped 0)
(g) L1 K=1 qe_open=True: 264 (theory, datum, component) triples, max |own - bai| = 2.13e-14 (skipped 0)
(g) L1 K=2 qe_open=False: 198 (theory, datum, component) triples, max |own - bai| = 3.55e-15 (skipped 0)
(g) L1 K=2 qe_open=True: 185 (theory, datum, component) triples, max |own - bai| = 1.78e-15 (skipped 0)
(g) own sampler vs own exact, H_all K=1 qe_open=True: chi2 = 18.6 on 20 cells (+1 pooled); sum of exact probabilities of data seen >= 5 times 0.9227 <= 1
(g) own sampler vs own exact, M_x K=2 qe_open=False: chi2 = 27.0 on 27 cells (+1 pooled); sum of exact probabilities of data seen >= 5 times 0.7096 <= 1
(g) own sampler vs own exact, mp K=1 qe_open=False: chi2 = 25.3 on 25 cells (+1 pooled); sum of exact probabilities of data seen >= 5 times 0.8368 <= 1
(g) own sampler vs own exact, mix K=2 qe_open=True: chi2 = 17.6 on 20 cells (+1 pooled); sum of exact probabilities of data seen >= 5 times 0.8889 <= 1
