R2: E2 data (track generator), pool posterior from the track pipeline, SeenQ(D_n) and Q-lumped scored independently (ref_core).
columns: seed n | #Q axioms seen | log2 score SeenQ - Q-lumped | unsound mass: track pool -> pool+SeenQ | max false-probe mass: track pool -> pool+SeenQ | posterior of SeenQ | MAP: track pool -> pool+SeenQ | SeenQ - best sound pool theory (bits; 0 = SeenQ is already in the pool) | |own - track| Q-lumped score
seed  0 n   8 | 2 |    +38.5 | 0.000 -> 2.64e-12 | 0.000 -> 2.64e-12 | 1.000 | DTRC(n=16) -> SeenQ | +17.6 | 2.8e-14
seed  0 n  16 | 3 |    +52.7 | 0.000 -> 1.39e-16 | 0.000 -> 1.39e-16 | 1.000 | DTRC(n=16) -> DTRC(n=16)=See | +0.0 | 1.1e-13
seed  0 n  32 | 5 |    +91.8 | 0.000 -> 9.98e-12 | 0.000 -> 9.98e-12 | 1.000 | skel6 -> skel6=SeenQ | +0.0 | 2.3e-13
seed  0 n  64 | 7 |   +242.6 | 0.012 -> 0.0123 | 0.012 -> 0.0123 | 0.988 | T* -> T*=SeenQ | -0.0 | 0.0e+00
seed  1 n   8 | 2 |    +19.1 | 1.000 -> 3.5e-06 | 1.000 -> 3.5e-06 | 1.000 | Q-lumped -> SeenQ | +66.0 | 2.8e-14
seed  1 n  16 | 5 |     -7.3 | 0.997 -> 0.997 | 0.997 -> 0.997 | 0.003 | Q-lumped -> Q-lumped | -0.0 | 0.0e+00
seed  1 n  32 | 6 |    +47.1 | 0.000 -> 6.14e-13 | 0.000 -> 5.27e-13 | 1.000 | T*-Q2 -> T*-Q2=SeenQ | +0.0 | 0.0e+00
seed  1 n  64 | 7 |   +203.3 | 0.012 -> 0.0123 | 0.012 -> 0.0123 | 0.988 | T* -> T*=SeenQ | +0.0 | 0.0e+00
seed  2 n   8 | 3 |     +8.6 | 0.003 -> 0.00317 | 0.003 -> 0.00317 | 0.997 | DTRC(n=16) -> DTRC(n=16)=See | -0.0 | 2.8e-14
seed  2 n  16 | 3 |    +17.7 | 0.001 -> 0.000689 | 0.001 -> 0.000689 | 0.999 | DTRC(n=16) -> DTRC(n=16)=See | -0.0 | 0.0e+00
seed  2 n  32 | 4 |    +34.0 | 1.000 -> 0.848 | 1.000 -> 0.848 | 0.152 | skel4 -> skel4 | +39.3 | 1.1e-13
seed  2 n  64 | 6 |   +182.5 | 0.000 -> 5.54e-13 | 0.000 -> 5.54e-13 | 1.000 | T*-Q3 -> T*-Q3=SeenQ | -0.0 | 4.5e-13
seed  3 n   8 | 2 |    +40.0 | 0.000 -> 1.79e-12 | 0.000 -> 1.79e-12 | 1.000 | DTRC(n=16) -> SeenQ | +16.6 | 0.0e+00
seed  3 n  16 | 3 |    +62.9 | 0.000 -> 2.36e-19 | 0.000 -> 2.36e-19 | 1.000 | DTRC(n=16) -> DTRC(n=16)=See | -0.0 | 0.0e+00
seed  3 n  32 | 6 |    +78.4 | 0.000 -> 5.27e-13 | 0.000 -> 5.27e-13 | 1.000 | T*-Q2 -> T*-Q2=SeenQ | -0.0 | 2.3e-13
seed  3 n  64 | 7 |   +233.5 | 0.012 -> 0.0123 | 0.012 -> 0.0123 | 0.988 | T* -> T*=SeenQ | +0.0 | 4.5e-13
seed  4 n   8 | 3 |     +0.7 | 1.000 -> 0.554 | 1.000 -> 0.554 | 0.446 | Q-lumped -> SeenQ | +29.4 | 2.8e-14
seed  4 n  16 | 5 |    -12.7 | 1.000 -> 1 | 1.000 -> 1 | 0.000 | Q-lumped -> Q-lumped | -0.0 | 0.0e+00
seed  4 n  32 | 7 |    +42.2 | 0.017 -> 0.0168 | 0.017 -> 0.0168 | 0.983 | T* -> T*=SeenQ | -0.0 | 1.1e-13
seed  4 n  64 | 7 |   +188.0 | 0.012 -> 0.0123 | 0.012 -> 0.0123 | 0.988 | T* -> T*=SeenQ | +0.0 | 0.0e+00
seed  5 n   8 | 4 |    +20.7 | 0.000 -> 1.16e-06 | 0.000 -> 1.16e-06 | 1.000 | DTRC(n=16) -> DTRC(n=16)=See | -0.0 | 0.0e+00
seed  5 n  16 | 4 |    +78.9 | 0.000 -> 1.33e-21 | 0.000 -> 1.32e-21 | 1.000 | DTRC(n=16) -> DTRC(n=16)=See | +0.0 | 0.0e+00
seed  5 n  32 | 4 |   +117.3 | 0.000 -> 3.89e-22 | 0.000 -> 3.89e-22 | 1.000 | DTRC(n=16) -> DTRC(n=16)=See | +0.0 | 0.0e+00
seed  5 n  64 | 7 |   +214.7 | 0.012 -> 0.0123 | 0.012 -> 0.0123 | 0.988 | T* -> T*=SeenQ | +0.0 | 1.1e-13
seed  6 n   8 | 1 |    +49.1 | 0.000 -> 3.31e-15 | 0.000 -> 3.31e-15 | 1.000 | DTRC(n=16) -> SeenQ | +34.4 | 0.0e+00
seed  6 n  16 | 2 |    +82.2 | 0.000 -> 3.54e-25 | 0.000 -> 3.54e-25 | 1.000 | DTRC(n=16) -> DTRC(n=16)=See | +0.0 | 1.1e-13
seed  6 n  32 | 6 |    +87.8 | 0.000 -> 2.79e-07 | 0.000 -> 2.79e-07 | 1.000 | T*-Q7 -> T*-Q7=SeenQ | +0.0 | 2.3e-13
seed  6 n  64 | 7 |   +223.5 | 0.012 -> 0.0123 | 0.012 -> 0.0123 | 0.988 | T* -> T*=SeenQ | +0.0 | 2.3e-13
seed  7 n   8 | 3 |    +31.7 | 0.000 -> 5.58e-10 | 0.000 -> 5.58e-10 | 1.000 | DTRC(n=16) -> DTRC(n=16)=See | +0.0 | 0.0e+00
seed  7 n  16 | 3 |    +92.8 | 0.000 -> 2.31e-28 | 0.000 -> 2.3e-28 | 1.000 | DTRC(n=16) -> DTRC(n=16)=See | +0.0 | 5.7e-14
seed  7 n  32 | 7 |    +87.3 | 0.017 -> 0.0168 | 0.017 -> 0.0168 | 0.983 | T* -> T*=SeenQ | +0.0 | 1.1e-13
seed  7 n  64 | 7 |   +320.4 | 0.012 -> 0.0123 | 0.012 -> 0.0123 | 0.988 | T* -> T*=SeenQ | +0.0 | 4.5e-13
seed  8 n   8 | 4 |     -1.6 | 1.000 -> 0.861 | 1.000 -> 0.861 | 0.139 | Q-lumped -> Q-lumped | +32.7 | 2.8e-14
seed  8 n  16 | 5 |    +46.7 | 0.000 -> 1.77e-14 | 0.000 -> 1.76e-14 | 1.000 | DTRC(n=16) -> DTRC(n=16)=See | -0.0 | 5.7e-14
seed  8 n  32 | 7 |   +169.7 | 0.017 -> 0.0168 | 0.017 -> 0.0168 | 0.983 | T* -> T*=SeenQ | +0.0 | 1.1e-13
seed  8 n  64 | 7 |   +273.9 | 0.012 -> 0.0123 | 0.012 -> 0.0123 | 0.988 | T* -> T*=SeenQ | +0.0 | 4.5e-13
seed  9 n   8 | 1 |    +25.6 | 0.997 -> 3.8e-08 | 0.997 -> 3.8e-08 | 1.000 | Q-lumped -> SeenQ | +32.9 | 2.8e-14
seed  9 n  16 | 3 |    +60.7 | 0.000 -> 1.1e-18 | 0.000 -> 1.1e-18 | 1.000 | DTRC(n=16) -> DTRC(n=16)=See | +0.0 | 0.0e+00
seed  9 n  32 | 6 |    +74.2 | 0.000 -> 5.27e-13 | 0.000 -> 5.27e-13 | 1.000 | T*-Q2 -> T*-Q2=SeenQ | +0.0 | 1.1e-13
seed  9 n  64 | 7 |   +288.5 | 0.012 -> 0.0123 | 0.012 -> 0.0123 | 0.988 | T* -> T*=SeenQ | +0.0 | 2.3e-13
seed 10 n   8 | 2 |     +8.9 | 1.000 -> 0.00206 | 1.000 -> 0.00206 | 0.998 | Q-lumped -> SeenQ | +31.7 | 0.0e+00
seed 10 n  16 | 4 |    +17.8 | 0.000 -> 4.34e-06 | 0.000 -> 4.34e-06 | 1.000 | DTRC(n=16) -> DTRC(n=16)=See | -0.0 | 0.0e+00
seed 10 n  32 | 5 |    +52.8 | 0.951 -> 0.000684 | 0.951 -> 0.000684 | 0.999 | skel6 -> SeenQ | +14.8 | 1.1e-13
seed 10 n  64 | 6 |   +250.4 | 0.000 -> 9.85e-08 | 0.000 -> 9.85e-08 | 1.000 | T*-Q1 -> T*-Q1=SeenQ | +0.0 | 2.3e-13
seed 11 n   8 | 3 |     +0.7 | 1.000 -> 0.384 | 1.000 -> 0.384 | 0.616 | Q-lumped -> SeenQ | +28.8 | 0.0e+00
seed 11 n  16 | 5 |    -12.1 | 1.000 -> 1 | 1.000 -> 1 | 0.000 | Q-lumped -> Q-lumped | -0.0 | 1.1e-13
seed 11 n  32 | 5 |    +70.1 | 0.000 -> 6.13e-18 | 0.000 -> 5.78e-18 | 1.000 | skel6 -> skel6=SeenQ | +0.0 | 1.1e-13
seed 11 n  64 | 7 |   +179.5 | 0.012 -> 0.0123 | 0.012 -> 0.0123 | 0.988 | T* -> T*=SeenQ | +0.0 | 2.3e-13
seed 12 n   8 | 1 |    +27.1 | 1.000 -> 1.34e-08 | 1.000 -> 1.34e-08 | 1.000 | Q-lumped -> SeenQ | +52.0 | 5.7e-14
seed 12 n  16 | 3 |    +18.5 | 0.000 -> 5.35e-06 | 0.000 -> 5.35e-06 | 1.000 | DTRC(n=16) -> DTRC(n=16)=See | -0.0 | 1.1e-13
seed 12 n  32 | 5 |    +25.1 | 0.002 -> 5.44e-08 | 0.002 -> 5.44e-08 | 1.000 | T*-Q2 -> SeenQ | +14.8 | 1.1e-13
seed 12 n  64 | 7 |   +180.1 | 0.012 -> 0.0123 | 0.012 -> 0.0123 | 0.988 | T* -> T*=SeenQ | +0.0 | 0.0e+00
seed 13 n   8 | 3 |    +19.3 | 1.000 -> 3.01e-06 | 1.000 -> 3.01e-06 | 1.000 | Q-lumped -> SeenQ | +47.4 | 2.8e-14
seed 13 n  16 | 5 |     +8.2 | 0.007 -> 0.00653 | 0.007 -> 0.00653 | 0.993 | DTRC(n=16) -> DTRC(n=16)=See | +0.0 | 0.0e+00
seed 13 n  32 | 7 |    +57.5 | 0.017 -> 0.0168 | 0.017 -> 0.0168 | 0.983 | T* -> T*=SeenQ | +0.0 | 1.1e-13
seed 13 n  64 | 7 |   +238.9 | 0.012 -> 0.0123 | 0.012 -> 0.0123 | 0.988 | T* -> T*=SeenQ | +0.0 | 2.3e-13
seed 14 n   8 | 3 |     +9.6 | 1.000 -> 0.00262 | 1.000 -> 0.00262 | 0.997 | Q-lumped -> SeenQ | +72.6 | 2.8e-14
seed 14 n  16 | 5 |    +40.8 | 0.000 -> 5.12e-05 | 0.000 -> 5.12e-05 | 1.000 | DTRC(n=16) -> DTRC(n=16)=See | +0.0 | 5.7e-14
seed 14 n  32 | 6 |   +105.7 | 0.000 -> 4.26e-08 | 0.000 -> 4.26e-08 | 1.000 | T*-Q2 -> T*-Q2=SeenQ | +0.0 | 1.1e-13
seed 14 n  64 | 7 |   +220.5 | 0.012 -> 0.0123 | 0.012 -> 0.0123 | 0.988 | T* -> T*=SeenQ | +0.0 | 2.3e-13
seed 15 n   8 | 2 |     +8.9 | 0.002 -> 0.00206 | 0.002 -> 0.00206 | 0.998 | DTRC(n=16) -> DTRC(n=16)=See | +0.0 | 0.0e+00
seed 15 n  16 | 2 |    +30.8 | 0.000 -> 5.4e-10 | 0.000 -> 5.4e-10 | 1.000 | DTRC(n=16) -> DTRC(n=16)=See | -0.0 | 5.7e-14
seed 15 n  32 | 4 |    +91.0 | 0.000 -> 1.17e-21 | 0.000 -> 1.17e-21 | 1.000 | T*-Q3 -> SeenQ | +29.7 | 1.1e-13
seed 15 n  64 | 6 |   +227.4 | 0.000 -> 7.39e-08 | 0.000 -> 7.39e-08 | 1.000 | T*-Q4 -> T*-Q4=SeenQ | +0.0 | 2.3e-13
seed 16 n   8 | 3 |     +6.7 | 1.000 -> 0.00931 | 1.000 -> 0.00931 | 0.991 | Q-lumped -> SeenQ | +61.1 | 5.7e-14
seed 16 n  16 | 6 |    +40.1 | 0.000 -> 5.43e-07 | 0.000 -> 5.11e-07 | 1.000 | T*-Q6 -> T*-Q6=SeenQ | -0.0 | 1.1e-13
seed 16 n  32 | 6 |   +166.7 | 0.000 -> 2.81e-07 | 0.000 -> 2.81e-07 | 1.000 | T*-Q6 -> T*-Q6=SeenQ | -0.0 | 0.0e+00
seed 16 n  64 | 7 |   +299.7 | 0.012 -> 0.0123 | 0.012 -> 0.0123 | 0.988 | T* -> T*=SeenQ | -0.0 | 2.3e-13
seed 17 n   8 | 4 |     -8.9 | 0.999 -> 0.999 | 0.999 -> 0.999 | 0.001 | skel4 -> skel4 | +0.0 | 0.0e+00
seed 17 n  16 | 4 |    +90.3 | 0.000 -> 5.29e-21 | 0.000 -> 5.29e-21 | 1.000 | DTRC(n=16) -> DTRC(n=16)=See | +0.0 | 1.1e-13
seed 17 n  32 | 7 |   +128.3 | 0.017 -> 0.0168 | 0.017 -> 0.0168 | 0.983 | T* -> T*=SeenQ | +0.0 | 0.0e+00
seed 17 n  64 | 7 |   +446.3 | 0.012 -> 0.0123 | 0.012 -> 0.0123 | 0.988 | T* -> T*=SeenQ | +0.0 | 4.5e-13
seed 18 n   8 | 3 |    +18.4 | 1.000 -> 5.87e-06 | 1.000 -> 5.87e-06 | 1.000 | Q-lumped -> SeenQ | +46.4 | 0.0e+00
seed 18 n  16 | 5 |    +10.4 | 0.002 -> 0.00214 | 0.002 -> 0.00214 | 0.998 | DTRC(n=16) -> DTRC(n=16)=See | -0.0 | 0.0e+00
seed 18 n  32 | 6 |    +32.6 | 0.000 -> 4.29e-08 | 0.000 -> 4.29e-08 | 1.000 | T*-Q2 -> T*-Q2=SeenQ | -0.0 | 0.0e+00
seed 18 n  64 | 6 |   +223.3 | 0.000 -> 2.79e-13 | 0.000 -> 2.77e-13 | 1.000 | T*-Q2 -> T*-Q2=SeenQ | +0.0 | 0.0e+00
seed 19 n   8 | 1 |    +22.4 | 1.000 -> 1.77e-07 | 1.000 -> 1.77e-07 | 1.000 | Q-lumped -> SeenQ | +85.1 | 2.8e-14
seed 19 n  16 | 4 |    +21.4 | 0.000 -> 3.58e-07 | 0.000 -> 3.58e-07 | 1.000 | DTRC(n=16) -> DTRC(n=16)=See | +0.0 | 0.0e+00
seed 19 n  32 | 5 |    +56.9 | 0.000 -> 3.58e-17 | 0.000 -> 2.81e-17 | 1.000 | skel6 -> skel6=SeenQ | +0.0 | 0.0e+00
seed 19 n  64 | 5 |   +122.4 | 0.000 -> 1.06e-17 | 0.000 -> 1.06e-17 | 1.000 | skel6 -> skel6=SeenQ | +0.0 | 0.0e+00
seed 20 n   8 | 2 |    +17.2 | 1.000 -> 1.36e-05 | 1.000 -> 1.36e-05 | 1.000 | Q-lumped -> SeenQ | +49.3 | 5.7e-14
seed 20 n  16 | 4 |    +75.4 | 0.000 -> 5.53e-23 | 0.000 -> 5.53e-23 | 1.000 | DTRC(n=16) -> DTRC(n=16)=See | +0.0 | 0.0e+00
seed 20 n  32 | 6 |   +105.0 | 0.000 -> 5.27e-13 | 0.000 -> 5.27e-13 | 1.000 | T*-Q2 -> T*-Q2=SeenQ | +0.0 | 1.1e-13
seed 20 n  64 | 7 |   +252.3 | 0.012 -> 0.0123 | 0.012 -> 0.0123 | 0.988 | T* -> T*=SeenQ | +0.0 | 2.3e-13
seed 21 n   8 | 3 |    +16.8 | 1.000 -> 8.78e-06 | 1.000 -> 8.78e-06 | 1.000 | Q-lumped -> SeenQ | +72.6 | 0.0e+00
seed 21 n  16 | 5 |    +33.7 | 0.000 -> 7.22e-11 | 0.000 -> 7.22e-11 | 1.000 | DTRC(n=16) -> DTRC(n=16)=See | -0.0 | 0.0e+00
seed 21 n  32 | 5 |   +133.2 | 0.000 -> 5.61e-17 | 0.000 -> 5.61e-17 | 1.000 | DTRC(n=16) -> DTRC(n=16)=See | +0.0 | 2.3e-13
seed 21 n  64 | 7 |   +343.4 | 0.012 -> 0.0123 | 0.012 -> 0.0123 | 0.988 | T* -> T*=SeenQ | -0.0 | 6.8e-13
seed 22 n   8 | 2 |    +20.6 | 1.000 -> 1.24e-06 | 1.000 -> 1.24e-06 | 1.000 | Q-lumped -> SeenQ | +68.7 | 5.7e-14
seed 22 n  16 | 4 |     -0.1 | 0.680 -> 0.68 | 0.680 -> 0.68 | 0.320 | Q-lumped -> Q-lumped | +0.0 | 0.0e+00
seed 22 n  32 | 6 |    +62.1 | 0.000 -> 4.97e-13 | 0.000 -> 4.87e-13 | 1.000 | T*-Q7 -> T*-Q7=SeenQ | +0.0 | 0.0e+00
seed 22 n  64 | 7 |   +266.1 | 0.012 -> 0.0123 | 0.012 -> 0.0123 | 0.988 | T* -> T*=SeenQ | +0.0 | 4.5e-13
seed 23 n   8 | 3 |     +3.9 | 0.999 -> 0.0614 | 0.999 -> 0.0614 | 0.939 | Q-lumped -> SeenQ | +14.7 | 2.8e-14
seed 23 n  16 | 4 |    +74.7 | 0.000 -> 3.73e-23 | 0.000 -> 3.72e-23 | 1.000 | DTRC(n=16) -> DTRC(n=16)=See | +0.0 | 0.0e+00
seed 23 n  32 | 5 |   +147.4 | 0.000 -> 5.61e-17 | 0.000 -> 5.61e-17 | 1.000 | skel6 -> skel6=SeenQ | +0.0 | 1.1e-13
seed 23 n  64 | 6 |   +366.4 | 0.000 -> 1.48e-07 | 0.000 -> 1.48e-07 | 1.000 | T*-Q6 -> T*-Q6=SeenQ | -0.0 | 4.5e-13
seed 24 n   8 | 2 |    +16.6 | 1.000 -> 2.06e-05 | 1.000 -> 2.06e-05 | 1.000 | Q-lumped -> SeenQ | +88.2 | 2.8e-14
seed 24 n  16 | 5 |    +28.1 | 0.000 -> 7.07e-09 | 0.000 -> 7.07e-09 | 1.000 | DTRC(n=16) -> DTRC(n=16)=See | +0.0 | 1.1e-13
seed 24 n  32 | 6 |   +126.7 | 0.000 -> 5.27e-13 | 0.000 -> 5.27e-13 | 1.000 | T*-Q2 -> T*-Q2=SeenQ | -0.0 | 2.3e-13
seed 24 n  64 | 7 |   +387.7 | 0.012 -> 0.0123 | 0.012 -> 0.0123 | 0.988 | T* -> T*=SeenQ | +0.0 | 0.0e+00

max |own - track| on the Q-lumped log score: 6.82e-13
n = 8: seeds where a delta = 0.05 verifier accepts a false probe: track pool 18/25, pool + SeenQ 1/25
n = 16: seeds where a delta = 0.05 verifier accepts a false probe: track pool 3/25, pool + SeenQ 3/25
n = 32: seeds where a delta = 0.05 verifier accepts a false probe: track pool 2/25, pool + SeenQ 0/25
n = 64: seeds where a delta = 0.05 verifier accepts a false probe: track pool 0/25, pool + SeenQ 0/25
seeds 0-4: accepting at some n <= 32: track pool [1, 2, 4], pool + SeenQ [1, 4]
all 25 seeds: accepting at some n in [8, 16, 32, 64]: track pool 19/25, pool + SeenQ 4/25
