r2_detour: calculus {cite, forall-elim, and-intro, and-elim} with and-rules on quantified formulas
(1) analytic spine formulas against Monte Carlo (N = 400000 derivations per theory)
  p_c=0.30 c=0.30 a=0.20 e=0.20 (mean offspring 0.90)
    forall Z: exact 0.43777 MC 0.43931 (z +1.97) | P(instance): exact 0.09330 MC 0.09335 (z +0.11) | D = 1.01815 | truncated 0 | chi2(6 cells, instance term law = Q) 1.7
    sigma  Z: exact 0.32548 MC 0.32587 (z +0.53) | P(instance): exact 0.30401 MC 0.30445 (z +0.61) | D = 1.01337 | truncated 0 | chi2(6 cells, instance term law = Q) 3.3
    per-instance ratio P_forall/P_sigma: R = 0.30689  (c = 0.30; U3 would need R <= c);  normalised R_norm = 0.22817
  p_c=0.35 c=0.15 a=0.25 e=0.25 (mean offspring 0.90)
    forall Z: exact 0.47516 MC 0.47595 (z +1.00) | P(instance): exact 0.05587 MC 0.05589 (z +0.06) | D = 1.03160 | truncated 0 | chi2(6 cells, instance term law = Q) 2.7
    sigma  Z: exact 0.40035 MC 0.40089 (z +0.69) | P(instance): exact 0.35923 MC 0.35987 (z +0.85) | D = 1.02636 | truncated 0 | chi2(6 cells, instance term law = Q) 4.1
    per-instance ratio P_forall/P_sigma: R = 0.15553  (c = 0.15; U3 would need R <= c);  normalised R_norm = 0.13104
  p_c=0.40 c=0.40 a=0.10 e=0.10 (mean offspring 0.70)
    forall Z: exact 0.60069 MC 0.60172 (z +1.34) | P(instance): exact 0.16195 MC 0.16223 (z +0.48) | D = 1.00608 | truncated 0 | chi2(6 cells, instance term law = Q) 5.4
    sigma  Z: exact 0.41935 MC 0.41957 (z +0.28) | P(instance): exact 0.40169 MC 0.40216 (z +0.60) | D = 1.00423 | truncated 0 | chi2(6 cells, instance term law = Q) 1.7
    per-instance ratio P_forall/P_sigma: R = 0.40317  (c = 0.40; U3 would need R <= c);  normalised R_norm = 0.28146

(2) grid over (p_c, c, a, e), step 0.025, all positive, sum 1
  9139 parameter points; R > c (U3 factor fails) at 9139 of them
  max R = 0.9250 at (p_c, c, a, e) = (0.025, 0.925, 0.025, 0.025)   [R < 1: direction of Thm B survives]
  max R/c = 1.0494 at (0.35000000000000003, 0.025, 0.35000000000000003, 0.275)
  max normalised ratio R_norm = 0.4802 at (0.025, 0.925, 0.025, 0.025)

(3) direct Monte Carlo test of R > c at (p_c, c, a, e) = (0.35, 0.15, 0.25, 0.25), N = 2000000 per theory
    MC ratio of instance masses R = 0.15623 +- 0.00048; analytic 0.15553; c = 0.15; (R - c)/se = 13.1
