r3_noguard: C_open with c=0.3 g=0.2 rho=0.1, numerals q=0.5; closed-instance data
(1) exact laws of the root splits R_k against Monte Carlo (400000 derivations each)
  R_1 weights [0.5]/0.50: MC vs exact z-scores (success, phi(0..5)): +0.14 +2.19 -1.54 -0.55 -1.11 -0.20 -1.84
  R_2 weights [0.3, 0.2]/0.50: MC vs exact z-scores (success, phi(0..5)): -1.03 -1.06 +0.06 -0.58 -0.59 +1.85 +0.51
  max |z| = 2.19
(2) expected per-datum log-likelihood relative to the true law (nats; 0 is best):
  H_forall -1.5717   H_open -0.1252
  R_1 at best fixed weights -0.0626   (R_1 - H_open = +0.0626 per datum)
  R_2 at best fixed weights -0.0313   (R_2 - H_open = +0.0939 per datum)
  R_3 at best fixed weights -0.0156   (R_3 - H_open = +0.1095 per datum)
  R_4 at best fixed weights -0.0078   (R_4 - H_open = +0.1173 per datum)
(3) mean posterior over 40 seeds; provers (pure logic): H_forall, H_open; non-provers: R_k, memorisers
  class {H_forall, H_open, R_1}
     n:                    0      10      30     100     300    1000    3000
     P(T |- Ax phi):    0.999   0.992   0.997   0.880   0.000   0.000   0.000
     H_forall          0.333   0.000   0.000   0.000   0.000   0.000   0.000
     H_open            0.666   0.992   0.997   0.880   0.000   0.000   0.000
     R_1               0.001   0.008   0.003   0.120   1.000   1.000   1.000
  class full (+R_2, R_3, memorisers)
     n:                    0      10      30     100     300    1000    3000
     P(T |- Ax phi):    0.600   0.974   0.997   0.879   0.000   0.000   0.000
     H_forall          0.200   0.000   0.000   0.000   0.000   0.000   0.000
     H_open            0.400   0.974   0.997   0.879   0.000   0.000   0.000
     R_1               0.000   0.002   0.003   0.120   0.547   0.000   0.000
     R_2               0.000   0.000   0.000   0.001   0.452   0.021   0.000
     R_3               0.000   0.000   0.000   0.000   0.001   0.979   1.000
     memo              0.400   0.025   0.000   0.000   0.000   0.000   0.000
(4) L1-sel (conditioned on "closed instance"): H_forall and H_open both reduce to the true law; R_k to a
    weighted family containing it.  Mean posterior over 40 seeds, full class:
     n:                    0      10      30     100     300    1000    3000
     P(T |- Ax phi):    0.600   0.977   1.000   1.000   1.000   1.000   1.000
     H_forall          0.200   0.326   0.333   0.333   0.333   0.333   0.333
     H_open            0.400   0.651   0.666   0.667   0.667   0.667   0.667
     R_1               0.000   0.001   0.000   0.000   0.000   0.000   0.000
     R_2               0.000   0.000   0.000   0.000   0.000   0.000   0.000
     R_3               0.000   0.000   0.000   0.000   0.000   0.000   0.000
     memo              0.400   0.023   0.000   0.000   0.000   0.000   0.000
