r4_sentences: C_min, c = 0.3, L1-norm, numerals q = 0.5, phi = 0+x=x
  sampler check Split_1: z-scores (success, phi(0..5)): -1.41 -1.68 +0.41 -0.18 +0.73 -1.78 +0.05
  sampler check Split_3: z-scores (success, phi(0..5)): -1.00 +0.20 +0.54 -0.09 -0.48 -1.29 -1.95
  max |z| = 1.95
per-datum expected log-likelihood relative to the true law (best fixed weights):
  H_forall -1.4663
  notes U16(b) ratios Split:H_forall at theta = 1/2: 3.768 at phi(0), 1.130 at phi(St); mean log 0.725 nats
  Split_1 -0.7332
  Split_2 -0.3666
  Split_3 -0.1833
  Split_4 -0.0916
  Split_6 -0.0229
mean posterior over 40 seeds (prior 2^-(symbols + 1 per axiom + 1 per Laplace weight))
  class {H_forall, Split_1} (Both0 omitted)
     n:                0      20     100     500    2000   10000
     H_forall      0.999   0.007   0.000   0.000   0.000   0.000
     Split_1       0.001   0.993   1.000   1.000   1.000   1.000
  class + Split_2..4
     n:                0      20     100     500    2000   10000
     H_forall      0.999   0.004   0.000   0.000   0.000   0.000
     Split_1       0.001   0.743   0.000   0.000   0.000   0.000
     Split_2       0.000   0.251   0.002   0.000   0.000   0.000
     Split_3       0.000   0.002   0.606   0.000   0.000   0.000
     Split_4       0.000   0.000   0.392   1.000   1.000   1.000
  class + Split_2..4 + memorisers
     n:                0      20     100     500    2000   10000
     H_forall      0.500   0.004   0.000   0.000   0.000   0.000
     Split_1       0.000   0.723   0.000   0.000   0.000   0.000
     Split_2       0.000   0.235   0.002   0.000   0.000   0.000
     Split_3       0.000   0.002   0.568   0.000   0.000   0.000
     Split_4       0.000   0.000   0.382   0.894   0.017   0.000
     memo          0.500   0.037   0.048   0.106   0.983   1.000
