c1_diagonal  (seed 4242, N = 2000)
Part A: cumulative log loss of each predictor on its own diagonal labels; claim loss_n >= n - 1/(2 ln 2) = n - 0.7213 for every n <= N (exact mode: >= n).
predictor      mode           loss_N - N   min_n (loss_n - n)   #ones  verdict
KT             exact              5.8088             0.000000    1000  ok
KT             random             5.8088             0.000000    1000  ok
KT             adversarial        5.8088             0.000000    1000  ok
Laplace        exact              5.1577             0.000000    1000  ok
Laplace        random             5.1577             0.000000    1000  ok
Laplace        adversarial        5.1577             0.000000    1000  ok
markov-mix     exact              7.7519             0.000000    1000  ok
markov-mix     random             7.7495             0.000000    1000  ok
markov-mix     adversarial        7.7495             0.000000    1000  ok
periodic-FI    exact              0.2223             0.000000       6  ok
periodic-FI    random             0.2223             0.000000      25  ok
periodic-FI    adversarial        0.2223             0.000000       3  ok
late-start-S   exact              6.6576             0.000000    1000  ok
late-start-S   random             6.7675             0.000000    1000  ok
late-start-S   adversarial        6.7108             0.000000    1000  ok
deficient      exact            309.8150             0.152003    1000  ok
deficient      random           309.8150             0.152003    1000  ok
deficient      adversarial      309.8150             0.152003    1000  ok
near-half      exact              0.3376             0.172181       0  ok
near-half      random             0.3376             0.172181       2  ok
near-half      adversarial       -0.3132            -0.313159       1  ok
index-reader   exact           4643.8562             2.321928    1000  ok
index-reader   random          4643.8562             2.321928    1000  ok
index-reader   adversarial     4643.8562             2.321928    1000  ok
Part A verdict: all bounds hold

Part B: D(n) recomputed from scratch for n <= 150; the label of s_j inside D(n) must equal D(j).
  KT, exact: D(1..150) == single-pass labels: True
  KT, random: D(1..150) == single-pass labels: True
Part B verdict: consistent

Part C: sum_(j>=1) log2(1 + 2^-(j+1)) = 0.668562 <= 1/(2 ln 2) = 0.721348: True
