c2_padding  (seed 777, enumerator budget 3000000 cost units)

f        pad     #ax    f-steps/|phi|  dec/|chi|  end/|a_i|  end/|a_i|^2   end/cum  members  non-mem  rerun
fast     work    178    0.25..    0.7     1.1486      82.36     1.53e-02     1.135     True     True   True
fast     all       6    0.25..    0.4     1.1486       1.14     1.53e-02     1.135     True     True   True
fast     none  11772    0.25..    0.8     1.0769   11406.86     4.34e+01     1.909     True     True      -
quad     work    110    0.25..    4.0     1.1463      51.97     1.49e-02     1.118     True     True   True
quad     all       6    0.25..    0.8     1.1435       1.14     1.31e-02     1.118     True     True   True
quad     none   2071    0.25..    8.6     1.0883    1822.78     1.13e+00     1.769     True     True      -
exp2     work     92    0.50..    7.1     1.1463      36.09     9.25e-03     1.138     True     True   True
exp2     all       6    0.50..    0.8     1.1463       1.14     9.25e-03     1.138     True     True   True
exp2     none    687    0.50..   42.7     1.0958     388.10     2.05e-01     1.944     True     True      -
partial  work    118    1.00..    1.0     1.1446      46.68     5.05e-03     1.140     True     True   True
partial  all       6    1.00..    1.0     1.1446       1.14     4.71e-03     1.140     True     True   True
partial  none   3526    1.00..    1.0     1.1000   10528.54     3.69e+01     3.573     True     True      -
exp4     work     22    1.00..   36.6     1.1446       8.24     6.14e-03     1.140     True     True   True
exp4     all       6    1.00..    3.2     1.1446       1.14     4.71e-03     1.140     True     True   True
exp4     none     62    1.00..  128.0     1.1250      88.64     1.05e-01    10.028     True     True      -

Columns: dec/|chi| = max decider work / |chi| (P1); end/|a_i| and end/|a_i|^2 = max completion time of a_i
relative to its length (P2 strict); end/cum = max completion time / cumulative output length (P2 cumulative).
Expected: dec/|chi| <= 2 in every row; 'work': end/cum <= 2 and end/|a_i|^2 <= 1; 'all': end/|a_i| <= 2;
'none' (unpadded Craig): end/|a_i| large, and end/cum large for slow f.  f-steps/|phi| shows f's own speed.
verdict: all checks pass
