c3_certificate  (seed 31337)
(1) unique parsing on 3000 random (psi, c): True
(2) decider accepts the right polarity, rejects wrong polarity and tampered certificates: True
(3) |chi| <= |psi| + 12|c| + 20: True;  |c| <= 3|phi| + 8: True  (all 210 cases)

 |phi|  mean |chi|  |chi|/|phi|   max work  work/|chi|^3  max trial-div steps  Craig axiom len ~ k|phi|
    14       273.0        19.50        417      2.05e-05                   42                  5.88e+02
    15       287.5        19.17        429      2.07e-05                   58                  8.70e+02
    22       440.5        20.02        683      8.07e-06                  576                  1.27e+04
    23       472.0        20.52        722      7.65e-06                  995                  2.29e+04
    30       623.0        20.77        959      3.97e-06                11482                  3.44e+05
    31       640.7        20.67        996      3.95e-06                14890                  4.62e+05
    38       798.0        21.00       1230      2.42e-06               137592                  5.23e+06
    39       823.4        21.11       1262      2.50e-06               199428                  7.78e+06
    46       969.0        21.07       1497      1.65e-06              2432118                  1.12e+08
    47       995.3        21.18       1532      1.65e-06              3601042                  1.69e+08
    54      1139.0        21.09       1763      1.19e-06             39129366                  2.11e+09
    55      1172.1        21.31       1828      1.17e-06             61375128                  3.38e+09
    62      1333.5        21.51       2061      8.78e-07            706108060                  4.38e+10
    63      1351.5        21.45       2097      8.95e-07           1049571797                  6.61e+10

(4) decider work <= |chi|^3 on every case: True
(5) the last two columns: trial division (a deterministic assigner) needs up to ~2^(|phi|/2) steps on
    semiprimes, so its Craig axioms are exponentially long, while the certificate axioms stay ~linear in |phi|.
verdict: all checks pass
