ok   c1 row T_Ind CVI                               | T_Ind | CVI | 63 | 204 | 14 | 1483.6 | 1468.0 | 1551.2 |
ok   c1 row T_Ind LNP                               | T_Ind | LNP | 82 | 332 | 33 | 2249.6 | 2234.1 | 2341.8 |
ok   c1 row T_CVI Ind                               | T_CVI | Ind | 39 | 127 | 18 | 896.0 | 880.4 | 945.1 |
ok   c1 row T_CVI LNP                               | T_CVI | LNP | 20 | 117 | 20 | 662.0 | 646.4 | 676.9 |
ok   c1 row T_LNP Ind                               | T_LNP | Ind | 65 | 253 | 38 | 1707.7 | 1692.1 | 1792.3 |
ok   c1 row T_LNP CVI                               | T_LNP | CVI | 27 | 128 | 21 | 773.1 | 757.5 | 799.1 |
ok   c1 decodable increase                          4.8–7.3%
ok   c1 template priors                             Ind 72 bits, CVI 81, LNP 86
ok   c1 break-even                                  T_Ind beats T_CVI iff p_CVI/p_Ind < 0.600; T_Ind beats T_LNP iff p_LNP/p_Ind < 0.757; T_CVI /     beats T_LNP 
ok   c1 break-even decodable                        the three ratios are 0.609, 0.765 and 1.180
ok   c1 naive break-even                            the first ratio is 0.671, 0.776, 0.900 and 1.052
ok   c1 lower-bound sizes                           log₂10 + 11β ≈ 53 bits more than citing CVI(P)
ok   c1 naive CVI|T_Ind                             1621, 1915, 2515, 3832
ok   c1 naive Ind|T_CVI                             1088, 1487, /   2264, 4030
ok   c1 recursion conventions                       Q4 in T_left 213.8 bits, Q5 in T_left 593.4, Q4L in / T_right 213.8, Q5L in T_right 545.1
ok   c1 ZF SepJ from ReplJ                          1209
ok   c1 ZF ReplK from Coll                          574
ok   c1 ZF ReplJ from Coll\+SepJ                    1432
ok   c1 ZF Found from EInd                          758
ok   c2 G1 row n=1000                               | 1000 | −223.0 | +2325.3 | +2700.6 | +770.0 | +1676.6 | +709.8 |
ok   c2 G1 row n=4000                               | 4000 | −3526.0 | +2300.6 | +2815.5 | +767.9 | +2569.0 | +549.2 |
ok   c2 G1 row n=16000                              | 16000 | −16466.1 | −1198.5 | −3035.6 | +765.8 | +3724.6 | −301.8 |
ok   c2 G1 row n=64000                              | 64000 | −68242.6 | −19783.4 | −34412.3 | +763.8 | +4836.8 | −3583.1 |
ok   c2 G1 row n=256000                             | 256000 | −274655.9 | −94088.5 | −163027.5 | +761.9 | +5985.9 | −17241.7 |
ok   c2 G2 row n=1000                               | G2 | 1000 | −926.0 | +1129.8 | +1417.1 | +403.7 | +870.1 | +236.5 | +769.9 |
ok   c2 G2 row n=16000                              | G2 | 16000 | −21484.6 | +1035.8 | +2805.3 | +393.7 | +1566.1 | −2341.2 | +765.8 |
ok   c2 G2 row n=256000                             | G2 | 256000 | −350773.1 | −12391.6 | +4289.5 | +383.7 | +2346.1 | −45211.8 | +761.8 |
ok   c2 G3 row n=1000                               | G3 | 1000 | −1300.8 | +772.5 | +543.0 | +284.6 | +931.3 | +270.0 | +769.7 |
ok   c2 G3 row n=16000                              | G3 | 16000 | −24985.6 | −3058.9 | −9258.6 | +272.8 | +1736.6 | −246.7 | +765.8 |
ok   c2 G3 row n=256000                             | G3 | 256000 | −404445.7 | −75061.9 | −186306.5 | +260.8 | +2564.9 | −7814.9 | +761.9 |
ok   c2 identity example                            +770.0 and +770.015
ok   c2 u7 reproduction G2                          G2: −915, +1141, +1428 after rounding
ok   detour not                                     | ¬¬P | 17 | 409.9 |
ok   detour and                                     | P∧P | 17 | 441.6 |
ok   detour or                                      | P∨P | 17 | 441.6 |
ok   detour imp                                     | (0=0)→P | 19 | 488.9 |
ok   detour all                                     | ∀zP | 17 | 369.2 |
ok   detour ex                                      | ∃zP | 19 | 425.6 |
ok   tower rho=.5 n=1e5                             (16 at n = 10⁵ for ρ = ½; logarithmic drift). The posterior /   probability that the next datum is unprovable 
ok   tower misspecified                             (0.2637 bits per datum)
ok   tower L_eps                                    (674.0 bits)
ok   c4 row A root  Q+T_f (7 roots)                 | root split (7 T_f) | +776.4 | +773.6 | +772.7 | +771.4 | +769.9 | +768.3 |
ok   c4 row A spare Q+T_Ind+(F->F)                  | spare Q+T_Ind+(F→F) | +15.9 | +16.6 | +17.4 | +18.2 | +19.0 | +19.8 |
ok   c4 row A mem   Q+instances                     | memorise instances | +1792.3 | +5392.7 | +15901.1 | +41418.2 | +133845.4 | +399693.6 |
ok   c4 row A over  Q+T_Linf                        | over-general Q+T_L∞ | +549.5 | +1500.6 | +3832.5 | +8964.3 | +27876.8 | +82717.0 |
ok   c4 row A lumpQ F0+T_Ind                        | lump F₀+T_Ind | −174.7 | −42.0 | +319.3 | +1048.9 | +3205.5 | +8929.8 |
ok   c4 row A bare  F0                              | bare F₀ | +584.0 | +2148.6 | +6067.9 | +14712.6 | +46251.0 | +137387.5 |
ok   c4 row B split by head of t (sound)            | split by head of t (0, S, +, ·): sound | +115.5 | +109.1 | +101.0 | +93.3 | +84.6 | +76.7 |
ok   c4 row B mem     instances                     | memorise instances | +519.5 | +1263.8 | +3749.9 | +12204.1 | +34023.6 | +83197.3 |
ok   c4 row B over    z1+0=z2                       | over-general z₁+0=z₂ | +145.5 | +351.5 | +927.2 | +2618.8 | +7975.5 | +22702.2 |
ok   c4 row B L1: Ax(x+0=x) + forall-E              | ∀x(x+0=x), one ∀E step per datum, fixed rule code | +38.2 | +104.7 | +337.2 | +1001.6 | +3326.9 | +9970.8 |
ok   c4 mass true n=10,30                           2.607·10⁻⁵³ at n = 10, 2.204·10⁻¹³ at n = 30
ok   c4 spare n=100                                 5.808·10⁻⁶ at n = 100
ok   c4 lump n=100                                  (7.679·10⁻⁹⁷)
ok   c4 spare with negatives                        ≥ 1 − 1.6·10⁻⁵ from n = 10 on
ok   euler rho .9                                   flat /     grammar: 51445 and 314225
ok   euler rho .97                                  1.8·10⁶ bits at n = 10⁶
ok   euler P_depth                                  (5.00·10⁻⁷ at n = 10⁶)
ok   c6 snx                                         | snx | ∀x ¬Sx=x | 7 | 11 | 224.6 | 38.2 | 5.9 | 31.2 |
ok   c6 mul0                                        | mul0 | ∀x 0·x=0 | 7 | 14 | 281.3 | 38.2 | 7.4 | 39.3 |
ok   c6 add0l                                       | add0l | ∀x 0+x=x | 7 | 11 | 220.1 | 38.2 | 5.8 | 30.5 |
ok   c6 addSl                                       | addSl | ∀a∀v Sa+v=S(a+v) | 13 | 23 | 576.0 | 65.3 | 8.8 | 43.8 |
ok   c6 comm                                        | comm | ∀q∀x x+q=q+x | 11 | 55 | 1358.6 | 56.3 | 24.2 | 122.9 |
ok   c6 assoc                                       | assoc | ∀a∀b∀x (a+b)+x=a+(b+x) | 17 | 27 | 793.4 | 83.4 | 9.5 | 46.3 |
ok   c6 lemma reuse                                 derived in-line costs / 1358.6 bits; with the lemmas adopted as axioms, 504.7 bits. The lemmas cost 90.5 bits 
ok   c6 compress Ind 21                             | Ind | 21 | 101.5 (a citation) | 431.7 | = derive |
ok   c6 compress Ind 429                            | Ind | 429 | 1947.1 (a citation) | 8053.9 | = derive |
ok   c6 compress CVI 20                             | CVI | 20 | 1565.0 | 332.2 | 97.0 (+81 once) |
ok   c6 compress CVI 418                            | CVI | 418 | 3365.4 | 5733.3 | 1897.3 (+81 once) |
ok   c6 compress LNP 21                             | LNP | 21 | 2335.5 | 350.3 | 101.5 (+86 once) |
ok   c6 compress LNP 400                            | LNP | 400 | 4050.0 | 5493.6 | 1815.9 (+86 once) |
ok   c6 stream u=0.0 n=10                           | 0 | 10 | −4905 | −4978 | Q + library |
ok   c6 stream u=0.0 n=1000                         | 0 | 1000 | −561857 | −562036 | Q + library |
ok   c6 stream u=0.1 n=10                           | 0.1 | 10 | −2999 | −2574 | T_Ind + library |
ok   c6 stream u=0.1 n=1000                         | 0.1 | 1000 | −513380 | −489898 | T_Ind + library |
ok   c6 stream u=0.5 n=1000                         | 0.5 | 1000 | −285950 | −147800 | T_Ind + library |
ok   c7 n=1e3                                       | 10³ | 3321.9 | 2004.0 | 41.1 |
ok   c7 n=1e6                                       | 10⁶ | 3321928.1 | 2000004.0 | 85.9 |
ok   c7 coefficient                                 (4.31·log₂n at n = 10⁶
ok   c7 mixed                                       0.469 at f = 0.9, 1.000 at f = 0.5
ok   c8 narrow seed 31                              +230.8, +212.5, +192.5, +174.6 bits at /   n = 100, 300, 1000, 3000 (seed 31)
ok   c8 crossover                                   crossover is n ≈ 2^26.7
ok   c8 G1 skeletons                                exactly 157
ok   c8 G1 skel 3000                                L(H_skel) − L(H_true) = +42838.5 bits /   (prior part +43040)
ok   c8 G1 slope                                    (164 − 8)/2 − 19·(9−1)/2 = +2.0 bits per doubling
ok   c8 112 skeletons                               With the 112 skeletons seen in 3000 data
ok   c9 shift                                       (47 lines; 1403.3 bits against a 15.4-bit citation)

87 quotes checked, 0 failed
