false k in [0,200): [40, 41, 44, 49, 56, 65, 76, 81, 82, 84, 87, 89] ...
sizes (nd.size): frame 27 symbols, m occurs 3 times; |datum(k)| = 27 + 3*(3(k+1)+45); |template| = 171
rho=0.90: mass of the false instances under the unconditioned geometric law: 0.0049
         n     m   Lmem-Lsch flat  Lmem-Lsch depth   P_flat(k=40)  P_depth(k=40)
       100    32            51445            51373       1.91e-03       4.05e-04
       300    39            69603            69494       1.80e-03       6.80e-04
      1000    47            91656            91510       1.36e-03       3.35e-04
      3000    57           124238           124057       1.34e-03       1.45e-04
     10000    66           161030           160816       1.43e-03       4.81e-05
     30000    71           180897           180773       1.42e-03       1.64e-05
    100000    81           225670           225931       1.38e-03       4.98e-06
    300000    87           257196           258737       1.38e-03       1.66e-06
   1000000    98           314225           320382       1.39e-03       5.00e-07
rho=0.97: mass of the false instances under the unconditioned geometric law: 0.0727
         n     m   Lmem-Lsch flat  Lmem-Lsch depth   P_flat(k=40)  P_depth(k=40)
       100    51           122289           122123       8.40e-03       3.28e-03
       300    82           257681           257324       8.57e-03       1.44e-03
      1000   115           452663           452250       8.57e-03       4.78e-04
      3000   135           610872           610444       8.62e-03       1.64e-04
     10000   159           828308           828421       8.61e-03       4.98e-05
     30000   176          1009962          1011926       8.61e-03       1.66e-05
    100000   198          1268027          1276929       8.61e-03       5.00e-06
    300000   224          1626202          1655345       8.60e-03       1.67e-06
   1000000   241          1820112          1920893       8.60e-03       5.00e-07
Positive differences: the posterior prefers the FALSE schema (by that many bits of log-odds).
