(1) Thm A2 on random formulas (own lgg)
   formulas 600, data sets 36000, agreement 36000, recovering 21022, disagreements []

(2) capture in the named and de Bruijn first-order encodings
   lgg of phi(0), phi(S0): ('E', ('v_y',), ('~', ('=', ('v_y',), ('?', 'g0'))))
   capture sentence ex y ~(y=y) matches the lgg: True | it is a closed instance phi(t) for a variable-free t: False
   de Bruijn lgg: ('E', ('~', ('=', ('#0',), ('?', 'g0'))))  capture E ~(#0=#0) matches: True

(3) SO-degree counterexample T = f(S0) + f(0) = f(S0) (f unary term metavariable, ground args)
   bodies enumerated (size<=7): 2278
   n=0: covering bodies 1  e.g. [('0',)]
   n=1: covering bodies 1  e.g. [('h',)]
   n=2: covering bodies 0  e.g. []
   n=3: covering bodies 0  e.g. []

(4) Ex. A8: model of Q on N u {a,b} (own implementation)
   violations: 0 []  0+a = b  0+b = b
   note Q3 at x>60 needs predecessor x-1 (standard); a = S a, b = S b.

(5) Thm A3(b) for a non-i.i.d. joint law (own lgg Monte Carlo)
   N= 2 exact 0.60477  MC 0.60240  (+-0.00691)
   N= 3 exact 0.24917  MC 0.25075  (+-0.00612)
   N= 4 exact 0.09961  MC 0.09895  (+-0.00424)
   N= 6 exact 0.01614  MC 0.01575  (+-0.00178)
   N= 8 exact 0.00269  MC 0.00310  (+-0.00073)

real	0m11.686s
user	0m11.407s
sys	0m0.024s
