== logic + HF only: clusters=8  coherence tests=108  time=1s
   cluster PowerW,UnionW  size=  2  #unrefuted min templates=1
         ∃x.∀y.(F0(y) → y∈x)
   cluster Rep            size=  8  #unrefuted min templates=1  exact(all >= target)=True  sound(some <= target)=True
   cluster EInd           size=  4  #unrefuted min templates=1  exact(all >= target)=True  sound(some <= target)=True
   cluster Sep            size=  8  #unrefuted min templates=1  exact(all >= target)=True  sound(some <= target)=True
   cluster Ext            size=  1  #unrefuted min templates=1
         (∀x.(x∈a1 ↔ x∈a2) → a1=a2)
   cluster Pair           size=  1  #unrefuted min templates=1
         ∃x.(a1∈x ∧ a2∈x)
   cluster Inf            size=  1  #unrefuted min templates=1
         ∃x.(∃y.(y∈x ∧ ∀z.¬z∈y) ∧ ∀y.(y∈x → ∃z.(z∈x ∧ ∀u.(u∈z ↔ (u∈y ∨ u=y)))))
   cluster Found          size=  1  #unrefuted min templates=1
         (∃x.x∈a1 → ∃x.(x∈a1 ∧ ∀y.(y∈x → ¬y∈a1)))
   accepts the universal-set sentence: True ; accepts Russell instance of Separation: True
== + designated closure of the learned Russell instance of Separation: clusters=9  coherence tests=123  time=71s
   cluster UnionW         size=  1  #unrefuted min templates=1
         ∃x.∀y.(∃z.(z∈a1 ∧ y∈z) → y∈x)
   cluster Rep            size=  8  #unrefuted min templates=1  exact(all >= target)=True  sound(some <= target)=True
   cluster EInd           size=  4  #unrefuted min templates=1  exact(all >= target)=True  sound(some <= target)=True
   cluster Sep            size=  8  #unrefuted min templates=1  exact(all >= target)=True  sound(some <= target)=True
   cluster Ext            size=  1  #unrefuted min templates=1
         (∀x.(x∈a1 ↔ x∈a2) → a1=a2)
   cluster Pair           size=  1  #unrefuted min templates=1
         ∃x.(a1∈x ∧ a2∈x)
   cluster PowerW         size=  1  #unrefuted min templates=1
         ∃x.∀y.(∀z.(z∈y → z∈a1) → y∈x)
   cluster Inf            size=  1  #unrefuted min templates=1
         ∃x.(∃y.(y∈x ∧ ∀z.¬z∈y) ∧ ∀y.(y∈x → ∃z.(z∈x ∧ ∀u.(u∈z ↔ (u∈y ∨ u=y)))))
   cluster Found          size=  1  #unrefuted min templates=1
         (∃x.x∈a1 → ∃x.(x∈a1 ∧ ∀y.(y∈x → ¬y∈a1)))
   accepts the universal-set sentence: False ; accepts Russell instance of Separation: True
