M1 ['refuted', 'refuted', 'refuted']
M2 ['unrefuted', 'unrefuted']
M3 ['unrefuted', 'unrefuted']
clusters: 15  coherence tests: 242
  labels=Ind            distinct=33 multiplicity=33  #unrefuted min templates=1  ((F0(0) ∧ ∀x.(F0(x) → F0(Sx))) → ∀x.F0(x))
  labels=Q2             distinct= 1 multiplicity= 5  #unrefuted min templates=1  (Sa1=Sa2 → a1=a2)
  labels=Q5             distinct= 1 multiplicity= 3  #unrefuted min templates=1  (a1*0)=0
  labels=Q3             distinct= 1 multiplicity= 4  #unrefuted min templates=1  (a1+0)=a1
  labels=Q7             distinct= 1 multiplicity= 2  #unrefuted min templates=1  (¬a1=0 → ∃x.a1=Sx)
  labels=Q6             distinct= 1 multiplicity= 5  #unrefuted min templates=1  (a1*Sa2)=((a1*a2)+a1)
  labels=M2             distinct= 1 multiplicity= 1  #unrefuted min templates=1  (((0+0)=0 ∧ ∀x.((0+x)=0 → (0+Sx)=S0)) → ∀x.(0+x)=0)
  labels=M2             distinct= 1 multiplicity= 1  #unrefuted min templates=1  ((¬S0=0 ∧ ∀x.(¬x=0 → ¬Sx=0)) → ∀x.¬x=0)
  labels=M3             distinct= 1 multiplicity= 1  #unrefuted min templates=1  (0+a1)=a1
  labels=Q4             distinct= 1 multiplicity= 3  #unrefuted min templates=1  (a1+Sa2)=S((a1+a2))
  labels=M3             distinct= 1 multiplicity= 1  #unrefuted min templates=1  ¬Sa1=a1
  labels=Q1             distinct= 1 multiplicity= 5  #unrefuted min templates=1  ¬Sa1=0
  labels=M1             distinct= 1 multiplicity= 1  #unrefuted min templates=0  (incoherent: contributes nothing)
  labels=M1             distinct= 1 multiplicity= 1  #unrefuted min templates=0  (incoherent: contributes nothing)
  labels=M1             distinct= 1 multiplicity= 1  #unrefuted min templates=0  (incoherent: contributes nothing)
robust variant: assert only clusters of multiplicity >= 2
  mistakes accepted by asserted clusters: []

absorption: J*_0 (false, unrefutable here) among non-diverse induction data Ind(n+x = n+...)
  cluster {Ind(S^n0+x=S^nx): n<3} + J*_0 coherent: True
  untrimmed unrefuted minimal templates:
      (((t0(0)+0)=t0(0) ∧ ∀x.((t0(0)+x)=t0(x) → (t0(0)+Sx)=St0(x))) → ∀x.(t0(0)+x)=t0(x))   <= T_ind: False
  untrimmed verifier accepts J*_0: True ; accepts the false J*_1 = (S0+0=S0 & Ax(S0+x=S0 -> S0+Sx=SS0)) -> Ax S0+x=S0: True
  trimmed (e=1) accepts J*_0: False ; accepts J*_1: False ; accepts the genuine Ind(S^3 0 + x = S^3 x): True

fragmentation: online order puts J*_0 next to two K_0-shaped induction data before the diverse ones
  cluster of 3: ['(((S0+0)=S0 ∧ ∀x.((S0+x)=Sx ', '(((0+0)=0 ∧ ∀x.((0+x)=0 → (0', '(((0+0)=0 ∧ ∀x.((0+x)=x → (0']  templates: ['(((t0(0)+0)=t0(0) ∧ ∀x.((t0(0)+x)=t0(x) → (t0(0)+Sx)=St0(x))']
  cluster of 3: ['(((0=0 → (0+0)=0) ∧ ∀x.((x=0', '((∀x.(x+0)=(0+x) ∧ ∀x.(∀y.(y', '((¬S0=0 ∧ ∀x.(¬Sx=0 → ¬SSx=0']  templates: ['((F0(0) ∧ ∀x.(F0(x) → F0(Sx))) → ∀x.F0(x))']
  same data, diverse instances first: [5, 1]
