== PA: Q1..Q7 + 4 induction samples ==
Q1-Q2          enumerated covering (size<=14):    1   unrefuted: 0   not above a mincov template: 0   (0.0s)
Q1-Q3          enumerated covering (size<=14):    1   unrefuted: 0   not above a mincov template: 0   (0.0s)
Q1-Q4          enumerated covering (size<=14):    1   unrefuted: 0   not above a mincov template: 0   (0.0s)
Q1-Q5          enumerated covering (size<=14):    1   unrefuted: 0   not above a mincov template: 0   (0.0s)
Q1-Q6          enumerated covering (size<=14):    1   unrefuted: 0   not above a mincov template: 0   (0.0s)
Q1-Q7          enumerated covering (size<=14):    1   unrefuted: 0   not above a mincov template: 0   (0.0s)
Q2-Q3          enumerated covering (size<=14):    1   unrefuted: 0   not above a mincov template: 0   (0.0s)
Q2-Q4          enumerated covering (size<=14):    1   unrefuted: 0   not above a mincov template: 0   (0.0s)
Q2-Q5          enumerated covering (size<=14):    1   unrefuted: 0   not above a mincov template: 0   (0.0s)
Q2-Q6          enumerated covering (size<=14):    1   unrefuted: 0   not above a mincov template: 0   (0.0s)
Q2-Q7          enumerated covering (size<=14):    2   unrefuted: 0   not above a mincov template: 0   (0.0s)
Q3-Q4          enumerated covering (size<=14):    4   unrefuted: 0   not above a mincov template: 0   (0.1s)
Q3-Q5          enumerated covering (size<=14):    2   unrefuted: 0   not above a mincov template: 0   (0.0s)
Q3-Q6          enumerated covering (size<=14):    2   unrefuted: 0   not above a mincov template: 0   (0.0s)
Q3-Q7          enumerated covering (size<=14):    1   unrefuted: 0   not above a mincov template: 0   (0.0s)
Q4-Q5          enumerated covering (size<=14):    2   unrefuted: 0   not above a mincov template: 0   (0.0s)
Q4-Q6          enumerated covering (size<=14):    2   unrefuted: 0   not above a mincov template: 0   (0.0s)
Q4-Q7          enumerated covering (size<=14):    1   unrefuted: 0   not above a mincov template: 0   (0.0s)
Q5-Q6          enumerated covering (size<=14):    4   unrefuted: 0   not above a mincov template: 0   (0.1s)
Q5-Q7          enumerated covering (size<=14):    1   unrefuted: 0   not above a mincov template: 0   (0.0s)
Q6-Q7          enumerated covering (size<=14):    1   unrefuted: 0   not above a mincov template: 0   (0.0s)
Q1-Ind0        enumerated covering (size<=14):    1   unrefuted: 0   not above a mincov template: 0   (0.0s)
Q1-Ind1        enumerated covering (size<=14):    1   unrefuted: 0   not above a mincov template: 0   (0.0s)
Q1-Ind2        enumerated covering (size<=14):    1   unrefuted: 0   not above a mincov template: 0   (0.0s)
Q1-Ind3        enumerated covering (size<=14):    1   unrefuted: 0   not above a mincov template: 0   (0.0s)
Q2-Ind0        enumerated covering (size<=14):    2   unrefuted: 0   not above a mincov template: 0   (0.0s)
Q2-Ind1        enumerated covering (size<=14):    2   unrefuted: 0   not above a mincov template: 0   (0.0s)
Q2-Ind2        enumerated covering (size<=14):    2   unrefuted: 0   not above a mincov template: 0   (0.0s)
Q2-Ind3        enumerated covering (size<=14):    2   unrefuted: 0   not above a mincov template: 0   (0.0s)
Q3-Ind0        enumerated covering (size<=14):    1   unrefuted: 0   not above a mincov template: 0   (0.0s)
Q3-Ind1        enumerated covering (size<=14):    1   unrefuted: 0   not above a mincov template: 0   (0.0s)
Q3-Ind2        enumerated covering (size<=14):    1   unrefuted: 0   not above a mincov template: 0   (0.0s)
Q3-Ind3        enumerated covering (size<=14):    1   unrefuted: 0   not above a mincov template: 0   (0.0s)
Q4-Ind0        enumerated covering (size<=14):    1   unrefuted: 0   not above a mincov template: 0   (0.0s)
Q4-Ind1        enumerated covering (size<=14):    1   unrefuted: 0   not above a mincov template: 0   (0.0s)
Q4-Ind2        enumerated covering (size<=14):    1   unrefuted: 0   not above a mincov template: 0   (0.0s)
Q4-Ind3        enumerated covering (size<=14):    1   unrefuted: 0   not above a mincov template: 0   (0.0s)
Q5-Ind0        enumerated covering (size<=14):    1   unrefuted: 0   not above a mincov template: 0   (0.0s)
Q5-Ind1        enumerated covering (size<=14):    1   unrefuted: 0   not above a mincov template: 0   (0.0s)
Q5-Ind2        enumerated covering (size<=14):    1   unrefuted: 0   not above a mincov template: 0   (0.0s)
Q5-Ind3        enumerated covering (size<=14):    1   unrefuted: 0   not above a mincov template: 0   (0.0s)
Q6-Ind0        enumerated covering (size<=14):    1   unrefuted: 0   not above a mincov template: 0   (0.0s)
Q6-Ind1        enumerated covering (size<=14):    1   unrefuted: 0   not above a mincov template: 0   (0.0s)
Q6-Ind2        enumerated covering (size<=14):    1   unrefuted: 0   not above a mincov template: 0   (0.0s)
Q6-Ind3        enumerated covering (size<=14):    1   unrefuted: 0   not above a mincov template: 0   (0.0s)
Q7-Ind0        enumerated covering (size<=14):    2   unrefuted: 0   not above a mincov template: 0   (0.0s)
Q7-Ind1        enumerated covering (size<=14):    2   unrefuted: 0   not above a mincov template: 0   (0.0s)
Q7-Ind2        enumerated covering (size<=14):    2   unrefuted: 0   not above a mincov template: 0   (0.0s)
Q7-Ind3        enumerated covering (size<=14):    2   unrefuted: 0   not above a mincov template: 0   (0.0s)
PA totals: unrefuted covering templates 0  not above mincov 0
== ZF: 6 axioms + 3 schemas (2 samples per schema) ==
Ext0-Pair0     enumerated covering (size<=14):    1   unrefuted: 0   not above a mincov template: 0   (0.0s)
Ext0-Union0    enumerated covering (size<=14):    1   unrefuted: 0   not above a mincov template: 0   (0.0s)
Ext0-Power0    enumerated covering (size<=14):    1   unrefuted: 0   not above a mincov template: 0   (0.0s)
Ext0-Inf0      enumerated covering (size<=14):    1   unrefuted: 0   not above a mincov template: 0   (0.0s)
Ext0-Found0    enumerated covering (size<=14):    2   unrefuted: 0   not above a mincov template: 0   (0.0s)
Ext0-Sep0      enumerated covering (size<=14):    1   unrefuted: 0   not above a mincov template: 0   (0.0s)
Ext0-Sep1      enumerated covering (size<=14):    1   unrefuted: 0   not above a mincov template: 0   (0.0s)
Ext0-Rep0      enumerated covering (size<=14):    3   unrefuted: 0   not above a mincov template: 0   (0.0s)
Ext0-Rep1      enumerated covering (size<=14):    3   unrefuted: 0   not above a mincov template: 0   (0.0s)
Ext0-EInd0     enumerated covering (size<=14):    3   unrefuted: 0   not above a mincov template: 0   (0.0s)
Ext0-EInd1     enumerated covering (size<=14):    3   unrefuted: 0   not above a mincov template: 0   (0.0s)
Pair0-Union0   enumerated covering (size<=14):    2   unrefuted: 0   not above a mincov template: 0   (0.0s)
Pair0-Power0   enumerated covering (size<=14):    2   unrefuted: 0   not above a mincov template: 0   (0.0s)
Pair0-Inf0     enumerated covering (size<=14):    3   unrefuted: 0   not above a mincov template: 0   (0.0s)
Pair0-Found0   enumerated covering (size<=14):    1   unrefuted: 0   not above a mincov template: 0   (0.0s)
Pair0-Sep0     enumerated covering (size<=14):    2   unrefuted: 0   not above a mincov template: 0   (0.0s)
Pair0-Sep1     enumerated covering (size<=14):    2   unrefuted: 0   not above a mincov template: 0   (0.0s)
Pair0-Rep0     enumerated covering (size<=14):    1   unrefuted: 0   not above a mincov template: 0   (0.0s)
Pair0-Rep1     enumerated covering (size<=14):    1   unrefuted: 0   not above a mincov template: 0   (0.0s)
Pair0-EInd0    enumerated covering (size<=14):    1   unrefuted: 0   not above a mincov template: 0   (0.0s)
Pair0-EInd1    enumerated covering (size<=14):    1   unrefuted: 0   not above a mincov template: 0   (0.0s)
Union0-Power0  enumerated covering (size<=14):   91   unrefuted: 24   not above a mincov template: 0   (1.2s)
      UNREFUTED: ∃x.∀y.(t0(x,y)∈t1(y,x) ↔ F0(y))
      UNREFUTED: ∃x.∀y.(t0(y,x)∈t1(x,y) ↔ F0(x,y))
      UNREFUTED: ∃x.∀y.(t0(y,x)∈t1(x) ↔ F0(x,y))
      UNREFUTED: ∃x.∀y.(t0(y)∈t1(y,x) ↔ F0(x,y))
Union0-Inf0    enumerated covering (size<=14):    2   unrefuted: 0   not above a mincov template: 0   (0.0s)
Union0-Found0  enumerated covering (size<=14):    1   unrefuted: 0   not above a mincov template: 0   (0.0s)
Union0-Sep0    enumerated covering (size<=14):  103   unrefuted: 24   not above a mincov template: 0   (0.4s)
      UNREFUTED: ∃x.∀y.(t0(x,y)∈t1(y,x) ↔ F0(y))
      UNREFUTED: ∃x.∀y.(t0(y,x)∈t1(x,y) ↔ F0(x,y))
      UNREFUTED: ∃x.∀y.(t0(y,x)∈t1(x) ↔ F0(x,y))
      UNREFUTED: ∃x.∀y.(t0(y)∈t1(y,x) ↔ F0(x,y))
Union0-Sep1    enumerated covering (size<=14):  103   unrefuted: 24   not above a mincov template: 0   (0.3s)
      UNREFUTED: ∃x.∀y.(t0(x,y)∈t1(y,x) ↔ F0(y))
      UNREFUTED: ∃x.∀y.(t0(y,x)∈t1(x,y) ↔ F0(x,y))
      UNREFUTED: ∃x.∀y.(t0(y,x)∈t1(x) ↔ F0(x,y))
      UNREFUTED: ∃x.∀y.(t0(y)∈t1(y,x) ↔ F0(x,y))
Union0-Rep0    enumerated covering (size<=14):    1   unrefuted: 0   not above a mincov template: 0   (0.0s)
Union0-Rep1    enumerated covering (size<=14):    1   unrefuted: 0   not above a mincov template: 0   (0.0s)
Union0-EInd0   enumerated covering (size<=14):    1   unrefuted: 0   not above a mincov template: 0   (0.0s)
Union0-EInd1   enumerated covering (size<=14):    1   unrefuted: 0   not above a mincov template: 0   (0.0s)
Power0-Inf0    enumerated covering (size<=14):    2   unrefuted: 0   not above a mincov template: 0   (0.0s)
Power0-Found0  enumerated covering (size<=14):    1   unrefuted: 0   not above a mincov template: 0   (0.0s)
Power0-Sep0    enumerated covering (size<=14):  103   unrefuted: 24   not above a mincov template: 0   (0.2s)
      UNREFUTED: ∃x.∀y.(t0(x,y)∈t1(y,x) ↔ F0(y))
      UNREFUTED: ∃x.∀y.(t0(y,x)∈t1(x,y) ↔ F0(x,y))
      UNREFUTED: ∃x.∀y.(t0(y,x)∈t1(x) ↔ F0(x,y))
      UNREFUTED: ∃x.∀y.(t0(y)∈t1(y,x) ↔ F0(x,y))
Power0-Sep1    enumerated covering (size<=14):  103   unrefuted: 24   not above a mincov template: 0   (0.1s)
      UNREFUTED: ∃x.∀y.(t0(x,y)∈t1(y,x) ↔ F0(y))
      UNREFUTED: ∃x.∀y.(t0(y,x)∈t1(x,y) ↔ F0(x,y))
      UNREFUTED: ∃x.∀y.(t0(y,x)∈t1(x) ↔ F0(x,y))
      UNREFUTED: ∃x.∀y.(t0(y)∈t1(y,x) ↔ F0(x,y))
Power0-Rep0    enumerated covering (size<=14):    1   unrefuted: 0   not above a mincov template: 0   (0.0s)
Power0-Rep1    enumerated covering (size<=14):    1   unrefuted: 0   not above a mincov template: 0   (0.0s)
Power0-EInd0   enumerated covering (size<=14):    1   unrefuted: 0   not above a mincov template: 0   (0.0s)
Power0-EInd1   enumerated covering (size<=14):    1   unrefuted: 0   not above a mincov template: 0   (0.0s)
Inf0-Found0    enumerated covering (size<=14):    1   unrefuted: 0   not above a mincov template: 0   (0.0s)
Inf0-Sep0      enumerated covering (size<=14):    2   unrefuted: 0   not above a mincov template: 0   (0.0s)
Inf0-Sep1      enumerated covering (size<=14):    2   unrefuted: 0   not above a mincov template: 0   (0.0s)
Inf0-Rep0      enumerated covering (size<=14):    1   unrefuted: 0   not above a mincov template: 0   (0.0s)
Inf0-Rep1      enumerated covering (size<=14):    1   unrefuted: 0   not above a mincov template: 0   (0.0s)
Inf0-EInd0     enumerated covering (size<=14):    1   unrefuted: 0   not above a mincov template: 0   (0.0s)
Inf0-EInd1     enumerated covering (size<=14):    1   unrefuted: 0   not above a mincov template: 0   (0.0s)
Found0-Sep0    enumerated covering (size<=14):    1   unrefuted: 0   not above a mincov template: 0   (0.0s)
Found0-Sep1    enumerated covering (size<=14):    1   unrefuted: 0   not above a mincov template: 0   (0.0s)
Found0-Rep0    enumerated covering (size<=14):    3   unrefuted: 0   not above a mincov template: 0   (0.0s)
Found0-Rep1    enumerated covering (size<=14):    3   unrefuted: 0   not above a mincov template: 0   (0.0s)
Found0-EInd0   enumerated covering (size<=14):    2   unrefuted: 0   not above a mincov template: 0   (0.0s)
Found0-EInd1   enumerated covering (size<=14):    2   unrefuted: 0   not above a mincov template: 0   (0.0s)
Sep0-Rep0      enumerated covering (size<=14):    1   unrefuted: 0   not above a mincov template: 0   (0.0s)
Sep0-Rep1      enumerated covering (size<=14):    1   unrefuted: 0   not above a mincov template: 0   (0.0s)
Sep1-Rep0      enumerated covering (size<=14):    1   unrefuted: 0   not above a mincov template: 0   (0.0s)
Sep1-Rep1      enumerated covering (size<=14):    1   unrefuted: 0   not above a mincov template: 0   (0.0s)
Sep0-EInd0     enumerated covering (size<=14):    1   unrefuted: 0   not above a mincov template: 0   (0.0s)
Sep0-EInd1     enumerated covering (size<=14):    1   unrefuted: 0   not above a mincov template: 0   (0.0s)
Sep1-EInd0     enumerated covering (size<=14):    1   unrefuted: 0   not above a mincov template: 0   (0.0s)
Sep1-EInd1     enumerated covering (size<=14):    1   unrefuted: 0   not above a mincov template: 0   (0.0s)
Rep0-EInd0     enumerated covering (size<=14):    4   unrefuted: 0   not above a mincov template: 0   (0.0s)
Rep0-EInd1     enumerated covering (size<=14):    4   unrefuted: 0   not above a mincov template: 0   (0.1s)
Rep1-EInd0     enumerated covering (size<=14):    4   unrefuted: 0   not above a mincov template: 0   (0.0s)
Rep1-EInd1     enumerated covering (size<=14):    4   unrefuted: 0   not above a mincov template: 0   (0.0s)
ZF totals: unrefuted covering templates 120  not above mincov 0
== weak forms ==
UnionW-PowerW  enumerated covering (size<=14):   91   unrefuted: 81   not above a mincov template: 0   (1.4s)
      UNREFUTED: ∃x.∀y.(F0(y) → t0(x,y)∈t0(x,x))
      UNREFUTED: ∃x.∀y.(F0(y) → t0(x,y)∈t1(y,x))
      UNREFUTED: ∃x.∀y.(F0(y) → y∈t0(x,y))
      UNREFUTED: ∃x.∀y.(F0(y) → t0(y,x)∈t1(x,y))
