(A) PA practice (u7 law G1: Q1..Q7 ground, induction with prob 0.5), unlabelled; seed 11
  n=   10  no negatives
     true  Q+T_Ind             L-L_true       +0.0 bits   posterior 2.607e-53
     root  Q+T_f (7 roots)     L-L_true     +776.4 bits   posterior 5.085e-287
     spare Q+T_Ind+(F->F)      L-L_true      +15.9 bits   posterior 4.159e-58
     mem   Q+instances         L-L_true    +1792.3 bits   posterior 0.000e+00
     over  Q+T_Linf            L-L_true     +549.5 bits   posterior 9.671e-219
     lumpQ F0+T_Ind            L-L_true     -174.7 bits   posterior 1.000e+00
     bare  F0                  L-L_true     +584.0 bits   posterior 4.213e-229
  n=   10  negatives {0=S0, false T_Linf instance}
     true  Q+T_Ind             L-L_true       +0.0 bits   posterior 1.000e+00
     root  Q+T_f (7 roots)     L-L_true     +776.4 bits   posterior 1.950e-234
     spare Q+T_Ind+(F->F)      L-L_true      +15.9 bits   posterior 1.595e-05
     mem   Q+instances         L-L_true    +1792.3 bits   posterior 0.000e+00
     over  Q+T_Linf            L-L_true       +inf bits   posterior 0.000e+00
     lumpQ F0+T_Ind            L-L_true       +inf bits   posterior 0.000e+00
     bare  F0                  L-L_true       +inf bits   posterior 0.000e+00
  n=   30  no negatives
     true  Q+T_Ind             L-L_true       +0.0 bits   posterior 2.204e-13
     root  Q+T_f (7 roots)     L-L_true     +773.6 bits   posterior 2.861e-246
     spare Q+T_Ind+(F->F)      L-L_true      +16.6 bits   posterior 2.245e-18
     mem   Q+instances         L-L_true    +5392.7 bits   posterior 0.000e+00
     over  Q+T_Linf            L-L_true    +1500.6 bits   posterior 0.000e+00
     lumpQ F0+T_Ind            L-L_true      -42.0 bits   posterior 1.000e+00
     bare  F0                  L-L_true    +2148.6 bits   posterior 0.000e+00
  n=   30  negatives {0=S0, false T_Linf instance}
     true  Q+T_Ind             L-L_true       +0.0 bits   posterior 1.000e+00
     root  Q+T_f (7 roots)     L-L_true     +773.6 bits   posterior 1.298e-233
     spare Q+T_Ind+(F->F)      L-L_true      +16.6 bits   posterior 1.018e-05
     mem   Q+instances         L-L_true    +5392.7 bits   posterior 0.000e+00
     over  Q+T_Linf            L-L_true       +inf bits   posterior 0.000e+00
     lumpQ F0+T_Ind            L-L_true       +inf bits   posterior 0.000e+00
     bare  F0                  L-L_true       +inf bits   posterior 0.000e+00
  n=  100  no negatives
     true  Q+T_Ind             L-L_true       +0.0 bits   posterior 1.000e+00
     root  Q+T_f (7 roots)     L-L_true     +772.7 bits   posterior 2.441e-233
     spare Q+T_Ind+(F->F)      L-L_true      +17.4 bits   posterior 5.808e-06
     mem   Q+instances         L-L_true   +15901.1 bits   posterior 0.000e+00
     over  Q+T_Linf            L-L_true    +3832.5 bits   posterior 0.000e+00
     lumpQ F0+T_Ind            L-L_true     +319.3 bits   posterior 7.679e-97
     bare  F0                  L-L_true    +6067.9 bits   posterior 0.000e+00
  n=  100  negatives {0=S0, false T_Linf instance}
     true  Q+T_Ind             L-L_true       +0.0 bits   posterior 1.000e+00
     root  Q+T_f (7 roots)     L-L_true     +772.7 bits   posterior 2.441e-233
     spare Q+T_Ind+(F->F)      L-L_true      +17.4 bits   posterior 5.808e-06
     mem   Q+instances         L-L_true   +15901.1 bits   posterior 0.000e+00
     over  Q+T_Linf            L-L_true       +inf bits   posterior 0.000e+00
     lumpQ F0+T_Ind            L-L_true       +inf bits   posterior 0.000e+00
     bare  F0                  L-L_true       +inf bits   posterior 0.000e+00
  n=  300  no negatives
     true  Q+T_Ind             L-L_true       +0.0 bits   posterior 1.000e+00
     root  Q+T_f (7 roots)     L-L_true     +771.4 bits   posterior 6.002e-233
     spare Q+T_Ind+(F->F)      L-L_true      +18.2 bits   posterior 3.395e-06
     mem   Q+instances         L-L_true   +41418.2 bits   posterior 0.000e+00
     over  Q+T_Linf            L-L_true    +8964.3 bits   posterior 0.000e+00
     lumpQ F0+T_Ind            L-L_true    +1048.9 bits   posterior 1.737e-316
     bare  F0                  L-L_true   +14712.6 bits   posterior 0.000e+00
  n=  300  negatives {0=S0, false T_Linf instance}
     true  Q+T_Ind             L-L_true       +0.0 bits   posterior 1.000e+00
     root  Q+T_f (7 roots)     L-L_true     +771.4 bits   posterior 6.002e-233
     spare Q+T_Ind+(F->F)      L-L_true      +18.2 bits   posterior 3.395e-06
     mem   Q+instances         L-L_true   +41418.2 bits   posterior 0.000e+00
     over  Q+T_Linf            L-L_true       +inf bits   posterior 0.000e+00
     lumpQ F0+T_Ind            L-L_true       +inf bits   posterior 0.000e+00
     bare  F0                  L-L_true       +inf bits   posterior 0.000e+00
  n= 1000  no negatives
     true  Q+T_Ind             L-L_true       +0.0 bits   posterior 1.000e+00
     root  Q+T_f (7 roots)     L-L_true     +769.9 bits   posterior 1.756e-232
     spare Q+T_Ind+(F->F)      L-L_true      +19.0 bits   posterior 1.867e-06
     mem   Q+instances         L-L_true  +133845.4 bits   posterior 0.000e+00
     over  Q+T_Linf            L-L_true   +27876.8 bits   posterior 0.000e+00
     lumpQ F0+T_Ind            L-L_true    +3205.5 bits   posterior 0.000e+00
     bare  F0                  L-L_true   +46251.0 bits   posterior 0.000e+00
  n= 1000  negatives {0=S0, false T_Linf instance}
     true  Q+T_Ind             L-L_true       +0.0 bits   posterior 1.000e+00
     root  Q+T_f (7 roots)     L-L_true     +769.9 bits   posterior 1.756e-232
     spare Q+T_Ind+(F->F)      L-L_true      +19.0 bits   posterior 1.867e-06
     mem   Q+instances         L-L_true  +133845.4 bits   posterior 0.000e+00
     over  Q+T_Linf            L-L_true       +inf bits   posterior 0.000e+00
     lumpQ F0+T_Ind            L-L_true       +inf bits   posterior 0.000e+00
     bare  F0                  L-L_true       +inf bits   posterior 0.000e+00
  n= 3000  no negatives
     true  Q+T_Ind             L-L_true       +0.0 bits   posterior 1.000e+00
     root  Q+T_f (7 roots)     L-L_true     +768.3 bits   posterior 5.251e-232
     spare Q+T_Ind+(F->F)      L-L_true      +19.8 bits   posterior 1.079e-06
     mem   Q+instances         L-L_true  +399693.6 bits   posterior 0.000e+00
     over  Q+T_Linf            L-L_true   +82717.0 bits   posterior 0.000e+00
     lumpQ F0+T_Ind            L-L_true    +8929.8 bits   posterior 0.000e+00
     bare  F0                  L-L_true  +137387.5 bits   posterior 0.000e+00
  n= 3000  negatives {0=S0, false T_Linf instance}
     true  Q+T_Ind             L-L_true       +0.0 bits   posterior 1.000e+00
     root  Q+T_f (7 roots)     L-L_true     +768.3 bits   posterior 5.251e-232
     spare Q+T_Ind+(F->F)      L-L_true      +19.8 bits   posterior 1.079e-06
     mem   Q+instances         L-L_true  +399693.6 bits   posterior 0.000e+00
     over  Q+T_Linf            L-L_true       +inf bits   posterior 0.000e+00
     lumpQ F0+T_Ind            L-L_true       +inf bits   posterior 0.000e+00
     bare  F0                  L-L_true       +inf bits   posterior 0.000e+00

(B) the universal x+0=x from closed instances t+0=t (t random closed terms, u7 rand_closed); seed 12
  n=   10 (8 distinct)
     schema  z+0=z                 L-L_schema       +0.0 bits   posterior 1.000e+00
     split by head of t (sound)    L-L_schema     +115.5 bits   posterior 1.712e-35
     mem     instances             L-L_schema     +519.5 bits   posterior 4.091e-157
     over    z1+0=z2               L-L_schema     +145.5 bits   posterior 1.536e-44
     L1: Ax(x+0=x) + forall-E      L-L_schema      +38.2 bits   posterior 3.125e-12
     with the negative 0+0=S0, the over-general template is refuted: L = inf
  n=   30 (17 distinct)
     schema  z+0=z                 L-L_schema       +0.0 bits   posterior 1.000e+00
     split by head of t (sound)    L-L_schema     +109.1 bits   posterior 1.477e-33
     mem     instances             L-L_schema    +1263.8 bits   posterior 0.000e+00
     over    z1+0=z2               L-L_schema     +351.5 bits   posterior 1.554e-106
     L1: Ax(x+0=x) + forall-E      L-L_schema     +104.7 bits   posterior 3.125e-32
     with the negative 0+0=S0, the over-general template is refuted: L = inf
  n=  100 (43 distinct)
     schema  z+0=z                 L-L_schema       +0.0 bits   posterior 1.000e+00
     split by head of t (sound)    L-L_schema     +101.0 bits   posterior 3.971e-31
     mem     instances             L-L_schema    +3749.9 bits   posterior 0.000e+00
     over    z1+0=z2               L-L_schema     +927.2 bits   posterior 7.835e-280
     L1: Ax(x+0=x) + forall-E      L-L_schema     +337.2 bits   posterior 3.125e-102
     with the negative 0+0=S0, the over-general template is refuted: L = inf
  n=  300 (118 distinct)
     schema  z+0=z                 L-L_schema       +0.0 bits   posterior 1.000e+00
     split by head of t (sound)    L-L_schema      +93.3 bits   posterior 8.477e-29
     mem     instances             L-L_schema   +12204.1 bits   posterior 0.000e+00
     over    z1+0=z2               L-L_schema    +2618.8 bits   posterior 0.000e+00
     L1: Ax(x+0=x) + forall-E      L-L_schema    +1001.6 bits   posterior 3.125e-302
     with the negative 0+0=S0, the over-general template is refuted: L = inf
  n= 1000 (311 distinct)
     schema  z+0=z                 L-L_schema       +0.0 bits   posterior 1.000e+00
     split by head of t (sound)    L-L_schema      +84.6 bits   posterior 3.331e-26
     mem     instances             L-L_schema   +34023.6 bits   posterior 0.000e+00
     over    z1+0=z2               L-L_schema    +7975.5 bits   posterior 0.000e+00
     L1: Ax(x+0=x) + forall-E      L-L_schema    +3326.9 bits   posterior 0.000e+00
     with the negative 0+0=S0, the over-general template is refuted: L = inf
  n= 3000 (705 distinct)
     schema  z+0=z                 L-L_schema       +0.0 bits   posterior 1.000e+00
     split by head of t (sound)    L-L_schema      +76.7 bits   posterior 7.988e-24
     mem     instances             L-L_schema   +83197.3 bits   posterior 0.000e+00
     over    z1+0=z2               L-L_schema   +22702.2 bits   posterior 0.000e+00
     L1: Ax(x+0=x) + forall-E      L-L_schema    +9970.8 bits   posterior 0.000e+00
     with the negative 0+0=S0, the over-general template is refuted: L = inf
