post-completeness ...
  done in 47.7s
intuitionistic contrast ...
  done in 19.3s
learning grid: 126 tasks, 126 to run, 6 workers
  [1/126] aggressive|200|clean|0|repair|ms 86.1s wall, 55.7s cpu (elapsed 86s)
  [2/126] aggressive|200|clean|2|repair|ms 111.6s wall, 70.2s cpu (elapsed 112s)
  [3/126] aggressive|200|clean|1|repair|ms 157.8s wall, 98.9s cpu (elapsed 158s)
  [4/126] vs|200|both|0|repair|ms 194.6s wall, 115.3s cpu (elapsed 281s)
  [5/126] vs|200|clean|0|repair|ms 58.6s wall, 25.4s cpu (elapsed 339s)
  [6/126] aggressive|200|both|0|repair|ms 384.0s wall, 225.6s cpu (elapsed 384s)
  [7/126] vs|200|clean|1|repair|ms 104.3s wall, 52.9s cpu (elapsed 444s)
  [8/126] vs|200|clean|2|repair|ms 61.0s wall, 32.2s cpu (elapsed 445s)
  [9/126] vs|200|fallacies|0|repair|ms 65.9s wall, 40.3s cpu (elapsed 510s)
  [10/126] vs|200|fallacies|1|repair|ms 84.1s wall, 48.1s cpu (elapsed 529s)
  [11/126] vs|200|both|1|repair|ms 431.5s wall, 237.6s cpu (elapsed 543s)
  [12/126] vs|200|fallacies|2|repair|ms 111.9s wall, 65.7s cpu (elapsed 622s)
  [13/126] aggressive|200|both|2|repair|ms 666.2s wall, 384.8s cpu (elapsed 666s)
  [14/126] vs|100|both|0|repair|ms 84.0s wall, 50.2s cpu (elapsed 750s)
  [15/126] aggressive|200|both|1|repair|ms 777.3s wall, 442.4s cpu (elapsed 777s)
  [16/126] vs|200|noise|1|repair|ms 282.1s wall, 169.5s cpu (elapsed 825s)
  [17/126] vs|100|clean|0|repair|ms 21.2s wall, 13.0s cpu (elapsed 847s)
  [18/126] vs|100|both|1|repair|ms 124.0s wall, 77.1s cpu (elapsed 874s)
  [19/126] vs|100|clean|1|repair|ms 30.8s wall, 19.8s cpu (elapsed 877s)
  [20/126] vs|100|clean|2|repair|ms 32.0s wall, 21.0s cpu (elapsed 906s)
  [21/126] vs|100|fallacies|0|repair|ms 93.5s wall, 61.3s cpu (elapsed 971s)
  [22/126] vs|100|fallacies|1|repair|ms 92.1s wall, 60.0s cpu (elapsed 998s)
  [23/126] vs|100|fallacies|2|repair|ms 56.8s wall, 33.1s cpu (elapsed 1028s)
  [24/126] vs|200|noise|0|repair|ms 595.9s wall, 361.6s cpu (elapsed 1125s)
  [25/126] vs|200|noise|2|repair|ms 524.9s wall, 324.4s cpu (elapsed 1147s)
  [26/126] vs|200|both|2|repair|ms 999.9s wall, 583.8s cpu (elapsed 1158s)
  [27/126] vs|100|noise|1|repair|ms 143.7s wall, 86.8s cpu (elapsed 1171s)
  [28/126] vs|100|noise|0|repair|ms 286.3s wall, 178.3s cpu (elapsed 1285s)
  [29/126] vs|100|both|2|repair|ms 613.6s wall, 372.5s cpu (elapsed 1391s)
  [30/126] vs_untagged|100|clean|0|repair|ms 189.2s wall, 99.7s cpu (elapsed 1474s)
  [31/126] vs|100|noise|2|repair|ms 383.7s wall, 212.0s cpu (elapsed 1509s)
  [32/126] vs_untagged|100|both|0|repair|ms 410.9s wall, 245.8s cpu (elapsed 1557s)
  [33/126] vs_untagged|100|clean|1|repair|ms 183.6s wall, 107.2s cpu (elapsed 1575s)
  [34/126] vs_untagged|100|clean|2|repair|ms 235.2s wall, 139.6s cpu (elapsed 1709s)
  [35/126] aggressive|50|both|0|repair|ms 266.2s wall, 152.2s cpu (elapsed 1775s)
  [36/126] vs_untagged|100|both|2|repair|ms 618.5s wall, 347.9s cpu (elapsed 1790s)
  [37/126] aggressive|50|both|0|support|ms 241.3s wall, 126.8s cpu (elapsed 1799s)
  [38/126] aggressive|50|both|1|repair|ms 302.7s wall, 151.4s cpu (elapsed 1877s)
  [39/126] aggressive|50|clean|0|repair|ms 104.8s wall, 37.2s cpu (elapsed 1904s)
  [40/126] aggressive|50|clean|0|support|ms 70.9s wall, 25.1s cpu (elapsed 1948s)
  [41/126] aggressive|50|both|2|repair|ms 233.4s wall, 100.3s cpu (elapsed 2009s)
  [42/126] aggressive|50|clean|1|repair|ms 108.6s wall, 52.4s cpu (elapsed 2012s)
  [43/126] aggressive|50|clean|2|repair|ms 110.6s wall, 63.1s cpu (elapsed 2119s)
  [44/126] aggressive|50|clean|2|support|ms 147.4s wall, 85.4s cpu (elapsed 2160s)
  [45/126] aggressive|50|clean|1|support|ms 216.1s wall, 120.2s cpu (elapsed 2164s)
  [46/126] vs|50|both|0|support|ms 64.5s wall, 38.4s cpu (elapsed 2224s)
  [47/126] vs|50|both|0|repair|ms 107.6s wall, 63.8s cpu (elapsed 2227s)
  [48/126] vs|50|both|1|support|ms 84.1s wall, 55.5s cpu (elapsed 2308s)
  [49/126] vs_untagged|100|both|1|repair|ms 1180.2s wall, 639.2s cpu (elapsed 2338s)
  [50/126] vs|50|both|1|repair|ms 178.1s wall, 108.0s cpu (elapsed 2342s)
  [51/126] vs|50|clean|0|support|ms 31.5s wall, 16.8s cpu (elapsed 2374s)
  [52/126] vs|50|clean|0|repair|ms 54.4s wall, 27.5s cpu (elapsed 2392s)
  [53/126] aggressive|50|both|1|support|ms 703.0s wall, 368.0s cpu (elapsed 2412s)
  [54/126] vs|50|clean|0|repair|none 46.3s wall, 23.9s cpu (elapsed 2420s)
  [55/126] aggressive|50|both|2|support|ms 704.8s wall, 369.6s cpu (elapsed 2495s)
  [56/126] vs|50|clean|1|support|ms 114.3s wall, 60.9s cpu (elapsed 2527s)
  [57/126] vs|50|both|2|support|ms 241.9s wall, 128.3s cpu (elapsed 2550s)
  [58/126] vs|50|both|2|repair|ms 359.9s wall, 198.4s cpu (elapsed 2587s)
  [59/126] vs|50|clean|1|repair|ms 220.5s wall, 113.3s cpu (elapsed 2613s)
  [60/126] vs|50|clean|2|support|ms 89.8s wall, 45.0s cpu (elapsed 2616s)
  [61/126] vs|50|clean|1|repair|none 208.4s wall, 106.2s cpu (elapsed 2629s)
  [62/126] vs|50|clean|2|repair|ms 166.9s wall, 82.6s cpu (elapsed 2662s)
  [63/126] vs|50|fallacies|0|repair|ms 87.1s wall, 51.4s cpu (elapsed 2674s)
  [64/126] vs|50|clean|2|repair|none 123.9s wall, 64.1s cpu (elapsed 2674s)
  [65/126] vs|50|fallacies|0|repair|none 62.3s wall, 41.1s cpu (elapsed 2675s)
  [66/126] vs|50|fallacies|1|repair|none 122.7s wall, 65.7s cpu (elapsed 2751s)
  [67/126] vs|50|fallacies|2|repair|none 113.0s wall, 62.7s cpu (elapsed 2787s)
  [68/126] vs|50|fallacies|1|repair|ms 176.4s wall, 98.9s cpu (elapsed 2793s)
  [69/126] vs|50|noise|1|repair|ms 125.5s wall, 62.8s cpu (elapsed 2801s)
  [70/126] vs|50|fallacies|2|repair|ms 151.3s wall, 85.0s cpu (elapsed 2813s)
  [71/126] vs|50|noise|2|repair|ms 93.2s wall, 56.2s cpu (elapsed 2845s)
  [72/126] vs|50|noise|0|repair|ms 182.5s wall, 103.1s cpu (elapsed 2857s)
  [73/126] vs_untagged|50|clean|0|repair|ms 128.0s wall, 82.1s cpu (elapsed 2941s)
  [74/126] vs|20|both|0|repair|ms 7.5s wall, 5.6s cpu (elapsed 2949s)
  [75/126] vs_untagged|50|both|0|repair|ms 220.3s wall, 140.2s cpu (elapsed 3007s)
  [76/126] vs|20|both|1|repair|ms 70.6s wall, 43.8s cpu (elapsed 3019s)
  [77/126] vs|20|clean|0|repair|ms 2.8s wall, 1.5s cpu (elapsed 3022s)
  [78/126] vs|20|both|2|repair|ms 20.7s wall, 14.1s cpu (elapsed 3028s)
  [79/126] vs|20|clean|1|repair|ms 8.9s wall, 6.2s cpu (elapsed 3031s)
  [80/126] vs|20|fallacies|0|repair|ms 31.3s wall, 17.8s cpu (elapsed 3062s)
  [81/126] vs|20|fallacies|1|repair|ms 4.8s wall, 3.2s cpu (elapsed 3067s)
  [82/126] vs|20|clean|2|repair|ms 46.3s wall, 30.8s cpu (elapsed 3074s)
  [83/126] vs|20|noise|0|repair|ms 12.6s wall, 7.8s cpu (elapsed 3087s)
  [84/126] vs_untagged|50|clean|2|repair|ms 265.1s wall, 172.3s cpu (elapsed 3122s)
  [85/126] vs|20|noise|2|repair|ms 4.8s wall, 3.2s cpu (elapsed 3127s)
  [86/126] vs|20|fallacies|2|repair|ms 75.7s wall, 52.4s cpu (elapsed 3143s)
  [87/126] vs|20|noise|1|repair|ms 57.7s wall, 39.1s cpu (elapsed 3145s)
  [88/126] aggressive|10|both|0|repair|ms 22.3s wall, 13.0s cpu (elapsed 3149s)
  [89/126] aggressive|10|both|1|repair|ms 7.3s wall, 4.6s cpu (elapsed 3150s)
  [90/126] aggressive|10|clean|0|repair|ms 2.7s wall, 1.8s cpu (elapsed 3152s)
  [91/126] aggressive|10|clean|2|repair|ms 1.8s wall, 1.0s cpu (elapsed 3153s)
  [92/126] vs_untagged|50|clean|1|repair|ms 317.0s wall, 203.6s cpu (elapsed 3162s)
  [93/126] vs|10|both|0|repair|ms 9.6s wall, 6.2s cpu (elapsed 3163s)
  [94/126] vs|10|both|1|repair|ms 3.4s wall, 1.9s cpu (elapsed 3165s)
  [95/126] aggressive|10|clean|1|repair|ms 16.2s wall, 10.7s cpu (elapsed 3166s)
  [96/126] vs|10|clean|0|repair|ms 1.2s wall, 0.7s cpu (elapsed 3166s)
  [97/126] vs|10|clean|2|repair|ms 1.9s wall, 1.1s cpu (elapsed 3168s)
  [98/126] vs|10|fallacies|0|repair|ms 2.7s wall, 1.7s cpu (elapsed 3171s)
  [99/126] vs|10|clean|1|repair|ms 18.1s wall, 10.9s cpu (elapsed 3184s)
  [100/126] vs|10|both|2|repair|ms 22.7s wall, 15.9s cpu (elapsed 3186s)
  [101/126] vs|10|fallacies|2|repair|ms 2.1s wall, 1.1s cpu (elapsed 3186s)
  [102/126] vs|10|noise|0|repair|ms 1.5s wall, 0.9s cpu (elapsed 3187s)
  [103/126] vs|10|noise|2|repair|ms 10.0s wall, 6.6s cpu (elapsed 3197s)
  [104/126] vs|10|fallacies|1|repair|ms 34.7s wall, 23.6s cpu (elapsed 3206s)
  [105/126] vs_untagged|10|both|1|repair|ms 5.8s wall, 4.1s cpu (elapsed 3211s)
  [106/126] aggressive|10|both|2|repair|ms 67.6s wall, 43.6s cpu (elapsed 3212s)
  [107/126] vs_untagged|50|both|1|repair|ms 419.3s wall, 276.6s cpu (elapsed 3212s)
  [108/126] vs_untagged|10|clean|0|repair|ms 1.5s wall, 1.0s cpu (elapsed 3214s)
  [109/126] vs|10|noise|1|repair|ms 27.8s wall, 18.7s cpu (elapsed 3214s)
  [110/126] vs_untagged|10|clean|2|repair|ms 2.0s wall, 1.5s cpu (elapsed 3215s)
  [111/126] vs|5|both|1|repair|ms 2.7s wall, 1.8s cpu (elapsed 3218s)
  [112/126] vs|5|both|0|repair|ms 6.8s wall, 5.2s cpu (elapsed 3221s)
  [113/126] vs|5|clean|0|repair|ms 0.4s wall, 0.3s cpu (elapsed 3222s)
  [114/126] vs_untagged|10|both|0|repair|ms 28.4s wall, 18.5s cpu (elapsed 3226s)
  [115/126] vs|5|both|2|repair|ms 8.6s wall, 5.7s cpu (elapsed 3227s)
  [116/126] vs|5|fallacies|0|repair|ms 0.4s wall, 0.2s cpu (elapsed 3227s)
  [117/126] vs|5|fallacies|1|repair|ms 1.1s wall, 0.9s cpu (elapsed 3228s)
  [118/126] vs|5|clean|2|repair|ms 2.8s wall, 1.8s cpu (elapsed 3228s)
  [119/126] vs|5|noise|0|repair|ms 1.3s wall, 0.8s cpu (elapsed 3230s)
  [120/126] vs|5|fallacies|2|repair|ms 1.6s wall, 1.1s cpu (elapsed 3230s)
  [121/126] vs|5|clean|1|repair|ms 9.1s wall, 6.6s cpu (elapsed 3231s)
  [122/126] vs|5|noise|2|repair|ms 3.9s wall, 2.9s cpu (elapsed 3234s)
  [123/126] vs_untagged|10|clean|1|repair|ms 27.0s wall, 20.0s cpu (elapsed 3239s)
  [124/126] vs|5|noise|1|repair|ms 20.3s wall, 19.3s cpu (elapsed 3250s)
  [125/126] vs_untagged|10|both|2|repair|ms 59.3s wall, 51.4s cpu (elapsed 3271s)
  [126/126] vs_untagged|50|both|2|repair|ms 606.6s wall, 445.7s cpu (elapsed 3407s)
wrote /home/user/AI-works/inferential-learning/code/results/prop_unsound.png
wrote /home/user/AI-works/inferential-learning/code/results/prop_exploits.png
wrote /home/user/AI-works/inferential-learning/code/results/prop_completeness.png
wrote /home/user/AI-works/inferential-learning/code/results/prop_learning.json and prop_learning.md
