c4_revision  (N = 2000; Part B seed 2026)
Part A: diagonal loss against the sharpened bound of Theorem 3.2(c)
  bound: loss_n >= n - sum_(j<=n) log2(1 + 2^-(j+2)) >= n - 0.346633 >= n - 1/(4 ln 2) = n - 0.360674
  predictor       mode          min(l_n - n)  min slack to bound     l_N - N  ok
  KT              exact             0.000000           1.699e-01      5.8088  True
  KT              random            0.000000           1.699e-01      5.8088  True
  KT              adversarial       0.000000           1.699e-01      5.8088  True
  Laplace         exact             0.000000           1.699e-01      5.1577  True
  Laplace         random            0.000000           1.699e-01      5.1577  True
  Laplace         adversarial       0.000000           1.699e-01      5.1577  True
  late-start-S    exact             0.000000           1.699e-01      5.0024  True
  late-start-S    random            0.000000           1.699e-01      5.0024  True
  late-start-S    adversarial       0.000000           1.699e-01      5.0024  True
  periodic-FI     exact             0.000000           1.699e-01      0.4147  True
  periodic-FI     random            0.000000           1.699e-01      0.4147  True
  periodic-FI     adversarial       0.000000           1.699e-01      0.4147  True
  deficient       exact             0.152003           3.219e-01    309.8150  True
  deficient       random            0.152003           3.219e-01    309.8150  True
  deficient       adversarial       0.152003           3.219e-01    309.8150  True
  near-half .99   exact             0.190586           3.605e-01      0.3729  True
  near-half .99   random            0.190586           3.605e-01      0.3729  True
  near-half .99   adversarial      -0.343297           1.604e-03     -0.3433  True
  sharp           exact             0.192645           3.626e-01      0.3769  True
  sharp           random            0.192645           3.626e-01      0.3769  True
  sharp           adversarial      -0.346633           1.603e-10     -0.3466  True
  index-reader    exact             2.321928           2.492e+00   4643.8562  True
  index-reader    random            2.321928           2.492e+00   4643.8562  True
  index-reader    adversarial       2.321928           2.492e+00   4643.8562  True
  sharp adversary, adversarial mode: min slack to the bound = 1.603e-10 (bound attained up to rounding)
Part A verdict: all bounds hold

Part B: history-free predictors on the two constant-label sequences D^empty (all 0) and D^all (all 1)
  kind              #pred      n  min (l_0 + l_1)/n  min max(l_0, l_1)/n  ok
  uniform             200    500             2.7298               1.3974  True
  deficient           200    500             3.6113               1.8231  True
  near-determ.        200    500            19.9316               9.9658  True
  right-on-all        200    500            29.8974              29.8974  True
  right-on-empty      200    500            29.8974              29.8974  True
Part B verdict: l_0 + l_1 >= 2n and max >= n in every case

Part C: T(K) = sum_(k>=K) 2^(-2 ceil(log2(k+1)) - 1) against 1/(8(K+1)) and 1/(2K)
             K  -log2 T(K)   log2 K   T(K)*2K  T(K)*8(K+1)  ok
             1      2.0000   0.0000    0.5000       4.0000  True
             2      3.0000   1.0000    0.5000       3.0000  True
             3      3.4150   1.5850    0.5625       3.0000  True
            15      5.8301   3.9069    0.5273       2.2500  True
            16      6.0000   4.0000    0.5000       2.1250  True
           255      9.9888   7.9944    0.5019       2.0156  True
          1000     11.9339   9.9658    0.5112       2.0467  True
         65535     18.0000  16.0000    0.5000       2.0001  True
       1000000     21.8722  19.9316    0.5210       2.0841  True
    4294967295     34.0000  32.0000    0.5000       2.0000  True
  1000000000000     41.7600  39.8631    0.5371       2.1482  True
Part C verdict: bounds hold

verdict: all checks pass
