H(p) for p=2^-10: 0.011174 bits/sample  (user: 'about 1/100')
  coin (50/50)         K=      0  R=1.000000
  good (f + flips)     K=    110  R=0.011174
  bad (f + errors)     K=  10100  R=0.000000
rate of simple model  (coin->good): 8.9893e-03 bits/sample per bit
rate of error component (good->bad): 1.1185e-06 bits/sample per bit
=> good model selected iff 1.119e-06 < c < 8.989e-03  (ratio 8037x)
  c=1e-01: selected = coin (50/50)
  c=1e-02: selected = coin (50/50)
  c=9e-03: selected = coin (50/50)
  c=1e-03: selected = good (f + flips)
  c=1e-05: selected = good (f + flips)
  c=1e-06: selected = bad (f + errors)
  c=1e-07: selected = bad (f + errors)
  N=      1000: lambda window (0.00112, 8.99);  standard MDL (lambda=1) picks: good
  N=    100000: lambda window (0.112, 899);  standard MDL (lambda=1) picks: good
  N=   1000000: lambda window (1.12, 8.99e+03);  standard MDL (lambda=1) picks: bad
  N=  10000000: lambda window (11.2, 8.99e+04);  standard MDL (lambda=1) picks: bad
  N=1000000000: lambda window (1.12e+03, 8.99e+06);  standard MDL (lambda=1) picks: bad
standard MDL switches to the error-memorising model at N = 894054
exit 0
