(a) N=200, class = all 2^10 parities, uniform weights 2^-10
    function mixture (private randomness): 200.0 bits  (minimax sum_i log|F(x_i)| = 200.0)
    Bayes mixture (shared randomness):     10.00 bits  (<= d = 10)

(b) d=10, n=1024, |E|=16 (p=0.015625), H(p)=0.1161
    bits | product-model risk | shared-randomness code length / n
      10 |             0.1161 | 0.1161   (total bits seq = 128.9)
       9 |             0.5464 | 0.1171   (total bits seq = 128.9)
       8 |             0.7790 | 0.1181   (total bits seq = 128.9)
       7 |             0.8895 | 0.1190   (total bits seq = 128.9)
       6 |             0.9506 | 0.1200   (total bits seq = 128.9)
       5 |             0.9753 | 0.1210   (total bits seq = 128.9)
       4 |             0.9847 | 0.1220   (total bits seq = 128.9)
       3 |             0.9924 | 0.1230   (total bits seq = 128.9)
       2 |             0.9962 | 0.1239   (total bits seq = 128.9)
       1 |             0.9981 | 0.1249   (total bits seq = 128.9)
       0 |             0.9990 | 0.1259   (total bits seq = 128.9)

    lower convex hull, product (private randomness):
      bits=     0.0  risk=0.99905  list 2^10
      bits=    10.0  risk=0.11612  list 2^0
      bits=   125.6  risk=0.00000  good+16 errs
      lambda=  0.5: selected good+16 errs   (bits=125.6, risk=0.0000)
      lambda=  1.0: selected good+16 errs   (bits=125.6, risk=0.0000)
      lambda=  1.5: selected list 2^0       (bits=10.0, risk=0.1161)
      lambda=  4.0: selected list 2^0       (bits=10.0, risk=0.1161)
      lambda= 50.0: selected list 2^0       (bits=10.0, risk=0.1161)

    lower convex hull, shared randomness:
      bits=     0.0  risk=0.12588  list 2^10
      bits=   125.6  risk=0.00000  good+16 errs
      lambda=  0.5: selected good+16 errs   (bits=125.6, risk=0.0000)
      lambda=  1.0: selected good+16 errs   (bits=125.6, risk=0.0000)
      lambda=  1.5: selected list 2^10      (bits=0.0, risk=0.1259)
      lambda=  4.0: selected list 2^10      (bits=0.0, risk=0.1259)
      lambda= 50.0: selected list 2^10      (bits=0.0, risk=0.1259)
exit 0
