per-step gain of knowing a type's schema: g = 5.423 bits (M=64, eta=0.05)

rates (bits/sample per bit), sorted:
  V  MP                           rho = 5.42e-02
  V  andE                         rho = 4.52e-02
  V  subst(=)                     rho = 4.07e-02
  V  andI                         rho = 3.01e-02
  V  impI                         rho = 1.74e-02
  V  orI                          rho = 1.51e-02
  V  cancel x/x                   rho = 1.23e-02
  V  topI                         rho = 6.78e-03
  E  AC (affirm. consequent)      rho = 5.42e-03
  E  freshman's dream             rho = 2.46e-03
  E  conditional perfection       rho = 2.17e-03
  V  negI (reductio)              rho = 1.55e-03
  V  orE (cases)                  rho = 1.36e-03
  E  gambler's fallacy            rho = 9.04e-04
  V  botE (ex falso)              rho = 7.23e-04
  E  quantifier swap              rho = 5.42e-04
  V  induction                    rho = 1.21e-04
  E  idiosyncratic false lemma    rho = 9.04e-06

which systematic errors survive, as a function of c and of the filters:
  filters = ('simplicity only',)
    c=3e-02: valid lost=8 | errors kept=[]
    c=1e-02: valid lost=5 | errors kept=[]
    c=3e-03: valid lost=4 ['botE (ex falso)', 'induction', 'negI (reductio)', 'orE (cases)']| errors kept=['AC (affirm. consequent)']
    c=1e-03: valid lost=2 ['botE (ex falso)', 'induction']| errors kept=['AC (affirm. consequent)', 'conditional perfection', "freshman's dream"]
    c=3e-04: valid lost=1 ['induction']| errors kept=['AC (affirm. consequent)', 'conditional perfection', "freshman's dream", "gambler's fallacy", 'quantifier swap']
    c=1e-04: valid lost=0 []| errors kept=['AC (affirm. consequent)', 'conditional perfection', "freshman's dream", "gambler's fallacy", 'quantifier swap']
    c=1e-05: valid lost=0 []| errors kept=['AC (affirm. consequent)', 'conditional perfection', "freshman's dream", "gambler's fallacy", 'quantifier swap']
  filters = ('coh',)
    c=3e-02: valid lost=8 | errors kept=[]
    c=1e-02: valid lost=5 | errors kept=[]
    c=3e-03: valid lost=4 ['botE (ex falso)', 'induction', 'negI (reductio)', 'orE (cases)']| errors kept=[]
    c=1e-03: valid lost=2 ['botE (ex falso)', 'induction']| errors kept=['conditional perfection', "freshman's dream"]
    c=3e-04: valid lost=1 ['induction']| errors kept=['conditional perfection', "freshman's dream", "gambler's fallacy", 'quantifier swap']
    c=1e-04: valid lost=0 []| errors kept=['conditional perfection', "freshman's dream", "gambler's fallacy", 'quantifier swap']
    c=1e-05: valid lost=0 []| errors kept=['conditional perfection', "freshman's dream", "gambler's fallacy", 'quantifier swap']
  filters = ('coh', 'post')
    c=3e-02: valid lost=8 | errors kept=[]
    c=1e-02: valid lost=5 | errors kept=[]
    c=3e-03: valid lost=4 ['botE (ex falso)', 'induction', 'negI (reductio)', 'orE (cases)']| errors kept=[]
    c=1e-03: valid lost=2 ['botE (ex falso)', 'induction']| errors kept=['conditional perfection']
    c=3e-04: valid lost=1 ['induction']| errors kept=['conditional perfection', "gambler's fallacy"]
    c=1e-04: valid lost=0 []| errors kept=['conditional perfection', "gambler's fallacy"]
    c=1e-05: valid lost=0 []| errors kept=['conditional perfection', "gambler's fallacy"]
  filters = ('coh', 'post', 'world')
    c=3e-02: valid lost=8 | errors kept=[]
    c=1e-02: valid lost=5 | errors kept=[]
    c=3e-03: valid lost=4 ['botE (ex falso)', 'induction', 'negI (reductio)', 'orE (cases)']| errors kept=[]
    c=1e-03: valid lost=2 ['botE (ex falso)', 'induction']| errors kept=['conditional perfection']
    c=3e-04: valid lost=1 ['induction']| errors kept=['conditional perfection']
    c=1e-04: valid lost=0 []| errors kept=['conditional perfection']
    c=1e-05: valid lost=0 []| errors kept=['conditional perfection']
  filters ('none',): errors left for simplicity = ['AC (affirm. consequent)', "freshman's dream", "gambler's fallacy", 'quantifier swap', 'conditional perfection', 'idiosyncratic false lemma']
     window to remove all of them: (5.42e-03, 1.21e-04) EMPTY;  excluding the residue class: (5.42e-03, 1.21e-04) EMPTY
  filters ('coh',): errors left for simplicity = ["freshman's dream", "gambler's fallacy", 'quantifier swap', 'conditional perfection', 'idiosyncratic false lemma']
     window to remove all of them: (2.46e-03, 1.21e-04) EMPTY;  excluding the residue class: (2.46e-03, 1.21e-04) EMPTY
  filters ('coh', 'post'): errors left for simplicity = ["gambler's fallacy", 'conditional perfection', 'idiosyncratic false lemma']
     window to remove all of them: (2.17e-03, 1.21e-04) EMPTY;  excluding the residue class: (9.04e-04, 1.21e-04) EMPTY
  filters ('coh', 'post', 'world'): errors left for simplicity = ['conditional perfection', 'idiosyncratic false lemma']
     window to remove all of them: (2.17e-03, 1.21e-04) EMPTY;  excluding the residue class: (9.04e-06, 1.21e-04) nonempty

guard erosion: guard 'x != 0' on cancellation: gain/context 4.34 bits, rate 1.81e-04; dropped (=> unsound x/x->1) for c > 1.81e-04, while e.g. botE kept until c = 7.23e-04
  c=2e-03 (impI rare, rate 8.7e-04): unconstrained ['AC', 'MP', 'topI'] -> coherent optimum ['AC', 'MP', 'topI']
  c=5e-04 (impI rare, rate 8.7e-04): unconstrained ['AC', 'MP', 'impI', 'topI'] -> coherent optimum ['AC', 'MP', 'topI']
  c=2e-04 (impI rare, rate 8.7e-04): unconstrained ['AC', 'MP', 'impI', 'topI'] -> coherent optimum ['AC', 'MP', 'topI']
  c=5e-04 with impI frequent: coherent optimum ['MP', 'impI', 'topI']

cross-validation on held-out imitation data (population log-loss of the c-selected model):
  c=1e-01: selected K=    0, held-out loss=1.00000
  c=1e-03: selected K=  110, held-out loss=0.01117
  c=1e-05: selected K=  110, held-out loss=0.01117
  c=1e-07: selected K=10100, held-out loss=0.00000
  => held-out loss is minimised by the smallest c, i.e. by the error-memorising model
exit 0
