Part A: finite-model sanity checks (domain size <= 3)
  POS menu instances have the 1-element model u in u: True
  claimed inconsistent ['R']: small model found? False
  claimed inconsistent ['V', 'ZR']: small model found? False
  claimed inconsistent ['CMP', 'S']: small model found? False
  claimed inconsistent ['V', 'DIFF', 'S']: small model found? False
  claimed inconsistent ['EMP', 'CMP', 'ZR']: small model found? False
  claimed inconsistent ['DIFF', 'CMP', 'ZR']: small model found? False
  claimed inconsistent ['INT', 'CMP', 'ZR']: small model found? False
  Comp(R & p): small model (1, [])
  Comp(R & ~p): small model (2, [(0, 0)])
  both: small model None
  subsets of the menu with a model of size <= 2: 133 of 1024

Part B: learning dynamics
  POS u STRAT contains a hand-proved inconsistent set: True
  POS u Z contains a hand-proved inconsistent set: True
  STRAT u Z contains a hand-proved inconsistent set: True
  SEP strictly inside Z
  Dedekind/Cantor operations (c.1872-1890):
     unconstrained MDL -> NC;  after Russell -> STRAT;  coverage {'POS': 13, 'STRAT': 18, 'SEP': 9, 'Z': 18}
  + Frege's universal extension (1893):
     unconstrained MDL -> NC;  after Russell -> STRAT;  coverage {'POS': 14, 'STRAT': 19, 'SEP': 9, 'Z': 18}
  + Cantor diagonal / Zermelo Thm (ZR):
     unconstrained MDL -> NC;  after Russell -> Z;  coverage {'POS': 14, 'STRAT': 19, 'SEP': 12, 'Z': 21}
  same, but V used more than ZR:
     unconstrained MDL -> NC;  after Russell -> STRAT;  coverage {'POS': 17, 'STRAT': 22, 'SEP': 12, 'Z': 21}
exit 0
