L= 7 |U|= 323175 axiom instances: {'K': 12375, 'S': 27, 'DN': 12}
A={empty} | genuine part coherent: True
   minimal conflicts: [['AC', 'K']]
   minimal diagnoses: [['K'], ['AC']]
   collateral (genuine schemas in some minimal conflict): ['K']
A={A1} | genuine part coherent: True
   minimal conflicts: [['AC', 'K'], ['AC', 'MP']]
   minimal diagnoses: [['AC'], ['K', 'MP']]
   collateral (genuine schemas in some minimal conflict): ['K', 'MP']
A={empty,A1} | genuine part coherent: True
   minimal conflicts: [['AC', 'K'], ['AC', 'MP']]
   minimal diagnoses: [['AC'], ['K', 'MP']]
   collateral (genuine schemas in some minimal conflict): ['K', 'MP']
AC closed instance: premises ('>', 'F', 'F') ('>', 'F', ('>', 'F', 'F')) values True True conclusion F False
positions {[A1 : p]} | minimal conflicts: [['AC']] | diagnoses: [['AC']] | collateral: []
positions {[empty:], [A1 : p]} | minimal conflicts: [['AC']] | diagnoses: [['AC']] | collateral: []
core {MP,AC} on A1: minimal conflicts [['AC', 'MP']] diagnoses [['MP'], ['AC']]
closure of A1 under AC alone: ["('>', 'p', 'F')", "('>', 'p', 'q')", 'p', 'q']

real	0m1.257s
user	0m1.212s
sys	0m0.030s
