honest (L=60a, r in [20a,34a], sin(phi/2)>=0.5, 10%):
    ACCEPT: |E_true/answer - 1| <= 0.0888 on r in [20.0a, 34.0a], sin(phi/2) >= 0.5, all alpha in spec
V1 overclaims domain (r >= 5a):
    REJECT: bridge budget 0.3804 > tolerance 0.1
V2 side condition in child (a:=0 there):
    REJECT: bridge thin-leg: side condition evaluated in child context (eps evaluated as 0 in the a=0 context)
V3 alpha-dependent answer (I instead of I0):
    REJECT: answer uses symbols outside the 'express in terms of' list (a, I0, r, phi): {alpha}
    REJECT: answer not completion-invariant (diagnostic: half-oscillation over alpha = 0.423)
V4 narrows reading alpha=45deg:
    REJECT: reading narrows free completion parameter alpha (J-layer unless spec is formal)
V5 silent import (diffuse correction):
    REJECT: silent/undeclared imports {'lambertian_fraction=0.1'}
V0 same SPS, 5% tolerance:
    REJECT: bridge budget 0.0888 > tolerance 0.05
V6 2*thin*cos(alpha)^(1/1000) (accepted by the first version):
    REJECT: answer uses symbols outside the 'express in terms of' list (a, I0, r, phi): {alpha}
    REJECT: answer not completion-invariant (diagnostic: half-oscillation over alpha = 0.001)
V7 (23/20)*thin*cos(alpha)^(1/50) (accepted by the first version):
    REJECT: answer uses symbols outside the 'express in terms of' list (a, I0, r, phi): {alpha}
    REJECT: answer not completion-invariant (diagnostic: half-oscillation over alpha = 0.006)
V8 1.5*thin*exp(alpha/1000) (accepted by the first version):
    REJECT: answer uses symbols outside the 'express in terms of' list (a, I0, r, phi): {alpha}
    REJECT: answer not completion-invariant (diagnostic: half-oscillation over alpha = 0.000)
V9 r_min=1.05a, sigma_min=1, tol 0.7 (accepted by the first version):
    REJECT: bridge hypothesis violated: eps = a/r_min = 0.952 < 2/sqrt5
V10 constant factor 1.09*thin (control):
    REJECT: answer differs from the certified leading-order form by factor 109/100
V11 silent 10% diffuse correction, honest declarations:
    REJECT: answer differs from the certified leading-order form by factor 11/10
exit 0
