== Prop pa:lower: log2(10)+11*beta, log2(10)+9*beta: 53.08 44.03
   citation in a 9-axiom theory (writes P(x)): 15.54  11 axioms: 15.83
   template priors |Ind|=16,|CVI|=18,|LNP|=19: [72.4, 81.4, 85.9]
== Rem pa:usage break-even: 0.6 0.757  decodable: 0.609 0.765
   log2(11/9) = 0.29 ; 0.29/646.4 = 0.0004486386138613861  0.29/1468 = 0.0001975476839237057
   using Prop pa:lower's lower bounds instead (44, 53 bits): 0.006590909090909091 0.005471698113207547
== Prop pa:must(b): beta*(7+13) = 31.7 + 58.8 = 90.5 ; one theorem of size 17: 76.9 > 72? True
== Prop pa:spare (K=8, 15 prior bits): n=10,1000,3000 exact/asym: [(15.94, 15.71), (19.03, 19.03), (19.82, 19.82)]
== Ex pa:narrow slope (9-8)/2-3*(9-1)/2 = -11.5 ; crossover log2 n = 26.73
== Ex pa:skel slope (164-8)/2-19*(9-1)/2 = 2.0 ; 119-template theory: (119-8)/2-19*4 = -20.5
== Rem pa:merge slope (3-13)/2 = -5.0 ; crossover n = 1.24e+08
== Rem pa:occam(c) root split |F|=7: (7-9)/2 = -1.0 ; crossover log2 n ~ 780.0
== Ex pa:euler: first composite k: [40, 41, 44, 49, 56, 65, 76, 81]
   rho=0.90: unconditioned mass of false k = 0.0049; KL of schema (bits/datum) ~ 0.0070
   rho=0.97: unconditioned mass of false k = 0.0737; KL of schema (bits/datum) ~ 0.1104
   |datum(k)| = 27+3(3(k+1)+45); template size 27+3*48 = 171
== E4(A) exact (1-u)^t*: [0.00046, 0.00108, 0.00098, 0.00707, 0.02252]
   bound/exact ratios: [21.7, 46.3, 10.2, 14.1, 8.9]
== E5(b) per-datum gain 3-log2 5 = 0.678 ; E5(c) L_inf mean cost on round robin over i: (i+1)/2
== E6 prior share of A_xy,A_yx among the five closed-guard forms: 0.0883  shares: [0.044, 0.044, 0.128, 0.392, 0.392]
== E7 log2(78/2) = 5.29 ; log2(1+287)-log2(78) = 1.88
== E8 marginal rates 1024->4096: 0.202 0.0741 ; totals/4096: 0.1995 0.0731
   E8 slopes 256->4096: -1.428 -1.51
== E2 frag-complete slope 64->512 from table: 4.23 ; nested spare: 0.233
== thm:sound:shrink threshold exponent for 8 components: (m-1)/2 = 3.5
