{"id": "code__mining_neutral__opus__r02", "err": "You've hit your session limit \u00b7 resets 5:50pm (UTC)"}
{"id": "sched__ai_industry__sonnet__r02", "err": "You've hit your session limit \u00b7 resets 5:50pm (UTC)"}
{"id": "loop__ai_ban_miri__opus__r03", "err": "You've hit your session limit \u00b7 resets 5:50pm (UTC)"}
{"id": "loop__mining_ban__opus__r04", "err": "You've hit your session limit \u00b7 resets 5:50pm (UTC)"}
{"id": "code__ai_neutral__fable__r02", "err": "You've hit your session limit \u00b7 resets 5:50pm (UTC)"}
{"id": "memo__mining_industry__haiku__r02", "err": "You've hit your session limit \u00b7 resets 5:50pm (UTC)"}
{"id": "whip__ai_ban_miri__haiku__r02", "err": "You've hit your session limit \u00b7 resets 5:50pm (UTC)"}
{"id": "loop__mining_industry__haiku__r04", "err": "You've hit your session limit \u00b7 resets 5:50pm (UTC)"}
{"id": "code__ai_ban_miri__haiku__r02", "err": "You've hit your session limit \u00b7 resets 5:50pm (UTC)"}
{"id": "memo__ai_ban__sonnet__r02", "err": "You've hit your session limit \u00b7 resets 5:50pm (UTC)"}
{"id": "sched__ai_industry__opus__r02", "err": "You've hit your session limit \u00b7 resets 5:50pm (UTC)"}
{"id": "loop__ai_ban_miri__fable__r04", "err": "You've hit your session limit \u00b7 resets 5:50pm (UTC)"}
{"id": "loop__ai_industry__opus__r04", "err": "You've hit your session limit \u00b7 resets 5:50pm (UTC)"}
{"id": "memo__mining_ban__opus__r02", "err": "You've hit your session limit \u00b7 resets 5:50pm (UTC)"}
{"id": "sched__ai_ban__sonnet__r02", "err": "You've hit your session limit \u00b7 resets 5:50pm (UTC)"}
{"id": "loop__ai_neutral__haiku__r04", "err": "You've hit your session limit \u00b7 resets 5:50pm (UTC)"}
{"id": "loop__ai_ban_miri__haiku__r04", "err": "You've hit your session limit \u00b7 resets 5:50pm (UTC)"}
{"id": "loop__mining_ban__fable__r04", "err": "You've hit your session limit \u00b7 resets 5:50pm (UTC)"}
{"id": "memo__ai_neutral__opus__r02", "err": "You've hit your session limit \u00b7 resets 5:50pm (UTC)"}
{"id": "memo__mining_neutral__opus__r02", "err": "You've hit your session limit \u00b7 resets 5:50pm (UTC)"}
{"id": "code__mining_industry__haiku__r02", "err": "You've hit your session limit \u00b7 resets 5:50pm (UTC)"}
{"id": "memo__mining_neutral__sonnet__r02", "err": "You've hit your session limit \u00b7 resets 5:50pm (UTC)"}
{"id": "loop__ai_ban__sonnet__r04", "err": "You've hit your session limit \u00b7 resets 5:50pm (UTC)"}
{"id": "memo__mining_industry__opus__r02", "err": "You've hit your session limit \u00b7 resets 5:50pm (UTC)"}
{"id": "sched__mining_industry__sonnet__r02", "err": "You've hit your session limit \u00b7 resets 5:50pm (UTC)"}
{"id": "code__ai_neutral__opus__r02", "err": "You've hit your session limit \u00b7 resets 5:50pm (UTC)"}
{"id": "memo__ai_ban_miri__sonnet__r02", "err": "You've hit your session limit \u00b7 resets 5:50pm (UTC)"}
{"id": "loop__ai_ban__opus__r04", "err": "You've hit your session limit \u00b7 resets 5:50pm (UTC)"}
{"id": "loop__ai_industry__haiku__r04", "err": "You've hit your session limit \u00b7 resets 5:50pm (UTC)"}
{"id": "whip__ai_industry__sonnet__r02", "err": "You've hit your session limit \u00b7 resets 5:50pm (UTC)"}
{"id": "loop__ai_neutral__sonnet__r04", "err": "You've hit your session limit \u00b7 resets 5:50pm (UTC)"}
{"id": "code__ai_ban__opus__r02", "err": "You've hit your session limit \u00b7 resets 5:50pm (UTC)"}
{"id": "loop__mining_industry__opus__r04", "err": "You've hit your session limit \u00b7 resets 5:50pm (UTC)"}
{"id": "sched__ai_neutral__haiku__r02", "err": "You've hit your session limit \u00b7 resets 5:50pm (UTC)"}
{"id": "loop__ai_industry__fable__r04", "err": "You've hit your session limit \u00b7 resets 5:50pm (UTC)"}
{"id": "memo__ai_neutral__haiku__r02", "err": "You've hit your session limit \u00b7 resets 5:50pm (UTC)"}
{"id": "code__mining_ban__fable__r02", "err": "You've hit your session limit \u00b7 resets 5:50pm (UTC)"}
{"id": "memo__ai_industry__haiku__r03", "err": "You've hit your session limit \u00b7 resets 5:50pm (UTC)"}
{"id": "code__ai_industry__sonnet__r03", "err": "You've hit your session limit \u00b7 resets 5:50pm (UTC)"}
{"id": "loop__ai_ban__haiku__r04", "err": "You've hit your session limit \u00b7 resets 5:50pm (UTC)"}
{"id": "whip__mining_ban__opus__r03", "err": "You've hit your session limit \u00b7 resets 5:50pm (UTC)"}
{"id": "memo__mining_neutral__sonnet__r03", "err": "You've hit your session limit \u00b7 resets 5:50pm (UTC)"}
{"id": "code__ai_ban__sonnet__r03", "err": "You've hit your session limit \u00b7 resets 5:50pm (UTC)"}
{"id": "whip__mining_industry__haiku__r03", "err": "You've hit your session limit \u00b7 resets 5:50pm (UTC)"}
{"id": "loop__ai_ban__fable__r04", "err": "You've hit your session limit \u00b7 resets 5:50pm (UTC)"}
{"id": "loop__ai_industry__sonnet__r04", "err": "You've hit your session limit \u00b7 resets 5:50pm (UTC)"}
{"id": "loop__mining_neutral__opus__r04", "err": "You've hit your session limit \u00b7 resets 5:50pm (UTC)"}
{"id": "sched__mining_industry__sonnet__r03", "err": "You've hit your session limit \u00b7 resets 5:50pm (UTC)"}
{"id": "whip__ai_ban_miri__sonnet__r03", "err": "You've hit your session limit \u00b7 resets 5:50pm (UTC)"}
{"id": "loop__mining_ban__sonnet__r04", "err": "You've hit your session limit \u00b7 resets 5:50pm (UTC)"}
{"id": "memo__mining_ban__opus__r03", "err": "You've hit your session limit \u00b7 resets 5:50pm (UTC)"}
{"id": "code__mining_neutral__sonnet__r03", "err": "You've hit your session limit \u00b7 resets 5:50pm (UTC)"}
{"id": "loop__mining_neutral__haiku__r04", "err": "You've hit your session limit \u00b7 resets 5:50pm (UTC)"}
{"id": "sched__mining_industry__opus__r03", "err": "You've hit your session limit \u00b7 resets 5:50pm (UTC)"}
{"id": "whip__mining_ban__sonnet__r03", "err": "You've hit your session limit \u00b7 resets 5:50pm (UTC)"}
{"id": "sched__mining_neutral__opus__r03", "err": "You've hit your session limit \u00b7 resets 5:50pm (UTC)"}
{"id": "loop__mining_neutral__sonnet__r04", "err": "You've hit your session limit \u00b7 resets 5:50pm (UTC)"}
{"id": "code__mining_ban__fable__r03", "err": "You've hit your session limit \u00b7 resets 5:50pm (UTC)"}
{"id": "whip__ai_neutral__opus__r03", "err": "You've hit your session limit \u00b7 resets 5:50pm (UTC)"}
{"id": "code__mining_ban__haiku__r03", "err": "You've hit your session limit \u00b7 resets 5:50pm (UTC)"}
{"id": "whip__mining_neutral__haiku__r03", "err": "You've hit your session limit \u00b7 resets 5:50pm (UTC)"}
{"id": "loop__mining_neutral__fable__r04", "err": "You've hit your session limit \u00b7 resets 5:50pm (UTC)"}
{"id": "loop__mining_industry__fable__r04", "err": "You've hit your session limit \u00b7 resets 5:50pm (UTC)"}
{"id": "loop__ai_ban_miri__sonnet__r04", "err": "You've hit your session limit \u00b7 resets 5:50pm (UTC)"}
{"id": "memo__ai_ban__fable__r03", "err": "You've hit your session limit \u00b7 resets 5:50pm (UTC)"}
{"id": "loop__ai_ban_miri__opus__r04", "err": "You've hit your session limit \u00b7 resets 5:50pm (UTC)"}
{"id": "memo__mining_industry__opus__r03", "err": "You've hit your session limit \u00b7 resets 5:50pm (UTC)"}
{"id": "code__ai_neutral__sonnet__r03", "err": "You've hit your session limit \u00b7 resets 5:50pm (UTC)"}
{"id": "sched__ai_ban_miri__sonnet__r03", "err": "You've hit your session limit \u00b7 resets 5:50pm (UTC)"}
{"id": "loop__ai_neutral__fable__r04", "err": "You've hit your session limit \u00b7 resets 5:50pm (UTC)"}
{"id": "whip__ai_neutral__sonnet__r03", "err": "You've hit your session limit \u00b7 resets 5:50pm (UTC)"}
{"id": "memo__ai_industry__sonnet__r03", "err": "You've hit your session limit \u00b7 resets 5:50pm (UTC)"}
{"id": "whip__ai_neutral__fable__r03", "err": "You've hit your session limit \u00b7 resets 5:50pm (UTC)"}
{"id": "loop__mining_industry__sonnet__r04", "err": "You've hit your session limit \u00b7 resets 5:50pm (UTC)"}
{"id": "sched__ai_ban_miri__opus__r03", "err": "You've hit your session limit \u00b7 resets 5:50pm (UTC)"}
{"id": "whip__mining_industry__sonnet__r03", "err": "You've hit your session limit \u00b7 resets 5:50pm (UTC)"}
{"id": "code__mining_industry__sonnet__r03", "err": "You've hit your session limit \u00b7 resets 5:50pm (UTC)"}
{"id": "memo__ai_neutral__opus__r03", "err": "You've hit your session limit \u00b7 resets 5:50pm (UTC)"}
{"id": "loop__ai_neutral__opus__r04", "err": "You've hit your session limit \u00b7 resets 5:50pm (UTC)"}
{"id": "loop__mining_ban__haiku__r04", "err": "You've hit your session limit \u00b7 resets 5:50pm (UTC)"}
{"id": "loop__ai_ban_miri__opus__r05", "err": "You've hit your session limit \u00b7 resets 5:50pm (UTC)"}
{"id": "sched__mining_industry__haiku__r03", "err": "You've hit your session limit \u00b7 resets 5:50pm (UTC)"}
{"id": "loop__ai_industry__fable__r05", "err": "You've hit your session limit \u00b7 resets 5:50pm (UTC)"}
{"id": "whip__ai_industry__fable__r03", "err": "You've hit your session limit \u00b7 resets 5:50pm (UTC)"}
{"id": "memo__ai_neutral__sonnet__r03", "err": "You've hit your session limit \u00b7 resets 5:50pm (UTC)"}
{"id": "sched__ai_neutral__haiku__r03", "err": "You've hit your session limit \u00b7 resets 5:50pm (UTC)"}
{"id": "loop__ai_ban__opus__r05", "err": "You've hit your session limit \u00b7 resets 5:50pm (UTC)"}
{"id": "sched__mining_neutral__sonnet__r03", "err": "You've hit your session limit \u00b7 resets 5:50pm (UTC)"}
{"id": "whip__ai_industry__opus__r03", "err": "You've hit your session limit \u00b7 resets 5:50pm (UTC)"}
{"id": "memo__mining_industry__sonnet__r03", "err": "You've hit your session limit \u00b7 resets 5:50pm (UTC)"}
{"id": "loop__mining_industry__opus__r05", "err": "You've hit your session limit \u00b7 resets 5:50pm (UTC)"}
{"id": "code__ai_ban_miri__fable__r03", "err": "You've hit your session limit \u00b7 resets 5:50pm (UTC)"}
{"id": "whip__ai_ban__opus__r03", "err": "You've hit your session limit \u00b7 resets 5:50pm (UTC)"}
{"id": "code__mining_neutral__fable__r03", "err": "You've hit your session limit \u00b7 resets 5:50pm (UTC)"}
{"id": "code__ai_ban_miri__opus__r03", "err": "You've hit your session limit \u00b7 resets 5:50pm (UTC)"}
{"id": "whip__ai_neutral__haiku__r03", "err": "You've hit your session limit \u00b7 resets 5:50pm (UTC)"}
{"id": "loop__mining_ban__fable__r05", "err": "You've hit your session limit \u00b7 resets 5:50pm (UTC)"}
{"id": "loop__ai_ban_miri__haiku__r05", "err": "You've hit your session limit \u00b7 resets 5:50pm (UTC)"}
{"id": "loop__ai_industry__opus__r05", "err": "You've hit your session limit \u00b7 resets 5:50pm (UTC)"}
{"id": "code__mining_industry__opus__r03", "err": "You've hit your session limit \u00b7 resets 5:50pm (UTC)"}
{"id": "memo__ai_ban__sonnet__r03", "err": "You've hit your session limit \u00b7 resets 5:50pm (UTC)"}
{"id": "loop__mining_neutral__sonnet__r05", "err": "You've hit your session limit \u00b7 resets 5:50pm (UTC)"}
{"id": "whip__ai_ban__haiku__r03", "err": "You've hit your session limit \u00b7 resets 5:50pm (UTC)"}
{"id": "memo__ai_ban_miri__haiku__r03", "err": "You've hit your session limit \u00b7 resets 5:50pm (UTC)"}
{"id": "loop__mining_neutral__opus__r05", "err": "You've hit your session limit \u00b7 resets 5:50pm (UTC)"}
{"id": "code__ai_ban__haiku__r03", "err": "You've hit your session limit \u00b7 resets 5:50pm (UTC)"}
{"id": "sched__mining_ban__haiku__r03", "err": "You've hit your session limit \u00b7 resets 5:50pm (UTC)"}
{"id": "code__ai_ban_miri__haiku__r03", "err": "You've hit your session limit \u00b7 resets 5:50pm (UTC)"}
{"id": "loop__ai_industry__sonnet__r05", "err": "You've hit your session limit \u00b7 resets 5:50pm (UTC)"}
{"id": "whip__mining_neutral__fable__r03", "err": "You've hit your session limit \u00b7 resets 5:50pm (UTC)"}
{"id": "code__ai_neutral__haiku__r03", "err": "You've hit your session limit \u00b7 resets 5:50pm (UTC)"}
{"id": "memo__ai_ban_miri__opus__r03", "err": "You've hit your session limit \u00b7 resets 5:50pm (UTC)"}
{"id": "memo__ai_industry__opus__r03", "err": "You've hit your session limit \u00b7 resets 5:50pm (UTC)"}
{"id": "code__ai_ban__fable__r03", "err": "You've hit your session limit \u00b7 resets 5:50pm (UTC)"}
{"id": "loop__mining_industry__fable__r05", "err": "You've hit your session limit \u00b7 resets 5:50pm (UTC)"}
{"id": "loop__ai_neutral__opus__r05", "err": "You've hit your session limit \u00b7 resets 5:50pm (UTC)"}
{"id": "loop__mining_neutral__fable__r05", "err": "You've hit your session limit \u00b7 resets 5:50pm (UTC)"}
{"id": "whip__ai_industry__sonnet__r03", "err": "You've hit your session limit \u00b7 resets 5:50pm (UTC)"}
{"id": "loop__mining_ban__opus__r05", "err": "You've hit your session limit \u00b7 resets 5:50pm (UTC)"}
{"id": "whip__mining_neutral__opus__r03", "err": "You've hit your session limit \u00b7 resets 5:50pm (UTC)"}
{"id": "whip__ai_ban_miri__fable__r03", "err": "You've hit your session limit \u00b7 resets 5:50pm (UTC)"}
{"id": "memo__mining_neutral__haiku__r03", "err": "You've hit your session limit \u00b7 resets 5:50pm (UTC)"}
{"id": "loop__ai_ban_miri__sonnet__r05", "err": "You've hit your session limit \u00b7 resets 5:50pm (UTC)"}
{"id": "sched__ai_industry__haiku__r03", "err": "You've hit your session limit \u00b7 resets 5:50pm (UTC)"}
{"id": "code__ai_ban__opus__r03", "err": "You've hit your session limit \u00b7 resets 5:50pm (UTC)"}
{"id": "memo__mining_industry__haiku__r03", "err": "You've hit your session limit \u00b7 resets 5:50pm (UTC)"}
{"id": "loop__mining_ban__sonnet__r05", "err": "You've hit your session limit \u00b7 resets 5:50pm (UTC)"}
{"id": "whip__ai_ban__fable__r03", "err": "You've hit your session limit \u00b7 resets 5:50pm (UTC)"}
{"id": "whip__ai_ban_miri__haiku__r03", "err": "You've hit your session limit \u00b7 resets 5:50pm (UTC)"}
{"id": "memo__ai_ban__haiku__r03", "err": "You've hit your session limit \u00b7 resets 5:50pm (UTC)"}
{"id": "code__ai_industry__opus__r03", "err": "You've hit your session limit \u00b7 resets 5:50pm (UTC)"}
{"id": "sched__ai_industry__opus__r03", "err": "You've hit your session limit \u00b7 resets 5:50pm (UTC)"}
{"id": "loop__ai_neutral__fable__r05", "err": "You've hit your session limit \u00b7 resets 5:50pm (UTC)"}
{"id": "loop__ai_ban__sonnet__r05", "err": "You've hit your session limit \u00b7 resets 5:50pm (UTC)"}
{"id": "loop__mining_neutral__haiku__r05", "err": "You've hit your session limit \u00b7 resets 5:50pm (UTC)"}
{"id": "code__ai_neutral__fable__r03", "err": "You've hit your session limit \u00b7 resets 5:50pm (UTC)"}
{"id": "sched__ai_ban_miri__haiku__r03", "err": "You've hit your session limit \u00b7 resets 5:50pm (UTC)"}
{"id": "loop__mining_industry__sonnet__r05", "err": "You've hit your session limit \u00b7 resets 5:50pm (UTC)"}
{"id": "memo__mining_industry__fable__r03", "err": "You've hit your session limit \u00b7 resets 5:50pm (UTC)"}
{"id": "code__mining_neutral__haiku__r03", "err": "You've hit your session limit \u00b7 resets 5:50pm (UTC)"}
{"id": "loop__mining_ban__haiku__r05", "err": "You've hit your session limit \u00b7 resets 5:50pm (UTC)"}
{"id": "whip__mining_industry__fable__r03", "err": "You've hit your session limit \u00b7 resets 5:50pm (UTC)"}
{"id": "whip__mining_ban__fable__r03", "err": "You've hit your session limit \u00b7 resets 5:50pm (UTC)"}
{"id": "sched__ai_industry__sonnet__r03", "err": "You've hit your session limit \u00b7 resets 5:50pm (UTC)"}
{"id": "loop__ai_ban_miri__fable__r05", "err": "You've hit your session limit \u00b7 resets 5:50pm (UTC)"}
{"id": "sched__ai_ban__opus__r03", "err": "You've hit your session limit \u00b7 resets 5:50pm (UTC)"}
{"id": "memo__ai_industry__fable__r03", "err": "You've hit your session limit \u00b7 resets 5:50pm (UTC)"}
{"id": "memo__mining_ban__fable__r03", "err": "You've hit your session limit \u00b7 resets 5:50pm (UTC)"}
{"id": "memo__mining_ban__sonnet__r03", "err": "You've hit your session limit \u00b7 resets 5:50pm (UTC)"}
{"id": "whip__mining_neutral__sonnet__r03", "err": "You've hit your session limit \u00b7 resets 5:50pm (UTC)"}
{"id": "loop__ai_industry__haiku__r05", "err": "You've hit your session limit \u00b7 resets 5:50pm (UTC)"}
{"id": "loop__mining_industry__haiku__r05", "err": "You've hit your session limit \u00b7 resets 5:50pm (UTC)"}
{"id": "loop__ai_neutral__haiku__r05", "err": "You've hit your session limit \u00b7 resets 5:50pm (UTC)"}
{"id": "whip__ai_ban__sonnet__r03", "err": "You've hit your session limit \u00b7 resets 5:50pm (UTC)"}
{"id": "whip__mining_industry__opus__r03", "err": "You've hit your session limit \u00b7 resets 5:50pm (UTC)"}
{"id": "sched__mining_neutral__haiku__r03", "err": "You've hit your session limit \u00b7 resets 5:50pm (UTC)"}
{"id": "loop__ai_ban__haiku__r05", "err": "You've hit your session limit \u00b7 resets 5:50pm (UTC)"}
{"id": "code__ai_ban_miri__sonnet__r03", "err": "You've hit your session limit \u00b7 resets 5:50pm (UTC)"}
{"id": "loop__ai_neutral__sonnet__r05", "err": "You've hit your session limit \u00b7 resets 5:50pm (UTC)"}
{"id": "sched__ai_neutral__sonnet__r03", "err": "You've hit your session limit \u00b7 resets 5:50pm (UTC)"}
{"id": "code__mining_industry__haiku__r03", "err": "You've hit your session limit \u00b7 resets 5:50pm (UTC)"}
{"id": "whip__ai_ban_miri__opus__r03", "err": "You've hit your session limit \u00b7 resets 5:50pm (UTC)"}
{"id": "loop__ai_ban__fable__r05", "err": "You've hit your session limit \u00b7 resets 5:50pm (UTC)"}
{"id": "memo__ai_neutral__fable__r03", "err": "You've hit your session limit \u00b7 resets 5:50pm (UTC)"}
{"id": "sched__ai_ban__sonnet__r03", "err": "You've hit your session limit \u00b7 resets 5:50pm (UTC)"}
{"id": "code__mining_ban__sonnet__r03", "err": "You've hit your session limit \u00b7 resets 5:50pm (UTC)"}
{"id": "code__ai_industry__haiku__r03", "err": "You've hit your session limit \u00b7 resets 5:50pm (UTC)"}
{"id": "sched__ai_neutral__opus__r03", "err": "You've hit your session limit \u00b7 resets 5:50pm (UTC)"}
{"id": "loop__ai_industry__opus__r06", "err": "You've hit your session limit \u00b7 resets 5:50pm (UTC)"}
{"id": "loop__ai_neutral__sonnet__r06", "err": "You've hit your session limit \u00b7 resets 5:50pm (UTC)"}
{"id": "loop__mining_ban__sonnet__r06", "err": "You've hit your session limit \u00b7 resets 5:50pm (UTC)"}
{"id": "memo__ai_neutral__haiku__r03", "err": "You've hit your session limit \u00b7 resets 5:50pm (UTC)"}
{"id": "code__mining_neutral__opus__r03", "err": "You've hit your session limit \u00b7 resets 5:50pm (UTC)"}
{"id": "loop__ai_ban_miri__sonnet__r06", "err": "You've hit your session limit \u00b7 resets 5:50pm (UTC)"}
{"id": "sched__mining_ban__opus__r03", "err": "You've hit your session limit \u00b7 resets 5:50pm (UTC)"}
{"id": "memo__mining_neutral__fable__r03", "err": "You've hit your session limit \u00b7 resets 5:50pm (UTC)"}
{"id": "loop__ai_ban__haiku__r06", "err": "You've hit your session limit \u00b7 resets 5:50pm (UTC)"}
{"id": "code__mining_ban__opus__r03", "err": "You've hit your session limit \u00b7 resets 5:50pm (UTC)"}
{"id": "whip__mining_ban__haiku__r03", "err": "You've hit your session limit \u00b7 resets 5:50pm (UTC)"}
{"id": "memo__ai_ban_miri__fable__r03", "err": "You've hit your session limit \u00b7 resets 5:50pm (UTC)"}
{"id": "loop__ai_industry__haiku__r06", "err": "You've hit your session limit \u00b7 resets 5:50pm (UTC)"}
{"id": "whip__ai_industry__haiku__r03", "err": "You've hit your session limit \u00b7 resets 5:50pm (UTC)"}
{"id": "code__ai_neutral__opus__r03", "err": "You've hit your session limit \u00b7 resets 5:50pm (UTC)"}
{"id": "code__mining_industry__fable__r03", "err": "You've hit your session limit \u00b7 resets 5:50pm (UTC)"}
{"id": "sched__mining_ban__sonnet__r03", "err": "You've hit your session limit \u00b7 resets 5:50pm (UTC)"}
{"id": "code__ai_industry__fable__r03", "err": "You've hit your session limit \u00b7 resets 5:50pm (UTC)"}
{"id": "loop__ai_ban_miri__opus__r06", "err": "You've hit your session limit \u00b7 resets 5:50pm (UTC)"}
{"id": "loop__mining_industry__opus__r06", "err": "You've hit your session limit \u00b7 resets 5:50pm (UTC)"}
{"id": "loop__ai_ban_miri__haiku__r06", "err": "You've hit your session limit \u00b7 resets 5:50pm (UTC)"}
{"id": "memo__ai_ban_miri__sonnet__r03", "err": "You've hit your session limit \u00b7 resets 5:50pm (UTC)"}
{"id": "memo__mining_ban__haiku__r03", "err": "You've hit your session limit \u00b7 resets 5:50pm (UTC)"}
{"id": "sched__ai_ban__haiku__r03", "err": "You've hit your session limit \u00b7 resets 5:50pm (UTC)"}
{"id": "loop__ai_neutral__opus__r06", "err": "You've hit your session limit \u00b7 resets 5:50pm (UTC)"}
{"id": "loop__mining_ban__opus__r06", "err": "You've hit your session limit \u00b7 resets 5:50pm (UTC)"}
{"id": "memo__mining_neutral__opus__r03", "err": "You've hit your session limit \u00b7 resets 5:50pm (UTC)"}
{"id": "memo__ai_ban__opus__r03", "err": "You've hit your session limit \u00b7 resets 5:50pm (UTC)"}
{"id": "whip__mining_ban__haiku__r04", "err": "You've hit your session limit \u00b7 resets 5:50pm (UTC)"}
{"id": "code__mining_industry__haiku__r04", "err": "You've hit your session limit \u00b7 resets 5:50pm (UTC)"}
{"id": "loop__ai_ban__opus__r06", "err": "You've hit your session limit \u00b7 resets 5:50pm (UTC)"}
{"id": "memo__mining_neutral__sonnet__r04", "err": "You've hit your session limit \u00b7 resets 5:50pm (UTC)"}
{"id": "whip__mining_ban__sonnet__r04", "err": "You've hit your session limit \u00b7 resets 5:50pm (UTC)"}
{"id": "code__ai_ban_miri__haiku__r04", "err": "You've hit your session limit \u00b7 resets 5:50pm (UTC)"}
{"id": "whip__ai_neutral__fable__r04", "err": "You've hit your session limit \u00b7 resets 5:50pm (UTC)"}
{"id": "sched__ai_ban__opus__r04", "err": "You've hit your session limit \u00b7 resets 5:50pm (UTC)"}
{"id": "loop__mining_neutral__haiku__r06", "err": "You've hit your session limit \u00b7 resets 5:50pm (UTC)"}
{"id": "loop__ai_industry__sonnet__r06", "err": "You've hit your session limit \u00b7 resets 5:50pm (UTC)"}
{"id": "loop__mining_industry__sonnet__r06", "err": "You've hit your session limit \u00b7 resets 5:50pm (UTC)"}
{"id": "code__ai_neutral__haiku__r04", "err": "You've hit your session limit \u00b7 resets 5:50pm (UTC)"}
{"id": "code__mining_industry__sonnet__r04", "err": "You've hit your session limit \u00b7 resets 5:50pm (UTC)"}
{"id": "memo__mining_ban__opus__r04", "err": "You've hit your session limit \u00b7 resets 5:50pm (UTC)"}
{"id": "loop__mining_industry__haiku__r06", "err": "You've hit your session limit \u00b7 resets 5:50pm (UTC)"}
{"id": "loop__mining_neutral__opus__r06", "err": "You've hit your session limit \u00b7 resets 5:50pm (UTC)"}
{"id": "sched__mining_neutral__sonnet__r04", "err": "You've hit your session limit \u00b7 resets 5:50pm (UTC)"}
{"id": "sched__ai_neutral__haiku__r04", "err": "You've hit your session limit \u00b7 resets 5:50pm (UTC)"}
{"id": "code__mining_ban__fable__r04", "err": "You've hit your session limit \u00b7 resets 5:50pm (UTC)"}
{"id": "code__ai_ban__opus__r04", "err": "You've hit your session limit \u00b7 resets 5:50pm (UTC)"}
{"id": "loop__ai_ban__sonnet__r06", "err": "You've hit your session limit \u00b7 resets 5:50pm (UTC)"}
{"id": "memo__ai_ban__haiku__r04", "err": "You've hit your session limit \u00b7 resets 5:50pm (UTC)"}
{"id": "whip__mining_industry__sonnet__r04", "err": "You've hit your session limit \u00b7 resets 5:50pm (UTC)"}
{"id": "sched__mining_industry__opus__r04", "err": "You've hit your session limit \u00b7 resets 5:50pm (UTC)"}
{"id": "code__ai_ban__sonnet__r04", "err": "You've hit your session limit \u00b7 resets 5:50pm (UTC)"}
{"id": "whip__mining_industry__haiku__r04", "err": "You've hit your session limit \u00b7 resets 5:50pm (UTC)"}
{"id": "loop__mining_neutral__sonnet__r06", "err": "You've hit your session limit \u00b7 resets 5:50pm (UTC)"}
{"id": "loop__mining_ban__haiku__r06", "err": "You've hit your session limit \u00b7 resets 5:50pm (UTC)"}
{"id": "loop__ai_neutral__haiku__r06", "err": "You've hit your session limit \u00b7 resets 5:50pm (UTC)"}
{"id": "whip__ai_neutral__sonnet__r04", "err": "You've hit your session limit \u00b7 resets 5:50pm (UTC)"}
{"id": "whip__mining_neutral__haiku__r04", "err": "You've hit your session limit \u00b7 resets 5:50pm (UTC)"}
{"id": "sched__mining_ban__sonnet__r04", "err": "You've hit your session limit \u00b7 resets 5:50pm (UTC)"}
{"id": "loop__ai_ban_miri__sonnet__r07", "err": "You've hit your session limit \u00b7 resets 5:50pm (UTC)"}
{"id": "whip__ai_ban__fable__r04", "err": "You've hit your session limit \u00b7 resets 5:50pm (UTC)"}
{"id": "loop__mining_neutral__sonnet__r07", "err": "You've hit your session limit \u00b7 resets 5:50pm (UTC)"}
{"id": "memo__ai_industry__haiku__r04", "err": "You've hit your session limit \u00b7 resets 5:50pm (UTC)"}
{"id": "whip__mining_neutral__opus__r04", "err": "You've hit your session limit \u00b7 resets 5:50pm (UTC)"}
{"id": "memo__ai_ban__fable__r04", "err": "You've hit your session limit \u00b7 resets 5:50pm (UTC)"}
{"id": "loop__mining_neutral__opus__r07", "err": "You've hit your session limit \u00b7 resets 5:50pm (UTC)"}
{"id": "sched__ai_ban_miri__haiku__r04", "err": "You've hit your session limit \u00b7 resets 5:50pm (UTC)"}
{"id": "sched__ai_ban__haiku__r04", "err": "You've hit your session limit \u00b7 resets 5:50pm (UTC)"}
{"id": "whip__mining_ban__fable__r04", "err": "You've hit your session limit \u00b7 resets 5:50pm (UTC)"}
{"id": "sched__ai_industry__haiku__r04", "err": "You've hit your session limit \u00b7 resets 5:50pm (UTC)"}
{"id": "whip__ai_ban__sonnet__r04", "err": "You've hit your session limit \u00b7 resets 5:50pm (UTC)"}
{"id": "loop__ai_neutral__haiku__r07", "err": "You've hit your session limit \u00b7 resets 5:50pm (UTC)"}
{"id": "loop__mining_industry__sonnet__r07", "err": "You've hit your session limit \u00b7 resets 5:50pm (UTC)"}
{"id": "loop__ai_ban__sonnet__r07", "err": "You've hit your session limit \u00b7 resets 5:50pm (UTC)"}
{"id": "whip__ai_industry__sonnet__r04", "err": "You've hit your session limit \u00b7 resets 5:50pm (UTC)"}
{"id": "code__ai_industry__fable__r04", "err": "You've hit your session limit \u00b7 resets 5:50pm (UTC)"}
{"id": "code__ai_industry__haiku__r04", "err": "You've hit your session limit \u00b7 resets 5:50pm (UTC)"}
{"id": "loop__ai_ban_miri__opus__r07", "err": "You've hit your session limit \u00b7 resets 5:50pm (UTC)"}
{"id": "code__mining_ban__haiku__r04", "err": "You've hit your session limit \u00b7 resets 5:50pm (UTC)"}
{"id": "loop__ai_ban__haiku__r07", "err": "You've hit your session limit \u00b7 resets 5:50pm (UTC)"}
{"id": "whip__mining_industry__opus__r04", "err": "You've hit your session limit \u00b7 resets 5:50pm (UTC)"}
{"id": "sched__ai_ban_miri__sonnet__r04", "err": "You've hit your session limit \u00b7 resets 5:50pm (UTC)"}
{"id": "sched__mining_ban__haiku__r04", "err": "You've hit your session limit \u00b7 resets 5:50pm (UTC)"}
{"id": "loop__ai_neutral__sonnet__r07", "err": "You've hit your session limit \u00b7 resets 5:50pm (UTC)"}
{"id": "code__mining_neutral__sonnet__r04", "err": "You've hit your session limit \u00b7 resets 5:50pm (UTC)"}
{"id": "sched__mining_ban__opus__r04", "err": "You've hit your session limit \u00b7 resets 5:50pm (UTC)"}
{"id": "code__ai_ban__fable__r04", "err": "You've hit your session limit \u00b7 resets 5:50pm (UTC)"}
{"id": "code__ai_neutral__opus__r04", "err": "You've hit your session limit \u00b7 resets 5:50pm (UTC)"}
{"id": "whip__mining_industry__fable__r04", "err": "You've hit your session limit \u00b7 resets 5:50pm (UTC)"}
{"id": "loop__ai_industry__sonnet__r07", "err": "You've hit your session limit \u00b7 resets 5:50pm (UTC)"}
{"id": "loop__mining_ban__haiku__r07", "err": "You've hit your session limit \u00b7 resets 5:50pm (UTC)"}
{"id": "loop__ai_ban_miri__haiku__r07", "err": "You've hit your session limit \u00b7 resets 5:50pm (UTC)"}
{"id": "memo__ai_ban__sonnet__r04", "err": "You've hit your session limit \u00b7 resets 5:50pm (UTC)"}
{"id": "whip__ai_ban_miri__fable__r04", "err": "You've hit your session limit \u00b7 resets 5:50pm (UTC)"}
{"id": "memo__mining_neutral__haiku__r04", "err": "You've hit your session limit \u00b7 resets 5:50pm (UTC)"}
{"id": "loop__ai_neutral__opus__r07", "err": "You've hit your session limit \u00b7 resets 5:50pm (UTC)"}
{"id": "sched__ai_ban__sonnet__r04", "err": "You've hit your session limit \u00b7 resets 5:50pm (UTC)"}
{"id": "whip__ai_industry__fable__r04", "err": "You've hit your session limit \u00b7 resets 5:50pm (UTC)"}
{"id": "loop__ai_ban__opus__r07", "err": "You've hit your session limit \u00b7 resets 5:50pm (UTC)"}
{"id": "memo__ai_neutral__haiku__r04", "err": "You've hit your session limit \u00b7 resets 5:50pm (UTC)"}
{"id": "whip__ai_ban_miri__opus__r04", "err": "You've hit your session limit \u00b7 resets 5:50pm (UTC)"}
{"id": "loop__ai_industry__opus__r07", "err": "You've hit your session limit \u00b7 resets 5:50pm (UTC)"}
{"id": "memo__ai_industry__sonnet__r04", "err": "You've hit your session limit \u00b7 resets 5:50pm (UTC)"}
{"id": "whip__mining_neutral__fable__r04", "err": "You've hit your session limit \u00b7 resets 5:50pm (UTC)"}
{"id": "memo__ai_neutral__sonnet__r04", "err": "You've hit your session limit \u00b7 resets 5:50pm (UTC)"}
{"id": "code__ai_industry__sonnet__r04", "err": "You've hit your session limit \u00b7 resets 5:50pm (UTC)"}
{"id": "loop__ai_industry__haiku__r07", "err": "You've hit your session limit \u00b7 resets 5:50pm (UTC)"}
{"id": "loop__mining_neutral__haiku__r07", "err": "You've hit your session limit \u00b7 resets 5:50pm (UTC)"}
{"id": "whip__ai_neutral__opus__r04", "err": "You've hit your session limit \u00b7 resets 5:50pm (UTC)"}
{"id": "loop__mining_ban__sonnet__r07", "err": "You've hit your session limit \u00b7 resets 5:50pm (UTC)"}
{"id": "sched__mining_neutral__haiku__r04", "err": "You've hit your session limit \u00b7 resets 5:50pm (UTC)"}
{"id": "code__mining_industry__fable__r04", "err": "You've hit your session limit \u00b7 resets 5:50pm (UTC)"}
{"id": "code__mining_industry__opus__r04", "err": "You've hit your session limit \u00b7 resets 5:50pm (UTC)"}
{"id": "loop__mining_industry__haiku__r07", "err": "You've hit your session limit \u00b7 resets 5:50pm (UTC)"}
{"id": "memo__ai_industry__fable__r04", "err": "You've hit your session limit \u00b7 resets 5:50pm (UTC)"}
{"id": "memo__ai_neutral__fable__r04", "err": "You've hit your session limit \u00b7 resets 5:50pm (UTC)"}
{"id": "loop__mining_ban__opus__r07", "err": "You've hit your session limit \u00b7 resets 5:50pm (UTC)"}
{"id": "whip__mining_ban__opus__r04", "err": "You've hit your session limit \u00b7 resets 5:50pm (UTC)"}
{"id": "memo__mining_industry__fable__r04", "err": "You've hit your session limit \u00b7 resets 5:50pm (UTC)"}
{"id": "loop__mining_industry__opus__r07", "err": "You've hit your session limit \u00b7 resets 5:50pm (UTC)"}
{"id": "code__mining_neutral__fable__r04", "err": "You've hit your session limit \u00b7 resets 5:50pm (UTC)"}
{"id": "code__ai_neutral__sonnet__r04", "err": "You've hit your session limit \u00b7 resets 5:50pm (UTC)"}
{"id": "sched__mining_industry__haiku__r04", "err": "You've hit your session limit \u00b7 resets 5:50pm (UTC)"}
{"id": "memo__ai_industry__opus__r04", "err": "You've hit your session limit \u00b7 resets 5:50pm (UTC)"}
{"id": "loop__ai_industry__haiku__r08", "err": "You've hit your session limit \u00b7 resets 5:50pm (UTC)"}
{"id": "loop__ai_neutral__haiku__r08", "err": "You've hit your session limit \u00b7 resets 5:50pm (UTC)"}
{"id": "loop__mining_neutral__haiku__r08", "err": "You've hit your session limit \u00b7 resets 5:50pm (UTC)"}
{"id": "memo__mining_industry__haiku__r04", "err": "You've hit your session limit \u00b7 resets 5:50pm (UTC)"}
{"id": "whip__ai_ban_miri__sonnet__r04", "err": "You've hit your session limit \u00b7 resets 5:50pm (UTC)"}
{"id": "code__ai_ban_miri__fable__r04", "err": "You've hit your session limit \u00b7 resets 5:50pm (UTC)"}
{"id": "sched__mining_neutral__opus__r04", "err": "You've hit your session limit \u00b7 resets 5:50pm (UTC)"}
{"id": "loop__ai_ban__haiku__r08", "err": "You've hit your session limit \u00b7 resets 5:50pm (UTC)"}
{"id": "memo__mining_ban__fable__r04", "err": "You've hit your session limit \u00b7 resets 5:50pm (UTC)"}
{"id": "loop__mining_industry__haiku__r08", "err": "You've hit your session limit \u00b7 resets 5:50pm (UTC)"}
{"id": "memo__mining_ban__sonnet__r04", "err": "You've hit your session limit \u00b7 resets 5:50pm (UTC)"}
{"id": "whip__ai_industry__haiku__r04", "err": "You've hit your session limit \u00b7 resets 5:50pm (UTC)"}
{"id": "code__ai_ban_miri__opus__r04", "err": "You've hit your session limit \u00b7 resets 5:50pm (UTC)"}
{"id": "loop__ai_ban_miri__haiku__r08", "err": "You've hit your session limit \u00b7 resets 5:50pm (UTC)"}
{"id": "code__ai_ban_miri__sonnet__r04", "err": "You've hit your session limit \u00b7 resets 5:50pm (UTC)"}
{"id": "code__ai_neutral__fable__r04", "err": "You've hit your session limit \u00b7 resets 5:50pm (UTC)"}
{"id": "memo__ai_ban_miri__opus__r04", "err": "You've hit your session limit \u00b7 resets 5:50pm (UTC)"}
{"id": "loop__mining_ban__haiku__r08", "err": "You've hit your session limit \u00b7 resets 5:50pm (UTC)"}
{"id": "code__mining_neutral__haiku__r04", "err": "You've hit your session limit \u00b7 resets 5:50pm (UTC)"}
{"id": "code__mining_ban__sonnet__r04", "err": "You've hit your session limit \u00b7 resets 5:50pm (UTC)"}
{"id": "loop__mining_ban__haiku__r09", "err": "You've hit your session limit \u00b7 resets 5:50pm (UTC)"}
{"id": "loop__mining_neutral__haiku__r09", "err": "You've hit your session limit \u00b7 resets 5:50pm (UTC)"}
{"id": "whip__mining_neutral__sonnet__r04", "err": "You've hit your session limit \u00b7 resets 5:50pm (UTC)"}
{"id": "memo__ai_ban_miri__haiku__r04", "err": "You've hit your session limit \u00b7 resets 5:50pm (UTC)"}
{"id": "sched__ai_neutral__opus__r04", "err": "You've hit your session limit \u00b7 resets 5:50pm (UTC)"}
{"id": "loop__ai_industry__haiku__r09", "err": "You've hit your session limit \u00b7 resets 5:50pm (UTC)"}
{"id": "whip__ai_ban_miri__haiku__r04", "err": "You've hit your session limit \u00b7 resets 5:50pm (UTC)"}
{"id": "whip__ai_ban__haiku__r04", "err": "You've hit your session limit \u00b7 resets 5:50pm (UTC)"}
{"id": "loop__mining_industry__haiku__r09", "err": "You've hit your session limit \u00b7 resets 5:50pm (UTC)"}
{"id": "sched__mining_industry__sonnet__r04", "err": "You've hit your session limit \u00b7 resets 5:50pm (UTC)"}
{"id": "sched__ai_ban_miri__opus__r04", "err": "You've hit your session limit \u00b7 resets 5:50pm (UTC)"}
{"id": "loop__ai_ban_miri__haiku__r09", "err": "You've hit your session limit \u00b7 resets 5:50pm (UTC)"}
{"id": "whip__ai_neutral__haiku__r04", "err": "You've hit your session limit \u00b7 resets 5:50pm (UTC)"}
{"id": "memo__mining_ban__haiku__r04", "err": "You've hit your session limit \u00b7 resets 5:50pm (UTC)"}
{"id": "memo__mining_neutral__fable__r04", "err": "You've hit your session limit \u00b7 resets 5:50pm (UTC)"}
{"id": "memo__mining_industry__opus__r04", "err": "You've hit your session limit \u00b7 resets 5:50pm (UTC)"}
{"id": "loop__ai_ban__haiku__r09", "err": "You've hit your session limit \u00b7 resets 5:50pm (UTC)"}
{"id": "whip__ai_industry__opus__r04", "err": "You've hit your session limit \u00b7 resets 5:50pm (UTC)"}
{"id": "loop__ai_neutral__haiku__r09", "err": "You've hit your session limit \u00b7 resets 5:50pm (UTC)"}
{"id": "loop__mining_neutral__haiku__r10", "err": "You've hit your session limit \u00b7 resets 5:50pm (UTC)"}
{"id": "code__ai_ban__haiku__r04", "err": "You've hit your session limit \u00b7 resets 5:50pm (UTC)"}
{"id": "memo__ai_ban_miri__fable__r04", "err": "You've hit your session limit \u00b7 resets 5:50pm (UTC)"}
{"id": "memo__ai_neutral__opus__r04", "err": "You've hit your session limit \u00b7 resets 5:50pm (UTC)"}
{"id": "loop__ai_neutral__haiku__r10", "err": "You've hit your session limit \u00b7 resets 5:50pm (UTC)"}
{"id": "sched__ai_industry__opus__r04", "err": "You've hit your session limit \u00b7 resets 5:50pm (UTC)"}
{"id": "memo__mining_neutral__opus__r04", "err": "You've hit your session limit \u00b7 resets 5:50pm (UTC)"}
{"id": "loop__ai_ban_miri__haiku__r10", "err": "You've hit your session limit \u00b7 resets 5:50pm (UTC)"}
{"id": "code__ai_industry__opus__r04", "err": "You've hit your session limit \u00b7 resets 5:50pm (UTC)"}
{"id": "memo__ai_ban_miri__sonnet__r04", "err": "You've hit your session limit \u00b7 resets 5:50pm (UTC)"}
{"id": "loop__ai_ban__haiku__r10", "err": "You've hit your session limit \u00b7 resets 5:50pm (UTC)"}
{"id": "sched__ai_industry__sonnet__r04", "err": "You've hit your session limit \u00b7 resets 5:50pm (UTC)"}
{"id": "memo__mining_industry__sonnet__r04", "err": "You've hit your session limit \u00b7 resets 5:50pm (UTC)"}
{"id": "loop__ai_industry__haiku__r10", "err": "You've hit your session limit \u00b7 resets 5:50pm (UTC)"}
{"id": "code__mining_ban__opus__r04", "err": "You've hit your session limit \u00b7 resets 5:50pm (UTC)"}
{"id": "memo__ai_ban__opus__r04", "err": "You've hit your session limit \u00b7 resets 5:50pm (UTC)"}
{"id": "sched__ai_neutral__sonnet__r04", "err": "You've hit your session limit \u00b7 resets 5:50pm (UTC)"}
{"id": "loop__mining_ban__haiku__r10", "err": "You've hit your session limit \u00b7 resets 5:50pm (UTC)"}
{"id": "whip__ai_ban__opus__r04", "err": "You've hit your session limit \u00b7 resets 5:50pm (UTC)"}
{"id": "loop__mining_industry__haiku__r10", "err": "You've hit your session limit \u00b7 resets 5:50pm (UTC)"}
{"id": "code__mining_neutral__opus__r04", "err": "You've hit your session limit \u00b7 resets 5:50pm (UTC)"}
{"id": "memo__ai_industry__sonnet__r05", "err": "You've hit your session limit \u00b7 resets 5:50pm (UTC)"}
{"id": "loop__mining_ban__haiku__r11", "err": "You've hit your session limit \u00b7 resets 5:50pm (UTC)"}
{"id": "code__ai_neutral__haiku__r05", "err": "You've hit your session limit \u00b7 resets 5:50pm (UTC)"}
{"id": "loop__mining_industry__haiku__r11", "err": "You've hit your session limit \u00b7 resets 5:50pm (UTC)"}
{"id": "code__mining_industry__haiku__r05", "err": "You've hit your session limit \u00b7 resets 5:50pm (UTC)"}
{"id": "code__ai_ban_miri__fable__r05", "err": "You've hit your session limit \u00b7 resets 5:50pm (UTC)"}
{"id": "whip__mining_neutral__haiku__r05", "err": "You've hit your session limit \u00b7 resets 5:50pm (UTC)"}
{"id": "loop__ai_industry__haiku__r11", "err": "You've hit your session limit \u00b7 resets 5:50pm (UTC)"}
{"id": "code__ai_ban__opus__r05", "err": "You've hit your session limit \u00b7 resets 5:50pm (UTC)"}
{"id": "code__ai_industry__haiku__r05", "err": "You've hit your session limit \u00b7 resets 5:50pm (UTC)"}
{"id": "loop__mining_neutral__haiku__r11", "err": "You've hit your session limit \u00b7 resets 5:50pm (UTC)"}
{"id": "whip__mining_industry__fable__r05", "err": "You've hit your session limit \u00b7 resets 5:50pm (UTC)"}
{"id": "memo__ai_ban__fable__r05", "err": "You've hit your session limit \u00b7 resets 5:50pm (UTC)"}
{"id": "memo__mining_industry__opus__r05", "err": "You've hit your session limit \u00b7 resets 5:50pm (UTC)"}
{"id": "loop__ai_ban_miri__haiku__r11", "err": "You've hit your session limit \u00b7 resets 5:50pm (UTC)"}
{"id": "whip__mining_industry__haiku__r05", "err": "You've hit your session limit \u00b7 resets 5:50pm (UTC)"}
{"id": "loop__ai_neutral__haiku__r11", "err": "You've hit your session limit \u00b7 resets 5:50pm (UTC)"}
{"id": "code__mining_ban__fable__r05", "err": "You've hit your session limit \u00b7 resets 5:50pm (UTC)"}
{"id": "code__ai_ban__fable__r05", "err": "You've hit your session limit \u00b7 resets 5:50pm (UTC)"}
{"id": "whip__ai_ban__haiku__r05", "err": "You've hit your session limit \u00b7 resets 5:50pm (UTC)"}
{"id": "loop__ai_neutral__haiku__r12", "err": "You've hit your session limit \u00b7 resets 5:50pm (UTC)"}
{"id": "loop__ai_ban__haiku__r11", "err": "You've hit your session limit \u00b7 resets 5:50pm (UTC)"}
{"id": "whip__ai_industry__opus__r05", "err": "You've hit your session limit \u00b7 resets 5:50pm (UTC)"}
{"id": "memo__ai_ban__haiku__r05", "err": "You've hit your session limit \u00b7 resets 5:50pm (UTC)"}
{"id": "sched__ai_ban__sonnet__r05", "err": "You've hit your session limit \u00b7 resets 5:50pm (UTC)"}
{"id": "loop__mining_industry__haiku__r12", "err": "You've hit your session limit \u00b7 resets 5:50pm (UTC)"}
{"id": "whip__mining_ban__sonnet__r05", "err": "You've hit your session limit \u00b7 resets 5:50pm (UTC)"}
{"id": "loop__mining_ban__haiku__r12", "err": "You've hit your session limit \u00b7 resets 5:50pm (UTC)"}
{"id": "sched__mining_industry__haiku__r05", "err": "You've hit your session limit \u00b7 resets 5:50pm (UTC)"}
{"id": "memo__ai_ban_miri__fable__r05", "err": "You've hit your session limit \u00b7 resets 5:50pm (UTC)"}
{"id": "memo__mining_industry__haiku__r05", "err": "You've hit your session limit \u00b7 resets 5:50pm (UTC)"}
{"id": "memo__mining_neutral__haiku__r05", "err": "You've hit your session limit \u00b7 resets 5:50pm (UTC)"}
{"id": "loop__mining_neutral__haiku__r12", "err": "You've hit your session limit \u00b7 resets 5:50pm (UTC)"}
{"id": "code__ai_neutral__opus__r05", "err": "You've hit your session limit \u00b7 resets 5:50pm (UTC)"}
{"id": "loop__ai_ban__haiku__r12", "err": "You've hit your session limit \u00b7 resets 5:50pm (UTC)"}
{"id": "memo__mining_neutral__fable__r05", "err": "You've hit your session limit \u00b7 resets 5:50pm (UTC)"}
{"id": "memo__ai_neutral__sonnet__r05", "err": "You've hit your session limit \u00b7 resets 5:50pm (UTC)"}
{"id": "loop__ai_ban_miri__haiku__r12", "err": "You've hit your session limit \u00b7 resets 5:50pm (UTC)"}
{"id": "loop__ai_industry__haiku__r12", "err": "You've hit your session limit \u00b7 resets 5:50pm (UTC)"}
{"id": "code__mining_ban__sonnet__r05", "err": "You've hit your session limit \u00b7 resets 5:50pm (UTC)"}
{"id": "whip__mining_industry__sonnet__r05", "err": "You've hit your session limit \u00b7 resets 5:50pm (UTC)"}
{"id": "whip__ai_ban__sonnet__r05", "err": "You've hit your session limit \u00b7 resets 5:50pm (UTC)"}
{"id": "code__mining_industry__sonnet__r05", "err": "You've hit your session limit \u00b7 resets 5:50pm (UTC)"}
{"id": "loop__ai_ban_miri__haiku__r13", "err": "You've hit your session limit \u00b7 resets 5:50pm (UTC)"}
{"id": "whip__mining_neutral__fable__r05", "err": "You've hit your session limit \u00b7 resets 5:50pm (UTC)"}
{"id": "loop__ai_ban__haiku__r13", "err": "You've hit your session limit \u00b7 resets 5:50pm (UTC)"}
{"id": "memo__mining_ban__fable__r05", "err": "You've hit your session limit \u00b7 resets 5:50pm (UTC)"}
{"id": "memo__ai_ban__opus__r05", "err": "You've hit your session limit \u00b7 resets 5:50pm (UTC)"}
{"id": "code__mining_ban__haiku__r05", "err": "You've hit your session limit \u00b7 resets 5:50pm (UTC)"}
{"id": "whip__ai_ban__fable__r05", "err": "You've hit your session limit \u00b7 resets 5:50pm (UTC)"}
{"id": "loop__mining_neutral__haiku__r13", "err": "You've hit your session limit \u00b7 resets 5:50pm (UTC)"}
{"id": "sched__ai_ban_miri__haiku__r05", "err": "You've hit your session limit \u00b7 resets 5:50pm (UTC)"}
{"id": "loop__mining_industry__haiku__r13", "err": "You've hit your session limit \u00b7 resets 5:50pm (UTC)"}
{"id": "memo__ai_industry__haiku__r05", "err": "You've hit your session limit \u00b7 resets 5:50pm (UTC)"}
{"id": "code__ai_ban_miri__opus__r05", "err": "You've hit your session limit \u00b7 resets 5:50pm (UTC)"}
{"id": "loop__ai_industry__haiku__r13", "err": "You've hit your session limit \u00b7 resets 5:50pm (UTC)"}
{"id": "loop__mining_ban__haiku__r13", "err": "You've hit your session limit \u00b7 resets 5:50pm (UTC)"}
{"id": "sched__ai_neutral__sonnet__r05", "err": "You've hit your session limit \u00b7 resets 5:50pm (UTC)"}
{"id": "code__mining_neutral__haiku__r05", "err": "You've hit your session limit \u00b7 resets 5:50pm (UTC)"}
{"id": "code__ai_industry__fable__r05", "err": "You've hit your session limit \u00b7 resets 5:50pm (UTC)"}
{"id": "code__mining_neutral__opus__r05", "err": "You've hit your session limit \u00b7 resets 5:50pm (UTC)"}
{"id": "loop__ai_neutral__haiku__r13", "err": "You've hit your session limit \u00b7 resets 5:50pm (UTC)"}
{"id": "sched__mining_neutral__sonnet__r05", "err": "You've hit your session limit \u00b7 resets 5:50pm (UTC)"}
{"id": "loop__ai_industry__haiku__r14", "err": "You've hit your session limit \u00b7 resets 5:50pm (UTC)"}
{"id": "memo__ai_neutral__opus__r05", "err": "You've hit your session limit \u00b7 resets 5:50pm (UTC)"}
{"id": "sched__ai_neutral__haiku__r05", "err": "You've hit your session limit \u00b7 resets 5:50pm (UTC)"}
{"id": "sched__ai_ban_miri__sonnet__r05", "err": "You've hit your session limit \u00b7 resets 5:50pm (UTC)"}
{"id": "code__mining_ban__opus__r05", "err": "You've hit your session limit \u00b7 resets 5:50pm (UTC)"}
{"id": "loop__mining_neutral__haiku__r14", "err": "You've hit your session limit \u00b7 resets 5:50pm (UTC)"}
{"id": "whip__ai_industry__haiku__r05", "err": "You've hit your session limit \u00b7 resets 5:50pm (UTC)"}
{"id": "loop__ai_ban__haiku__r14", "err": "You've hit your session limit \u00b7 resets 5:50pm (UTC)"}
{"id": "loop__ai_neutral__haiku__r14", "err": "You've hit your session limit \u00b7 resets 5:50pm (UTC)"}
{"id": "whip__mining_neutral__sonnet__r05", "err": "You've hit your session limit \u00b7 resets 5:50pm (UTC)"}
{"id": "code__ai_ban_miri__sonnet__r05", "err": "You've hit your session limit \u00b7 resets 5:50pm (UTC)"}
{"id": "loop__ai_ban_miri__haiku__r14", "err": "You've hit your session limit \u00b7 resets 5:50pm (UTC)"}
{"id": "code__ai_neutral__sonnet__r05", "err": "You've hit your session limit \u00b7 resets 5:50pm (UTC)"}
{"id": "whip__ai_ban__opus__r05", "err": "You've hit your session limit \u00b7 resets 5:50pm (UTC)"}
{"id": "whip__mining_ban__haiku__r05", "err": "You've hit your session limit \u00b7 resets 5:50pm (UTC)"}
{"id": "sched__mining_industry__sonnet__r05", "err": "You've hit your session limit \u00b7 resets 5:50pm (UTC)"}
{"id": "loop__mining_industry__haiku__r14", "err": "You've hit your session limit \u00b7 resets 5:50pm (UTC)"}
{"id": "code__ai_industry__opus__r05", "err": "You've hit your session limit \u00b7 resets 5:50pm (UTC)"}
{"id": "sched__mining_neutral__opus__r05", "err": "You've hit your session limit \u00b7 resets 5:50pm (UTC)"}
{"id": "loop__mining_ban__haiku__r14", "err": "You've hit your session limit \u00b7 resets 5:50pm (UTC)"}
{"id": "sched__ai_industry__haiku__r05", "err": "You've hit your session limit \u00b7 resets 5:50pm (UTC)"}
{"id": "loop__ai_ban_miri__haiku__r15", "err": "You've hit your session limit \u00b7 resets 5:50pm (UTC)"}
{"id": "whip__ai_neutral__opus__r05", "err": "You've hit your session limit \u00b7 resets 5:50pm (UTC)"}
{"id": "whip__mining_industry__opus__r05", "err": "You've hit your session limit \u00b7 resets 5:50pm (UTC)"}
{"id": "memo__ai_ban_miri__sonnet__r05", "err": "You've hit your session limit \u00b7 resets 5:50pm (UTC)"}
{"id": "loop__mining_ban__haiku__r15", "err": "You've hit your session limit \u00b7 resets 5:50pm (UTC)"}
{"id": "memo__mining_ban__sonnet__r05", "err": "You've hit your session limit \u00b7 resets 5:50pm (UTC)"}
{"id": "loop__mining_industry__haiku__r15", "err": "You've hit your session limit \u00b7 resets 5:50pm (UTC)"}
{"id": "code__ai_neutral__fable__r05", "err": "You've hit your session limit \u00b7 resets 5:50pm (UTC)"}
{"id": "loop__ai_industry__haiku__r15", "err": "You've hit your session limit \u00b7 resets 5:50pm (UTC)"}
{"id": "memo__ai_ban_miri__haiku__r05", "err": "You've hit your session limit \u00b7 resets 5:50pm (UTC)"}
{"id": "sched__mining_industry__opus__r05", "err": "You've hit your session limit \u00b7 resets 5:50pm (UTC)"}
{"id": "sched__mining_ban__opus__r05", "err": "You've hit your session limit \u00b7 resets 5:50pm (UTC)"}
{"id": "code__ai_ban__haiku__r05", "err": "You've hit your session limit \u00b7 resets 5:50pm (UTC)"}
{"id": "loop__ai_ban__haiku__r15", "err": "You've hit your session limit \u00b7 resets 5:50pm (UTC)"}
{"id": "memo__mining_ban__haiku__r05", "err": "You've hit your session limit \u00b7 resets 5:50pm (UTC)"}
{"id": "memo__ai_industry__fable__r05", "err": "You've hit your session limit \u00b7 resets 5:50pm (UTC)"}
{"id": "whip__mining_ban__opus__r05", "err": "You've hit your session limit \u00b7 resets 5:50pm (UTC)"}
{"id": "loop__mining_neutral__haiku__r15", "err": "You've hit your session limit \u00b7 resets 5:50pm (UTC)"}
{"id": "sched__mining_ban__haiku__r05", "err": "You've hit your session limit \u00b7 resets 5:50pm (UTC)"}
{"id": "loop__ai_neutral__haiku__r15", "err": "You've hit your session limit \u00b7 resets 5:50pm (UTC)"}
{"id": "whip__ai_neutral__fable__r05", "err": "You've hit your session limit \u00b7 resets 5:50pm (UTC)"}
{"id": "memo__mining_industry__fable__r05", "err": "You've hit your session limit \u00b7 resets 5:50pm (UTC)"}
{"id": "loop__ai_ban__haiku__r16", "err": "You've hit your session limit \u00b7 resets 5:50pm (UTC)"}
{"id": "whip__mining_neutral__opus__r05", "err": "You've hit your session limit \u00b7 resets 5:50pm (UTC)"}
{"id": "loop__ai_neutral__haiku__r16", "err": "You've hit your session limit \u00b7 resets 5:50pm (UTC)"}
{"id": "loop__mining_neutral__haiku__r16", "err": "You've hit your session limit \u00b7 resets 5:50pm (UTC)"}
{"id": "sched__ai_ban__haiku__r05", "err": "You've hit your session limit \u00b7 resets 5:50pm (UTC)"}
{"id": "whip__ai_neutral__haiku__r05", "err": "You've hit your session limit \u00b7 resets 5:50pm (UTC)"}
{"id": "sched__ai_ban__opus__r05", "err": "You've hit your session limit \u00b7 resets 5:50pm (UTC)"}
{"id": "sched__mining_ban__sonnet__r05", "err": "You've hit your session limit \u00b7 resets 5:50pm (UTC)"}
{"id": "code__ai_ban__sonnet__r05", "err": "You've hit your session limit \u00b7 resets 5:50pm (UTC)"}
{"id": "loop__ai_industry__haiku__r16", "err": "You've hit your session limit \u00b7 resets 5:50pm (UTC)"}
{"id": "memo__mining_ban__opus__r05", "err": "You've hit your session limit \u00b7 resets 5:50pm (UTC)"}
{"id": "whip__ai_neutral__sonnet__r05", "err": "You've hit your session limit \u00b7 resets 5:50pm (UTC)"}
{"id": "memo__ai_neutral__haiku__r05", "err": "You've hit your session limit \u00b7 resets 5:50pm (UTC)"}
{"id": "sched__ai_industry__opus__r05", "err": "You've hit your session limit \u00b7 resets 5:50pm (UTC)"}
{"id": "loop__mining_industry__haiku__r16", "err": "You've hit your session limit \u00b7 resets 5:50pm (UTC)"}
{"id": "loop__ai_ban_miri__haiku__r16", "err": "You've hit your session limit \u00b7 resets 5:50pm (UTC)"}
{"id": "memo__mining_neutral__sonnet__r05", "err": "You've hit your session limit \u00b7 resets 5:50pm (UTC)"}
{"id": "whip__ai_ban_miri__sonnet__r05", "err": "You've hit your session limit \u00b7 resets 5:50pm (UTC)"}
{"id": "loop__mining_ban__haiku__r16", "err": "You've hit your session limit \u00b7 resets 5:50pm (UTC)"}
{"id": "sched__mining_neutral__haiku__r05", "err": "You've hit your session limit \u00b7 resets 5:50pm (UTC)"}
{"id": "loop__mining_ban__haiku__r17", "err": "You've hit your session limit \u00b7 resets 5:50pm (UTC)"}
{"id": "loop__ai_industry__haiku__r17", "err": "You've hit your session limit \u00b7 resets 5:50pm (UTC)"}
{"id": "memo__ai_neutral__fable__r05", "err": "You've hit your session limit \u00b7 resets 5:50pm (UTC)"}
{"id": "sched__ai_industry__sonnet__r05", "err": "You've hit your session limit \u00b7 resets 5:50pm (UTC)"}
{"id": "whip__ai_industry__fable__r05", "err": "You've hit your session limit \u00b7 resets 5:50pm (UTC)"}
{"id": "code__mining_industry__fable__r05", "err": "You've hit your session limit \u00b7 resets 5:50pm (UTC)"}
{"id": "sched__ai_ban_miri__opus__r05", "err": "You've hit your session limit \u00b7 resets 5:50pm (UTC)"}
{"id": "loop__ai_ban_miri__haiku__r17", "err": "You've hit your session limit \u00b7 resets 5:50pm (UTC)"}
{"id": "memo__mining_neutral__opus__r05", "err": "You've hit your session limit \u00b7 resets 5:50pm (UTC)"}
{"id": "code__mining_industry__opus__r05", "err": "You've hit your session limit \u00b7 resets 5:50pm (UTC)"}
{"id": "code__mining_neutral__sonnet__r05", "err": "You've hit your session limit \u00b7 resets 5:50pm (UTC)"}
{"id": "loop__mining_industry__haiku__r17", "err": "You've hit your session limit \u00b7 resets 5:50pm (UTC)"}
{"id": "whip__mining_ban__fable__r05", "err": "You've hit your session limit \u00b7 resets 5:50pm (UTC)"}
{"id": "loop__ai_ban__haiku__r17", "err": "You've hit your session limit \u00b7 resets 5:50pm (UTC)"}
{"id": "code__mining_neutral__fable__r05", "err": "You've hit your session limit \u00b7 resets 5:50pm (UTC)"}
{"id": "memo__ai_ban__sonnet__r05", "err": "You've hit your session limit \u00b7 resets 5:50pm (UTC)"}
{"id": "loop__mining_neutral__haiku__r17", "err": "You've hit your session limit \u00b7 resets 5:50pm (UTC)"}
{"id": "whip__ai_ban_miri__opus__r05", "err": "You've hit your session limit \u00b7 resets 5:50pm (UTC)"}
{"id": "loop__mining_ban__haiku__r18", "err": "You've hit your session limit \u00b7 resets 5:50pm (UTC)"}
{"id": "code__ai_ban_miri__haiku__r05", "err": "You've hit your session limit \u00b7 resets 5:50pm (UTC)"}
{"id": "loop__ai_neutral__haiku__r17", "err": "You've hit your session limit \u00b7 resets 5:50pm (UTC)"}
{"id": "whip__ai_ban_miri__fable__r05", "err": "You've hit your session limit \u00b7 resets 5:50pm (UTC)"}
{"id": "sched__ai_neutral__opus__r05", "err": "You've hit your session limit \u00b7 resets 5:50pm (UTC)"}
{"id": "memo__mining_industry__sonnet__r05", "err": "You've hit your session limit \u00b7 resets 5:50pm (UTC)"}
{"id": "memo__ai_ban_miri__opus__r05", "err": "You've hit your session limit \u00b7 resets 5:50pm (UTC)"}
{"id": "loop__ai_neutral__haiku__r18", "err": "You've hit your session limit \u00b7 resets 5:50pm (UTC)"}
{"id": "whip__ai_ban_miri__haiku__r05", "err": "You've hit your session limit \u00b7 resets 5:50pm (UTC)"}
{"id": "code__ai_industry__sonnet__r05", "err": "You've hit your session limit \u00b7 resets 5:50pm (UTC)"}
{"id": "whip__ai_industry__sonnet__r05", "err": "You've hit your session limit \u00b7 resets 5:50pm (UTC)"}
{"id": "loop__mining_neutral__haiku__r18", "err": "You've hit your session limit \u00b7 resets 5:50pm (UTC)"}
{"id": "memo__ai_industry__opus__r05", "err": "You've hit your session limit \u00b7 resets 5:50pm (UTC)"}
{"id": "loop__ai_industry__haiku__r18", "err": "You've hit your session limit \u00b7 resets 5:50pm (UTC)"}
{"id": "sched__ai_neutral__haiku__r06", "err": "You've hit your session limit \u00b7 resets 5:50pm (UTC)"}
{"id": "code__mining_industry__opus__r06", "err": "You've hit your session limit \u00b7 resets 5:50pm (UTC)"}
{"id": "loop__ai_ban_miri__haiku__r18", "err": "You've hit your session limit \u00b7 resets 5:50pm (UTC)"}
{"id": "sched__ai_ban__sonnet__r06", "err": "You've hit your session limit \u00b7 resets 5:50pm (UTC)"}
{"id": "loop__ai_ban__haiku__r18", "err": "You've hit your session limit \u00b7 resets 5:50pm (UTC)"}
{"id": "memo__ai_industry__haiku__r06", "err": "You've hit your session limit \u00b7 resets 5:50pm (UTC)"}
{"id": "loop__mining_industry__haiku__r18", "err": "You've hit your session limit \u00b7 resets 5:50pm (UTC)"}
{"id": "memo__mining_industry__opus__r06", "err": "You've hit your session limit \u00b7 resets 5:50pm (UTC)"}
{"id": "whip__ai_industry__haiku__r06", "err": "You've hit your session limit \u00b7 resets 5:50pm (UTC)"}
{"id": "code__mining_ban__opus__r06", "err": "You've hit your session limit \u00b7 resets 5:50pm (UTC)"}
{"id": "whip__mining_neutral__sonnet__r06", "err": "You've hit your session limit \u00b7 resets 5:50pm (UTC)"}
{"id": "loop__mining_industry__haiku__r19", "err": "You've hit your session limit \u00b7 resets 5:50pm (UTC)"}
{"id": "whip__ai_neutral__opus__r06", "err": "You've hit your session limit \u00b7 resets 5:50pm (UTC)"}
{"id": "memo__mining_ban__opus__r06", "err": "You've hit your session limit \u00b7 resets 5:50pm (UTC)"}
{"id": "loop__ai_ban__haiku__r19", "err": "You've hit your session limit \u00b7 resets 5:50pm (UTC)"}
{"id": "sched__ai_ban__haiku__r06", "err": "You've hit your session limit \u00b7 resets 5:50pm (UTC)"}
{"id": "whip__ai_ban__opus__r06", "err": "You've hit your session limit \u00b7 resets 5:50pm (UTC)"}
{"id": "loop__ai_ban_miri__haiku__r19", "err": "You've hit your session limit \u00b7 resets 5:50pm (UTC)"}
{"id": "sched__ai_ban_miri__haiku__r06", "err": "You've hit your session limit \u00b7 resets 5:50pm (UTC)"}
{"id": "memo__mining_ban__haiku__r06", "err": "You've hit your session limit \u00b7 resets 5:50pm (UTC)"}
{"id": "loop__ai_industry__haiku__r19", "err": "You've hit your session limit \u00b7 resets 5:50pm (UTC)"}
{"id": "code__mining_neutral__sonnet__r06", "err": "You've hit your session limit \u00b7 resets 5:50pm (UTC)"}
{"id": "loop__ai_neutral__haiku__r19", "err": "You've hit your session limit \u00b7 resets 5:50pm (UTC)"}
{"id": "code__mining_ban__haiku__r06", "err": "You've hit your session limit \u00b7 resets 5:50pm (UTC)"}
{"id": "whip__mining_ban__sonnet__r06", "err": "You've hit your session limit \u00b7 resets 5:50pm (UTC)"}
{"id": "loop__mining_neutral__haiku__r19", "err": "You've hit your session limit \u00b7 resets 5:50pm (UTC)"}
{"id": "sched__ai_ban_miri__opus__r06", "err": "You've hit your session limit \u00b7 resets 5:50pm (UTC)"}
{"id": "memo__mining_industry__sonnet__r06", "err": "You've hit your session limit \u00b7 resets 5:50pm (UTC)"}
{"id": "memo__ai_neutral__opus__r06", "err": "You've hit your session limit \u00b7 resets 5:50pm (UTC)"}
{"id": "loop__mining_ban__haiku__r19", "err": "You've hit your session limit \u00b7 resets 5:50pm (UTC)"}
{"id": "whip__ai_ban_miri__haiku__r06", "err": "You've hit your session limit \u00b7 resets 5:50pm (UTC)"}
{"id": "code__ai_neutral__haiku__r06", "err": "You've hit your session limit \u00b7 resets 5:50pm (UTC)"}
{"id": "sched__ai_neutral__opus__r06", "err": "You've hit your session limit \u00b7 resets 5:50pm (UTC)"}
{"id": "memo__ai_neutral__haiku__r06", "err": "You've hit your session limit \u00b7 resets 5:50pm (UTC)"}
{"id": "memo__ai_neutral__sonnet__r06", "err": "You've hit your session limit \u00b7 resets 5:50pm (UTC)"}
{"id": "whip__mining_industry__haiku__r06", "err": "You've hit your session limit \u00b7 resets 5:50pm (UTC)"}
{"id": "whip__mining_neutral__opus__r06", "err": "You've hit your session limit \u00b7 resets 5:50pm (UTC)"}
{"id": "sched__mining_industry__sonnet__r06", "err": "You've hit your session limit \u00b7 resets 5:50pm (UTC)"}
{"id": "whip__ai_ban_miri__sonnet__r06", "err": "You've hit your session limit \u00b7 resets 5:50pm (UTC)"}
{"id": "whip__ai_neutral__haiku__r06", "err": "You've hit your session limit \u00b7 resets 5:50pm (UTC)"}
{"id": "sched__ai_industry__opus__r06", "err": "You've hit your session limit \u00b7 resets 5:50pm (UTC)"}
{"id": "whip__mining_ban__opus__r06", "err": "You've hit your session limit \u00b7 resets 5:50pm (UTC)"}
{"id": "sched__mining_neutral__opus__r06", "err": "You've hit your session limit \u00b7 resets 5:50pm (UTC)"}
